[2014-11-25 18:51:51] Cms_ExecutionException: Partial "layout:head" not found. In "layout:header" (CMS partial), line 4 Encoded details: Kupkk6MG0mzNhMUC+RHnZfvlXmAJXqPh6QXGg5YxCMnNMe9tZ9WluVMNNLQcFQZR7aMhvAcDqPi0PD0yIqk5ZU/DNjQhgPhCRA3cp+P7evGyBNl17tI1QqaaNB20vUsCrBsXqh17HYhtF7qkDd7QHcTNXBHK7BbHh2AvmorehMEGHbcsw1VubLRtDTIKYu01CmSF6fU4pWeHBaGaPVyg1/ktX0qT812WNuIfrAMcBe8l9GzGQ1htsVaKN35PLOM3WAlmJcdjE0jewwXI/vrBWFy9hHQCuHR6qmfluWWi4QFYQJ3Qsk5heuDHJYiwiVsw8hHH0nAAp/6n9AIQqnoT34n/KuvuptE8rntZ0/LWozVDxW5DG0FNUocN6Yt3P9lZAH0/8ckL6SkPwIDiQnCFI+R4SPDV1T9L+xqTUVPiDBuLQ4+uiNgZdxzeadm33PF5cIcWIPwSKDvI1QU1Roc6VNYA7cA4DZWf9DfPmXuAkmLkO1T7XDg79TpF+aPPkrAbUD54YNRJeegEODyc7OXK1xycvTBSmeA2VFAtXsKK3P5toSOwZDvEyadIVI3OPRs4lPFm1dgRPKWwAg4w6w5/k+i6D2P8qflTXfCq4etj1kYiiEqdUp4DdjQtHN/AhesJrslqIFTjJotXe0c3Z1shIYA/75i25zUKvfXMiSPoGrlMYsl1mH9zvZt7IxisHf125KFyU4YEVc0aJD5VCDp3+SvgjaeVKyo0dEkUVtkipNMBQw1JHNU6EqYIg449P3D1iR2RINO5NGN3OJZbISXJuDYSokKB3io2IZGTNDE44REKzMs5d12OrjzPmymu4C7UmCN4zL5TQ97LTYNWOPMYMRtnn39heAcHJFJ3XwHrdnDkmnrii7CigKarr7gRhUsu
[2015-03-07 18:29:47] Phpr_SystemException: The trace log file directory is not writable: /Applications/MAMP/htdocs/lemonstand/logs. In /Applications/MAMP/htdocs/lemonstand/phproad/modules/phpr/classes/phpr_tracelog.php, line 85 Encoded details: GUdFYXbwncF9AVHyLPAXCaEaOmm285dLf7ddOnIFtepbLi69dnTVy8hyJIZaJQNUAPD09fu3QbEeNSno4K2fu5xb1uo8xSfuLrOsF3Qv3VR8podiDEZN0rq51GgkQX9ZDqdFSwvQBeqMl+e7rrJrS8ssIGDcCZLmZ8MDC+tIZ+vh3vevw93KQsN9YVg+yDTlKhv+5MBJEGmXhmzevqs8fNwFE7oAcXlKx4hx/vmZdqtxdmKbnuOhdblCIfHhvXtiUTlV8NPpQE7mwr8Ba5j/pU4JYyVBhTEBD7wm/O7oodJCAHGzw/JQG4oDOygdbTkStwRWT7YZ9DuMzuRQv0jVuYELWQhG5aptnmQ5p52acwDRKkqZObOe70AyJYaKWMjLmlbRwVmcDpRjcXVNCtstKHDL/OMXMqZNTvrzvVS3DYpICavfnT0wEAS5YISUyvcrk6NRAb2NbMh3eATnYhGdg+rIsRS0bNv2siId+t98zkwM73rMua1EPtXI+IQz0yu1ayuyMuQ4wmWkfp2VTuG1Q0MwtKBjCpZv73ZNvbspl00tFC0SjpOaKlw7NSXfm0JUhH6gJNW3OG7M6Tfj/CQDgOg02eBjLR+ub4Jvd1ltHotLg3ZBaKQowJBImJ61uRv/hp6tWbWWXiNnAPrMWpegIlnxNAh5VFqb/oxSSLYpZeCqsCZDCtapgTARPNyn875cCtTZkzj6KDctNvLnhKCyB6gO463dpHKEcfhV3MJkTLPvOtzrO/QlMF0L/mJE6FRs/fMpbNCfxnCC7Z7pMFHBkLI3tgdOJy304nnL3r2MngyRXvPWl7blrLcVR5DXi6ViZWs5jQKPQvJYngeDmHPrAfJGcRIPwc5z0yE7FZmtvcdz+M9OMkBUaiRI8NPoCOOVVPgfsCCcfylNzCTV8oiz9FTkyvyB015NUN/5TEIYPM+HiXL0Kpi/bmH17yuFrQESohqswojaXGcUxF8nsg6kb34XqhO1eDyVZNGED1ZzFzLt4RMsI47SnM7rAYQvs+zRLwszBKGIdnFyTeOuqWe4DtHQUBofwBjCin4UEc3J3gziUwa5vKI66kEovqn9q/iYu1lVF+jRcwlI+VT/LJpatj9/Ak0bsQjL+LjA/UgtpiJVoTkbTsKuGdPmYNFVi6768yl6BvDBz9NahpRxyif+A1QF5X5TOUul//lJ/w56DopJuJVdezqPs8tY30zkV9PJhLFtUpdW/D0bbVJfB73wFbHiyKH2dD+ZnAQLxsb0W9vUz5biHrXFg2GMUr/P1EiwUN2bVOtL/hHF9HxQ9Mrf7SBu5wZ0pqP25ObSzXWsoBu8tZXSBa6HOT2E+UMYmVNDR8MEtuY/wSgy+QPIsO6dDwuTiq0QNPiRrxd4Zixja2Kzx17SGDzJMcrRjfgwgjx4sPipHEd2xpgoqW54ge1HqfTKiGyOpwAPjwiMApNJtw7G0He1MfUNEX4v50S9duNDHomS1Vitfsp0Fdw5Jo9UJc5fOtOB9xpA5YJ67Q6GI5rwAnB8j/bmkEHnmugmGedw1eS4xGISUqHmytSm/KdZCEL3BgkGyVkqKcBvV1yfRl2UjTlmuXe+ne1WL2BtBhlmr+zOGMqm30yocKhpgYik74cmqXD/QB4rF52pKNMpuPLUlus8o3oydHSbdGLyW+i5B3WbG9/Mn29J6OJYwGrab2gDBAZ0omgC0abkCX+1DzFpDV+6FoLF2U3DQsZbLs57XpCFgI/pbAwm20Z9RZtL+XE8wAciaJBY5uNJFYq4Ul++xlgsJZWxB5iqA4mMMqwRXOpJwkJjT394SljOfpplEU/h7pC/pk/WMCAWPHyfCstyumnRxK+hRNEO4oONHeCjJI/utZEubFZKm/5zhCHcIbnNmGGrARVjRmlFNnVMZ1G5ngZT/jywiLZOhhe7T9coVqY0/cKQHuYJWirznkCX0twicce7kJzdziiDMjPNJmoumewqXib3sntFa6SvkoyaFZiI57ZDplRufRNJSwD/J4QZSfOMrhh7UQlivCVEYXNPuMFXj0Qc7QlMg29Lg3Gfr57PdiFgIMP8UYzKaeIzUJ/fpQCdMPFQKJVO7NAEoQGpaurtCebnFolMGU7AsGUSItQH0y3XObxqwdNHO7NeTNTqWKBMnLRZZjTsDJqaSei2qxd1+JKnlNMmxFQbF6DJi9aDj7XQuweCg7Ne8GSAQ0mqIKZDe9BgtYC0gniNxpY7UPhVPO5D3dFZDogprEe12Oc76JhfjdcluoY3hE2Qpr89iMd8qqJVr+sSgFvpbxtAy8p9+IkS2X63WdIRegFGyZjaQycZUw/Utjd0ZB4FceEN2wvj/USNNw9JZii+Vnx8e2xNT7g5ChQRl0RgWSLtkrX+LGlYaVTizgxjxjf4Rl0ZWkeVUejNXtaSIT9jreojjPouvXZAcj8IRIahMdcwGPnxeipDYkp95M3141LA9ya7hWqDQDWkLc5JR9y0RBy1O5kE3+ZR8bt7l5j3mdf3L0skdmwajnHLtGQdMv75j1WtXzvPeLvERZTZ9K0RKUY6XiXss85+2/VfGTu7PlcVzZiRd2kr++ekxMvyFA3QLy3KVCGeDfzXeIrY+CJyeRj+HACfG3dvhSQGIVxj1fTGElGZOSv4MB5C3noc5Z2P2Fj91IVCW0ytZSVme6hAGn3pNaXV0hOWZLCuad2fVvas
[2015-03-07 18:29:48] Phpr_SystemException: The trace log file directory is not writable: /Applications/MAMP/htdocs/lemonstand/logs. In /Applications/MAMP/htdocs/lemonstand/phproad/modules/phpr/classes/phpr_tracelog.php, line 85 Encoded details: SyVAmzo7wRerm9bTvb/dVutm0wVCsR7UVFmgUcploOPPHUVc6pdBLrOVBEin2wM037RrKbTNcQX0hQ0zGpktTQgfK22KwukXcirsPMqPnhAcrRQTKMHcMlAfCy5FbwVDckh7SGuwgFG0g6G5fPsRdqnImV+3SvQ/nVnpgyK81VMKOt+QZNNaMjdM5O9PoVp+EFPxCwdKiNpVSTr0pVjm9JunVgNQlfz+iJRYhVacW4XdEXPf8c/45CSo8qJVwyxfNjNHTwh0BVz32q8IQl1foqgXFAfSalckr5P7UdF9q5gz4gBbo/Bcaq5KnBCEvsbA70A0FwDoZuMwPgbjYZaar1fd6QbNAPOsvWAirYKFktWmW8wrdcrVATCpUf2mehPKMT2onqy8Mxl8M++tc+AvwQq/LEEMOmxMg87EQfVP44W/4yXMRpsHDu8OZrbZVudSlRUAIFzOU1bdOQktsdJWcbnvk22ZojG708eGSNKFjb+iqQpWf28Ce6pDkf3kHKIQTrigo9GZwmIUQvfNcv5+JpUNN5HBflSoSnJSMyQv9gIrsX8ySHNz3myuzaKOz5yCR8QmDt+BLTl0slu2v97rNT+eUptNNX2bg1hdY4+x32+vv4q6GKnZ1Ih1ymVoFQpu/AccEIeQL8v8jvyBD1dU9R5Vzv60nJ1U51XLUv4I2D1RsPECUewyCnkqa275LEuuDn5LBpaj33pERFpRMf+d0e7JtmVQIbuqP084m/5VFmCYS7k/+Bp5Qru1nn8Zzgn1IISSEf9xH8y+kgm+24nDDxfuOIoXmdqn9nFnU6eDBOWd/tf+eEanJY7bhTakdpJQT71P6f4wbuOsNr5hNldd3lebcJ8CRHIVbRE/EcWMCQiqcy/5yTTe/XmanUnM+WKoLqlKos6vV98OFjWkfZk2QD0+03clgKS/bx1JkXd5qPK4Np1EwignbpfRXaa14MYHdV2IBFCkFYM6HBJy0vYUP5+BpQ+ZyjxyGJU4HLDySeE/0kZyqfCzJEEsjWJGxzZy5HAoLIebmNz4aBw/eb8hyX3E0rwYVqv/PuGbjgMS1ApTarAqPwVY425x+vlzKMqG5kDLjTVmiBoYOdRua9gAlvTyBVhljSvl9WYIbcExjuQFT5CmtRc3+5eYZaauHTOjjQ+QWXnlUgj9pr3jmKdAPpUAl9EnqWG7A1Ie/komC369WTExg74cN/2HAUt8ls6tpls1/Uy8+H9CTfRUxbRkyjXNIrUylqRbHIuH4psEJpU5V7yjRkgRnttxRXKMdMjE9sM9/3u1ComvypC3S8wNFfae0Nx6SLJbGpb+5AYdDN1+NVrVHlkJnLo2qUa8ksFDoRzgurmb+RDuCyoT8sWQXv3Oij7db7iWD88am1uCXA8IYDWSWI9b6CzoUBo8po6zyECGBuCmeZIRdbB+s9PhFKa8L9mQuHMkwfnw0+gfCvUdtwq/8KqR3ABS7Rip7xnwpMOIdE7P1PRylLUov3YunKgGHrc9rtvAIKBylnLMU///a6cgGl7OtuVI7Sxxr2ufbVmtMIyU5yH7B6OWSL7/IRf2Cm/ajO1tN3NWunFlD5F3kv/nM1LUtSN5CRv0tJi8afnLgtZmUcyk5bGBggfExXAOy4GYqJ4iXnkbKHKnHZmiKoDL/ELpOLMXPFLFgjH4u4JcD0SzW1KNf3RYZhbl06CFEhz8nl7CX4sa8pTkZAjsFFRDpCW7a9YrSeUw6/k7m4OA+1zLoybtb+HI4ud1MGMIZ/uYzDzNB9tb13+fo6FV8K9L1+dNtOdqwIMJ+owOgM6KGyK4+Qj7q852oLg7upkmth3xkf5x6LSN00vR9AicdxIorNmdmqIrLva+MBCqsPyCnqlmj4lMFmSBT572h4js1wFOZfsSmf3MV/3cXoFOClutFeK7IopjijsLdU8Vy4TpLwPQ5zWLV9Lb74gMh7Rvm7OdCBqpqmL9gq2KajfJfl259n88M08ed98nLc8Ejgeigtv7/ErYmJ6X66S/UCd80g7YLgXwS2/MdrjEBrU6+kN8cClEfBl4xymNAo7aGl+kdVv5iJQuVA1TFBzBZ3B5cHJRZ4rcW7rd10SV8Wg+8/rI4X6ndf3YZ5wsaavk2Mim8hdtWd28pTVXx/rjTf66kZc6lEhTtl0GoeiJmM0zdjGjjhMTMCRK7WzNicHynmDM7iBeF63EgNxCMp3KJQbU9xsmqKkMaPiGDpkf+0yajBN8FFymo4HQ2yAmpEkhJQ0OEAfbiJE3zwUFLapSmKyYbVfRGzvZ9ahTaRocelBMbOLuq5CmJpLZyCKp7BKaxICMdzgsu23YogSkqPMg4CGaEMkwXDkiCczFe5XMtkx9f+u+MgYGVsPvWA5OIhKBH054tFEEuv2vw6pTonMyRWEqsXtIf6wHArPKryhFsj9jcvJzWAM+sdM/Ud/E9QoeYJfgWbFYK+hDAy9OyMaIdPVGb6+0yJaIT6OYyhLObdWw4iT4d34f3ECcFNNW9qXR8uyConR2x39as0PyyZzDl06vEiovY2xPqXqj0E0cPSd407TfSXjxYzj0nKC7OgDCb5gKvUQFC9qE+DliJ2m5Bc4ZNLNfWwKV79sSL+B7u91XBlBgCHinGtvY1c2+IIPi4mOfx+CWp+79Q4rTwotJwDsFDqj9095QxiqvWwLOHe+jOfwD/Q+NXKhbfsyr8LSE
[2015-03-07 18:29:49] Phpr_SystemException: The trace log file directory is not writable: /Applications/MAMP/htdocs/lemonstand/logs. In /Applications/MAMP/htdocs/lemonstand/phproad/modules/phpr/classes/phpr_tracelog.php, line 85 Encoded details: XYeVW/L50u6sN5FhbAVK/fgjl++N9blIHlomLTG7ejMQhAxHElj57yNxyHDPOEF1PxJ7M8RgACX6zYhSvOcmhVuOGtStNA8M44DgnhSLM2aazxseUNde8hgpMiwNfWbQNanpX5LZ78L+soBms/bQzupOFHDixY5O6Y8hbPRdf8yLEI0FgH089jH/5IquVYI25005y4WgcVSck8lC8XIXPMBDCH50JWxkk8mTDHDS9HdebG1Ca1TEvzGV4YIfkl6BZqGx6l4K/wA9hKl/99Og7rVx2B+m6OPyIvZ2Ez93SAvV7PLAS4hrRyjXSMjkl2LSGYbq7uppgfd3ZXl2H2lgeM0vIIojVHxXu8EZTBeCnY5M7fsempkVvOExw+D3eahfeZM5p0Vbqo0VngUgZNvavj+Unjx9pPfCMil/C4L26oZOmOxTq5UxThEmXPVf61CJ3aXVzLTLIcr508cq020OYtddKFnw+bYu1TxtHj+zf1ii98OChFJaM2W5tVytpnjeVx/AhxARyoweFGocOgAwvXSABNkRmMnI6E6ZcOivnvk2sy/IXy4Vq5xL+vsCAfZxtBNOwaWXVV25wbh1ai9BZWZWqKHue+Durto41+QKc5yELSmUqZ5OACRMqdoqNVnA7N+tIBXTNqoAN1MovnAzFfciEOhrnZcvFnbaDXfNpXqyRcqS7hQq338U3YS4m48pb5cl/sWf8uZMHLc8qrH/4JfTtEE+/ACvlHqASTtgMYhTj/DnlEJDIo41xaUlsSEES9/kCpH3NXoNq4EWMuxBUfHW+WLQQd/hPBl52hbysWT+/jOjLRp7hLQJzs3Ndj7CBCmKk7H0p8wMPq+v+JVncl5ePERsnj4PEWhWeAklZJzuEEddRtODqqefcm6qS2wnQYVLdkrsMs/iov/0/Lzs2jmUjyNfztcxdpEmuOgffZayee16sAtIH1zorZ68Mvgn5eiOfH7bS0uGfHR/3L4fLya5QOpEDLKJRxuSH7wDqqWFKWUvZSZwWl9CIf9JxjR36ksOqd/8xNeq5tlo1vEtDDDQ8pptTl7rx0DkAeNpSM4cEAHdwa8qhFbDjzfzc5e0jkaR2KnPLZV7xe+c5gfjhqD5dmc8guah8rDnaOug590OFD9PKXEPvbvrzPd9gNEykAz5th1hFrrfo8tFA8yAQXkrRIk5NWiAUxSgwSUwRdfmyn/u6YXiEEkMr9nWFnpzDS+D6KkYNQk2NkXm5mVLhsLlIHtBc4NiW9Nt1mYSpz+Cn5tuPddOYVUWz2QNNjAOxDEFwWf8pc5ECI32UC3P9KJP6KJHiVBEvNlv3R2DOGdlkQR0M2HqxYF+G6Z8ZnyAqdAJPinmAavwawheueGPhJHdkClqk4h9bpXSV8/f42fDsc20A9iF03bSQRFxfPOWkLQneJY8PpDM0KC/yz7LrKSjgGstHyram8ezPo1LpekWBIZa9TcphlYN0Z5mpxjbMdvmu4Yh36o/7yST454z2xL2ABt7LlaBhtxi9vAEacEKjcaYU8dtNGZ8xjETnNlXXEcIpo/oSVAghRJ1TeRkyZUf6HIthwhTOEgsaw5Kxx8uRQ/d3mbEpRDFomvQjYl7wMpg3tSPqxzseYhVMxoWXmx2ZJTv5/UEkNB409fyBCMZIZu0uB8gaooqFPnpdY/mTdYKdC5KLxVLDc6NqXTLGfXnDLgOXAsqUolaSu614+scvdhMsyS79keKz9R3NW1KziE2G/fGd/qy5sE33jnNMDDz4WZxuDncSq4yWS7D3JZAQ2Y1Q15ZhF4rb8Ld2ljv/f1rIpivwB4D/MO+bV6GqjN3/nYmqSm57EQ2BPm3aD7Y0Zzerszscnt8ujTGn176jRsT55QrMv809RfuXD8im6pcB2BmAR44d9BNSspUFrip5Yn3tsABMHPotEcgMZY1+9cHvhsq/rGVISr/o3/59Q7Fdgkb8Lk2ST19MtUx4qFsz0w9m9v5iNHrxUI1HJAjodf+HpzTrk9pEnBrGt2wDoOQOUEKUIm5f5CNckN5jUrj7OGi5ll33OyUGzCygygmQcUtpxFOvmpdhgkVje6hX7BGPV2PmFFkqRIMbrj/0jBAPOCchjVrmXaciH8phH6DPenl6ZyiQ4/h5eAkcVAGKSO8+EcgJXXh+Ak+OQN8N9kK0DizrYkt6+ZnjgJrYxKRXqjLlV7yH/2oeFr5qiDdJIv0iEDSYZy+Y7o+8o/J5C+W2J82K1rqxZ3YRRtCf5UMUC2+AEz+Qhe4AYx03r9cW17APgm8dynueuLJgLqPlxtm/AhMbbdsryNHAGtvNDN0+wsyseuilZiHRAhKEwPGkCibMpBNJdeezeE8h6Gep706PZ4jkGBJTkshSepMOIpEYU+BoYFgAUbtMUFiswAJ1vlikHkRaO+4ZjGKap/xGJWgQNHjJlIZ4ap8jxecp+FRhXh+4OPFwc4E6A1L4mJXJk6Pjf6drya7DDLFnp1CUbEh8kJu4y+GsdVMyNu76A6yW79vb4oNfj3g1T7Pkl1/scKXH641AWlmewkt4irs2AjTuvDUYQ/PWwOz2arP0zW/wtdvUskqSyIS5ob1CKqEY03fq199wPlOzyf+opFS7grB6BCWhE1TKm+VRNYAkrB2gJEHQw8XxMIhFpkSud6z4KnM4V3Bhr5jP+bQkdDuFdFaQ0nmbhzvMTdEFZPnU3v3
[2015-03-07 18:29:49] Phpr_SystemException: The trace log file directory is not writable: /Applications/MAMP/htdocs/lemonstand/logs. In /Applications/MAMP/htdocs/lemonstand/phproad/modules/phpr/classes/phpr_tracelog.php, line 85 Encoded details: 1ISLP8+gyzP0o88/ilAIJtXcrRQprWek/9tihgRJsMbZSLJ+lkv9RW5bLtENt6Q8s+UZhrl0C5sMZGPfMSlFufcWqNauQgDU9M+/X6dZnYBuPTMv5gAZUgGH2BZjxNCP8jP9/Msaf88yvALaix388rSYshw4AY9LVJHaWRY3kePYSxUekxpwVrnNR+rClKoNVYRcCkDr3ENWAd/Q48ODT83eFNqx1Kg+QIkPFQSnwJbf26XkDkhIPt/AYy48CDhPnaqFk6jShM1dvn8jjcxNPsd5NRIZfmIJBk/HPWqAHNXHXRF4IUAhV0zYtINPKCkM7x/rbly49O0zxsTw9x8MEB6VRLFk/tU473XR8dn+cLe/B32dBAhFNdvq9MInRlJ/ur+aI9YdHCLQxBG1oJpXS6zPGP0mkOV82JaDzG3igntuiqR8blTOqcnMCOYTL+v+ot9BfZE5JjrVkscXZsCJpAbD1oVJHQEXS+a3a2fL+Xc3I56KiKYWxvQ1Df1DP9RQBtF8OIrpDNiS1bZD8LPaZLze+4Wtg06Sr0fOHloHhXzPpmAe92rPNWXOQ6Yw6DbIJ+iv3XmFVaU6WGlrVLja2MtfHRbuE3OYo33I2GhPYe+WWs7NYOxUmkXFnT/Xty20CTEZwO0d/pMp1A6uCPSANHFRtMBtb0EKyC0k+QZVDB9qbKZ12ewbOoaSdWFJjVLgc2bQMDIjMLVdd+WJIMKqBTDYKVVAZoYvrYmNlbBLG1UGfy08K8wDeyPSzueOWX6754rPW/EG6ymk+jJLG2taLgfNtGKsRHnFz8GptfHAY7ysAbTka78aR6kNrqljwzsgY5wtGtkGIHcFcNwtL/By+v/pl5qYbNtQG/JpnX2QsqQ30ag1BWT7mHxDiWDEeOCXtmtyleYysQp270rh5ofZwUvISEfL0uEYyYXq/ixxQ4u+ojc0lKCGFZz+CBLcy/X3ESykeXAKzu3Op+ww/DBK6Mo70xhQbn1ARvK8i16XJhpFhZMd729o0BPTxPjgKQYFbqtZm4d4piLS8wNQyfweaNV5UDULHAm6Zry27bfe6zljZdxKDIWr09nQ33Wns8pDBIxwv1apYHGuvQ2wDRyujaKVa87U6Y/P9LsQbt5r2QXegeIOfKjhs40TSXfe8caE/+CwDPUdgpHRmb2nJCbPgdjB4WcX525H9QRb51Emukqyp8ZqtNPjXzGiyI3cqSGAgnDXAuNZHSs4SFlZqhk3VcOa93D4hQ5/BWILFP6kZvXG99FXyOjLGNtdpzUR85SBAB/jH1qhYZXR7BIv7wBCPwcZLVOZ0/oZax3pr8dYFajvxvA7KooW6wwkkZTpsoHdaf9ebZAaVL1y5G3KcGZwaBHRv5wOHxbIWZ+kott1tr5+y1C0EAvQdBjCPQ75Lzsyww28nmKdBacGiqFqPT6RCQdbFojyzy2tO35OOyNQXF3YPTKIj3Td1J9hFEPbt5d1pkEnCmLZitkOMxP8mFQTNfc60D2jn3Soshs4BiJOr3txpre5RQR/PIz0usGNwGxBuhYyPmkzG24y2FYCjWFd/aAWeKUbuKSfOKHxNNAMu4YpE+NPOh0OZAJNu3Yp2UcvMHQrKlPUllHg014LjdKeCjEJ0+bX2xdSXmieQumAsNBGUi7O82nqcYTRaOJS9vCkjubHaUXdS71Kbw4bKl101ata90k4bVqclYWh4LcfLgRfWBX9tMyO060Fzl7NlRfSXoLkuE4tQYKn/VUbdEm1As1S4asDX3n8BXEHBqpfnv8C+CKaV+Z3GLz4m4NO4aQTYdTjcTeXLhssH++ZoK6/HhFp3zfvinbzijX6o3+hhYbrIpG/7ybU2BGdYIH5xiSL/P9Lyzpxd8KnC2K1M9+Gr7L7naxZmr61sX/ZHSymNJ59MOv3/ns6E0x7xaekEWY3Mt5v/Y1nWSze6LjTysGcROt5Ci+p6mieJpAyxTsoIVSj3P6uc6xaX/Xl3Pge4z4JwyHWI/qA68qHleoEjvQd7ooQaInIxTp4p+kI0MvecWUEadpS+8/Upe870GCbKwCSVWQW/eCBAr18Nu++67xzeYbR/J1I9vB/4hV+Jc6Uq9JkPXDGYPvIlLubbsUOK5xlCYvMBKXQ+r19OWSlW713BJooqNan3hvJXOElhdik7J3D9eVhDD+AcesqHJQl/+1tZMkxPJHddfUzT+mNa2az+JMa0ggQ4+g/xGyJHC3tz5bWWx/cO4F/triBQBC5uMh/6xLN6IBbfxhFVg0XRtFf4IFexi2SmIKF0XfzCTPVZlDqavdrJPl8AodtHrzTS1+xBbJk4qNMe4WtQTavJklZ5sTN3txlbx4HEMdJySimjiugJbUX+SHbIKhoLAXPZep9jlK74DbTeQ3PEWHA+8+zB8Tgnmrpfsmih3q+EAgCBo2esQqlQIBtyguYzb8k0uN3IF7+Dwd/9IXKDXDXt2fqjVuQX24h0aAjbBKrNwbz/yly6owSQaQDL0nZJkFtCnBZaraxUbZcvyRt1wznkdIGumRlmKoEdaOFHzcfx6kJ5IDjVeEeLgANhuvBCNdihBKW6DNBCYMJ98kgRPR33+wFSsyGK29tQqQjzeXD8cAbFFI4GR+cRHLba+EdcmEZSH323KpamnxABFJ2au0V8KrRk/z+XAAdrmclOvl+cIYAUhJrLMrJZGXWyIt/yNO/vJZC
[2015-03-07 18:29:50] Phpr_SystemException: The trace log file directory is not writable: /Applications/MAMP/htdocs/lemonstand/logs. In /Applications/MAMP/htdocs/lemonstand/phproad/modules/phpr/classes/phpr_tracelog.php, line 85 Encoded details: C8CDWyt9CejCVTrH1FIu/WuHzZAXXCtfHgPs7e8OAOFyGc5B7gZRw3Z4XU7v/MNZL5rX7ffQOqdHcKu9v1LXep08gE+6s5xLwTPbIK/ZtxQjZWw5wAjAFiTeY1oVEygvyjhFwLNFLIQHSVMP4EnBhbCw+R6CTa9M03GmqsZKJRtKK9Qnsz5m65CDJg5APWq3XODeyuYQqhgK8UiJO8r03F56YO8hvLCYnVq3Yx/QWLofwHJWCna4Knqfg2qFUZXK92sqi5CSM6CkGMMcaacbf+Nbvb6Y0880LOnDtIOMP/2F9ZwhLSh1Mxk/QRntVn8jqPZNdmgLZC7Wz3sL5fut4YyfarJD5naWoaZiT3PUAISlwRmFJ9qi9OQI2ybVXEqOa1ZkjVJm2E9volu1k+KByoVOe3cjgN30Jmqs7wZzvGhtdUPbEWvVc6OsR1u6G1lpo5SOZZhLIHzLMGdnqVTKB7ASjy7aXi8a7FQbmwEKXJxQYo9CZ+qoTtJGM9HEzhGlHkYEKr+d6xwhKJIyczCOHndC2HbZ8ud94WwQ9kwpPFvNxXshgCTBOQP+lm3cNNUkUAkmlp2RXfW8xWWC86s0xWCnLjncwjl9NBGSHi15qA3AF2KjxBy/XVhYnSapfCbpdoJcmFIXumrpxHDPoAV2tvUU50nkWeoWLgAaba8e2LmwmEa6PGe2pf9hC971X31o0dGjjPIAH8V683b+N+chlQ3UZYlMzJa+MO6Lr8qA/xCGGREk1AkHAt9ppI2lwT6HDrnWU16x60IsTMAjhrwiWtWQxKYUZSxUwQ38JQgyXDsK9u+6f1ZD4C5qQWS158b7U2THvZDjpqBslbzfTmI1hv6ZzH7fAirXi+rSP8FvYQ+qsrL3Idokpcone8G2PTs39+dftDWWL8rc4EMV+H/GBiBm2pqxRdRWYJsStJoiHuAytSw7OP7CIk1d7GMN5WlvfgMLAhFubqnee2pjuiWZ9V+Biz4IcP/b7e1N1emOfsiMfKEI4R7csHxnAYGxLuHFGU2PYJQWa3CCz31HvUQF3is/030AVaIoQ7R04K8n/pFsoDKS9zqq0rVVQdzzNEziqtF9ZydsZ84itHxam1La0g021qEJJAVrzhmni4P22IDk1SlfDPEqhTQQ0qyaAbMZBARARG8T44VhWMlZlpfGmm72lQAMrmuB4I7fnbrJIzjxj3qwpHIiTTDEtXDvD3n2zlkdFmaD7ewZ8g+bzj5mXalw1w1Ol+DhKe0n9Cz4tyrwXwD40q+hEJVIL7t+2TBqb3P29M5CCqCs7T0bEvUAR8214F4FIWI16oUO1BfpArWMEez6pBMuAfr5HryWaYBGb9sjpb98WbYeJT54nlSSTh6CSIdvO4WleSJpaIA17N6xPnXJWc7VHox67We473vA0m3CDA/1D4McTcu8gDKvInu+7ArZKwi3A/tk2ilWzxaNXQUh1UtXzelR/mS8L7OfJHUeFFQG4YcEiiZIDAtrjwYd1KnoaybuvWGW8CJ5BNfLhZTaa6VS9+BmFX9CnnhH8bU3LA0lMNyyO3a+qkUI88QH0vwUjLPW1ZjEYGY6bQZFf6i8I/WIP+VnGO+4O/uzE4KznoRmt3/6J2GmdgMBrbfg/ZGYHsax8+J7maz6s2+RByWXJSaNROsJ8UsEP5B8i5Op3lZVKYaTzYI4m8CkpphDeFE06tQ4PrpeRd4xNJlbmnuxO70+qNvYpDxhietRFxAwjBPq6lsGCrsVBhZ5C/KP/DHs5yGye0HJA6PBjoJ8NnmZQUXkIS9PwF5zdD0O/W9a+yp14dPGPu5No1bHt6bC8m3eyQSyCnl4tjk81ltWQ+9f8CVlBAf9zhZDPAqDQ5LG4fbtpDt9C7MUpQqr6CwleDayzfRImJnj3NWRVJjqvvJoaEgS1gjBLihQnjNj1GbDhmhvY2inR8bkO5nr4MZJ+n8wL1XLKzmO9fvk0a0JyowdXMtKbOGa99Dw3f6BuJM91ZBZwQA65p+RUTIswmjY991FNPy1nHEF80/2TaWo5cPzNmF7aO8NuT6CgeoC4Lw2TS9+S4F5psHeiFQYPQRQW8r0uppggO3VsGKOQZLrNGZEoJblsqWFH44GI6b87IELyk+gIQLz1Zq5xMxsGrnfcCEZbym6DEekTJVu2gu9+7qvH61fFOrUbf0HSn7bQZn5a0rZEclkf7n7+GZvHX1hJX7nx31JSx1UxBSVDm/OtyQ4Q37WrZqT+P+XhcGxugXXIZxZzn7QakQvPN6k6VYqR3yDESLrK4xZFgw5t+MX7ruf5WfOxNRy83ngr4zmDMKTLDq6uXwmQosQA7P4Ieo2rYb20PT2Y4Pt7rSQVNsabyk8IYEnrdcD87P5Sa8HtPmUy1ZZxGgA275GERO0Y1/MjOpCYibl+yZc2widePuo5yPrlv6iELeS87dpHaE9PyB/jk026UKxksjYd0O0muJgLEzIoqqmGychLjMqd+ELlLsg1ATb9uv3HiRWmklMp8pvosYMbb3UR86wIB8JhxGuNlZWiPFgPNE5vh6kyvIp9DA55Z/rNYxNqjCngkvKqgp2OPgE1ZsT3ozCpHNc0jQeR3LQRMoumvtXxUxaguJ9i3HO11zcfXMVm1K2RYhEVmU0Ai2RcoLX4QVkx7FtQglaXUy+JuTigCP8rTDd5tcBr3S6JaDOEn2IiTB4i3Qn
[2015-03-07 18:30:11] Phpr_PhpException: file_put_contents(/Applications/MAMP/htdocs/lemonstand/config/config.dat): failed to open stream: Permission denied. In /Applications/MAMP/htdocs/lemonstand/phproad/modules/phpr/classes/phpr_securityframework.php, line 196 Encoded details: hBtVksD033t2VbbjsG263S0GZ3YWH+1ys7IK5iZe2CQqWYxtYpPkojYqEmQH5NTh+Q8Dufnz3q21pjUjT+/2Hg==
[2015-03-07 20:20:12] Phpr_PhpException: chmod(): Operation not permitted. In /Applications/MAMP/htdocs/lemonstand/modules/cms/classes/cms_object.php, line 86 Encoded details: 2b9gxppgSLNPyqic89HFyR6wtg47YNPxHLSd8rWjo0WYA5oBFX1bWpZu6XalA5q6ZgkKqy6mIbsLQML0YFfo5dG9H3H64CVuySrA6BdBdAwU+AOIcjN7KuoU2CcMU56U/R4wiS1v1vNDX42is45hZAYgwH89KTAQPtzXu+30PZL7bOPsJV0oho+2mdBoal6r10FLgn47isGmfrKfaD5L9fdTyH4BkdAmfvyoAfDMjwjFFlOH+jG+A/t+Cvh9zn1TpZt3c4vrmqdZtbBGnrbZV/2conH9/U1TZShWrT6W7oFRhAdGi74qBAQMmj8Va6LnsPCWSTwLsjcWFrWHjJWDDATpDxvoqM/WwmYre6B2dtkNDQOKko45v4GPueHWqOYaSMmZcxLOpNTSudvVLV48ozQHOWVLjW7Tm4e6xhPwaA9XsJBzGt76jijxWhqmjlsaGZr/qlf7LqJuCLSARSndcjf834iBIP0j2ei40BStKAn/1wMzGZKnzpRi2cB2iZqsf2l50yrqjj3x5laumxGQpdGVfKI+ZFvaRfS0K6X2wBU6E1JNYaC66qQkquSgZsSYIS2ySdBcG0fn6nMoffkeNZbjhaCiQ73lToo5ZLLTjTELW3E8CmoJI/7CA3smKcEN+KijWxjBYQ688J4Df2wDD88WhTPLN3TeS5qJYpyfyQa42L6ikHkjtcrkz53WlTzwoMZjSqoX/tAbLsNwLC+K6lFG39RoIt2kQvNeWgD/afaNCE7BrOYJq7yYNXp1lmBi2t5r+0sCSaOs6mB6InstlGYkcwhBwgIkparWbj87SkN2EDD8AoLrpU7Wo2tpQeWBZbFgVrIBHAfgIsXgfy8f4qSF2K365/TqceOfmEuVW7kWuDzR/m3LglPMHfA8jkGZRUssM9f1czJ2m25PO52X+LL7BWf6S6edvcsxvAC+ogL1ncQEKQYlBLi9/tLkjhEvCikx/wVeESiD4YMmnsZ9sOPmnM17oXaKYd80LkTDRy//iccc/NyNsjgqU0OIaFNL78ucrWCpdD5IYAuqxz4BsCcppDPZlqXxhxQtEMkkRUG9WJio2OY6QGUzTGmDVTzt0GO55JOJOCvB7EMgNJSasyfNOSRNlRsqo/xgMnR1cpLZ392O8ECgs0p1xhqaxx09+T37gOUFwgaD5mQsq/8J8DQrfzrIF6wyLIu2Q1QjAlUG34525KYM1RKTAxOIxVt2A2ObbokxYtlZAEESIHkFsccLRT4UOuoaWLWndMBFCoHg4fZuRjVOt1hxlFpWa6ZiCIXNJfhyreC6BkOZQMoF+Y4jZIOrMyG4MnIzko57GueLoUznR3lyw42I8IOHM7qoTrlUSshcQTx/3YiwGNcDpGA/Mb0Qrk1atbAU/e8AupgbwQ6s+q69j3Iwba90FXJgbHYyTHLIcrFpVTwNrzyVEOoj3y2CXFUc+ExIP8RIS5uxpE/irK++zb7ggXHjJ9XiySPObQjhzdj5Z/T3LDd0wdErso6VTF9CNh48IoZv6r9xr1wepO/byo/GYKM12LpWj6fHF4aMpdysowLsU6sNWJ7zxb5/VjkBE2VuF1W+AtTAIdq3f0keKTYLnjw8Q7uETDiQjH/vqCquAsz3kTgt6P7Y2rhc1Z1Eb17FLN/n2IfaUCP6sl7lmPDowUIy+IaSUr2ac/BUvVhw4RK/jD/KA3kdpNWU45r8tOWO9a3/xZXyX9NUEBSN0XT/uwag79YHxSVoNdWdLx73UTc2xeUorZ9miVPyuTqSJd+pwwWuHupKWrcuztbEFd2tNoxnh01PFa5Alg+uG+idttmKoBgQ2h+m+ClAJWFI2oKXb74nuwhd5FQjwNOY4TPSs2cGhdq6WxztWjLmTpCY8lkvFnE15qvRDhe9N8+A07SqiBnIISuX6xNCo5gDy/9orsJJ/jj2Oy8mR1xeFT97h0Wm3HQtRV8SgGO7fPA7X9OQFVPc+wIn5a0YxyivRSWpwSDP5Vl4IM03iW9O+EgUbl6YciSC03uSyaPNT5XxYH2OYFLZj8HUM8MlUMiNbRO7BpOBG6mgsMtbSFzyWycApAEd0piQRJKZ9TljvrOJhoOP4ZGPa+c5BNQ/clOs1Q1KwQkXR6VJD3RGLJevsUFOxWm451ab+zuAMn45pzs5a/DF1ItKta5IrkgDU09uc90H2IgC7r9coxvbXf0xithLaHujx8LevV/3a1JOZl4918NZJwKvQNBT4bEa1QEHW9cJxP1fgXgb4sLTPwIAJRE3GGcnJDqerTvO3t4LgJfx9yBpclJdI1naQVoHOlzWFxSpViTfOtCmgXjR4ghh/27aL0q2uh8Zc1g+vj+6l3bO0gn1YNH5IOZI+ZsZRmWmn/oeh/HYN3EgnlGyBeAfn+bnn+1Zacr3ep+ZJgPEhnIKaQourPQKU5dda4K6tlH3HYiOfIXMPapwv35+C36sEABn05qGgmvAlfCwwjiz8uiDCE7EeBbsVrpUH6CZlsJPEPZ4XtiglckEE3hKusxMDgAb8nsQ5MjpDCjXCQhK7kT0DnxuSFcokl8Q52nz9PWOFlj5XdAmRj4jFAU1vdSc2w8hTN1DtIXGwRmwuhucMvOj9sFEJjEgu0efvuA/fwhBWk6azE1u+KR3V9ffjbMao8TWKyd+JHB4xD1ftVdzsGA/ZRLxo/Hbu9ihIe9V6X0x4LalJl1cXZKkutYipZNoIXE7OfjuRXVa3NThiU60xmGZ5Ep3TDXo9SMt1Xe96qhHQm1hKt9LR9pBwy5mct5W8t3BmRUTiHaaT6Cu8iTquGkq+4l/nBVzl+EeJCBLJM8wVKVxbWb9ZUiZZ7H+ecqCdSCWAFpJ2t4srkb7PnvTD346WLdwXjxmJYsfnKDaTN0OB6PXcw6vYHXon1xD1+ahV3Zj7jlux9R8LApPC1t/NAPR28bWMkOpCqUfeJKETptx6Fd9cO0SsGqMVEnv0hi1pFOIxZn0FIHrV3jeYsrNzIX3trSK050snRCldQiPTnsYZzZC6PjjqQ09SA4YlgBi5N8UZSklf3vHDd30swT9rTUDZKsdO+5DTP7qV6tIKtINMpNvvThOUFHtSWIpBc8d9tEutGMVkaEVoLqIWIAd1qhD+hD/WCFSiD+PZy6dFXnLWBdiQGM4vF9TDAVO1K+8B7pCT8DjqVVLaQbf7NjJv0EuJwDRVA6oYoFaXW6y5fZZ/WdvqDvFdOFWR8C42k+PdmXP6du/UzPW4Myd8A7CJXAd1R4Ec0zFpYD73b2aY/q9WEvq7SCxVa0rSdHX3a2wFn2dw7Z2gv0Mf8NE6vqI/GZls7jCZLMT/h1zV4T8JiLiFBDj4OJ4IVIk7+VzE+1RHPbM3zYExs4iBNsnnST7UW6f8DDj2OS3n1A8i2+GORO5SWSJt+gb90SkQX8/wciS8SfZm2ZJHlUlW6iSb0z9vNkCJzHtXn7mvYc9+iMN5TUN5fQW91+Dt4i2t6QWGfpn+2B0CPHN9thaeS3NrbXX4vWVllnAOBfdYFfqZ9AspoZv5LK7BiBb+FBdiHPJMD+rgmdA7L1uZ4/gV7UDdrNICJ3lMoEzrzAnJtEEf8OXyeAIOI86JaZFJ3G7Vz8iJ2Cnr605J+xWbPcRjr+BuiAkRHTTIb0BiyOQLNv1ddMFr7RzNl4TiHss9Z4mY9SKuZEiebyNiBsjFAYcUhvPWiqlTSnysk7p5UW3jeaoQfk9mnZxxqy21L7tcNAX5WrZyA/kHcif/IhTk9uLfd4az1Bs9tIC8BMTF3uJtFmq3yA8bZdEZVvxp/yQKM11LY4fbpafMK0OvsEjiG9hEizCk0Sb3xmMerHMvtm2AKwgKD2AkkkXjhP+OXFOTqB62ETRogsnQRtMNnP4Vii/Ll2S9QZadPDE7nSe1UgL6ksNPABMbkmn+aKI+oJlwmdaLYwnSATiRGNe31ExFidMxbBfAdsEmSqEqo+6vVzLftXa2a7Q6JTHeGM2qGbTisshMHkooo5ycSjTf4EBgmrbGSfOxCdVrbkvdn9VJbm+/eRsaXy15L259bfRwHpRWwsRax2qj0JKJzTS95/ADMBRhxbmqKWo2PAYEqJl4PnWd9vx+5VqsjMP8N0k8bT6K17PmW9OuZ0diuA0sASHb2C4c7Ynix5ybPbX50Y9JH1tdzE4KSya3/DMm2YwcLJ21sQHzCTfKWlkx+EFmPg7HwTLgiuWz5FbhEf9UORKEkYb5dLW8yN0zD/cPD8c1cCIUjpdt1EKxriusVBJBxq6hIH4B0dihYV10Q7Nd33aJi3yO/boYbd2lkumdZ8cwI2RdADzMqqho9+F8JFCaru8izf1k2StwhjocCHoiP37m7CHE5IMiXYjsoc9xjFMNGB2GalUvBgKARx+Wi/AxD313FbmgNK5NxVRESDqtwT6QVMFq32ljkY8b3782FfbJ1l1V0DdYndesFDM3aQ/raeyoHcV6oJAIpzNoN46/sX9Ur7ly1dIBr6Cm+81ZeXCo1yM6wtaizI/FCY7lQxJR5No3zPxVwpp0V77fVks8BzUV9H7I7SIC/X3zN+IikK7ytU8egAy+ny7B8lF4FsQD3wSDdWAk4GocFEoHXztR/CBIsWe9vBKf0CuIb9lDEsua9uJv6fazN6kAXD5Qza4zTshCNup8Xud5Pnz8/I+EhAaqHEFDbA44Us1VkJKD+6bhwfFCe7jssBAVvzoLqB5m4YQOy3cSpUbRY3s4B9dC0UdK/rwShmoeyJ9skWg9cidB2fzlXgTn7/AMPM8AfFHgcVBmOObdlcVcH9OfUNrjvhKVH+kjfeK5t5EwqCuXwcOKOf/hRRi1nJjJ0WsvjzMo8ikfiEhvmjSQRFM/NgC6e3gpQToU1MAk4fDA+jL5xGn2udAJor6IPyX5nlR9PTurGZBX2XRHE3RFbAYMn9KxtLKPHwZYUUSuOQ379klT902m+DX8dXzyxHaXdAfD+kFmwlqYv4ffwLNHytWkfCJw2vuvQtssvYUOCXDSimQqyw5jzQ4KCL3eZCrACyTpXskyJanEO+ZmIL3wbUKEczDImfZ63ix9gV6vELXlrZemYlHImFLeauvxkkqHe+mOsEiQZkYSLfpAHUybzWn3hagEe9EqpiVuTZEMNmwW8cWz/vidNsPaJwRDXgOv9LOFy2W0KjQQqSyJePSFIN8cTZPF8G0WlYmc9KWivpvkZMq5PHHx/piLlZYXUeGY4Z0y3DLDYCLPqyBjKuPncDF9gbNNIpgFiRnYIYmQ3GNYhXblx7mlLJirKjtwUFZJ/hIw5VHccUKRHTwAUMrUJk1B1da0Z9pvdlWcfFwflVpSV+TlJsM+wBBpwqmaJIStO6wXsRE+JxyOmitOXFRswN4DCFZTgFSlhtdqOMd46PDrJ9R5+1Ce0aJBKfY2flgSKLT0apUVNnVxy+1B7+m1VREis+ytI1uziKJTYbJXu8+ih5bx+HaZRqdVwNN1PI8PlccSokDs+DqCpHMzvJhDR8OK+OwBmlZeje9EgSSaBtIchXOdsNuPaaXW0xWmTyk3iUqlQlvCLiJ5Nqg/qpTcvf+xZ0oWwKO0fpYzdG5hswJ7BXvmDEn/NaPaSRA1+Li4t8+zG5n92Q4bitxk5ni7eBna9K3wZsxcjQEi3ZgmBjXBj56VfXNVZjkwJQtwZdbj7WwZWEFCmIsWNmmbsa8HVQrUzZKA1liaO/gFsT2Ng8X6/Z1SuyLt/gmLJxY/3wt9D+OnFESz57fTwLy0yR707axKavPux1khtrHsCjMOpZLFHJgx4wpYvbYYjxNrhT1bRssNuHAb2NGcOeEzUECSOs6xMcDUgZL3shVsDvKI7VH43ooUyEnzkkB+xecRJdTL5Ah52tA3XXnGYThUQNpwP3raVCntBtGWEPBnBxiY0Hs+S1L55bRUPPp6rhxuJ9TMtMRKDMbSKDQ//NAaIw3PFRNOJz7fMvkquRRLWIEPLhf6KlMwSoW3BXjefOwBpfRpxIuVIiZvZ3QsTVeEouWlAzVbCoNYISvqFjpmOur7NCNDKJh72OKmF4+cRps3duedSsh8uPXblVf04pfiLwlevY54q7Ko+7L/FNON0qX0wsQAgXI2E9ITT30eybZMp9uHVBhE5X8cLwBRqGAiQ8XG2G8kKYb95LkbcIGjj/b6JKr5bKT8ZWIPwfv8ezGyESA7e1BUwio901itjFPNcHSpik7Usw8rn2PQ43jseEFDGJOMaXRJgP7pOdHkikUo1BZpbtriTncTD6Nl2K1RBYXjN9LZXKhdDCVxAHFzo4UHNUTJzy/VVXnZcVVkVi8cfNKjL4RKkmsYtrYl8SfxZ3hFWTXwCc2eVJcihLQZ41jAIMQVJLnDHVq/HUHCOd75khC9GMFMHUzU7WK//KzdAU/tJmA1VZFwVFKi7RqjYktngjt3jM+bfpku6bsVssIeo5pgqky+DZzUSaL3YKo/GP4zrTEMtmjqtf0zjisG/emIjE3JsVUZ2FCclXA8wKsXXYPLkHB6IkCw1vrKQAxevLckPmdPmz1L/Fey19M4/yNyVhzd524VG65v8DEJYQuiHTkki3MVz+DZOa7RPHvJsgh95UNybENHgDTd+JySOWRC3gOrMz1Zzc2uarkvZVURqSZfeeoslIOtNeTzSkjyMcBPqP90zo95uGwMEbTmWZRyewtNxaL54LeUSmIA+NSKGVvJ3uN8/rVzZjrPKZC4huULOIg8e4Tyeo5AghCtxG29r4auF1DSZLX/iak8x/vANtTlxH8wtplPxCdv1OtqwZQorX3TZJ/7K0Lz4z8RMeaybCfYEVJ96krHqmNZQf31Jn+X96yWyio9MoRJRvNmzBEhOIFpL9vm2xlCShnRqI=
[2015-03-07 20:20:12] Phpr_PhpException: chmod(): Operation not permitted. In /Applications/MAMP/htdocs/lemonstand/modules/cms/classes/cms_object.php, line 86 Encoded details: /kKOQdNAuZlmT61GHJKwZBkPFjenWSEkWFbTE7C7e+80zdzSyJ5ok+VaOYSym+0Wzca5SFv2lFtjpFAr6lEYs0ciaWnN1WzUJN0TSUNctHVtyhSAjUxIe3ZeYNsAlSkKTH50qz55oDX2IUrN5QLRQSWJZIortnkiYXUzrASHk9LOeBxyWl1ALWmi4S+yWqxpNVQcxuW7qIdjwuSTiG9qW69zZd/e9xAjP2I4pC1cZ9ReXyHITXVEVSnYd1kKfspHA4rjEwMRjkTPsm2ovAUpyJddHsbstOUyFpbP/S1fQcw3hjyvuogVdAyrBq9KDVNcorc9S81/XDfhnAybCrifaMbgSKcddsOO5clNZeXXrqxEYkOc/kkfuhyL/Oag3ebHtkheO3htcMpcPrtDjtrMidlQsiyzPqiOZe8WdkAK8kInocH7wlcCiL7qX0yE/RtiVHO8ux3hxKNdXf/tSzHV5hPJ996LV3FLn4Q0iDkxTZ/DwYcxQwSPqyg1Qwtgp1dVKTN0e+aA6reW3c91IoaEwTiLV1k8V9dXphZfzPxff01mBrmVs7mdBodsoLS56EF7bcz+xdETd28HAR12KnDy73+f850JYGW1lAmB0cdAXSkuwzXBJ+5Vms9b2hWBUDRUH2rHW0aFsJFsV9t7aOoepe/tLDddyefGrYcB++Fx9FWLt760dvFLZTd8wsNZGj6zI52SC/buUPbS4le33ryNx6mNRytNzkvPdy/x8fu+qPkDIx5n4GTBjiqVGOqkQ26GhSgZsOhHKn6U1zPEV1jlL+LYWVTRU0D+X7HgYP/UWNr2dAIrp1wTDwn0ttpzIXPvsz58n3+EOr/JKW30w9ta5+9b4z4FvjkJqmaHcF6nJ2UQuwJLTUsjIq0/XnhcM6KkfgGYcJHjOaQ0tfHk7jvnW71MAkPaSRpRmC7kyQFY7Cvg/R89EEcYhjCzl7iyvSG3FEW9NLJ72YiWQol1b9QwKzgU5yVho8ze1he3zdHgkooJd2pfvc9cfGwlJu0qVqMZQLuvuQaLHrHDshd79xVeY7Iu4a8FZkDupucUK1gHABriwtFzChW1cNgN+IsmXq89j+pt2u6QDc0vvZUPaQFDA/QWu2+YPQHg3+RLqDPixsjO5HRAPfDsLRFTiLUd/jLNzqCFhTDwxuQH1lCB0GWUE+77P8RbS+k3GYdfdBG4Z/9e5IGAC1argsMI3fRwOklaORN3dXFwGC0XQK8PrNjNBgTHN4yzk+9KL30QwrOoCSQ9xIglRGFoP7AU6KHM8kmV+yD76OLafQzuWeR4UTvCySB7zevVF8eBA9wHAqwOaXSKhTFEjHGQ5FuXbC8oKRn+QEDTmkW4D1fkxYiJviaGWFKdjACKoMrEfyzJN6HQ8xufpr7yY0LL3DsO1jVLDgT05AjW2NVXAM6Zv+qBtRrVX/c9mzFojFb2Nci4JGw0Ff5e1azsy5YV1FlTO7AwUv/LGgzA8yIrcdQh+McYiVFBjI1f1CjPilKCOY970hQK1Rn+ko/VUJfYiTf+LJDc1DMXKV14MoI6J0wsKHJpc1ws61iFcLWfOqKbagokUxeZI3hOLuFUsznRvh09rfbnhBn1wJ3ar9F5qMAKD1zoBJ2sYlCyJdl4X94fCvXRioAfh7WWe2INkVqq5C5QzO7iEpSO+/q6Oo7Jtqpo/p6R32c3SobesFkT3kwLj6ZdcmEMa31IRkT/lOgv7voxrCyg4hBSiZhg8XE8z4ytKJaXT6EjmAr86h0nCY6fnDY2rRAX9TuT9DQFnZbO4w/LtEYlU6vn1/ORwoDecIqs6YXBGkDNch54rQUNjWOIlCye4Rfv4t3ut63nujUvZQ4T59L+ou6gw+ss0j0rQ0zW/D+jO9KFevOtD8yhmVEUyHyBwGT3jcCsQrUUKfDDhdY9wUQNZM+GAqxGaGHo+2xRawBf4J1TLZjxVxdmwURQddzy+Wl9mYiNtGT3YpdkszsGyN/AQg/LpulqEJvux5Rl9lWWuqiTGD9b4zT3jGfC0E5jdXABX7BqmAyO027K6tYj8aSkSfFlZ4m91wH8LDiZ9vqz9juByBTPx5bcgQfYkMI/o+8GNCB9SkAXXTVot3FFNotc2Fj1Bu6tN6KP3z2teq5LZUovoS7t4GeS5+HN/LhyKw56TS8Sa0dPOWQK455dt3iZLaIyxeiWntlnC9h3afTVn6RALTUo60JTjrzlc8xABBxeK2J0YLoKKG9/lKuphGPM0HJAffoPEmqssfkgI7P8e6Jnvmh5FuZyYHvV99sjIldErjSLfOJQaucwgKhwMXZDkhmllmegmGPXSOOKR23qMJ21jWeJrhV6e5r/dE3FOCGQ7CwsRcx1R0DNzW0CY4jcQqwV1CkHO+n2Y4JIkDRQSplS6agYCqdeXMUkIV9g+KraWXLo+fklwy34VLw1zgY+XQqmLuKFUsnzNO2zOxzFe0o0qVRDMDajjh1H5xaW2BqNhX7UfLaCacvlMB+QB1ejAO5hdighG9pUzaxcPY6GadjbO6BkOlHx/JSpY0MHA/pnAHlRaUccn5T5yFbK1UsXDRGkI3rs+29xPFTB3OjxkvbOuZa8z2LPUP+U6c8bwG/slofIiW/wOdQ/cr2c4aYevB+vOM9Q+rMnN6FT/2HwJxtoNYprcwqcVbyB1Mi4s5bGeS1g5gNTofAddw0+uBvEbNCsqjCFjQ+JhAoarm4f8NTxtXJqJu3aRbkLji7N46X3AfIDCvv7QbY6YrsZROKOT4TCGic3ExWbViNK1IECDb+KgcZZ6p6BuvCEkPCVr5DkMP3x32Z54z3x69Bk31gWNNfn9FZt6PgTuGwWHaBUh8XLaiCs0lVaCS4/VPBJmMybuA9WLkwApmJoMu3dq0MCYhUkm4bKbav54DSy5klsfXx5oCcvSJc7FmZahTrupGQrQ8KU36wT5CsgrEUvIx9N6wBltnyOX99BtyPfzcOjhycS7yeWJdRr5EXQf0Qi0SQ0KrglYxW/i/dNh0Y7hPosL2t+chQLx2ZF8219QjoxaNFBAwPU9/Fk8zF7CFHsA7sf1E1s6wGgVQdWNxbz6wsNBVD2H0dOKPyTZ+UVY3vA6dqWTbqDPdvT1wtU/r1JG1jEjj66mSKxQWA98sY8mf2omcPg7i32IkEV7ffo1F+67wxgDg8wVrQafh0F9rfDlb1vMGfm4e5viEGk1rBxfBLNhdMvLiXsFYuegvGRI2DFUuRxL9uLQs97U15yUY8IkbTHbTuXtUb03VwuwveFzGKy6HuGL62GRl2WQN1XK4nwZFafi92AQGARYekmMPRCNKNEma/cwBWBAujYp6kKLWyk4NmRDezSrjH16jGsgFbvbxyGlIyWmkBjhqeRBRfImOgG/4nhq29wWY9o8fERqFAyM5adlJMTmy3nrMc0nnF3DSSSIWH8IT2ndKlqD9Cb4jn7uBBFeNGYAoc+/EcW2aI625OlwDCergQ7h9WQJ6EHkWTGLr7dvan9cuVVv0Ob0apMIIBassmDxr9PPm2a/vIOaImGl1Y41SfSMsDB+x7t1NQseIOiifn+pj1mwuMt0wWNwKDD8DJL4NfloYe7iiRNffIK3gt2pcXd00AjmVhbOEbtdGGUT+j144PkktEemjqEf+md6eyV/sDQUVxNgfo+18ywWxiS1k1UAAQKeoZkFXf++OxpyWpicmx6g9M5JXpM337Q5VM2COjJp4KJ+/dE8j14Y/LapCWA8TiJyFSPFe/dvI+UWPm4/jCB7U2MF3tMj/OrVq9VcAWHRbu2owB8Se2E8mFTowLWjkFa0PpvhCVS5wGaVBSHlL3uMpblfhaxHvt4ckrIoZT2OKbl8oWuZ+lW+tmMrDkTTrMT1cFbdxbADnB9Za6Y5KE/SClU+j7TnkS5PGoZROp2iAq3vGU7EfSaPRd8u8YUH5lezRJ4gG9l2tcjzEI8PUcyB3885kVY5prSBQ0Fts2JeB7FmvcZAVFXpx5wJ7YhjiH1BS8Rl3EDI/+Qd1VfI4OW0Pqys63tz+zHwSpgNYvYys0nu9D7muaOKwRj0mZAnlp8PbFCoa/5MYiMvkzBEChAy61fpjJqhVPZCidB8D+nJ5wtU2e5Tx9phG8zaNgwI5p9XjEGPvUigXEn8YjxK3uaRExV3/MWY7EQzvezuJDldau02L6rxujmwtHrwzSO5sOUEqbar5R1p4rr/pe6cRnFwGqSrTenAQWvk2x/K7HOCSt4cHQs6CY9lnWfJXuu/VWBfKRVhMCptOKG2VRAigjiPcuVw21q2Tn4ne8IjRtD3e8TN34uYUVR1nDlSHAM9Qs9GAsi+s7rHHuOgBX7AEjYXrLWIXBSq97wYVpKeH6r88FhvOoiXoVGFOTHFAsyD1yrRbjvn8XlFI5qdD3JCNP5Ss8A59hPxdswuUJIGpMu8U5TZD0WznBUSBtDHzO08h1TbukQVql+Cme5qzgrrfGTtgwIaBpqyGnS+c8HMfpz6zx2hg7Pzi1oymw1OaUsYqU1lU1RK9y2s8sY1eqJ1DOytOtzXmWYdI2IYsJ7mf3D0cD3gyKYYsUIx9huiKQdS+0Kq5tu0Y2XpROJBCRONf0/79lCCdKY4XspR/lZEw/CdnYnDZKu2WS2I3j4yQze939aa7y+89Cdq1A2XVBItKtTWUgX9/Gm6PfXPOMO3pKOiorwy3YwevjeC9Het+sqhekRrSZZMjEwhNFle4xl0VORO50gaRdx+DNnC9fJuKRq8MSXndJBevCa+fhrybVhyrg5Vdunv+PMwac/Dl9eeG1O5/KAVKRTmL3gO4UKsz7JOoHJpEfQZJpR2VYjAskPb8fY1ijcPkrttuw5wuCQ8hK+RyqTJnVDJ3zU+LbQRlAYXsCr2FN7S150PFf7boHzmbin8UyyHMmtyjb8V+7tG3hJFW/1F29c9XR/ktcY9I7wZYpw2tAFYKv0FMZiEiHq8wTBI+PObvdo68JrKJfgS5WopV/sZ6txJ3eZyGZEYDgeOqU/lKjkknsOcVf6XMRBw83n6XFPAKY/9ykWyskmxxqR/9wQemeG4bryxkV7lPvf6TZV2arj9VxmymQBH9K3A54Wgt9LRqH8pPIz5qje3vXpisG+KNMg7Sp8kXafmvZr9cUc41wZwbFMC7yGhH7uHyXLnhDmEsJmd9kVSRAz1G1+pTk7sQq9Dhbdrp3H9jo9ePwZu8JH1PFxYRtN0kMd93q48kAOtJfVNwn6AwYKi5+nd3x1S7/Pluhwlw/zQVfYxwPLG1cDC6GAXo/+TFo52G985KGS5vsgCOQXR4daHZZY2YE9vDYh5or8dO0jNKSb/OHVZeF4LZ8m9P8iYlgTSzZMK/AbjfWT1F1+MO8aBz117Kxs6sdL9OToHetSpMMNp9kHlWe7ux7kiMVpghrVYqRuUweM5/g0XJ8SW7nwBesAfQsQFbtDYQ8WUA33IgXiM+uwSJEG05uHcTv8FeuK/OWt22NtPDaYAu+70c4ECDkhWPLuU7PSXC0ZvmXxQRW1R1+kAOSFAiQfYY0BIWsTcosRb/Mh8bluAOx898HnzIM5knFLdy0/BjWvYkfJCeu9ajGvHsFr0SlH2zVVTYFpMM9+tBC64iTT+GOCA9HmSD/kYDHk5uFKsKA2UhZRy5DuBjwj3UAGVQ1cWm1F6zgbpynDGWBfkhwMMRuOH4i8V0EMBH0Fq5uj5nhBFUxkvQJ1wXUl3NT+3a5UT5GJbVAZ7Z+UGGcvloqxCK+gAF6fi/N+2kLZpVeJGJOmUF29nWdILWT0l5sS4B6njeQDqrH96jL2NA3YyTG8z2z1i1W1KWjNd2DG1p1WJJTP3TwO6Q3h+40Yu8ZoU5tZ8mbV3raMrRwwsbyfKNdZp58KTA16r8zon2Rc88ramyM/sfzYuCs4upZvU+w11QwzdsS7xE6BIRRYeKVs7fTiRombupZ1j6OIgm4/QROoG8h9Pjr2Wp2Tw4z2N7u0CkCxfgtV16w0C9lJaR7rqDfMneid1HIAHs5dvVg5u5HCPvXrKbBwcazgLRjU1kJtkjc7YNVYHGH41Pm6rB531wvkwX5J77GHwp0D68PXKQrkUMN3i5IMLN1ssagkd8CxOpPV8L/sv6EyTnJ0hlm2GDrKWwwNkUwMvyRRUOUF4qqllclVhNlS+gL4u1TH5HtYJqHHZs/Jo1m0XdXhWvzxV+U3TRz383gz0892fzK6OS1hpKrPMpRDD2jZsNWrh5bE5HrDFcQgAq9RqkR1xKjgXLcbSoBp7GljvpMZqO8TiRaM64IyKFDuNBW/S0PLP9HLyfDq/qtymvVcNo2vGxfpOeb0AJM7Y1tRoUrJOYYqsxGaq7qSBDL3aQpiSCS5gQMrORV09Ut8XXyT1M69NTCHUmCzdAlfN6L3baFnWXVqdM+YbIgV30NM88BrvM1oJXWXUg4Ct8EP5mUc8xWALg6UW6ZjbMmTywT24Zl4G1BtTw0MmXgjOwNIyvYij0EXzkFZg6Sg5vphexFXsKa5Hq7x/t2gAAhvQcedlHZI9ODFzWscpSY5EqtHUglwPlNzTAbExPooeKqti2owVP7gRYa8iarIImbIo4dYS/CK/TKKcWnoxkdd8xAYkTxJQ8f7n6NMGKjpouX3lFsZ7SdK7H1uGzV+y3lV/ehkVFurDWLn6EJ09k5iX539gFc9cEV80YUvziCjdLl+vaD85N27gd9qqjDNWwYdOdP3qR3ZRU2G6OgVgUf9yzJfI7EGIoWHEijYe5Dni7/jbZnrJbQzaAoynXHEjk2hkqtIAtSaPlIEhvfgE57g/iyXcvDOftu6EQRRLKtrsUjb23Lq0XjV0kptIFkisgISjCT4xQGh48dGegrj2NY=
[2015-03-07 20:20:12] Phpr_PhpException: chmod(): Operation not permitted. In /Applications/MAMP/htdocs/lemonstand/modules/cms/classes/cms_object.php, line 86 Encoded details: bZwktxyxz4jorNA5b8kPBqMMQnI36CYHpXowH/8sCudc2QO6tTmpgRBvpdmHjBLugL809rbsJtq/dCfOWCKHE82nCpWvt6JjhN23o8GD/ltfHAtqOznMMjY/iPCAtpAEdfDgCQNQVctkyQUImli+3Dei+tzD/IAXZczvSfxR6SAp0vzsY9rwO+ASBNBdKnYfH+dmqadak5IDEGGgDtjBWUtYr5Iot+TM6m3CVYX2kvHjybUBnCgi29IcEioerZI+bFlM/+ZufS9BK1WsDsOWOS+4g2yWa8N7M0hNhQStow502AEl4gZ3h1B3JRo8EGakgjMcnNSb5nqcl6D2/Y2ho4JfJwV+LYP3UCzB45R74IW0M5U1W4OAnDInnq7wkPFE7VBEEkjwwlgLm5sktA5AT4L6aAC+dV20ggN1bpxQ4kS+dSWXgBmNJ06KxFd7h1c5Vu7ZOBr9LVczBEbMmKeWWeQKD3ICKJUxF//rD6pD2wOwWBusKocr9nw3XsH64gugblXX2KB6o5vrHF3ITg5QziqfUgjjwcCvbNs1GDMZ/b7Wy+pY4h1vkzd/EWn4g9St+VZaz14CzZas4cgEMQBDk6dsfRjd0zpzRhSzNp8+pMP+PnOCTpXw8nfNZw9HHe7FK1zS1JEvg59Wn3NkC4tzGL+dKHAEuyIfYC1bNxjJaT60r6iyM12EThQe6UASvAZWvtQ+/Q0Zob2+tXrBZCJMP5aN6me/3l3ZXAmJ13XO4bkYduSe7bhX8IoxzQ2s6ctffgScxMoSuJct1Jb+i36E50MeRjNW+qeNbAEpM4YermDtiWbUYxkzoEzDpQhS/gyAPBl68XeS+NhkDcC3WdJ+qlPndSfp31eIx+bUsQ3ccydyRdFBLlDhbcd/VtY1uA4ApVT4HEuBHpaufGyt0LAenJ0il7K/MNBoyl7CAJhMYG5Q3B2FiAjxOIkboHJXrEEj82O8NTU7TtUxQLFe2k42GEoF6gks0MzUw5cXzW4Wq5x+9nh05KJ5ZWReywQwPUW7GUyF2GbYQtKo9MdTVIWDaV7G+vNOl6gRO1Vo0JERjPoxjCQiNGIu5Oqfhr47Et0aFZbh/VSUB+Jax6U/wK4/1S8YIcJ4Pvus2mxOaoW6TaFBWa7du1ANuNqadyb1/W65AxjLXE13jIazxZjvFx4eLjAbiFOKc0Phc2bwNDvWgzxa/BLt+pWTFja7wMbhsYJkAaa4463e/wNoMoCpQPm+FwGuTJjQgqvCSxM/7ZunKsji6G/OLH5slxaUg4Tqfnb57qMYjqUBMmYVkgVhz6Byx+CV7tZWZWwJDkvLEP/5Y1D9e8EejJImZZ2LECcNWnZoKQn7XTwr1SPWP6t6ontOyd7UvseG4UVjIZNHs55st2nqWrheByiGeTXXH7QqzRaun/uUEin5t0WZwQ9xy1pKZsYaEu3k/KqkOgmyULrUKNFx1fbUdz5tzcBOC9nHrisOuR4hYNX6izwVH+8E7IIcuvL4cd/CIfenxqBJ8dMLatIXmMx4CDc69Ug69sa0M8BXNTScv3VxjZ/qeMXj0TR+mcLy01MHZoeUAPgSgwiTjZP9Wz3w82n5ka60NB/xJ/OAF5Xo4KcRHwGnBByYn9fPujw7ROTw8976s0PRVGP6DcsAwUyUwetuxLAwhMZhokBvIemNVPYPXzXOblSaRJP/OYuIAA6rwDW8t1QdxSBuSg6p7kM828K6f1vwTeY3vCBZufkgcfqiHI8qGbTpdcHgA65Scec5PMKcgkFSn4DHLVk3bcgZO70jdhCcb7fzD+ziA1fhQ0uJc+SVKe2kG3n43GXMy9jBYANrx32y630TBOez8UE60FHGpSTm0041BMboG0r4TbeMLMz0dfhQkqMOzvtfScD9yq4r0l5O4C1eIc6UWfcLfkKk4E473IVIPoQ6Gk5/z85drE2W5u19zuCpXl+nX/A1y5I6JoMe4KNQdQvzxSMfUSXIG6FHbwx/UKG+htydF8i6NLnO6L4iUcuYgWGXj5NWo5pmg4wjWPZ0J823EtUT+J0+vrQnj3WMVqli8Ei2dt26IU7Ikj/ODDRJKCmZrv/nuHth08ppCm1yn0c0gu/9kxtUQXXCyaxvOaLxFAyv/oyGF6o4fq8FCR9MJwPveXHTqLuDYodEA1klWfNoZ2ZijeCmSwfeienvpG6uHh5zbMC7cxRpjSx+AQmmwlPSucNmVOqfBnk/FQne9VhSpl5tJcFE4eW0Ogw9H8OIF08NBVfe7ZaRasZcUgxSUhEDINwIFXXAu+cDmgtMkmiM66Bq58Z9UB/okKj2pjDdFKqfohqxk8NXhCitAH9sbcBYAT6MZl5lrilijdthQ5O3Ayr4TdIjCUKGH0XhXuWDrUcqNnSH6hJYQXRDFcjP7NU6bcssOc/+u0cxs1iEcf5cutJrOg7OfGfUSViKDg1o+iQJsPIa0m9+jOgZxIfavgmCYDFfoNguXXZr2YhA3rr4uLY4FmCKzfTv1rfRVuv+urBXFrr3ldLSgBJYi/iYuGLoT5iogumDZnwoJwegoCduItdH7d8y2265UZG89wdlkxTC3KGIygVBZyomPKkDpNIfekItFJhTpuBT9JOH2p3yCYjMBubzbxUTH5P1ncOz4J+7DLNDGWbEWulp9J/nBMHQNKti/ZjNDluv0ggQ9q0xTY8qJh/J+Ufl3GHe65W0B019Yib1iq9GSJFJXO40Gx+Jav6Ym+8UxqqApM5jSTNY/MvWVAqI2+EttPylA2u1n5WBMGd95jsW4IAMA9AZeL99CxJDyVysRppJa6bUrN7HVn+KxfbesVgqedVpxeHf9S8ChJMYPvKNUXd2QCfNHC1LgFpECvVBot2uBNJWTt44ixN1m8HEVUl7XRpH3e0uBx7aPyeTIV779ejNy6HXEmCGajWl+yyO6pcwzKpd8Tiq41xeAoJMssLUnYUa4p4eqEH0xLPK7xPtp6eNENX36TP8Nh315R1SbtjoW4Ey7hIsxOhPDW0KbCCKFuLuOz90pGUqkEbkzKpZGeSo+gHE7LEtr1A89RxtmNyJVgqcNJOEs++UIN6X0hqXyGrt8IlsGtcrRMB4N/Z7KDLqHfEYUoJSC7Gib9YlxJcCJGGu2776jwaO8VGkwBzby7fekT+Xq+0fjGiz0+Yr09AXqbwPa1vGsQlvbUIJl0UgMcfSI55Q4tjy9nR843TRsa7bCyxSwH1Bf5dAimCpwcWCNuGcidjePnClrRlFm/qe/2oByWK5xwXY08CO2HL0tgPf9yRHbVDiN6aIy1Q6nqKv1/bNcgjnx8n2IPsO35pass+1zqpm+t448DUndo25Va6dgGyvvisJyHkK+vnSTO2jpAzu5rRwoFmhH4TN+MSUxOsr6+tt7gRnEh1JOQfwN01zhWnGhgmn1OFuivHzSXxFU7QhrbG+hlK3D/GgiDguaq/ix+FmsqAQFXaN7Y+yQosxJP1EGbg8b7G/PUEKulhxJSTsGQ3Jo7rXHpKlQjVB2kc+s6eAe6rRaJ2Xiy3YNC5FnE3sZ6G9DHRSEGwPvfa6F8/En/dMiE8U8ISjISPKXBxMmfgWb7kGb92UsK+tpCEPvvln5578na6U/MH52h8AVa8yetokLvNeunNraXzP5FRzK2FyWlEx6sSuzGuyNqs69ouNxXTzPTugtt5dAGEawDeAE3kj7g3p9lfEcB4Yw3YmRHQCTkvYR7mkxrh4cM2RR92l0ByEM7ncrvSnjkjtlUTUzace03u1dROv1AeXMoD9MvHOXZC1uiV6zh1ImdWACeIQCyJb0c22i7iX3m/qyJs6RXnMcfHRfBrdrci8nuDxlNNABHz4fYm7OZFW6Yy3hODxvGHNfaQnKh/HdqLyCB1xaleD4Yu6EXfXQKaCOxiEH/YPpIXOdkK8QoZ2oHeMWkmCV5tqqYIkYgepG6Jf0pM9lMotiUrQN6RslTk+GHKefE63lG7jktYri2K3wSlh27lCLvJA6JoFbpMrfXSYaqA/TDbtQXFTWagf1mJgAxuS6YB2Js4FgJpg8scwclgu0O0n5TKl+o/89fLk/u7X7N9XObP9o3flgwySqmjr6SF8VlX9FzgqBJpF6+giQbK+O8DY6BOTj0TBAm4S9g3JN08sjTRDJsalr50th48wnv+i8McyfnAxY7vxIaJc6tfIV3tgLlP2kucC0gHF80NwOpr02XVNK7hnFrE1sU8oUzPAK2NIkDak3qix2U8F+Ig6JQrCrgxTSp/rQtQSPqHx4r1AUPJWq3Il6CyOlRhZsO9FVRcxr3ZIPEbZmGvjrpx3SRf5IP7Du88KyCAGQ3HPdRC9MBfoUUqkc/xoxHSbh+bAF3F/5nr0cSJw2UF4oA1rMgmNLCMDn1v/VikGJ2ncPUFyEA2LbMpHgHyYmUl8FPm6ErHu+YW1vslZmYKfFmUzvpMnRfoyWHbnzvo0piw7ruknVOCxuHgJei2n7CvCTR12Ey8G1lSb86SL4gd3WxNEkcCj9KocknuFLX+Y7Wtyixy6o34qv1jkUskzEROW2q9JMrpfgWwfCgRjIHWEG8+cSeLFls2A+LMAseyKRPIlx4KUwQdCQeC8IJWRlE+cE1ZaVNMB7+5j4cQuVcuHcltlpCqZkC8Fu/i+bA2p22jYQImU27QKMS8azDd0fcdL1Jgqk59xND1Al3surAmuhCgOAJl+svU+YCtKaR3gmypYeuvHIO2rBWWKNxEFXNDN2UBwDKFy7XGDU2dayLHwWF/9LSTA5xONc+cvKOeIkKK4GbW43uBMIuWxWMYHPO3ToACY4PqH4LdQUJ574ocKQA9u/dUVUUGbl0v/85p4rNGatG/TJmC/waF/qU+quRgbUG5mOl+iUu7w33iah7+o30L/BmscfMoMsNrCKSuZNrH5U1xQP6+BjMAU28TJjEsZhzAP9AdgqTrexE7ReS804kS7loL82Fqqi5PKagl78Qi+Xf4SZc+jIjKIBwtImotykDd4/8c07xM0jAqt6BmlHcswhnsIADSBU0uF0vjR0kb7lIO10/NrxKn9OvK7sPeQd5+XadZ8rsTVb+YvK1I3HWkb32pJLWeUabPeCtCgzQTVMXhTVeJK2v35c6BHTNKyRGWcddVyGDPy0C/kIEIrWm9izWdeXwqSgOQ7p2DAmf/EsYYnTQggkQFTxGgwDRJV8lDqfYLT1LulazS98FMyKJxW9uXCWuXRRrQWVGm3Lo1GzoW/P6GdLCO7Jzb70q6LdjguAn/eu304ZjXzNOrBKOg9yLb4qG1ZJYWGVd2et2i2Vu9u+YSwFJLEi5dgXoLwb5s4rVxE/rRHIqwgK4pc2hZsp2zfviOTAGE0fDkuXrzWsJfdA7dQ82CtPRdBvwyrcI6fBihhU2jQ/BGw4zvQbfhaslOVj7o1FQlA5vdmbgA2LkchQZRV8JF0CiqBGTaVHOM5tW1A7gren6ORtNGPpDB9jXDeUo52NAEksFBbHwh1A7KhGcSP6/1uD9tvs6B2AYybbdMoKb3QA9a7uc4G02V/qDbxUXOoAtGng2nK8QrG1mpzigJEwhHrb/bimm5BVzdrunUW9rdnKuIjFx+DHZLF6RNM8Fm9MkRWfEq6VdWHCYnfHrBEqC0sUPFrRpVhL0PrSeu6ryB7GRQk/u//yArP7jb5uJx0H8u+/q702EdNRxqWOMEM64+JvODeUq/d7DqktFwean+1EctXetIQC3XhJq0w7wM4R55KjVNiPPoxPB9lMo4xO+R3B/wztemF6TNavIDw4a7rM5tdm7+AeTMIRr2EjSCVQHl/wb8nuHMfvlUdMuTafEHkXIUvQaSfhDV1J6ttrKIfwGaJr5vSjmHsY2QzH4gE08yv3lRmB1XLRQ/kpKULJFQH0swJPHeq5+9JGqOuHNXC9V17E/d1mURrh6tihSCLsC7ZNyxGX8kXcK8EV5/ikt08GNS96VV7WqfVEaRc4ICpodzWxzppQjmpBEvtB9Xl2GWS4bovdzXj7RFV4NHQ4jJaSNyD5VWoTMJcvNip3VMrclz6FZf8ozr/lN9vvFvpsLKEwg59IQ41GMJHEeT/qrRWecndkma6fKNjuxTI63iVnAfvbwJeS0LrCjfpzUYgfEAt8PgeoF9O4BwTQbLkqJbXY9y8rmaSJagUKU0Qgsd/+d/NQPVAy05vgjZag9Jg8PVhatUkUR2iWce/3KcgCU7jIgvioVGr2MpBoo9eHkX1p5ZI7BUu/1Uj27qqg6mSVJEEsR7ZFLhDVPhh2mh3p5aa9I0MUea4fJPt4Lo+8gCwgiy0IWJNQwQoUlwa1atk9e4SmcO10zXCD3c+lDdS/jWrgtj2ClNf5GN7CUTsLN1kK7Xd2uW/D4vw9ReXYFjBI+vc3phJb+mJCDXF8Ne3Sc0GFPK3r2KLOANdcJqSvJk9HqSJlHXU4afTWHzu7I6bHVPjMEaUcvBUOvGD3HY/+N5OZgE+yfthJxDwQBWy5FWavYBSFzbA5ao7MVCvNKnFrvS9sP0Jv9teM/RboXwcT3xyQ4Yqplxy7ZxkQsbzBZIMUb6KvmcjH8Llzs76GnHR67kan2o6PacPDAAy375zBDqCLFJLvkyRQuwBWpDvf+Z4wTRih4w6guQuehJgH5Y8zmAGC18rOBFjExekIziPgsb/QSU8Amb5RNuvO0IvBSsD7yBQHazxPqHmEj/nzVx9pRlanNbZZZXQ1tvbvvZKDn5lvcHn7tBv85R2RUMrFGWbg9v/TpaD5p7RC50+JHLuC6diDjM7/BSodAki8UHDkYqYdUMMdsN5BTT3XCKV/FKGnS+qABI80q0fpGoNK33gK+qstNjcmRX9qoA9zn/goltSL93Dz4PE+D1YViU=
[2015-03-07 20:20:12] Phpr_PhpException: chmod(): Operation not permitted. In /Applications/MAMP/htdocs/lemonstand/modules/cms/classes/cms_object.php, line 86 Encoded details: WQ3mAfqRwGorxi9mBZveb+eY2eIy8/u3QrSiXC5e7YpROyXPxARAAw0PI+vNb66OruMPbsAJXLijen2UMqBgvtqrMlCbZxeQzdLSLQl222ycoPARYVTFX7kboTIexI43z6OhcoSPPywOfbcm3gal+muyhktS0HzazZK0nH2y61oXHTDvvTGEGOGfLRKYuPRTZ3J99yCpKHRDsRG/XnTybbCTI3r4nT52Q9keP2rFnBZm+t8YTUECNRpafjVqCtTmOYD/6qU1vLUN/3OS9tbjf2pFKdgwPIMYHnohePJkLcD0vCGEgrcUfqxYZKZzo3aceC9zYOyD9kHWnvy12YOLIOZS8+WabYojlfVuEWgDPsbikoYKWNIiHKPE7YCYYC+coWH6IE5vi5DRrQDNicE9Onnll3aydbDif9FXirOX0MZ0GcYtu9ns4bkD1llZFW6xj6p3wOOiINMAgeNVdWav79XCxMxeSZK+xLmdlEsrEi2Q7H7bVzEhp3vUqF9f+GfMDfXAHW2xg/Sn5y3XsI5FmqPkjgoWNBnOl9d5ilGxfZmX86kMjBM/Lqod67pAxioMWvv/YaEEqcRCsk3BxPK/uHR0/KHb2IYQbVNt9eFRiAPRB8fd14BPXVqgxlQpYSElOIDRRdc0PUx0E/9IukYxq3hk12dkvkwGVYjzHlfxwUraplstnv7wAgHm3uX+uA1qN6P+jO9PMzAPwlTSwk69TsbeI4SH9jkzE4+rcYwRjErpK8dCQuy9/+X33GwVgjbrYHxy5BeqCIFN1mGz8OpoKACMCR27o/3G6NQWKys9oQDQZGdPOyc85HVZ+SgvR0WnIUrFsjgnaoZCa0+Nuve+kK93hCD3t6M36HQq18QWkrAnBRe+GNPDl6NVNR4x3J507hlyZhIz82Mx5ooS5JQ6KvaSjbbN8gp6JISmCd0CzDdP2+C32Zq2/rfAeK5KMYA65KwEForcCrxUR2A753hSDlWM47el5J/NtMsRYOLFePQe+ZJ7BfL1QAd2FemVwdY+xaCEIXuD72qAXulHHGwEJEXaCzRqI//g7M5Fs/2X4Dm8uq6FJmHpNqRQRrzr45TZS0qvAIIsUM/3vP+X7D9X5cjWF/vws1URGlZZ2vWvupQgX7nRwrO3Uv3PqL3yLbEQdXec4pO6dAcdRjZBwNfnlEnY8Lu3VTnIGireDV2Ns51wCfaWKbOq0Rb4f662gIfgQWPr3wlKi+89LQ4E6ka+bZFXeT8Hgxj3o0ArlFRmfW0T2kABfHJICTiQm01tAR/yon3GEVuHISJWN1BoHtSr9u77BFXOCoWS6j8Hx32sjk551To/qw6nuc1hp1/UuwKLMKZykHCytjha+brl246E109lXLZ6DI8xG39nXqQ/Hrit/UKTYH5kWOfmPCtNq3J6/8zETv20U2sPlJd1CBOBQMXTYHLLsBIL3c7wYPpmhZYURNZApaoUB4N/K0bejJd3k2i+ihT+phCzFTubvio9Gd+2dWuWOdAiOazzb1AXKqzLfHYVP+uwrIoykY+Ce3+ubHyYhdH1dYbi4qA6v432kVVv+l9KD08YHhFqk90WOnhxKExRvZG8CXvhpFlIvPpdl6IMaqqqjFcOIedUF2Kio6VSlVQRbjcleiKpyv5RB0xOEJPeG6KJgpDIG20qcAEqarEKum0l45U7cbcRXOzDFeUI+NGCQsvpOdrTAUEdqLYRwD/Igz0TZaQI1ePWwJSEka7Y8QZhB5GYqrFjTfFGl+TRMpSNeZ3BlWzzFLyLiMASoTHA9tsTkAu8zbNkIAEmGeXUvxnkccX/YykSYGyzi5lx7gNwyYE+rHcTDJYmIm1fPcRmMTMjMBECU8gFvp+x/JXQu6v94SCo/LNvIn+vicGe8+S0TKpLnIa6bIB5ScLhHZcsWgXIYO9Ur+hqV2Lrd1yOvtJ0QExr2oCpUBjIkmwmC1+dHUJ97M4BQixxD9EN2PZUiu8y5j2exlt3Ylgdp32PrUQ2Lge3saPGsWZpakLf8kMeC7f+JH8S/x2m7NBYARol59jyrZxOWPfIrA9VMEX4cV5YKiTSW8UcRAskrJZ8zWE81CXG/Ws0YA52BNI+VXBDpfZGkxDIw99Pyd6qGxeL7PLRLJQpVFFtY0Akl4V3UFmKqliNVLaqu7SXBoVh1MPIc9JPAveaIi6+TasXi4BX27xKuunOGOOx9R7DlHk8VlLmm0N2G1iUxX/EvYpO970ogpuLN/MJjo4+Jj3T7n4rtele/jHyx6dnY+KKXnRtdTz0NVGJmUgFySP8RJRtq2FXJ1D8jQzJ1l+i8qM8VRuzGnhL6s/p/1FDvk4R5hv6sJL3aQ7/MR2Q/DGvKIS0eEINbxrKsN/8MZfm5Q7MROVzJbiRXTyiXDnjaY4WXm/4kLfVfty6lywCqyclmgnlal70bAWJWIo0KiNdeRY8fB0VpEyGn/bMwTSrLXYRHFaBJxJsZAYG5vX2HxSxmqQq4fuy4n4nMJNyX07WmI3OkGFj0lUULECsye1wg5w3F3wHwx9mr0A3QmIUiVO8iHYFqwPpfS9hV2Rgo2kS9EIDE4aCHCDDSsCWIiG8G8P/Bu6X3xCm+T3TaVbaQiM5mKK2xafRho8tTlzkDGJUtpWLF1eCxNCgwIIx+1KHBzpluPHWITYdzODrAOyrarn/ht/gR9MevVDhCk2ETclmD4TLZsfd00WiSpctDSgArVBj3XRKdENsht3yzO9OWtm/mvER61nbZc5h7sJ8aEvr7eCtsLeY0zc1mFMcpY8jI7EYDPbrI6jK/J43iByvBHnlrNYMVrxzm/zXzScWojM8NnbAn147rlNJtbg/1GlBU3/f4E4Cnk68G/qhEhuNSo0HhRDC0Re0sAlnoQVJyXcDf39skKhmSXwIEEI5veX4n/2Vsn6JadndYyP9W7kRA1qvy1bA1YE1gR0aSpr5nlF7s1yAe0uPmSlAm1JDNqngQwmhp2hNwsY4KkEYkvL/zEEg24Vz0gygzIVZyDk/VglqdWwokGno0/KkSnfi6vmksj+6u+jAB1z7i65Flq7As/zgJpswChytlYweSi0tigOR2rdKhH5QjaAYK+fRITtn8E6CVgtIZxvfhx5vjzckVT/OxmSmUt4MHwjZduGg8+XVkwZYN1+UP5KA90OpcPd0N6O9HwKKpVa25CYdmo311kNu8R6f3eQ/TKAuNXLMHu8TjrQnZqry4BwftJ2qaoewLkrGkNF/m4QSts7S0TBC+RAexJGr3Sihbe4cIFKDWU2952DFl2yYOgm9HHdPlEGOZlxDeC9DCGPFXOeuuNOBluSv2ve4HR6TVFR6Zy+hHgFRGz9LPisWR6aV9rtWPULhzHyjMD+hl4SarNbcRJkq7P12cGadiyh8NRzg3sDUuEDiVD1B1HQmIEGucwHjAQO1odOZIN4ODViccguabVgFBXWF9+7C7eJwtoJdfIchiIxDVGQWGzAYncxd184GtfGJl2PRg5l0khI8bXJCqdKA7p2dIb4YjASyKWdhU700K7k0t4O4oT7qfAshMJ2cI5bMRX7udJjRvyoiO2p4w6ZF69IUbldH/0Z8xmxwasStFU6/uX7+NjKprqt/zsx9VcCiJdtYegZhvjV6he6v0zO555IdJlJPACeSMFwYSW4bcvT5Ea0edCaC6EesAVc16qGBl/1tTh3zIg3V58lnmfulkLxz4V8MzpupabUprMW66RgkgSDa5MAimj2qPyWxjrIcwtFbGstdViip6BWYE+qAt2jct0eeS4trfpZv0rRpHKujKKL3qJlW9pcKrj0nCEQdb59x+ydEapUBUkg3gAXCPAiahuZkDyc97BnusfZ2TpAdN81+9iXXuyROF5lr/CR7WyAzKwKSvy2dgSe5AKgNktVTpvCHaFTF4zBAcj5IX6sb+x6ZR0OUcwJkVvkylU3Q7t4plIZljz/eBYd9rEtczTgitncOgJymutM/wHYHdPFnN27M+zqWqoOLhhn9aupYHSfs+7EPVS7m2fK0eMY3Jepb/uuTcVCT01mHwnRYe0TuelVvSFm0+ZHfqf2seshZ0pFq4cXUW3uioxSgJ8qVSGs68rF2k+ToSq6WnsbDCkTxyc2IWosHWOh524++i1+guF9bH+DAYRqgSL1TimzMsFqQxH7+5OiEWe1HKUiTpLWQonVHcYaDobQvkZEnrV+RdQwAogJGAEb4SvIgbxJnME/cyLAJz8+3cH9QnO7oLyHTl2ey/IDQ3e6v4VPLrI4hPk1hv9/sEx2nujr2pQ8iik7XJzB4KaOqkLk8P9vhIBPgvFApxEc4Pr7Duedh6uc2NUCFm2noKDGnTbZuaBXSvR2F3kWwrlZx5Et05XEEbgwhFDlkSYBGwM0fXYhq1GWolabH53q1G+wWMnRk1MJx1wku3dt1lOC3wdaH1X9T/8IBz4CfMmHfHIwlH8qXvIh6dRZQmq3jPB+7AqxpwTR+5Qp98sRhvrd4LhnO+LHS+v1GNsok7ZCUDPh2bHgnQUuqYaD1TveAnylCR2C0lVLZB7nyuExdth+MKITCW2DrgmjnRn+SchyJdPOrqN8LT3KK2zM1n6NABbMU4VPaLC5+aw8E/QIB7UP+lad3YKs3g95Z3s7o6hq5isZQY5XUczjEWBFxaMyL/mnodk2S7r8/i1/gil+wksSgDRnvqp2HhM1SkQa/XP1VDf98Slbu3l6eWpZalhRivNQ+RbBtk65g8ccCrsIRS1hOBWeFV4WI5UyhxnQ6scJf8oQAL09M1SjSw9gDR4BPG4LSJz0MKwGP0pCIM1ELbOwfzsh9Yv6Yzd4CLSn+3sckkue13OxZKFyA8GTWk+an7fY3npSTjUOpTVa8q9IcmV3BUx2RK34DI9In91NWNbsELDKoCFr+lEo+G4eCEjs+pCi0wq9q0hxTESam7PT0zIgdNDbeXFYztW9w8heIHjryvFvcm9IOvaUv6wtjHDKOCfVzBs8osbi8X30/B3YCz+ZoqIKAE/KHpKflJ8QIw6eTS9XTMTEuhPC6gzDUwyETh1v9CraGcCKheG2xc9voQfoghTbWDb/2zEilnjwoqD3zN3UqN0zXoBc2uT7wnsdpo2Os7Fqxry2yF9fbPb/OyJpwXwRDBQ3mX2GiQ7P7ZB7fN6URTmvOFswIBz2pQbrbWn/ERDwsoRLNp6q8dADI2ZiSgFOUSYDApAlP3rqD6hqJUuHESYoAmDxT6FjRdrG+saOoibA+ZzR8wG5KnaMBsxsIGCKGbnibK5beExqoTqNALif99w24qRYGnIAUfnOkI2SsXF9GEt+XomR8TYBNi3zwPsvw1WSDZxjU2akojgpPBlgFS+KKfdI17Wqxd97PTYYn1nVTE5pL6l+Qj9yc3Eht9enN34hlY7VqrTOLZOehM7vIvmgXJaRWfxiOTHdu7DH+hwUFBkPUgsOiofA71R8iNFY+O2RVnYui5Irm7HC4NmHfeKf+Opp6S3DdbmdQ1XyuvZYQaB9uQs77y8VD31TrauMTdoGbpGHR6fttp2oyx/4v7lpP9KsCl8Vqo5rZzaoF0dsuCGmRmqkX8NorRz60WYPLwPV/aBvj2qHyj5dSH10+ZRqS2i6HN8+qrV8wNpDKXD5JEHVNfKanPwXA1gIVhsTcnSjy8zSK7IHrYeaEaDl2jLM/h10LdbloeNy0Vw6G1wgIWIuPJtSJMQP5nLuk8NFihNOb7x2cq/lGQTH7HbVDyYRaqJ/z8kh7Y4/oGYk2JRfQxTJkIWgJ42F9mbZxaZpq5dxp3xBFSqoPr/dISb6Cf8d9MV6U8HHOFtVQANihBdrM1TNoB3Sd0in3fBX3zBj2DGqZtwJCIyK6DdbolMGcu/ixRgPWWthMo++1eWaBuuQoPOfjQw9byuiDVtA0KsO3ADn3+sEp9EsHWlvg344ILC7zg5xq1Fp86V50EVNEcz4cbKX2cVE/fWrmGuWNmak+8JDpkyvTVA+bMAGIHqY2PZoGsHaBVlL5h6mU1Pc2/+3NWVkU9dAQuE9HOd/EQfsyBJlto6vQ5GfVqGdxrLaB2Gz5/Y74kH6t/idE3bfsxD5P4bLNqUxIJYQXVEhEEf3e6TBY1T3RZ+HKE4YrjDtCKvxHmHpS+cYlzF/mhwFMX40Mi2j7EzIfEC30/GewvZMYjdBqeyEDI6PFAxSF3oylt7d3WX7NPuxVMfdnjhVRaxD9bwpLDKcmrP3wNkOps3dgVxH8oIORLfEBNuT/KPVK9//asaOsS2BS9stMCJEGjsBdAeMTzknIZMc7jfPkkeXHcWhsIN0OgeIO4qYDWf2G2GdKgHiv9fMDos0i53ZS1X4epc98YphFGbMcrpIPU3S73AGEJOw5VdDkOrwh5rtScuKxT5fKiY0wc5viWwz4SZ3XTCbYspx6cel0pqVp8MzXumwQg2vgPCwC2MS5aMQ0FeLc7zCsuaD1XWkYXw0P7Dbvzw1wblvvgC8RUe3ulojj0AhxNu5tRxsPB/bIwxXANf00FRrLV4EPaH5hB89L+0Wo9uodjrr4c2VrKiw6L3deVIIfnkoqvoj3Y/Dgm0S9qCGBmadro7vzbZh0KUdY4yvwj+HEg3R8EbBMrCDVN2v/HEuDZv/lFYaJHSWJzWhm6jDBaQT7lJbOWfkLMH06WjwnDRcS/VhGkKGclis+yKmU0HHkoacJ8XxoeRvHk1r6Ide7Pd50Uhjvyl8010Zy7mxe1X2P6NGjId7rkeXcfFfqohh/7/l/TElGwfhAX+kEni6fNVRgh1jDzTeefBYOyd4c1Q+JUdPGSByguSJWZKKFZShHFv5sNOk8Abuw/64M2DVE6UAVtXgHcRfzQYrr56AKa73Fwz0N5nw=
[2015-03-07 20:20:12] Phpr_PhpException: chmod(): Operation not permitted. In /Applications/MAMP/htdocs/lemonstand/modules/cms/classes/cms_object.php, line 86 Encoded details: ku2U+vcsjwdqO1uIvXo48sgcZRQ8wD46EVDyuKu65cqsX7ELFvqieELXYtZgPmjufiNxAIjOvTq23ohGV8JW9CE/FtXLK05g8SofMhTWfijexxQn0bX+WCBAP/0FszOFC8KRR4P65/af6F2TS6bcXUvhOfxGg4No6x1DsABBbsC7IXeoj8nTfKihbck/L3yIJWfc8AKOJiLbQsm95nz+Lf8a+OurkeyJKRXoHuaqzfqtSmxnc/3XnyMTTxJ3+wtI/JL3VYzVAZNyo5Fvo67LJDJYuOAbihUmAXDY6f01051N7pUtNvu37W40mC9HjAiZfsE1+Vzwms+WHZaY4qjOmveXe5hKHYhoM0y0cQLliB83HP6KdGrgjFKWl9M2HNALfU2yViK/zA+SNGQinrK5mo+1+ApPQdWAGDhFT8ZO7BrM2abXwSe7T0WYh6DKIINo8wCtgSzYXX7PEaL7GquAgG33vHtdZIXDS90NSculdOPdOKxRXZJ15QUP8Zy/y9XtF9icyrqQR8+johl6fngnwmSxq+1sHImjbEA+hwcHTy/u7GomKFfB0fRQMgm/8GSvmNOFR+fd/WV8UoGKT90PR3VkVfMZPRCcjByqwPMt9ZZ13sazrbfloPjd9LZzGHH6H9exjtNylYmHLHd94k8vuBfTEvJVnTf4+jBO8mkygd9ziJGbetf9tH/6NU/ZlA/Qmv+ERsjom/wq3ITgyOiuUBVamQOG4BBdoIxzrmrUWuOBiQ3DQcanVSjC4lLKD4Jgr7Ntf0zNOlp6/xEbFFoECmnAIjlqRgGMsSmnih9OAClt3yKY6JnCZpvlaD4MW9voaXgaINc54iccG4FB/PEDLyGaMQ2fcZAg3pQOFmMqQ5Ig3zmoH4NPO5GpIikXqVl1LeTwziPUR1OOFohY/Ur7gvFs6mow3i9hqGORL68r6uJKG/h/MPOe/taF1W8KhK1JmQbjuZ/kiHDoU9h/BQkZzY4BSsDVIe0YLrZHLN2dEa/n5o6CtM9N00dQMN/nmX5EDBh57x3JZdhBR/YDzgAlbMtP0f7y2osFldNNQ/nQVXlcBhzCZFvDUrlJ0AZLD4sWsIQ2HQCPkkZl5hlfxcAwO+QhvH0AnVid2uoZ8DDASc8vlGr+HyElQOlRI2UNX0r1LrbkbraMazdXgq+FhqgJ1dn0zkIHLlYGhMBwjp1/M+uKGYQPTJDJtWQiGRhlcn0XzZwGbynzDXd4CzhMHQgnthn2xexrTFekhZdW8bhCuWpjhd7N3HEMevHDG4pSlS3zc3TgUBA9P3CQpcOCKvldY/P3thd9jXrS1Gis5TWLi+jVmCJbXkrnJbCjvnN7olj/p1abZFRvUmhkQoitSA6l+bGLttCW3N031P6GcoAv1FIRbfxeAO3dJmdiolD9gFEop+1KYW+Hr9HPbxKLbf7btY/tY/thY4NxpDG7L41/qKepjaeKlCJuJ1SCIPmYX/N4qbVWCDJffkLWKLAHJf5VzDO9rlMCMNxB/ev2GVLLk5266l+3LdVwtg1boR2VnP00mbA0hxUx7Gx34YCl8tee3PPT0v8f4EAikQk1ek5B1N5wqbOuQP5uXiJvpD75O/3rx8y776aEPaFtMYY0aVkGXIcnAUFgy8N9uYsRf9tM+ELjtYGPg1vK0LOXmVDK9kWgHCVMe8KLQNOnWgzf7KNI++Nz04wbCFWSaQyJsrvS0SVLmr9tzNb/y/HVTqjwT/NWBhWzo2MhLcdXyzjy11RTuGFKtgHMDtz9I2HAqrzMSYB9Wb0jjRieHlSfQURWRYHxSmmmADuYMvgF1Zm0HzUL1wyL6kOMy+B9v3Oat7PzzwY+rSiEQH3j5tr+0SxSHvXeeMnGQlFQZzmYq6ZuHrBnNuWdf+5DSf4fFE4xXNXfkdpnNhLTukpIKlUKdayeG/r28M7iPexRCwsOaRsjaqeHVYk2sxjAqP54dAde6fDynQcHD5qY2eqJeUTfh3pmCMwRtCYupvvA3j2e8HVdEueey/w38asadRdjkHAn8+t4gbru8efSZC8NJa2hoN6koiqM7Cqbklb7k4Pinl/0/SRP2U9yZTOpphhiWW0gsDizrO6r0ChaLtO2w+SubTMzpgfvTm8j4C1OrhVgb1QPZFPVZ7mxoLmkR6VbBNUSweD68zJQ/x/Li4jhxXl/ipvWgFWT9yJ/HBljInAv8q46hwETpAQn1GMK93qa0rWpFns8LygPqWzBLD5KaaalnQun+Sxom5Jt9pQdoXrxvJH+r8uo8hNqGt0Vh0Y/+PxybIcOVGogdgRsFT1QQRDDsAEfoi6tSpIG1tb1wf6LdYVgNQUYp1HuquIq9u/1INLwOvptG3FqBG0Nzw7apg4oZppjvMGBap19Vyby7Z8JOP1gT3t6E4n0GMVQmuNt2G59KA7ZH3hjzOBJfmE2SN+H2UUyEQfP+dqYUxWqRVA7Ogzci7uKreha9LQBjowSgXyMXmj1uevH6F41XadryuuCevT3CBK6FNmko9tkFVHIDFHE1SXBaSETTy2We/sh6/ZF7YmZTSkU+TvkrRgBzZKMo+Knxs7ryYvBbYFO1S2tV+CeYLNTmM41G9F0Bljc0BuC0AN3AqsNOLE1PMr/8AphFE6vs5rpc2JmeM3uk2dVneUlFWFhghY4yd30qXKPTdvbtGOHs8/dlATsKJlqrADhmu82IJgKiSRI3z8d2j7+fJfWWQykw3pYtYzLdqatoBNuaJaVWTe5mjplUVchdbeElZruP3lhVpdEyv31QnUSaCTgtQNJJC2Uk6U1rjsy7Hr797MRCBHEyRqdEFtz/RUQnBDg6is/T2wjX/Y1IaXaiziK32IsRImrumNxH8pyzLAcATie+XArt4IF5y0qCRKr6w14m6H63feit7KKBCjPBPfHif3CK4objYjqxMCeCKwUCof2LwTigf7oORFFLife+pZ4e4emIxedZPs/uBI8fXBmjHPfcHeG3A+RjVANfxAL7pCKoAMUB7bhP3hu9NoYCEqpeOWqS4N+edRufHaYSxTy9UilXAp3UGnDXJUXkANMEu3BEWVBBh1ceEPkQ5saJOsj3m4IZcX4yaAE8sbr5pVSkE5HjSoz5j5D1SY+Ix8tKtvS8oUmwr4FJHzPMgxTwvUZ6VlDvAIsMTMvhbLJw3SjX6I8UHPUCsGa4oJOqnJCE90cY8b0yHl4UThiaE6K/BnlV72N4X7N2qpn5+ZDcUNinAUWFrAiEP5cf5bq01AKb8mfvb/kUS4DExBOiCyirdnXT0SrkF+pDDAsgbdM13Zd4ek5TWFMpF05stRgUGexwxrxXwIz5e9ANpoVhfhDvMVqxOHQSc4yB3P6gLs5q+kA+/Nx9/j8nm2aJHzkF+bpwKHWWIg5/lpMP18BWBhxUh7GR56P89L2yDTMDNcckwRXuKy66921nrnG+/PhAKzcV+vgFxmAiFqKeHfUVnNgaJxoCeijSIyALMr7dfFcY8LbdnB1UsKjH4HvttdQVIRk4xlQpSB6IY6p2BDu9XPrx5WDP4dJcRs7vsvjHkl8NGcEdR71APiV6fB6F+Bge+bF1UDAVE6IoRP+Nl/uS9pcAtcw/WUHusJURVTAKgwasUk+GCWCIn1EYvSzZGes4sZDazdLyOt46qob9YNn1A8NBvqEHcwUfQZx0HiBcVmNu/OVSZgcWcAun2Aa+VVai7bm7E8Pe6hxJSDZtvygh+FAkqImu58F6FrHwT0Y7DNJ3eVfMQ5pHfTvdh/RWfxriKkMviDE3ZBgjosPR2f9qRHOpqhwx4JaF2fmJilpOcODlBCcCFIlxUyxUEW5uL4uQoAx5vdGePyHuZ4svruY8egevkaV74V81CGWCrbkZTemD+4vhBHNa3l8B//XxkmLcBXdLooaz35ze8VInRB74tV8vbcFjCHfupAmmtXsfKOuJI3tuB0XmC/FwkfQg7DbRwoxN1wirlVi/dKLKw00EQp722UWNErnpKaxR2XLQ4oahPs1EsoHMs7v+3gg41JFerK8/fK6G3mkmX1z68s7vDuV26K5pfz8enl4LQZmyWQCQvpIU2lcvOnvY13/JK5OLff/sRJ/Uj2O3rvsEA8/2UWQL5nymcEMDgdTKEYCn+/KEGLZA3P8s/anBTKscAL00y3uQXbe+3Yu9yq/X0vTxDbXaEW05wKyg2YR15WvY8hBzstyGBNCeV810CrMK1nJPju8asqDOncJCpCRowkDC2Ja25JyOjh9SALU5bndq7Ko9W7ydBD6tUuXo0/eG343O2zCA0hKCeymnSBlwnB4hcPjL5Y/Hs/1gscGl8iDtrQ6gGxPhvhuHjFrRLoTAQu8tYU1VxW10awIzwmFiiFpKuX/4zhl6NR2KN9N2ET65rVb5akSf8RuwUG7DkfJfWGi+17Q5IF7HgQKjxrZpX3nHwxPryD/8ghaqryOVzKyFw/RsbgIv5PHq5OvDsSV3NCI9l3NffMKhI47ZMKS33y+VAxucPqNJYVbUVUwktzBJ7Csn0qzcfbPE2rDwO6bmNzPnrMl6g7yxSNyQEAwy50IyO90K5haqoBxbi+3F+wLy8GdE2Qzt2HTZFTDA9o211OVjnHfxnxX/8dBW1ZUveiZNPOEIWq+JfQoOSFxhVVvPKXlpJewebLxO7SXxUFmGrQcGRxKRqvvKhrXLQMUR+bw42Ni5Gv/wDHNF8S6xtCbFTkPMaZDRPc0GSKlgj66fYGXPu/X/3oScAgUnUobvY430okPjuyBAdDUncOKCsd5EB33ZT+TI9sGGoIUwv9StUYVWqz7eLJuw7jPpRMMoRJeCVSw76leR+dA4kVt3aru0nY822QkPWxhruqzgPeCCcGLc7uIa75Ft5GWSYfpfzT09z7U6ONjC/E09X74WmN2xViEA+O/1IC1VcrSu731xF2JeDTeTTcoe5hATC9hzlykCtbz+1P/2IGGush0YGHHNr6WfD0BcHEJRpMrOK/bF5Ce3geohYwqyPCSdsR4NEMmDDjd+d95enXxkBh0v5UwkiKGIFtEQ+czAHTnCwVxSbnwqpC8vYR4Vzkv7KhzD3B1Mxjhq0GksdckT+vhdeHnUZvXemm5djZiX3xrX7dGRycIuOgDp5kIHwmEE8uSHR46G9VbbI1OntibTWhPjg9Cef7/nEv+0W7Zhhy/r00gnuelGDQXKp8vPOQqb9uBD+GOsfn0TPyeWSqV5B/L+clHGDuQ+bzOLStML7Z03sK5WzKDeq7kKD/Rjw2W0XjyddBOT5dHEU2+zFYDNfqJxV8I9TNk7oHALlfmD/E2EvW1babw+y3+l0Fm4l6kp+Wb5m0o0ahI8qTK0suQSNa8Qy8Su6lMUjvrOMwQRZV00n3HNrKvZD19gzyvzDDaSh6hoKi+L+hje9Ud7kJBx6RY4jgjg3tDIZHQ3Ux6Y24xtl7Q5n+MVdytq6Io7H3MdcfKr6rfak6zHpNhEF+OYlIBqiFtDGUqy2Yy4+MLakQbG4WBjiN64yeiHD7qtk//WAYTYD8Op0m6iVTTdN8wp5NKnAcLwYwKSEfornGaGiOd314Dcf98nEj4lFWGC2CgUTUpYDKY6Jmiu/agjI38wzGTqyWrTC7thWUxyNa4vaiClDuXVc2xmqux1+y6IB6svGMOuXp4OZFsmJY+Ic+0gA5bYQ6MaE9JcEDT/Md7EJieyySj2SEvnl7I/p9t3X2qYzvrh/YqPndiMzK/otyx4NXWeVH1ziZV2zEoF5gX7o1IoArFHF28vQU/v8xVLcQST866eBU8cMepWvdiNb00dNM/c8H/3rcJxMZvJIQxbiaI6SDdHjK75kTrHAGAkpn7rcvM6awbsFnsGS5q9rz6KlxhiLO5+TFXRmb1rdF6jgidrmK6NPXMDkK4truD+jfyCXsiDXyeQcfmDIKkonxyV0n+YiZMRqYLUKWuFpAATUrk8RExEfhH25Hj96vN5D7zNpchD/lHRD5HDVmsi7BsEwGj5ZxaY+qOmgENqtSvEH4k07lglS15fNuCzoQyHcqEKBuG6RgtF88FedTwt3MijFnA3nXuCYfzJyuA2nXhuid4vR4IDBk/I+O7CKOPKKLawz40JSTxackLefzJZAxuMbBZvOOt+mNA2MWEN1goTBH6idTo5qxms97MbSczm84w5sJX2JCIdqwEld45WS2cnmoKW27OkJumEBXYRjbJXpRwA91eOmIxqHhp3F45R+OUk0S84VGQryW7uM0R7VQjIBBpGNuBT3GKRaI2IAYMunRdtsnqehZ42opMwkHEDfG0Qd/3BVSv/hxt1xaH/2LjKmVvCh5mlgzmOm4YmpUwpZjJzFlEzCi6C3MnXNk7VZDGfy6B/yiXTc8mTpemRbA4IbnEV6Dw7NVgrfCKHI6gJ29o+405h5I7F2wMuCIJmeBZyf+OdL8HNoFbrtZUlfIc6T1+ZQyfN/0oyNaZz5Xjdhe9czSk2HU9czWBOsghRqw70NM3X1coWdy60+3dGYnN/pEMqZZw9gqji+gDsfs5XkSF6RD4L/3FnGogRGa2F9Mgnp+KMTBNWWDRmp+ggbvPUuT/PpDiHPhxqkZ5/3od7t6j5LmQWobFAcr23eLLrJYFzLySICdCk36pEp9JGOROtmKhiMpGA3JwLUcVD5mFre+N0uE78r4aRNT9mpk7qgxMnMhlfwVtcu4ETh51y/HUcDUPSpXNuD+YJuoBvqTUbWrxWr3NeUn8JJ43CqpJpFzMDipUsN4WIKPGby/HXO5KpDjUvllYrFmNuQtIOLrLfAJwyae3QjqWBqNV8Ocaj8x9iI0TIWvOIa3otHmQozDFRzQvEhxJcvbFqwkXKigvh76MPXsUiTPEhM4gendbmhU=
[2015-03-07 20:26:15] Phpr_PhpException: chmod(): Operation not permitted. In /Applications/MAMP/htdocs/lemonstand/modules/cms/classes/cms_object.php, line 86 Encoded details: WiKGakt8vbGaQyU+20pzWvzhXxtHyOA2VFe/2+tc2iJ1dlOQIKtx72I77WQbGvmkyvCvtS4xXCV8v8zUu3DXdWwYgH8nGkBoURAvohhCcZKb7o+1FHDvSV9bHhXE8M4u6W/mj1iKd5xzBqpnajzoSQiYw03EM0QMihPG4cnW14E8DObzfGMEwShlhZafU8jsLJktwFnJFfNQSDYbaFIOP0g742nAkq3E3ZabQ2I2YkCW+mMRINYm7pyCPDTgCcvSJfQUIT3J4ZRWdKWR3xi/VDUoMLUGTXLcpYabPbWlPX5WJaBEveK+hQyA49AgmnY5x9QoSwkMuKqr/OzdPcHA6ZJEmNyhCDCfS68qp4ein161UcLMLXIfTkI5Esgp3FgxodMXw7Z2L1pdQnhg+EPjlq2KJ7HFxgJRWx3DUEHL59IJW+BzG5tVI/DWH2JJl5/I9fmqHZRnG5w4GwgPsml/8/D/HJSoP/TRe2Pycq8kbz9c6iAxVOkVQSFfAksXL62fvzg4fB1qdRO/GNuY0XJUQmqYh46gAz+5TBs3x3V9q3w3kzcbe6IgZYDjTlyBSOG9okWdL8hmHhiukYFAYaOoWLVD1hak+cfSkmAwz1RRscqJJKht2NNu02tNyo2oPJLYVnNI/ZflLviAUJ7UHu/PU0+48z6+r59TcKUnWGt/BtI2eiySKy+fnDDm8CV4gVnnizIpRHJJ/e06nHXREpn4Bima8cOTmB4M407o/tnIvjUJGe9kJ/kFTN3Mszl8o0AmeCOPWnHRE4/alVyd8LkH8b8EyHeaDHQsg8z9O/c+uh0jpjAnZ1nUndef8cpSvxb5LRRVR4ggPpCsIF2tiUXQX+m8MnESTI9MjBFCXZoyTJAB7iA9TUiUP4oeF0kNtgv9HhK/rsFlDK2S71S3i+gwNWx3SlYF8AlRRVFWkZL57wWQuq0F989HdlVYwLE3aq3Q8Glq8VxsMkcCauqz8zOZxksgX11PrI2LG/0pnvPYebTHVJ2eM+LSk5Dmpf1V7rXpXwDJ40H1JDYr6Pf0wyQWKYuiPiWN3HpAVsSV6qd+UZFKh/WP4Fe8lCbezKgVOkGs8Y99xxqWwMRkLzh1bhqZD8zMu1undgdbyCWjg4P69ky2W51jGyyR4m1EHp8qFiWgFAVLoBO2Mo1sTprdv9xyOPlv/bIE/ew1RujmavJibuVmfqZRelhf3/usCbV8DlP3ewIUkksRCdzsiEbe12YwTHNKigsv8laTJuck7ZmpjiRn2Z8MZyr57PbidpTrsEcCP1Old0lBXS1QaZtk87jsrmRrhmQGFDqhRt7valPYAjrm4ebcAXyDMrs4ZF7uzxLQos27mvdSwgtXVNLtECaXYcvH1OYhHZx/AKnsbx+3CYMSXYjTQpk9MytN+ckLuukAcdFFnSIBVCCBon4ukzvSUX7gVfLf9Rl/KNCiN2UpikCgL1zyVxkPonFufsDIxZNQCTTSdvQC54ki5hsQgTrJfLoFo7ETeJJt+HjEat+uUdtD+/aFrhwZCSHdALI15XjGaOmVo476VyjFBoh/0KvuAYJzOzV0Fkh4By2awBjOLEUL4EB3Iv4LlX0RLs+GbZA0o0S7NJgmO1JqcEMbY8JUzB+dAQ3F6WPHj3O+eJokbXE6nFpzw5pPPYuszvUZ2ECQSlzRSJOheBCcrqkvnhOnUDw7oJl3GnbyI3rtcMPGtZsqCVQCvklRgu/oYZyzjh4qPCidBnqO8VV2FncvvyizphdKx1nktKFV1hI76F4HpZmjk/eixuyG+qAXVdT3sAPAMhOwnUVJaH6IyxqO9i416udrepXrnkBeTSCHZDK+K/fiBxev5f8hWlPgi/dTd5MO0Q+NICS2MNGf+lJqrtdEapmMSrnPzyOFaSfcVh+GqUeMF3Vp9AWLSWrF2TY16dm0C4Zj2GpiQhV3RoYaW8L78QoGJ7gXy9GKYs52mUzsj0CMsoA3qviGDvjZHrJuFaMz8mEJQuOrmsBIlTyE+WZZQMezGgzBDcwHJtayabDpe0jplxUwhdLQiiMfocEiLv/wjNc8VfNM6QqfdKmXWREdd9FYPoQF5ePOcv2QWnkULvoczcmwiN8owEUUM8xson6ga9fE1BCumomGIHaItT7ILJb6OyiN1Jsg9z0ubu32vYGCIDAcz8EDSBk3psuKuYGK7ve4ut735sG0efiZD+UBtyYBDn5URIsP9BYUZY7P6BvGDYin2b/433YrLa/kU47goOrYbPUlCwBgz61YryF+xE77TCrOuT7ErYRCnOQzLWqGEU11zel+vnEa2N2VeDvQyf8tYi4nWIi26gZRD3kcVP8YnD0piwiTDK0UR6Jj9YSB55bugx0jBZhzHygbn7vs+AGkq41rRdtBu+Nn0Ya0i7ng2LFv7KCUQtXV02GgpsnagYUmCcS3KWa6XkHna6gfs2MghY2ixhcO3DJhraXJSxYntwu0Pp8f0P4tUrDbcIGaQoNHvB3BQuxa7oiWE7sgI9X0mIiFyxCwZfMQ47QsApHxVDU16GzbTPPCgUupVd+j4ZmEGuvA5DRQzU+Vo/dEP3VvoiOucgzSI6HJmwc2vItW/KXIK7HE1QNNHt848kB2QcIUyuqYUoxn20D6hE4u5X+SWRI0JvYxTzTbbvMt2o7K/Hz5Yft24+HSkLvzgx+FGQ5VQxnefjKZslXr92W4+W03Nc/ogRfi6KD9EcetY58h+BbLdPRiCA6zu4y0C8sDb7nPG21a7MyodNK7jzPzCw7SX/dSQSR3HQIZMRxc08OCtXlB994LGlntWLe0kfUiR7g7LryNCVw6Dp7St27rq+gJrLvgS1uLZcZ9lReFN6itl5czFSwQIk2W2dGPveOCiZZMVQQ0b/3PraOZnIWdhiDs3G4AZUYDdSJ8yPB0uc/8Fj3EeUd0HbxMr5kQwIPJQFyUkwclQ697FyNyfnDZ/RDrcdYnbT7E4olW0BK+ZsNCFAqstLh39piojjYvn9zvYqzbXiGooMW7zFrUrs7pny73P4CIWYvd+2Y9C2mhWdL5du6jvV6Pk4KS6fmt2fb/y0wodiYF2fTvehI1Yk66CLCn2byvgUDezO/VPCRxcKioPmGIfpqK/OHM2SxukR0PQ7vA9tucLzZ6yOC63PUFmKp89iNYLnH2RU4tU6dTAF0nAWTuM7wwgr1yYaK9pyGOFd8huJAZUOtXTAH4e2Z+EOfZV56aOZTURBRXekIfXmn905eRP3vSMlQM5QSfFaG0xaAQr+VbANCDAgmtJRyDv8Xb/0pupQseu+vxA8DCTKCW2jldUzhLsS/27VGTmeXf5hezvJ9EKZHo9pxzGCnZfdQ/4KPK34iE4UsRyqYoh656ukCyAOywiqt5Zkaw7IgY+69Hc73XsCg/ZINy4HvPZQPlPTiZmzpUBUFOxXCSOyAN22H4ESPwcza4La1EOPx3jHyqF8zKrovP9vocjDurPNcj1T9ujQTB+SklkvUwsxbYsukZQH8//Y1l+7mC2gvJyJ4rKfcwBPKukgoW3szL2qsygXOox5j4zF9Rj8m87rGbvsxxQS+O+PJuTeTKbsF2f56lQSAmWnQmFFTcxl6CxpX4xkeIpEgw/rFvfhZk88p+YaJ2K9isE9yuwXAKCtZnZBjuJ7Hgb7xtQ3dpzz566og2QE/uIfH1sPBYpHxkLEGgE5v0STCdypvc2vjjAbJDHBjVWZKS9Q3hyRfGtBQ7f8KiinEmWAWyycGyZhqubJx4zEPCRhC7ZXXsick7GLKBNRBG3Uuh+9lnqjcHIYGrtgSfe1gvKRWveCg9tVhWvC1kA09pI6DrrWZi+IF9bkIqVKJuQRPjOhHCb5Y3DaCYQ6tkYgJXTryuuAWEIIQuQmXn3f2swZg6G1YZlloInkTyILDH4Yo2QhxY9nSOn9Ac0Y+ap4P5n66Nr2oQ9Xy7gT1/lv10rpEUw6vTORNOyQ8bKlD4XRWjqiwKa7CqJGN8Cp0WuTqrYdk3+/bMcVufaSiFgR4wlUNiF9AU6eXg6SOax+pJLlb1C8tZayBEdhApQlJjygSgKitZnhxccxrgvwQSufsCiCkUOsLNGbfadX/mtP+CDXcasfkwmpDujuAy9VKSIW8/0eRbQIXh8zh7idl/7vr0uNly8RasXefG61OcQoqfRxAa0Wbs1l8pMZvco3qmtJsT1OX24p5QQ8SwdTMvWMg/jkcX1GvmnyvvlUaKE8bYeeDyrP08wWtwyt4OM20DOVk+eqLbKz7JwEcDiekh2WDlxvk7wNgSdQ3gKlDrlUcxsebWdCPLIIU/rSYqLmPhMDuzMpiRWR4Z+ykwCc1SRToXHoEDEKkGB34DPbF3COGWlCALSwAWeOWe/JOtDTvtaFtHGpR5daFcCZxTbZFB93Z27QkRQK8FOHa0GelbpcVlt5rJK7kVknqMLPFF6JueDpGnbhGdmvBFSSkiQKyqjpuFCEVhzMAkvjXC5Uvq8hO3KjJCfCKnKofa7j+6exL020hyrG0WmTLHTE1hEF2LBiZnxL5Iwb0bg59f2QW+0MNjn9CPN3QEht1bNXvYTOOXhTopjYR5Dyj/OdQIDm/AvMgp0FKR/XK1ji5jPjEln1SRyqwhI8b009UunRmbm/TupF99wmU1oiofxNqyPzVIyXuu8uW2a+u81VNU4oB29gRjA9UwoaPWkaB7cYUuRpSZvZZkPMP69XHuu8KuvzHj+yGEy/9GpD0z1D6c/8guz1t1MDsUrmruMdZke41XzSyhCgQq5f03oUsrB/gILlB75VAZ7PJOOkIyvC5zIQ7+OMNa8nXWmq9K5Dq9/zomRcjlAXQVpsuUgAAIT2Tc0QsqtCLl2UQbnukbZa3Lv/m6ifq3HShKzd5/mEh6WVu4EEeDOwTtou97suqITYLSlwPM9/Qy/hmxO65qhLLfVgL19hg7r/6n/+k/ckBmrWjh3HvHJMR9WtY1IMN6WeQUpf1V+qX0oonNWNXCcRdFED70x2FrTcZs4EGIZzbx3kCIjFC5pGAu1IvMOudicTcsC4CRNJ08VC1ZmqYfLD4F6NcMmTnLFQRBdQqf5LPBAplCTTmcsevGFK3CjAm8gCwqog3W2E0u+R818dqVCkPexpdvXYdwaEGT0KS1Wgy0W8nwrXPIjUWQAnnmH42QHIv5oR9reYHb8prupBcYWw/YWY9fa2ykfkWsmFvgTm4Q8AbWZQJ0Xu2J2xFZvJ85kl5Eo3oz0UhAdUxWAJNidDghto+rIyGaHQnGJgTzMBXX/cT44rnllsb9rr8nwCAs7WOQ1ffmDUJOiam87ZKpMSMskwSbHkp8TA/Y4MBQ6Qy7ewdzheuQI//En09V4Jpiz9HwtVEjuZUynYvJ3cRckK5tKteQB5lN+5nfpoy88yQRQ1bCV/87Dz3Im/ULPzvirefrSv7rWY8HBbkyA4U2nlSEanT8qKT6N/zZQCVzoRLRqmoI/i6fgKAncpPeX7DwFZfN1TjrSnEp6KD+1yrEs0zv9Qug7vVGayPukpOBL12j40eKZZ0xT3dXYsffALANq1vwYKoitW8Zhy+sYGrhYsQYLSxbrNbqkOJfrhZnEdY4manP3Lm12KwmQHQWr37Kz88jJwNIDH8y5vlok6XsQmd/0FLQt6Vs+wsHvofI7uxYTwjA6KcC2tP0H1nAuFR2gQBtzwzFFXX0PPqq118VMBIEX+5k2wagmLmMxoqAd0s891HIibC5XFUpAgecqZQpE3kbNyMrpQHOQUHxKHKtqoYOlhpNefh1XebB2dagI3WU4AWxgNzcc7MtKJcgIiW9lYCXeoZa5gk9cxfZ+PWeBAcaZWq5lTSvrQSDu4TU46500mvqRqy+iXbnSh1+qSZ2n2kZyOTXsX8u3jQfGOGPuG6OZhAmkazhpZVZ437D4jce1Eg8gc9UmgrpFs9gg3Js7OCiupaO4C/NguuUSJGgP+YCBr6wA2ZKmq2jzEfP/HVk6dSuN+D37181FjOQBhjHdj6b9kdDt7VLyE5QsPoU2sOIzkb83RyKG833JXlvEMVZE5MzpiiYeFleeiSOzlUyZ0358Y7X1MLOrnDkNbxjXPeLbx2FJVQcHwFTekN3DaZshEkEsTYKk9xO3SJlSnCHxCXabz8wgQR9jbUoH26avfg18EyWM3lVNTl7LLfoUb6GdqvKtT41F+qWrSPjKJBrvA7srd/3e0FSFLKupHv3N+XXiDfAaUAp9jWfSpHcrVt1E2Mlso58CD7ZvEvIA3bIoTCOt4upIGbk4U5/MrDtd/4zgh882VU2Mx6RuVnT8abJXlH5y8rR2LrZM7taT0c5xTGUBjBPRWvcNY0GR/KgAEt68x/3DFjUTc+tPOHmJZxDTJNkoOi95tNjpOqQo9gfnt+Ghm+egQAPgCJZTocEoEka6oYiZUytx1IZS793W50/FMxA6c7fhg31aOBCQgo3P+5dBl9GD4o+6D+rECaST6P+nHrjRkk+rEyQphROnwvmdZU5iphpVbqwtcBakmAQKXwYw+5D4T02u3wFfXGq3M+MRrawt43FetaIbPoq6Vwz4AM0E7qDdFaoRQkMA6yWcEIIOgQ8vcVgZOpP46lcDoDsY4fxk2IxQXkBDL3PtoErskycngYDnedgai+OOIg2yGxSU+Kcp7pOpaq4kQTLCCk9A82pBQoWm4FjVp5pMg33xG0lGcFuFFbEWKtLUfoEeZHyN//HuPEZes0WLBr0ifZr5i2Jja7sr9jM9O7zqmbzLwt6LO4mSlwiOayMzs8StZVcaCJh3RfGwpU7Tc1VZXmfiIq0f4ZyFC/YAfGl9oUWy8Un3HywIM+7dDd5A9TEdnRJHIvmdMU3lPz+I00OhlhrewUA5f6J3rWEgshzOc95sxzoY5olI9pCc6Z1DW7SoLugnjueCOsKbftBPH+JhtDYnbuc7FWGQ9o/HDilInLlM7QweBN8APRcFmlUk+vXLo3qv60WFCDd/BLdqy0rjXAj0/yXF1U426+biHZLaaq/XGUEayvqnLlJzndV/lwekYcao1go0qIzFXUkY7EhAdORFntcB/4GKQcxxMQRaeZ5eeGDuC3PVmNIucoIbUu8umekhhh4A/HJB4O7i1NIElMcT948zNIuMWnZ7mRYXDyZAEQMqJpPJ2hIGnxZ86rQrqupYBFilJeZfiZ1Kqy67549vxYi1U3UL4ftoZJeDPe+3O7Q0DIxt66Q2uMLyTeLpZ0WE9x30cDbJ7Zaqth7A2HTB5+kNoJCbVBqmvRNMPzmkol1o9hI/6sfHvUZ9pHEcQQdjsLgQm1uZUbCuw9qU0LiUI+x6KgvSsdjdih4Wte0irJNmWgGUn1zKkPS9078wpG2wWrNoTUcGWgyalB5N63uJ6tnhAIWH7UdLx5Hztp+KzXoVX+rlVq2IWBS+3AuhZO5AZq6PUAM8HlKdbGFoAH7DKoGyYgS5NOSEc2f/wkZgi1vFsnGlNh0so8JCc0z1p8d/4Eq7gzy1+Jpn0937snRLq9dIGbHxTj/+dNXZ5+bphGSluSnYWo6Je3clHsuc8YKYjyKg+ZSnG3EloiO/NIzjMn2v2oloU4fBtNCwnY7BhZigzp8kXWulOl8O8XPoewzMjbcuPyMPhznrO1FobJG6ww2zt9tT8OBywyBz40mYYYBGhqEaKiqifxT5DiN7O56/rMvNNct8d9EG0Me/PIOhqL4bZcAc/FCftZUDsHnLs7Qj7hDhTd8Vc2/Ukh++waU+Q7LdGNLoofwHc8hXQ6fRvm6Qn/Aecg1hTi8q8zhkBGujbDbavp4Lwi7CwWukNIcTyCok/9q3rvP9zE1RHFqJ20vTORj2kWVdAoFIP4UNP8NtN5iYltAGYUIoO+WWzt+dt4ooCCqj5wjmzFRku3GVTKyT3Auc/LgOPKvjQHHnhHN7HToRavYlx7NcdJbnZkV0r+jMOI5+NUUWEJJ7dWdpKKSTADyWAiuqNuxro46XBOIHimZ3NPT049GGPoTCgCpe7q/3AagGtLjZKToiQE3jO5Ju+83iw1MZEJiGlfCp6ZRtCH2kTAZrzc9ryP+IyBbbQLahv3+r0rSn7YsoAMjxCTL9MbAPmlu3JCNlDvCir7F5pUSfmvUXa51KSvfL8Pts/WxwE8NBX8IS3vRlp1bxDCg2N5JcatCDtVTy7/iV7ktwnBr4GwRqkCrkK1B55yMQ+Fm+ENYCAA+95nnYde+hFTWLmOqyNxg6jqSYgMapKNnolCjVGqRvALpRMPgBevDM/wQmXIyYHv3LVhMgueyDt3jl3YXQAgZLyYepUk8NFtDDfT+8Ou/NPpEImw33Qui4ma/yY+X5ibmWk8vdPpV85QVD6ods1rKvz4OJaGTnya1zMewDF45wrVCAriD4Z8TlKplGawsgjiPojhcYZ0Awzw0qOCADkNVtFRjdLZuqmdSTgxQxoGPlqTMb6sUUA86Z7Zxr4g6ukvn4StAx/c7Sx4nUFNa6tj5toQnzzJSspoU/vcL+pRBGwciVoMFO8n8pXHfyqDIYv82pKHPZ6prhtWJUcTTTp/JvlWxxGb578jn9Aj0s6uk6Inuw4HBJmftnylwlYjtcnPjmxav5mseKX/QVA2a/KFM/6JMToqGgG76AxX9esEuMF5k2xzY/1/zADK058yktA9F/tiuLd8CCqmacCHC1blvRjMpxEJ8/v9sJFmAqmqUTG1RiNeVEhGw8TBFrX5azLZ/FrKxboPLRkELbSA+9QLi7TNHLXtbOffLkhU+HSwgNUm4Y6NMRZykPbxRcYR0uCu+L60lXq5ZDDOnWMUiuiAG+ny4Vx583qBLMLj/z5DMkOGmkidz0lXZtXgt3iVLCWrhCiL0zmYgSZJAau88xP8dMDvTEWi9tmu4czc/Vxj2WHTJnGTK4gIGlNOYKkJQUGOeNqQkQz3F+hmssxe4/+PjxjZZl4e9CA6wgM/4mcc6SKNM71k7KXS+FMdpI38mdY+50y85ZI9bpoW7iq5kngxRnWen9NpEIQzbV1/KM5rn46K4UenfqWnAXveICYfzFwpYDw6uxDGehSiLK2awCz1UEPOkZppX2V4fWUfXiQdVc7zc7nau2jRSF/LRT1QYeEwpvHKtEQiN+9702834BfC1vVlfVU002lMa0Sqft6/kEMY4PH832b40/DcLP5KIScyBYASGCOD49VG9xB2pwILS8znEQ0juAZhRMpvGnJFIqUmLazmypCvvxNAc8X0UtBfFlXozQGkc/syc+gfM4Eu6uLGL1EpnvCm7nwkNKCF+WX0/HovbWQsjvyL0HgKR98HiGzAOxZiNC6QxDQ5bBnTueAvxeoR7gGshwwfAbVRYbHy6SIXdyd4FgHTb1YDDWfyS0mMUtneHQRfFm+F53DVlsQPXKz+mcRyWP/scMLTymZ6GDJnCRxTS9TOeCIOzhnbp4EIDXi/qMPiWspQGZ3NOe4ymjQYuwjYN3awVRSW1Obn5negev/kxrmmzbqqNkSDj7at6g4MwIlwawbIMjHei19K3U4h0q7uK0IY4I3D4UWLIxbt0ZRhySxpZHkpCegNI0ETA3TRr6d8=
[2015-03-07 20:26:15] Phpr_PhpException: chmod(): Operation not permitted. In /Applications/MAMP/htdocs/lemonstand/modules/cms/classes/cms_object.php, line 86 Encoded details: SLq7NYA30iCf8FfLZiSZxvrzgjLWGrtyRCvEmQdhIEaHimvMQyxLCQ05QcoS8yV/TnG/YLqgIpSkX684sELon/rykigqEctuy9CAKMv6QYUEv+vrvizSygClc9CILMFy099l0CSTcaQnJB9d5OxGMbZgOfNnzeSkKJTKoWYrr/vPIapjruN0febCOOIpU+gJPxWAyvpU9lud7f/rTJByPfkigWninFYJ1ESzmPx7di16zVBLNntDrNISJewogvtqxL1mK0gnUYrmcM95GeU2DOCYcyNldOQe8TCFSHhF57j5eNiRLxAs1PmA56eJC9d4da4/DdxFB6Ys6k3n/ON8QMEgqymFm4VHB+eQoev8L3eBcgWsRTR/wcUfe85TUMc0Sqa5Qt6Y034aG/NKpN1ZX14HK5IWazKaTW2GbIcQUQ5RqnNrhde8cTnxDdYMpXfsAUTQsj4FOFf2GNfHzeFOxm0M8H52bTfhLm6q6/2Nr24SCb7I+A1hf5GNK9xVMpGpIg+Zm7W8eROZNZNjT/YpXhy5xoOArbkhjNiEw/e/OB4fUKa8dYsn8S9mUnlbpzj1d6cUFlmueV8pSRjqTQXsvdYGK+unxVEcXWOZp+zrr0guq7e1EcGMvQkB7MZszBjEzR7qWWRKnSD/9CMAL5i0E2Fqun5TKOnRiCsXaCv1qtrQ0iYRPaOxA83IQR85yMdlmaZiTvi1w7QcNPawGhtXdfJvcTbkZ3LjS+ikiJIUiV27oaJS8sl7OtTPj9hMpcmvC47rMBtY0X4K/GOQRGNNo1vViziS7dgyKVSDujTeNfyKzS0f/tFAiCfps/qcWUJCx/q9heEhEG4CX8B0Rj5burfYaCbUL02X4QyUTk4TYdClDK0cVVI9LmGkKxeMP5I98DrSIAzvEEQDvK17wbNQd+CPljMlwjQsF0rmT95NPDBx4y3Em6YkD4fpnQUCgjScQ/bXUr/Sy7irBXtJ1RHi4vCJyiwBrWFZJ6cZEP5EHX2WkeuCJWA4/G/kLmnkq3Gi/FQvtetU3ROhyw67h19woXkUg4bfNSzOMGMsJjEOjkbKW6GpIJ4Ja+1jTXFQQF0p5ZRysg4k+cI87wFVAa9Tbym0trlP7gx9qFyke/x9c0hG6yOg1APgCCLsPld8nlOwf9h/qCF7RL323O4c5xEy4nYb0TCnGEv/n2CCle4AqzwTtxS+iDw8RePNq/YdDTWLQ5/TC+2QMoMkq3QhoCI32kFj5/xce+068Sfu2CqSbZcQ+snr3XUYvx0q8hTLypsKWw1GR/TIm/xtqolTyXluNtQDyTbSH7NPkGX7GylC6xxnADgG3+DcgNI1zFFuG+/9mMYPRCqFEwrr+4R0zbWUEGAVthgu4ujpzR+0r4ijRlVFNpqfOVTWLjVIH6HK4yQ4+KzHlBEzvddjIsoeGxWwjyl7zzYMEUnRA+kadRlz2CdidZjoHr4LYCRBitbz2qZ/K+W923FUrxA/Oi2jgCDKGGQBCIoejp0uervIWw5Nzhq/LfKKPOmI1bI8g4O00X6c57lEckz8KplbJq9PPbxXVApUjTgZMeUJnjCUzvA5PlITlyCdKyT6rY0FojqK6lVp8YHByv97IVzVR1ykNbtyNBxhWbejv+0/2MCY//Ouq7uM2zlqbqFAyCeufj0qvDm981fjY5CHESWTX2sz6dwiiFXJRs1T06x+rynP2t1UHaDqL3tpLE0L4tz8NAAmfLtMBrt/DJoF+5rhbvjhN6IHAdWzEXlqJZGN0n65UIbcHLJc592bJiPB1nkAZ8Vl15ToLo4kGFZsc3bjIf6sbv/R0LTVs4On50nYvMXoWGpowWN5oZ24kWtyhOEdLYCuITVwsyFfiMAmEMB8gf+HJKkDzkUoJfbymZ8zg9B1sdtCC2nf1yMsP1//sDjLjfr7hQhFzQ9FX+tUpJXbJF0BbpiuESJn05I6y5l2edNHV9rEr0ydtUUTS3lXkSowGoASlOzlMZR/CYK2koeB28Vm3SFUXoE9OxXbMWffvcJ8XAq9sLbYXcWYgZXNhWRVQ8+OzH5rzuiAUklk1XtTFv1N/CJK+Pr3aAv9zPdQbJ4KHCqmikya1N/zJGT1ZN+tjSYdRn3Bu/HQ8RqUUKzqQ/NbPXEgmXFAoXg159In9RTU0+TtQIRgpBaGtHydD3oGfirvF2eSX1kytmW0NzvdKVYZ8Z261XKw3+moTS2G4EGnQ3vdzjUyOi66D52qrmSaDvvmPprrdBX10pHTXLNMdCviIGcnP8UKYPHWHDiMRkLwhZ/LtXpuxI0Yo+BrRJEm1nbtdJ7vGp9otjE2y5PQXsMxA7OIx1zgeQvX4DnZSg+XYsqK1e7BgRQqiZrwhya2wXl+TedgQ51efR0NylzX/H8KmwJNH4dxb9Xu50t9ErAIia+1T1qO1h0nJOuyLZDD+3ZMYLenmV6xEQCYVYRU1lTGh3BpaYfq55NQS8zBHSehO5NwRg4bAOVEob33EC3CRlaYrqo/9TDoibriXe6mumlynGaDu97BqZCgjIrW1MQ5IMkXNypIDCda4whLlIMQ8i+8i9hOXABHC4xGW2vYpUlH+60Co1A57Ik29+1rzqhsOioG2bWEd/JzP4vooI/CCoWxMp4ghoAvsknm14IXeq3F1Ab8sh0PVsx7ONDbPZWWO+mM3+J/UEPvPP8p23MuS11LP+XsV4MyubFnWkaUxdE0MHaXYI7s/eWBI+0ehI5lPfH1/jMWws0FPtWpQYXD5l7XIbneHAQgd61j7Qu9nzJAb2dXTvrUyvb9M9ehIGYDGWzbHxSjaDwnZqHNxAWBcBKsnEaoLeqIGKKCVQpLIP+fQ6rrOf/R+fVwjVhvtA67qjJLf7tpxMMwVBKx9b39Wc8ZaefDGcSO5vsye72qAiDKwdYgyqZchOmaWh9ADs5bFz4sNq4yCl21Cnl0566MVR7UTSewibsllJ7dNXBxV7UrdT0ptmsvPi4uk5qk0s4bOkhS60kOHtfkAuPP+eapV1Jsg4ZjoemCJLZ9L0GYUBWJmwioITZhNy0amkU+V/aGQGr2T88xp8oQlBOT13zKAAjl+djBgeW9dKZm15cmOxV/6dmveJyrTtC3wDFIFnZaiNJWIBxikCv1K3KnIPdNk6+MiZRCRW8OaaUcLsC1+b2fZZwBLvKtShKRvxygXf84GV1aJHOyjYBSCcNedp/9M+0ns9Jh4MsBlLmUyBuh/+2eO72Wy4D4tjUxAi+tvuzGX+76gzHMR4XyaPIxeK027g7E+W+UV+wph8dW2Hj4y8HpndfP8CQQkvQ7yF65srfuHQd0FJv2Wiha8rtl8MZjCfYeAIglvd+s9vRFIUpXD7z9dITQ/rsaFnTMgqi1uxDwai2jo/raNV5vXgZqWHjILNNpTcVjurYlvPtRT4O5oHN2+B+HG5IhhQDgAJxaivgluvXtRUyPN+zgyNBVqmPYt/uSdtyPwz0eyn8RZQXCAgQInkQQ5FaRlq7VPPk2IdbL87d7ksiPTCNd+R6uIGwWXfNlIlTSCenhKUN7i+4gUgXeLgIlSaATSzNHHJTIUuubEYpFAdeunDsfK/ENtEA6/RxDFHaPukAUwlQuMAPBuEkyhiMNZFv7Na1UTiHeov6qolGEH0sMrGMIgxQ/G8EctoGkEMX4cnSMLQlZq7/RksrP3jQdDZmXIP4gC7Pdb3jsf6HMCiV9Y74laWHAyGXpEmSZoOHwi6PWlUy5YQFd9WmbVoQP4HvTl75DNkGhd/cT3G55HIlhVc4qox41ob0EsKfC0kB1qC3pU6Q6K7aiNTcwEzUuVFXPikk+pnK92oHHQLvVRakkAvn1xsLR0AzYKs0tiB/TYtiUIsndWcCCoEtDMBL1iWAs88FWBs3uBsQc/8uJYv86rs1OZ+osuZdbPHBarU8qNlEhZUHPp3TIiDoMfrvxCWqkmlxt1YdALgYz6U/HfsE9Mpfruzt+9qBcM9B0ZeEYovyi5VqIVYlY7kaG5xKHCrsd7khluFrwyalq9NWXIDFfiXkyL2boBWeOClGZlx0AYD5x+Ui8l6UKvgn5I7d25BYAVFdNHUZTmHJXcDjqQIoNqHEvxn+u4FJAaRXamRvZo5LBAF7gzxQyRJ/+IegsmSnzamjrgw+ssXGXLUB1ijt8lUXRaFeqFbl995hcUrfuaWxc1YjE8FqXN8o+RkBlOf0ELGOuJQ5Eciuo1qwHxJYhd4n7xcFi+neEnsItr+G0U8ZOc2pk6BVMB7jLppAf4Rvp/J5ImXMZyL02caNK23n2bz9FH461GTnzTWPvRIjikJG29di/lZdczagc4fwVjXstaVGh44QkHO6l0BglclozpDZgRzSEdD9V6gBmY8ro90oJhs3hnGaFVF3lyJ1IYEihQCxlfilgPzr+OobxB9Q4K+QVFpc9eQffPA/Y1q/w2uvVE3vVVg4pUDbT1cENP69615QkyiZ896qn4JLu84wIUk/PRl+WbaKIGfgNOTXDgFWv0TZNZwcrFNyelQqpa7l6XkaTQLYy5e792SVLzFygBtMwq7Kn2y57eKz/6X/eg09orH9vKxXZlEXDbZVkvMwOTcqX+xGElnLV1EuMQeC/J/qtqtuPG0pCtwguSpWCouRRfyouOXJrokuf3UmxJq9+KrKnNh6rRKOFXG4uHGL2+qG5fRzP+ZjuLuYBGBYOtgCIJOWUAuesePTQ7evw/OudVMbDg2LLGcRb+y+zv8MhhTSDJNjN3K73XinR9aZ5Cr20rYuDUZ/dufuztMQJ1Rmpna9gPeERT/1IkeFPijY8UM8e2NKpIrs1xdc4tQKBnRQpYfFGyUnA45U61B80kwSgWz+2hv7P8oIJbyCbdtKFvx6bIdcUmPttz2jgQgqL21LmHx9oEtBdNBwUOLVMlfDAAwgvCoMDUUs/q0lharg82i9LllJrEjLQNJZFsaPq88SgDOh6ALwj6J1+W2gjkz5wPJrGeLZPsHJt1a0Tn4hNuqmLy07EUYsXzMuQL52kMEiLKLv2M8ZvCejLgJO9DLfq4iLmVz7DJNhadZvedXwVHAOBDdi+MrNdAvkTjFhBYYo9TyN7obV75kBFOPQahnlnIvpwU2grNbBiki5Ht80Q2cDJoYGNakWzPnKMUqREM6lNPnWyasRbjPbmpZF3H4WmpbkAUm5wnNnTcClL7UBePJZjNuXs5vjF1xqxXlDmZQXVtxj2/Af7ixH6JJ9GNUuMK8OYq8KXBc8Mw07GsgsI13HXBmHq82ANM1vUQW9Ir28ALOLy1FSStCwFDaFvlE16vp3p/01bk8RG8qoCLKRGsRCaqOfnVePkRgGXINPtNDhUPgOgNPf2QksvAqhEOVlKFhR6ZP/MMB14ldNhrkJ9wZ5zq1wO6MrGDXY6KlN98OCCTiPMasoTrLXktVFC9GHk1DPjPZl6WgimmAVOrCEdFszW6HRP+p0VLMCEFeIq5nnO+JAsWEimBPd0ZKRJn32Ndtkvdu4+1dpRyoBLW56CKY9T/7qQhqwwW9xyvtVSjmU2+Iaq4KlQ5f74PUIu8s7GH1Oiw6qen2Tvy4P4TgnV2R9UuTbioKQH0fFb0XSs+fg92P218IYj4twkfCHQdtvjRZSrzZ3Pt/5Lbq6Quf9OyIqZqnWJ7Vkw0Uo45wZIeLOyQ4iJ53SjesUeiVZ0M9Vky3Q4frWhj0e7fhn7Z1G/3pEkr57rhRHy1T0MyioFqkkj2tkeVald3hW674C0se6WUIbXQL5LBSOC4LmRgBSXi0G1M4prKlL8gSrMs4RBerTCUpYk+zUFuXwfyvwn3yAGX/pxPegpGLC9WHLwq0K0bpfpOp7i9k7t1Hwfi2xqWe1Bv7dtIf4krWW8fiv5kFUcYaF8ezum4kuAJDxo/+NKt+Zj+4JwM7L431sToBBYLTtfsXoYSF0AuNgK4wI3O+sUOivuYhoGX8dQ5e2Hk5GBe0ZLptvkdn9z3EAccn4urZROrnK4kmLFBhSdaBA5BX/oxrI1eH0Z7tiOCFeuOWy8b9eJMjecFqBADOw3ufnBtil8dWr6nG3PKJ7yv8bbggg/ufTdPqoqZo7Cg+4bgdFlnoCOipIbMxodNahJQGpVneTgPuTcHch5hDf8LvoAjw5xYuZOWlPb+sM+zv91905mlpQOy59DUjRR+Ei9NtqTQHvZDl/MkYHKrTFdvZBipdSFQ9j6no/FhC3hw9RrkwKs0UH452ZiPfmy8IWhNlWnTozGVQ/JTs8SgQdnWlJGbpNFZsbhKMngWtyLiLKjztVIJYqKL/Y6ok0sO58PZ+EBP2P9Ls7HrR/YiDq4+bD/Uc99F9b3rIDV11fcTD+4Yt7rfDmXf1zK/SQHiO+uBNCq0vsK0MzGhJj4zmVh6VYajr25aNqMNkuPxWzXAwJSQew7z0vfQt9VZ562sB6/VDNaqWWMFLXwsvvYrh+/IMkTgRcEWjs8CcbiwtWmPe2yKfJ4N3nlgRckoNmkw1YKWjWceEDzTT4LxnxpTj5a1QQgHe3sL6g/8+ex+rZuWfWGI9tarOxS7E/fMCzBzm/imhKqV9WKVNWgRw9mM9E5jXqa25ZezKTloUjCC40LVpLKpoEWN380NVSxa83av7lKFhFS11UMpY+NokZxRK1xhAkDNqghUstVdFfH5u0y+chw4fx8nNFXJWlCqBqSlX+I+ruTN1IWpqUbVWydcBZc+V+u1B/gpEYOC9OBRHJk3bTz/srVbrD9nRza6SbZEH6qHFiG2snKpPRNSYlhshaSiOA5QZAJPKuDoGIMfkGBexje4aJ4gJ/SlclZCxs3LFjJjqsGWiYet2NDnF6jBwtFHFMQKZgzHFonNqWQSPZ3OokuE2dfGh+Xend4YT1/g1w5Zh+2OfwumKwIrCJrPzqlRtdmZPfBN25oSAMQBviHjoNtTl4MVFh/19Z8nzEErhl9BNbRmAg7CpIe8NBTbXUfA3KGUS41LRzyYxHvhpBXO9f5D5UOQ3S0b4WdGiyv3a67UkHSsVaf6aUVmkvsdSKmcaKiyzydZpdud9CWGV3OS/Gjd7r4FkQLY6ygaBETh3low8Q91Rx3e8QFP0WpKED+VUszXVKtNSR+x+ob6MRFQf+eqyA+Mlz71nXXkjHf4TIYTsDy1SwlWsGLAP3mF8sn2dEEfynre1iIT1UpxzY8PktqNi6jmU1+orfy6uWqvkVYcX03eBLGyQyy69r4kOWwaqotHHXKwz2leCcyZgOyTtb/NutyzLhu3hvm+UOIaOd8irj2fkKvpZYJTFAeRX7kEyO2D5nWrfP0JuE2tff5KyVpPe1IBafSTwpiUObrKubBFZhFa7ee7UYG/bhKhIEE/GcwGcZS4X/smbnxYXX70AcXP5cGcKYNqRJI1OHtG9MniGUTxR9yf18frvFKjJise1Aob7A9hR3Dw2NliYUn6AYst9qy3TnhG+vTne8HJkc8uiPMP//nWcochP5e2589OdwATGlsZBOyPCgHDrdSXqM5WAFL5nWRvAylyaKToMGj84Iw7XzF9UC0Xs4WEKuxKfa520UJMqnkXemxO9WPgiNcZodYDd1kCaNxwFf2IBVTSQfYOMD+EIvvSNDp5E5fbtKkILUeDn2dj4Ifuu7P2NjEfGphoNRPnuIrNkbdBOBYFCOppCHHmyTb4HhD6874aTK/qfsPMokP1zfVf7ihWcUhtu5s1TG+KOFrau273WsBXD4a5RtbYkp8wpkytdEd9Hg70szVdxclSQCm5NsC3JzG4dTskgykHR7esfuDARdAMjffI2hpzSgIho8hbeOpddQ/A48jY4JS36piSJwiIfQrIUKEgJACqkzlw1TU6MWD49LEq7vSVJy8CUYpyxuD2niGdPt6Z8+YKou3Bz6XrbH51yV8nGOXuxfXnoUWJ7K0/LMxPpF/yyb+z/ZNn7oZNWHs8b2Ggb1qGElIgsmL6n9VtU4y9Dfbh1zAvdayqe5g0OGF0Ku8+qHTuDmS6uZD0hH62RT95yCwUPKwmbJm0FIQwmqQJ0vKcBz/9ifoEQGLugxVgXr2wdrAUe3kNHZ3vV9WPv3zs3bDRvbPH8h2a5mP7F4ruL+RblVQvo5mPhja/ko6W66mO4TfxbSVG9actGMR7uH44gx5Of7wIgQt03BOm5rjYcG7afFCdBoc7KsbvZMNh2ofxg3jysNtoztQ8cU5Dw==
[2015-03-07 20:26:15] Phpr_PhpException: chmod(): Operation not permitted. In /Applications/MAMP/htdocs/lemonstand/modules/cms/classes/cms_object.php, line 86 Encoded details: lf2byT4gAHPNjvxBKG6CWBpxfX9LIIsoHDEvmFxn6/0dAkK7a5WiGv93xZmyPy9uyxQ0M0Q/wg9rmYK55RFGauguYLB5pCOpJkQt+FKAJLHg4zzXdGZoLKmJXzVOz0clJLfvDMQAWEa1yjlzkoghHAstIeoVfmMSWuV/hZ8EbU0ooRRxMiLXAVd8QjQG+hyoUxVQOTnRYDrIrohBSeFyhWY5LoQtOWasQxnaY6cJohOjruVZDRBwrADTQ7mvgPn61r2qMyB8AIufOKCzdhafdcucGZ+x9XFRi+w5NLCl3z4D4X8l+tTrggBxL8F5/LbfInO7eIpMYZtOMod59HUoEJQmVp6ifCmPqp2eFO5HW5BTb3gxXpar89V+tnUEqwKhM9+W7/9csVPA8IReY/jZzey6NzpV2lnTzOk2FCd2qcw+poVMo2p3nrEPVUz/zCAaF6FqN3jfOQtbeUjA+hUaqRXLDyILcdjJo0KJ6yQP6G9gXubHRrSo6DCnKZ4nhYLilY+iS7AxaDpT/tyVJ7K+njX3PtBamf/FtbGVSL6/k2kvB+rdLlZcyDmNEg6cQP41EOrL7MbfebzvLf+zX1CXLCkdB5CoQTOlOUu+yGgnlFbK6Xk+d7fLwHlLLZ+vwKkCyoqUo7P4aEudealfMFP45zSC3zpAupITRkYmiVLD95hCje4bkxu09lL+hxIw1t9Rl77ii//x/IdDKRDcSOUyBYvkjkejfFhz8NUzLA1DyZ/Rq7t+gj1p0RrCgS7tvXSb3/85uBxgkIKHmS8wj4GioYML4LWxFqhdCzZHHjHDdUTp+DrZhZpK3biidJ/as3GZugoRtaMgk7aPvTFrkWEg5pN+cd5GYIMEe71GjiJPjgGthhQUhtII5r31nNdNPSDnanCYzA3xsd9kP17YNg/JGtLpJVZfxw6TcLi5RHFgk/aCZv0Q8SkZ9OaCHAdTEvEQBOa3XObHbGgKssP95mmc7FAoHwuKb/LphEk6JZe7qdMVosgE8ofhk+lSKcgou8bN6vho3GeFb11Qu2qWHnPHWnu7wmAM6MLTrPgYC054EWybVRcZzzpqdvDWxmv4+EgVCcJU1FXs0gFetcpTF2O9aXsvJWu/+Ei4fvQalx+lLVW7YdL86XCAxQ2vbCxyhaHQbxKR41syBR/PNVRb7CsF8f4YBExU4VeSwKMnkzG9s1l5MeEew6mDCMXogsz76mIQb6yNVEx7FTduCIneUbKdmBRBrAkoLKFBM09rviOJKs1y73M5AJUnuIcB+ECXIkdlR4jupXbTvhepk3EH/DIzzm4uq3b1g8tAMPFici7j0XUxmIVldkt886OEG67K6+MNRWzpBE5+CxskW8LgK3UrhALgEU1uKzO/6884kiYdSkNxUDbvpW7fJ1swPq3OMtMvIj+6vpWO/iN0IKcIM2hrKChKQ15o9oO/Z6ABwUcQwjnlCbA/9NfQdC5ch9Sd2UpHE2dj/lfJo4sFONGifkVnNqjg9x99RrP+m13WDn/+l7Du0cbx4Xqg0YnvroVfmdXiVUQH2wO0alMtJW8Dla9mgb17rWtyOvY4VWYQ0BGUCMBlSfSWk2nqWhvNRJ3PLmzrF9ZlwXRyfZp/IZxSb6g9140psLq5H4mJKw78db5Ib0Px4FeMqRAqZL/moDsddHMz10aHaBPY5iKI5kDL71V/5y/H12q3WdhVw3qNFlqjnmr9ncuQ4XtR90SvZIR8eIYZFZY2Z/NNjysxSp7DCoQFmg9lts4IE1SZF3Y23wW9RhI/Lc+EmZFscH/UPKV6Q7QB2YjF3YMinTTWhBApkfz7VHvMDdRrPuxA2AHyB5qW7RCNpTuNhpSj4p4wWX3XuQR7nDex6bMNZztd2QhR0WaynLlQIIw+sixc0fG5OfJQnaqWvYob3JPc2FVJ3kjvYRH7AX5+qO3+XIV8QsR7c6iW2E4Oj020m69wUUalzrMibKZz6X7SfasCywr8JzbsYao06Zv/qaUG5RoCyBSSDsdU0tY4hKTk14Mg8TXO3MPtWIp2PZHmnPx0eU4Vrb+SrvaLCsCYF1U9f6AhbtuIfFu9B9yG3cbQqJ1yK2G0lUPtij904mHV9jjRpmeeGze8VlsDds1Q+Y5Cn2Gq8Hg18f6DqFNbWGGElq/bGWnoMSlHJna5LiCBrxMh3IbQxbuQ5J+KnjKVEBN9bVu24fotscy8/8XTKC7aC7RklTC0XXcuK4Mb1RaWXSaz60zJEOLXmYEYa2UgWUvIu/tv8g6pwy2gimuVPPre4JwJiGJzar/RKPP+Bc+mvADPLQhIcZe1MvylV8oc4sCbzuqlJSKPGXZ3p2pbc0DmSQ7Ns+SZGN/+OtOoFK0rklV5H+gwQHOZlrCjz452U14RhX6ekRffiqygd6wmTnaLEdfjh8jz+1qg58pnEypwRQ5zisyDlfZTtdnzWgTctnlhM1Xx2oXN8ZdGN1M39jmE4qcC+ZQgtMnaroC4+h+lmiQMP0R6NmORUArc9H1DrjE0dxb9vmVvN1V9/RgssBWTAN6hIB8qsP8aFE3vJg2M41zjAbyBpKXyulMVML23houkxBUSHCVIMqHgeN6Xw/SCwmSmr5x1el7lEeX0WMYNsBVkNAqDi9QU92VNXEfjT5Hm3MJrsVY71IF4NaY3QT2SfZG/wOyEJ5JQHSX9nL/lokUuDKwxCO30Vi7qV1CULphyo/9fdvbDv3a7kWlOVgAyk/z22fW5HgkCccgYNgjHdDRJgz2NkZrc0M1flg8Cb73fCWUj3Tn40l2AIa+j9S2ITLQ690dNFvnu28Sjpgj0FTQNXe1nchIAzl6BQG7v4fV0Eebo3P8qzhn8f4fb6ufv/aFniTdbMQtuIg/wdD2qZf4Ez0t3RecmAmj22YETjLURS7VLg5A3hrL+BYi3zk7DYuXYJuKHAPXEpxtLQLd1SnDaqQpghbvjqIRR5GsqG1IlG0cZ7XnMfrN+TgZAKoPwrdeaARnKV5HL8Ined/7IfVwB0JrxPTke8wprfacb1L16fTfotC87ztniJju3l/8MJsYlC+Wl1Ph95VbFcAxA8zebK61KO0S51kflXsNraR1oxGPGyYJH48i1fbD7pZMA2nvQJnFa8J3Lc50+I7PNoeWqZvCt1NzSFY3KjnGbLFY6ChOZe69oB1j9svyQAgAQ5R0asAxV/JRBiAPeBlBBuJDhzDaYIDgHNExeA86pzMsD8xJyFo269yrCqCI8etD21oYh33soK6Eowxe8GSCyRjfvxVIh+DpyIRMr5pQhxGgh7BHkWbiYLn3FfF9MOHLfw45+slZtY6orikO8Zuc2E15LdRLrJkclROc4k5oNfIvXiYG8bRbhYIruMC6Wj7kYTh92tpjELZcWFU7hH08X6Sa8urS9kSK9+nBhIca0kh/LFj3ucIKqpBZe0V6I5U4PaGH8nxW2C8kE+d9g4XwpxAQycckZr27Civbtfv6GO/xwA89QM2aQOKOlQSa4dda2CkXYdJcyMTdhWOUSmtWrDLJX9npJxR/+B1Cubr1OAkt5/JXWXcy6n0uv4tBiZkpvsAmBYyg89NsyiaVPBOzPOLUEMce417GSlyI2BuWjoGoRPSqoxD1z1HYO+CsxoVsfqxYAzYlSPaPWErnYQjrX+7HIxcI1yD1zBAxLruElTfTQskoahCbiLkA6T6cn9XyZ5n1l2LMGYEVru7LDND8rIBox+ZvtNNVGUXTC9KvMPQbi7uOxjgTrqG37KjNCLwEThjddX/z3faUOFHTmXFI4CZn8ObJTne7UoKpJk4YSZvuDyOpQDtvF0rALvnJtty8cV8XvA/vY+A47M7HfaRHApmyCxSFfgjl0BydzSdFmB3+7cjO3JvVQD/gkeI3JsPtG00YQ81hKLiKZaQDGQkyfe1wd5ZmYrCYEBNQywOFUQCXfjY/y+RySnFe/BRTb8STtpfTXSIaKqPY8S+Z25Iy8tA+9EuE9C8QGoCf8b6/osAUtm+GqclJPD5j4/WHAhabFQ+y6aAeFJRp+SJWAiN/5etlcde2q47nflmIbZ6A/PBhZdUE6qv8ARfTGaHq0NIrxrhMV8QFvjdFZzLp/G3WOLEF7ZSzlVH54LZpaRyazOLYV5JhYY617Rm6adsGdDKMspRnMh2vo5FsSxQ/Ch4QZtc5SyURUxXOX8JjmPuTElgAFLKhU5UGWbT303i4eruNWLNQyFY+kx2AqGKNMmYV2a4EXRnl7+Uo5OBFBmmY2xyDkftlXum3mUNSl67wzyZoUVcOaxa0iXIEB5G/6xEoX5Eagc5IbnQYNHH2eCFjeMsJc9Q+ovu5aFe2RYhSN5wNPc1GaFZwB5DY27/hcl4G/pTw3YC04AOFxplCVX4uTIaaRj8Rx7MJmg1j3zxoignEEPUn+P1EUfUoC4/meUF55BqFRvSNW4JQHE/Z92S62aXkxV/jsusaZkvicTjC48YWxxhyohM4aelKYqtFlA56i8lg4IdyRoCCckuUckfeioIHzQ6aiB/j5WFZ5jqDxI87q8LwpB3jc2SUEJFDa7AOPrprBimVRHc37j0MGFoozrvdaB7HsBt9a5CHWk4VoJ88lFSD4VkLYHTq07D0JLy0+RPY3TWzEec8OtMrfYyu5rBKYJAn/uz5ga/kbr8kjj+5zNl96WdjGKX6/aM6hBvdi8Zrw52QCS1h/ZyqLMV/2bEsBe0fu76imBDZSc/uURML6HbfXy1xN7xucPkWl08abkRmXuQmrA5PXVoZPwCsmxErhUWmprMMG+kDsBMXn22Nm2ki9HV/no/mPlQ29CaNhxkGBZStDYnMP9r3q9fIZXrdAhPvfcMlNqcWvkRmN33GNfYrvgnSSHucpYcRS0Kksq0GhOR7UIREQI9TZwAPcO95jFlOcfpxjlSjh9uoMFS6vRSmZoIL+Wh3B+choc0EfzuGRetSXAKoh351Vqs1w5Mn8jKE4HAd6NWcR/+/YHeWUQHPMtLkuQk5pEX5ipV0UbVKL2+6stCB5KmtCLmn7ehWeYY7rl2vNkTlbaYGtFkAXarg8Tat28zXG6x2flEmxPk13C62ZUhaEGED5nDIPPyFTNOi/Sc/i8vfoOzjBKbPMRZTRhFLnXDTIilq/RH3euMW8LpXY4z9WilKnjLQV0In2A1+1l8Nf7AkI99JtNSpjOusESbXVeBvHVYsxRIvWiIjc5y18xMusbS5htzxQ4SBDbAwJBWXAQF1RR8fQpLmeNBP0+JjQkzMmsYbFCfMy8AabRau4mG8QnGTvsOi+2bu/1aWHCe6Ce960nuxuBs2Cl7AIaLd61p4acvvTEV+UQApliglTqiG4AFtFgcZaQg4sU8BTLBZ8GDHlGm93PwacNp/DcbZgCT78Y/ct/9TmkEOAH84x7fRELy4wtOrKTu2TJA2J2VkZjEchahCLusU4y8BLdRSBOMA2c35nkIzoLQUm2233UbI+Uw3OqDoes26g0le3W3u1/N/s4vbJWXectmP40hXEZ8ntFO2hovgn+NjXqrlH8dJbN/NhgCYzRNy+IJR/TaDfmZaGai+RHLHPBoid8mX0AYec6BAyhFq4fT39xGl+b36YUGzS9b5Nb7bBMB4ZGw3cdsbAX6/mYC0JLbX+np/sgo+RSBBAgdqJpI94i8NQNjzebsFOlto9iK3soR+ZHsiTn13MuL/x1oNkq7DV8lJeafvRBs3VwJoNCxyNRRTpSna5tk3u+AH+7cXAX3B5HDvo1HWRVxtjwI0vqWWS8pLAtoAWoECY0y+2uM4R/5ESNXHeq3ZK/QfdJrBAXKEZOMo+YQKT1D0dxBZKV+CvOVaaDebBZtXPZUzC0RHAS2/wcMIQQBqa4T6auTP+Iv/+2b9G9CtEJv7iEsrlx+6MLNFtWY2FXmtGHD0he+/PUikmkGYf0JTFvNJ6KNXyg8xhusyOUckHBdlcERPF2Ru0ZaFJsA2lksTyneGUPdJ3PckK82sLGtI3N3NVjEqil9gI6FAOO8YG2i2xlKfEblfOF6pcgDl32U8sQ6hkYpn8AG935sSlOjOQzNTnXLcCyHvKduZZma6CVfaAEn1uDIX6axnLqhuQK49llzQ/ZJTjf2Oux83jHixwgwCUuOSBRwwwRKFrX38/l8tEKZ9npbhr7hVpZG4q+pL2riYSI706qUoEYD08oHyR8Vfli8iXvVDfeGKZ+RjhZm0S/bd/xQMgsEulFXzSWRj+7NFmDp/HZYqQowwym+o3PgSlErB8ttRxEixDGYg5vnw1gpAxljNvOyB3+hgvi2p/AVr7D4UEwi1GQfXuvYhOezzrnYVcfkIdlIbtq9sk+GkqH+wER7BmwImaE3IWlohsf8X67gIQPJeO4yhcZuMV1HnnMMr3WQNmXDjJrCTSZoStX/sCkbqppEWJ/HWlcN4Ggu3lw5s2C8hkjwlYBEZ3N5i6ZdiQDKxcx30YDrwD+nQempIR0hrOIHRFoxTlVAPs0jY37xU4SsEEIh3sx7Efvh0WeYOiguvpqXvK7QK7g5BgbljvKpcuMjBm8qtdPZUS7WOBiAkx2UrminaVvhY5c1vqTpQ1t5DS3RenL+q3JY4AQwUvuA+DjRJ1V6S6y+ZrBBoSFd02Sd7PbMiu+Wu9c4x6X6/VzkZtHE9pvfWojI38cPDyxNXwt8iCvqlZWnAy9t3fNk9hVAywGwRq4dM5iW5/3m392Xl83a+YezHWa0Vkmdk6ImxYXtg6f4odGEhvlT974DN4wUVAdEwcg31fVRSecOylhQelVgjGpG7h+/WRrApKeCUyWUQkOf7wL38x/WMKxsKEyGcL3s0WuuMjlSGXGxII2iiFoCzylUHuWYsewQcndfdJrr/zdOi/iSFqL7/XQYQ3LsQP3miGKGY+PAVjuDau1octJArMtVzmK7F8VIuZOZKu1wmod4V+vvLZah+nPSxIx5//+IFOa4ZUWdaj8OqhNM/GcMbltYcQGMfbqc+qGNDJ1FCvhXSSVvOnwjDT+vsG6wMYhwG5HJQgl+iiJHi5qrBREcnVXMccZiNaA7Y6lrjdDqllf+ArZ9SUtdNBKi9Xcf5zwNTNbxDjsXX5hETL2h4WJe3s3E4B3C3j4WvB76/gObK6WJpNKTq/NHvMPT0BBi+b90/XRc12zFaQ3MULK7DJf8LmYyY2qM+MqDkmn/nnGRvLBDWDLoH7nsW8RwagW7YcUl9pwYutTx8IqT06VY3rFLxysS166TQrY5Y1c+R+TPpWxc6B/mGKR6frfTh0IGDVzrfRYF7Bk4DtcHazC3ub+CJ+BKy4tcLagHl0GXx4O+55EY9dKTO9/ZtYHMCFmG55LZ6TatO0fr/SOQRlyvkGcoO5SafJ7LeFMOj5ecDXcKhXQWrTSB4vuqvCRv8/AO9PckNQVqonmsoSaxpxdJH9f+3m9cwY0sVIcxBAZVsb3wpcr05cIBg0Sb58wheGZNPRR4ZUOzF+Qh78Nb7tsnbxCUThc+m/wO8Wvlj6piSB2blwyQTIZnQFbaZayohLylJ8x4uNIPKOoXsnsB+k9J7oZLWGGrWXWSSMVKUaG+YbgzuDG8SbDY7XKev1dm1bwg1eeX6RBgglhYEF6cjCZ0llXjT1b1A8903W0iEp7get/6fNcqD0bion+xMSWRAyuJSxMFm3dW+hxG/zRKTE00vMjPeHXssgf9tpFECLkXYEN7UIMwhb61dUuJskzzwOnA667OzhzS99SQDOfXNx6QHMJqVFEVkfZIz/AZT/jWUhV8bKCn2/hy1IkZI6fcFT3Qqr+A5GaipHQ215kYjN9BGn/7FnTWdpznPn6mVA9/RSMWVyNB7/ZFCjL1MH1yzxf0C4rmURZwjCyTgoHPluYfljbD7SZO7UwTKZdK5TPHpyKTcS4or5pMinmbaVIj424d5cpusyvHoCaU/G7c7w4d75FFHJE+qH+uNOevbofQ55w2WsQbPo6Lrod4kIgwOcpAZuCXLIMbQR5AyaHvzUpiFp9piNBb7Ov1hRMmHBZ1nTsCkiKaHc0LDqm7vigJqKb/6lL0IDsDu8LhwUuk18v+7+pE5lLRRu9fezRA065G85S4ISDfet1HqVGRoh5iMkoZRl6rZKF0KbCwZb0xONsuYO4UwYAAaKq+BYHmCAXSvVlsIVti/H1sdl4JSb+lRqdDCenwITvzaD+vRQPL1ktGznUhEAx/5mhA==
[2015-03-07 20:26:15] Phpr_PhpException: chmod(): Operation not permitted. In /Applications/MAMP/htdocs/lemonstand/modules/cms/classes/cms_object.php, line 86 Encoded details: nJZumvRSlPf2xz0SScUQuwqLFzTBiXN2Ew/Tc14PxzX55Pe8MhwjLxmpDaSoHk2yV5qdGa6vpsz5Yq0R3WrL/nUHdrz3TV/XhmFGOJ/3O+rNfaBw30OOqEHvjBsDGofUiZZM63cONHJyfjLeJMSFtc12dJT/EUvBbOSPBL8IwkUQbgBgkByARFstNOx6HmUyYLesXkuFm18HHHLEmybj2kvxu6oCNtZ1upQHvC5m/qIWhNQGWlbgNKNZvRQMcXmqwVAeTiQ7qFKFXc7zGqWRcC67fJpdssvEufc5oB6I0DomxDojPY+GdUJqDWzaiD2JI4eOfMwxG9tiCh2mkbHBOlvdtT992fgdPkM2GSAJ0XIrhPyjYDHryXxkA5fblxvZiHMEDkuzN1Hmkig3P+003l2dC0u5zTfOKfdQ827+mUolofcqgQuZwrussQS1ohQeXgl1Shia+7peVkSh6lIx/idCGCK1P5qSX29LvH7fhtfgafCaV9cMoaRJfmSO7eg7y24D6Stcu1wuUJllm2p/E4c5IMdKKG1TeYxmcSvG0HbN7/4T29NNB+Xu4JytQmq+NVbQFN6qOlyktaWgi4x+7cRzAo89KdfpNJ0gtJqZ/9M4iF3F+Piy7cLM8gsSiy0RQxi4qT02BHQDj64YCYWAELWHoRYc01wxawWd7QJaa/8oxsbul3q+QRbJW3N65vxzPUwxeuzU9ZIKv4GJXj0mgkoyiR9z6kRUgXdyoP9RZJ1Il20nBrBy8ctwMPQUw9NoakMgXMp/uk2BKsW/5y+qBNr357yI22O9LzqhlK2dAtRKZMus2er3crbblXlagNjtneCe3tM6JnaoGhK4o6V44ndNHlDy/aLM27GzQnrkytOqdItBPxN2XjPNux3ZgisjqDKM+cyPsTlo2nUhaCY2HkiuHOvnjFtKcJuOkcEuXA6EQL6L1XaRCVoejZwu1aqTI2mxOo7FkFog68MjoRGnt7mJ9Qj8wDbv4aq08S/FYWcPuiV8dNoesN/7R876gBBHyPis166+5lCH9aZlTWqi2gxWhWYXj0Z+6/WCjebXjQs/hsDPKNsOEu4+0Qxl6ZCyIl1wX2tflf2lIWXegjanghRxV7emVg7S5TvKxFEyJkSRk6vTjB71UOuFBttACcbonjMrbxgcGFFY4RWI/bWOwHBrs70kNzsrk2gYwqcG3MGALJLVd3BCmqxqyagstW73Kpq1hiDrOa1oqAeRttDYVq0TqB4d+jJZy+p7vEQTbv/7KajxkkOgjO88XPevbC2Tl93T4FljgWzy6zFFqCRpCyoHBUXHQUBWX10YqYGEJVG/dKrXn9+VVXO1tjTvsD0SMFiUc9d7kKHFh+OXPGgrSGcad9ITV62lUsMARQUOeESy6moAaxz4DXzsyO3Umr6myIuvMO3Zz6q5TXwV0ihciuAFdHpQi4kWbpN1pN0wlQ9LlA+7zkhVi+qwPRLqbWPzbk5xKub5CJltVdPo9ImdVqMzaNCKcG2chF78jMjEdEexK+G5FInIlzBanqfqckEbCwobxzV5mA92OQ1JSmGmA4PSIlwv0g6zQQj7kTCVnj6DEHBj8pjxaneefM7EV0gbyqjDMayNNBdoA2Zk/vjFh37eMNrKh0xZL0aCz5sXQoTKgLlSb/H3LeizptiBZdQSDLIQoilHfWkB6ZsNQR37Kx/za0jJi2yJnKwFxdOQnfSRE2xnXKXJkRbdnc2jx31YeiqynDc50oYZdEefzOK7KhZCsEc03PNpFt/1BbtOaCsAGaqYgaIpUu/HDU0bBPD2BWZeQVVAZhddp7C485XSvpRJUvA92fU0GS7eSpGngmVXsDdUt9iVSwHiL3ZxMeWIMfORTGZ7lIcPPjR/om/ny6Oxf49unC5+cz0cXO4NPHxiGaH64jCZVyA/jD56+hGk7k/H7WhJfIOnufyHleXMXBPP90sIpOGq0ENy5XkoLRdVEUZo5KHJDP/Td6ipRLBEo2hNcKKvuzTv0UxyPZ0ew2HZvtOw1XYbGJzVqKzMsiVaxwJZp2eD4C5LspncXuk7d6vyWnBStcZNP8SWv8v8vh9cVrqWB9uqN3kTspaYn6rpqpnqOpXeEaCOsMhLR/ZPkZYj2NRowDdlfYuftSZ0YwDPo7nTGaXEu3l0J513CMfMXqYXAtETQOi3ADPioZlw63yJk9MBr0KhfWTWkm45VZmpWm69ohPLGDHIwkRU8mt11fcLigLGE8egS/Mm7TUPI/fIh9qXg2VSRttJQ2nRJUwDci0OOdxCXYDf+UwudywzbCuVL0zpUeN1OJehb4SQBhqD+gZwuPPxJHfRfm5y0aZHBomaOqOcOA3aJnJMAjRYeMkrb3uIo1T+tIFuQ5Ums2HresWC7Jqa2IiIaoLf7bf1OblEzvSCG899cPdEsmcX1VWIa9a9lmYKdGtSGJox+tRsjGlOvaYWLZQ7gX31861yAPf2TcRdyynDzOLCBME8HWrYZRFaQ22oqudZZpYwsiFy+xN/7JJcRNGCgHg2o5kCb9fup0ktFA6+qZyZtIspmtD/1/PBci53iGgJ/u8eFdnVuOCKOT7V9BgDc5HMAol7DJo8tW1dR0NiGb2+vYo+7pDMFxVvFUCBsrbmkvrXb3oC0x3PQCPLuQ/wJ2nfYvRYWRoEbJ556c7cD9Bb6sh9WAPpyhphPClrkSdzdVh/9qmF+BN+2HADcGKXbgv64VKZqJrHjVjg1BzDcUsj69HFomRZfXKjHCw4/jehDgcs42IKS4/vJUpq8SxsKwz7+ZYViqZWwc361/10DRgzIwTcE5dKQyoR4TcX9oi6PPGbw2yl1xzsXP7JBWtKUr3AlLmM0yBDG+7iSiSHPmIigzO9AIerZWYy26u7zhiGTZmISaiwzFdbkRbRXFP+fUN8bMVT2pKX2p+0DUnV+/GyxJoUN73wMgo5PnotU68KDuD/amGwcV7a/29T+ieL2aF3zBjqJu7tbdMRjyEY0m12H4KCrC6MT6Y6cdmZVKzrRuAH5n1i0HsD+nkpiHslgj4yX/bj7Ok4/dEl6YW83Vs6tEFZNJw5HwT0iYbBels0VH5TUmGeZMgeAMzIWJm6J4jdk3B4oA4PdBcIq5l4xub/lcVcWQ9+7c8Rk/ZJAaneJUcct7Hhx8GXReqji2DJXcdLEh7xlXZQjSHya79ihf96Z6UuG6H07qPm2xeimaB4nrRyWpcQgu+flb/igRZ2HjbbFkrYy748Y9qbPCCbDYzP6uwO4f/O5gkCYR0cvFY0il3iwKcp39jw2chXiFySBMkggVvu92fgAw/RydPqOaOgWeqr0iBP0Feurev0rIPja5yWt+SGeEItkWuW2sxnBc8deVWn/i/pfuyk4WTx0iTRdN3Uzx7jCMj+HdDIkGl3JqCwgyWNVUGdbEjurSNNAgZFuyBQeV+KFv2C8D6KGCN48LT5cr7SIdv6mGxfFm8yXwCL6PeRbC60pIfJu6hL2gggdINQDJas1jICZ3lwBr2/SOLBFbnerHQ0UCfuQsp1EdADtFD5v4/Zt8G/IfZh//P1Mrn/QEx4ddIc8Uo6Wj8RoP7lTXnESDQrOCG5TBwvGKR0EDwhZv0EqW/Tf1nnS3uo/bg/XIU6fT02/m9fC+1XtP0A7PB2KJopl/6ravkBybLYSy9KUaG/l0zJFvNrbYapGt375dKNrUtxd2Ar5LgVbePvfQxXzjKK1o5xu00BrIeIOwqFa3kIVxOdkr33GKMzOdgQV6bz5oXYLZqwgH0d+1kdWd9oKT15rIBcUp553y3GC3JFaaeeUmfj2fi8XHPIYyoQRELZc2G6CtD0L9+sbewIBZhYP0P9GNLTt2149mmSdXyIDsk5LOV73S4ZmN2H5SkFnPS+xbIiAOxNaIqzvDjqHQSrElGCoyzcpuBufkK6iW8VDmIi6mNTA/sBbsdt/xSMenZKPCCU5KiSpobd7sUNRPqlmSxyhFQARvRaAK8WGn0h/U7JJUWK9/y82iNCr4ygQKoURIU4RY7P7ZiLSQyAN2pccMzuiPEyP2REeRlgHNYGEW8DrTS8gp32q/NYG3xxMQM5vc4YEt1sgqDrmAwyGvVapZNDO1wC6MdYgEeNniZc0gpVP+P29oH3+7C+PRAAgIKpw4Tfsf4efzFbm1u7VinsuVbMVLTpbdGUG2VUAuoLEF3KxcNSAnRvFWzwSPNUpPqfG5FbdaWjwsbE1lCQ6PJG6qLiq59vcREJCChQs2SX5xgRuCAofHUq6PSxKFnvUwGPxK2B7Bo2tzzapWGT5UuqHOl7y0ZMTPouEUwnjQ8//BziuSB4PxZZVY1rN1if6S+fJBvAQU5RjalCsG7nmwg6k1Jho+rH91/GkyaNSf2w1J6pBUXJyLqnQPIqvGjga34pt7ESAXfPovPOkrK+zRvYLL3Of8ulvO1ko+R4KhM47P8RDvn38qljiJhX3ptLl4qf+aOU8V7lRwJ93zdmaCW2YslGxdOIPagfWn70DQ26EDA+q5/5axW4yIRke9+5TjRFASirSz7Dl/g6gtMtVcU3MTLfYai6IZHIVulA8/yYibXCXrpRjwEBD939epcHmreW8TQOAnc11xnGvfnfd8nfPdDHAASTgQl4KR0a3U/ey/TgsYNWmIagFbZXvsj/Dt0XIbfW3cKare2IT2qxZazKXUkItn5PzKKszemy0cEWzGqOhb2D6vxdLrQ7miic7db2meB36X+tWOU10P+827eL2oGiCnrU4AYnVtS/BvSm++iBiMoqg8yuRVBe3K2lmZKBpalJzlxtUQGhiArDc5JEOGmem3U2A8NZgOEB3BKQ0qG5zGX9icVT5QbB2uowzAx84qe4T+0xOUCOrQO5z11RFUuwHci4+UtbWHDiolygl9bQe46SHLOAnDcBGH8sx44Y+I7PGwbRal/wrTLrxXEeNTnTNn0CsfnNArrnFbWSMqSMRMqYt84/pdK9qkyZg4/oVt4HAVbOYci94jfJxpiQ8Fu4olNWtxCvoMNHKZ+D4fjd+c6jWt7uybXPGUSgoZ0sTTC0cc23wqdhPt6Cn6lFfLdgemB9n8uN7UCl8G0GNSdoSejhRKDnoAxOCmUCMlFefuHR7eE2yiQhFioNCYvxqLsYq/rFS0cqsrmQuV6fi9Qt8YKpSGivHP4QYcyWqjuBc3gEbK3VXJW4OFlNG3JYsAUaSH3BrxmY35q4o//R60uvsNG28zSXiS3rsGryToMuOaVudV1V48ZnMV7Tx7CaQRA1+0/TWOXu1DyXtttsTkBoCMZClOfbXljP5NIbVTmkQhFqLXxMfg/m5c5lrlbDIwon/pRy02GBpbISHK4aTaF/wj7STw/vvmoSRCmNlHPYA0LV/S9apDWeGEL/MCfZybOdr/HM6cZUxPsrsyndRlczlTC9tm0KYvYMGK1OHEUMRMt5NJHH7D1Ux/Tyrz5bCIrPgg9iDO+0txpTUlgWRS8S8v2WUSkORnhONzi3PHm1kopy+9oTbTmQFzkMFzK+4ynW1t0iuZOtnYcz2WEiv4fd7XHkfhJG3WCjjM6CB8eJj2rIiEnButkZsn1qcBicFu3rGV26cK9Hwga/ALlPQPOHm8xynUE4q7v+MQs9zX9PTtj8elZf5WGm41l2/5rt1TC0ZRhh3yPTpqb22FPYLym2rmu39qSsaMV/cMM8w25dmqZhI6HIMzlDKNOsfnOivDv6BJ7cLuQyIdLO+evRyjHB/lneiu9o1M8+mLSDfQpXtoxlEtRChyp3N8Dwp8FsgJN6JYYiEsFUB+039h/iCTF/P0acgXzv1wSyFO6sGQT+Dmf6AL9XdlbS60JbOalXjoqIj6gf0odhqIHsZ2QKHvXFtmb8/9v5uV0GS0ut7vinZJWksHuL+Rk7qNkPXdkpGG5/a0FhavVufVaD8W2C8Q+jSDMK8gUWkFYsIbhDZ3cNHUanXdjLVl4BkCjeg50NciRRimo2iOSM6qGCbKftrNpse8mnRxyW+YK6W2I349Xglg4ylHn+pMPyIlY7OueNsjsjR6rbOG9tOEBrNe68VcYHqitjYRSSgyYo1AnmCp8nHykkDEilwnOwTvoMNEPyPgDx5l3VEi3QlHApylvevBslVVgmq96QCKXQqRIN5nIB8tMVyGc+BES5Iwuh1Gz7XE03zysjk/XBgZcKL3IZ55RTnYSkviNhgTtrzxr1VoGUcbExzC2PR5av/sl5pm3Xv3E4nnps8N69elYvvT53+PnY1fqjSqjz7x50lq/YgWImeMcVGccw9qvJTNxbngIS1OnlZHcYucnsfb/kmHsJWF6IRjTr7Yh1CtbyGQ9WtkKd12cZy80WiatcsodwN5rq7P0KY3Xyu3KVr5OkZwTHSNWdQv78MSgXNlZUMixzdPTgrCyOuFQtSNdjB2gW/QDnoYShB7z9PGXZv8PMvbPUjrKbgT+V6HZYRSsLllImewaa0pdgf8FzH1f+KtbSilWRlWpvFuCwg7MLNJmb9zhgjw5cUrpWlkET0hcJyzutmavMSmQEzedkpnKgfRgB0OVSWxQ8fy+NZDw4p5u6aNPtFgqxWZUZgdjt/YZRpWVELoU+vj7Ts3FHGm3T/uRFqzrVPI7aCRgJ3ScuN8k8jU6JksD/hIIzPWmkfnl0uVsf07hn0IO2dA9cMVenRlpuYniw6IqvLnnBKjJpB6YzIv5EYzDgzuL73Afz17gNPc/eG+Jmt5BR4Kn7bMKZjaM3GxuZ/aA6zKQTHg4xaFVv2pqAGDgT3yBpwUIsAB3l/z/P9CPQQp2330ZhxZhwx3+Zzo6MnH7KDW3KJLJPNPW2rmA51CEbDjB93QvcoSdp+y/003BKMOTwxkqMP1xi2zSgwfmpa6RyaT/XjN6QLjmOWXSqTE4Qn5wo+lHl826cY9pTvoNJOZUaEyMYwrXNxdkNpI1vTyp2ifNiGkh9xkMuxWq/e7cHdqicTMwUJPbNYmpRflKflTphxaz80XB0k1PkkxvoAOsOSD2FspNdHLQTHbdsBFEvetHVJ+8+9+NPQTLrdkGSJYll8FZFbJS5TVeW2R+ErXMpjzUVRqKygMwvjnlPp7henp8hrrPiYBdaMe4rEFk/7ReAoO4V2eHVt7OXW56z5aGRMR8hTsQt1js3V8C+0Togp9RLULqUHP9VwV5hmBMoBYr+7Psqe/PEPMEXigdvWtv3H+f2L3jSd/zGc/N2RPw2F7Kty95Bpx82dMt8kD9dm5VUHrka47/8eROeLfWszsEWo7gRPXvU7DyPT8K85t+Aa+QQzqyrn/79yf05j952aURCMZ5+cfXRDryDMhlNPMrxSS0Z5NnH6SQuqxYl0BDkh8GBBD8/7EhIdJU3dzlIfTl52i/1/nI7T6D0TlD+GY3fZ276kxtaAZClFbe2qn6nJHacxBPD7xlHZDqZj99xj4o8CudoixdLNOWVKuKeHb4KvUhI/SWfaCuqRKcSEwBjScQ+2cA7C+ceGXnk/RfQr0+g365si3gPvX8FpAwDCuSoGd25j6LEVwonjuaG2T+ohY6ncmk6j/x1lFSyLbtahVFOiwPQ8nT09RFHZZyDWkCvtj+jt07ZCJsFDz9w+uuyuAk3EOVu3qvMThherUMZJNTVZ6jY93H8KIM12ZkvQflkZuCBm4uNIF7JgWcjpkgE8++m2UtgsrhS8zb2sU7ibS54XZ/S2YRRhUTXz/6+da3ijAvnynZWcaQe4n9YTLDZBMpjZZzTmgI0LqT07nUo1bDZfOJHJXWyDCapWoLoNpgwj8Mac+jRexEURUcX03mSQYbaaVVy3hVAUNOf71PwM9wT65z4XA3KtOBFyd8/I9AUrBp6zVVtzCHX9nuAfeUT4U+DL0+ehKVBTSImOTfL2dHUNBcmZdA/zeUrhCeCOKN/llgftDCzT0f2rG87RzR4JjvOZc5m9hvewgKb+x0VmFjL70G05yHITsG6rcvWshg3AyRhwdCZcOvdjXtogLfWGyg40bUmvG4Zh+zZXy9PR/VHab+YF+mqOT+pl7RGFfVMrOf1v4GLaqjk08yTpLl5ovgrR2eMSnNfecvBXcU17Pt9sImOu4H8yMvquRNf9JHfxUWk224bS29jo9WEZOJMB/eXwmO6415Se2NslpQM3Vocse6MY0/TochXKmmSW4oPAIrTmA9tvs25dw9y21l98JGz4z/GEzBprw==
[2015-03-07 20:26:15] Phpr_PhpException: chmod(): Operation not permitted. In /Applications/MAMP/htdocs/lemonstand/modules/cms/classes/cms_object.php, line 86 Encoded details: yjJcbreiqWsl56RFCwzYPBz6K/wQg9hUifokFh1ano+CsxB03UU86TkrWHiFBMHc0rYlLoTwgmlwzKCFmPaLLsi9LMesQnXWESnLToMu1rRW5rWB0jWN4y/6yXFIP+3u3wFe5wnQIlXjp8uBPu3PUzlyHSxuyJH6Tsd/7Zdzf3PjynflVks9d+EYm7S60pMH51aB7TNFhd/cJvC7siQyMijESOO3P4zMFpi1dtY/3fwUUGNby4yOmKvHdmLTazvqN5jvNHokDrKT1pyUBh8nZodPmRB5F86Kmwb0kVrk4kXJeYBzvjz9t6urgXgCqDkO8C8Tk2L7Z3E5gkEuJA5gdUEMICgZU4hjJqD62jz6CiXzC6TZDKXkD39XfHYLFqb1eF+53jviy18Y6tlyysStcnD5shjkyM2RCDMioM1CpDaz3r6o3psF/qz0/5LvDZ1HKselFbJoyeVMFiltxrcRkXgeQnsNpsuYdAtb4RIn4fk3S71wuvvUiyJqTByCCeStVpVhUgkNYnwQBJY5x6q9PfMD9mpwamqR8WDUl5W0Qsrou30g3rZdqPr7/vD5F0mnnKOEn2enETyJ/2MsZMCoOXayg0G0aP8Au2wWr6nRqeGxjcjxuwQW4L2NbjDnLgXBcZs6nmO5WKGxEo1Bz9TJoazrl3Gbd0sRbbK5UGRU68DSnOzMLBrpRk+jJ21s469udDGhb9sx9GMRbOpCM2mjtR0ReyL79m47+6+INwvSVBvuIqmpGcBkk1VdFATEuugttXoIowhckxTWHP8M9l43P+YycD1f/r3bWdRr/nHh0h3JEkL3NGOHJN48seX0y93Ahg6hwWnHHkFw280FyzBvfxbtTgmi+fYIOqL3UBerIUNUTiBCtiz007a/Z9ovc0FN6MaL+SlDQMfhyobqR9aYsLw1s0RhRAHBVqfBvwAViQxPXdnhv2vf6oLfS/dpLelyP/f9QjAV2uMIb5jKbJDENRladKpNLq0TKQ+L8C62Uiq5X7B6vjmx5P6GNB7Qi1WZhI6DhVdn2ht/zr/h8zBcYwCCY0hocyH84w4ODlWm8Df1uqXi0D16eUsJSDWL4h1by1hI3/Hk8pt8DxLVrv0AOvGDj2+Wom3gEZMZIk/9VMMZc5TOFe+BVTy50NrOQN/McN0OOIQE9EchDbIlEzVBTr0vAZhuBhYAVgOgCS8YOUS6aB8azubp00qHReS0d5IEeTBsdiK5kNi8wqvhd9GZnJU4zTQBIWDf3J7LWHIlpLhv528yVVTcQ8od2OMfIlDLXqodEmXlVdbBPPEYReg/5PR0XYD2F0lM21guMy3Efs17JVln5h+nZ1YksJ2I0kKlGw/dompfgj7C/3GnHG8Xs+GGDBLFrx2nNO8ZO6lr/Bz4egNEv4gd281T4ek7JuWkmVdJKdsn6K9hqyEUzH9dbUT28dwZgWZFLcmOQBiORBN/FWkC2a25DdyvnRAQJeNPxmCyncrz23+1/kFNdygKAHgprklRhvKstcNmqHqqrBkegrAlUtfQkripjCZ8K7HULjZRCJdl2fKee6sHxOHMdxBlyn8jkBVmMWXN0efGR8ZfQy5DvjW+cJFIYA+/8DMS3AjW3mz6o3jpgq6/PyNeWjTG/tGA540x7r6Y03uyBN8drjCUNZ1EqVY7W6CCMAZ1Es7NB4l54zFJRYz5ymHiXtljxzPBMU5QRa9fcK0KQYUeyGy/nzdvfC7r9Go7wkoKV8dHUaK3v6c5m7lHN7GUSV3JlychHenmytK+bcU6B2paR9r4z45oErYNG6jvaWQt+6m2tdKkNQcQHBuT5nkIpM+IbkCNAzNqBgdcnU2gNPE4dcRKDLQUPXJPUvzVjW0AO56JOEmVEW9ZiqhkDg44+eO5YUnp+f11mSAmOIVf1OybcDYvKqknqhNhY/y/d6n7xAMYFaFTdALvdYtHcFL8cGswxUo7y3NaVVLEBHxf6F3eoXxG5XVQSfLneSkzowFS4mkCvrUr1JC7gG0IrB8aDMYZLE60CO+rlrmB/pL8QamdkNqm+pFRBQ2iXxSDck8R2Xhs/sdL+c5Q8KiH8PM7EEyHGW5wMtsKWYBjrxNm7BBjXVjRAboZ7QMzz4R0tL+buZNCXFIrUvUujCcRYzubo5HTxrOTVyTrX8E/bSrJeJbVPGd6gFKYtD/ojxL5ROaRkSSSA9/4m5vcJswj7w3ATV9S8FuyJONPmkMOwnJtvyIruAEIs37DSQ8QNP6IUUplENmzhGMt2qgDzHC9/91Q+FHW+ghwVUaA/u85zJN/5XrSNiynCBNS9k650zP5/MonP4JvhSp28QL/OuopP8C+iOWr5hGbta5m5RCGLW8nSrhoewPrHFJ4kDsUVqXAQCcrpQ+htcW8rFTgMSuplsZqUDjag3iY7KSP5PbPDXcHt3yKw8UlPcfwbg3hr0537mIHB6cA7yBDVwpSwHH2aqHdG2hW6hkFxtgkGzDieFyYAY8e7dhJJ3zLkAoStVSfzISGus0TdwloXkN1sHPS2ZVneWbyM7BSfhnPL/WSNjww4sw+2oDPMu6CZnEM0sX/5w4h5DKTRiW36imWUaX+MKDg+KtRqIhAXqUw9JgnGhc2quWUGWPJW5xdb0fAHf4DVHkHAZGugyatgUTjTHXLvssa9PVDnuyci+G2D7h2QHZ81aOcIFUOerh4LrNiaix1SynhWNQshIZkEaJwB7YBhWsBE7++ONs6GuL6lF+ERKRYZ4sjxqhQ4LCqVAbOAYJVBS/wp7Bsd9Hns/vVgFKjJDkRR/jTihHtjxJ/TKnp2DRD4sjspcs6hdQuBQhzjbhB6jOJbWKluugGDr4N3mbeUS1t2AIR+Uo1RYKm85forq4CXOCETUaFuaSjvV9KXLIWSTnLdlY/vKCXIxZ/MmsYxJSsOEnXNEBFYbNPQ9Cjo97PK5ijrRxv5lnO99dnfuXnuXbgfRFSQnWbylcZS38YQDn6asJw6fj7VrOvL6kNG33WSOMu89e+2jGmNcqYRVH6rRFJqXjprd2k3hLxKCWzeQLBkKqxcD/PnXvjagY7nHzaowgKprr4u9eTF8QNiB6wutDw5xsP0E1qiQevMppGIQrZsVIptgXpJb9IzXdf/0mwTddPjCX3FKo3L5RvgrDIPaIGROS6VV5IESp+wIGkobbVq8mNk2JYvp6+nbqrPfaWTz13fbY/Wz+BW998ZIj/2hUDMtKsOJphBCFhcxRy079VH60IpxvqMPrCuTsVR6y9EaD5/NWKE2zq7F1+cqT5aFcar8pa6l8zK7avEmR+Pce48v3an0BmXC6ZHqqo842M/M17wefR+CmpXYgIfhMPDrBqMvG8UtKEAgHDagSVGppteNjXekB6r4CXQTkbHa9yX5FhXeyI3TT0FPipVyzSNfBxFSxE0dI/wBsKv+sywzL4iX8bJ+fd55c7pvF5BiFqjEc/U5eOf0Nvv5shrP+TqYAIyY6kXkLnvGKYL9fFQf4/EWgYyyTSaR3DgYW/VkZzMe8YlTLoED82s6aLRAwR+ZvsQcWJR2t3yqLWHip6OUkVGgClohJdqbxOist+mXrd2XjFw4HTjDjrVEE7pHztMOLTzAg45wQq0R5IjOuVDCooTsbchMwXfCwC/sWlUkcUFo/5Q7PexKY44gZEQ9MvG2BoYgf1mmdMKEXqVkyMaa0RIznda0hMe3fphJTbX9LNX7H4bR+J53pni7Jjc42HftqKrdDE7URaQjN6KssDV0eh2tdwIhVZqvoBednFgKmv7P0Md3WarwKpu8OBFkHMLNNbRiqnu3TdIqzhSD2AACo1skVSwEWbyUDo4cpbjpp2MxhMACmhdVV6edcSFlFGNtWym1eDnD7m5pFWf/4+lA10xgyG5ZH9jmmKWN/3hcFdZbmjcawkjjptLVNJDppA3YmXRAlxYsFlWxdrDQTyM+RzgP8e/9jL1gRrXbCMiIMnbYfvAXs2jGq4ISVXZpsMqgvtA/MxofPt7bHRvTg1rGO5cHNL+lsxj4xFJlhUNVBdPrvzjxGwYyKKwPWhyZE7/AZ6OUyUloeT8YKydyNXexMYNTCsPr02AFCgV/p1zYjI7laoZKI2whOUZwmdEbRRd5detOmXlVuZS20QYEkv5QYbuImbIdVEDDC0YgkJ164kFSS9AwgX3bR0oMoq61TP9K+DAx+/szC9XJMNsEi+WWzqFWFCMZARR5O7lWKI5dj0Icy3zh9K2tpuyjPIh5tPtExpRCMrIm9hjrpV29d/D3YXhDOCm4Zx8T2IuQlnMLF2r3htgsDMKI3osinlessinwoTUmsYb9ZxCvk2FZlkjXJJRlhEbBVgL3ZFnnD75a8xzTtAdbS0dGpja7ax21tbzej0u+vf+sbi6lWY65NpTd+uC6sAjpmkAoHkCGRxpIg0kbep0PYNKyjhS7WUueiwPr8RJszG+aogDScAVWlYKHETF7JbGMT2fH+zblrP4Snhx1dAbyjRn9Hb4jphUsZLKiBgXXHMh1hONcGwYM8nRj1VPFEfdEX6uWQVvuA9RldwrQusdv0aiyPa5qMWDsSFutZbDFH5zXM0mpM83JxnoAK4laO/oIWRnfdneYs+rlijiIOft8laaFCB+UoFOKJAtuxwABXcrf/G5l5A6b8rvryIWO5MJBG2sn2l3/G0N9upKgQauoaJrgX+IVsshm8ZCRziXSsm5QmJH6brtSiNXLSJm5ca1rB7Dh4phXPuYGHwsr/2+EC29ODi3yXDge5FnW+OqezppKLfPtNzCAAss1LRTU9ZsfnZ2awlAegwXi2D897obHjUBxSCZ1N6NRPINwdIRwFNs9WZIuhGb5RexNaz+rvwHpbKWQd+zbBTxm+viV+E9yc+2ajhukOoXbforDaqHIEueUOV2xZuadZ/xSQ95kUk3x+bGBYbTxYpmLbZdy19osrfutn9HIDHQvFzmYrsamzUCfHD3kACD1aIXBRVuuG0Y4uWoEUkwBiYb50wsUfNzjt62gWByZl5biqm7R75XpF8VwOAzqHWRe2g3XhgGN1L6ZbBDmS5ECwIWar8vA6aJpNFqSZPGQ6cL3UReSiEHcqZOkkWmftqi+NO137bKL2JnhGZNLLvjz3N77Fo5cLL4UsxJLMZH4zTdqNcRonmZYDBtupOAf9ScJgH8a8M9MjxPuGX9IIJ5T/KtZuykSACTpmzVZI1bsir7c7FvfbBOURnTa97eQq4/M3cOSb/w5epVYSFrzxJ1iOal3em4RK5WhpOhwOOZAW8KZEWtDCppLYIGOXrmmQ2KChRx9OIwKxszIXkMLracN8B+6qvuArx0ht6GyoU4JADpqVj7rzoMzj3vWA9OmqaPW4kkcR9pirgK10mGNXobC4N1zk4SWPIflhp7RRLyXQH0UVW2OCNyBXLfi+w4Hlkkxks1pWUFUrFaT6pKfdw/2aYb0A1kupVo0T+G+XXklsPCB2iS2cplHWI6+BKdNNGfmX/vMb+oX/4gfit3YPV/z6o63kwhpxOP3qFiA4aYEXDAbWsSqC4Fv4UWTfSiyH6n95VR+P0o9XP8BQuH2211eesOZ105lDe2Bp1GXsCNTjukam6Rch1CYbOJb6Y12EUw5LXAQJZmRYJEE0nkk0xjeZfi/lVxfezC0eIaoSruB7YrlK3I2dhDeWnSCUcOrC52mXguLhqPfRbFPxtbj6fex6xz28aJg9rg2SpgNIFpLRKLClZ0j0cbNBxrnPGLKFk5X5vLv/+TqIYkItXArArHIgGXzzZANwmrRqidBjR08cmVu6wPDL3X/fk+/nleQgk/7wLPlPR76n23O2TKW44oA1/ofg5NuJTbZBLyBThShbbLdXM94lcE0mB9dtAjzUbOrKnnwHONr33UqbFhQSGz6eKjFeb2s/gLn+158STRB07i/27UnoL6Ac0ozi9Ig6W8WPzJPBkLluskot2o38sP2TtqGJ9iVsoDS/spUjTow7nW9RAS7RI8LKZjdoyjS64Ts8IHVfl4ukqZjM4fDGgaqs5TQvXuhP1Ev43Lgs1trgqb0mw+xE3lmwUyyH66gD9BuqPhvp1NBJ8lVxCzsmTJCNvdpn4p9RoJBK7l0oOVn4ym16d1teH8uNRm0fNmbzOgyIm2KObciUBzcaIig29tAU+VVdEJr23EgVYOqkdoCfxjvLR7dKukt4QVYo812snU2GzB6f8hj70Is+VyoWcY2e1UCu/a8Fok08ETZQisGQAGzCNnrGQhYPZ+uoeZ306PpmlQbk5zFDFSdQSryOAjHXpboNSCKc9TGYJAuD+LNY//q8+ZTbIEIMbmTSanpCO1n91yzAFcXt/575wTPhtEL8w/pgRvLz0/8Ds6x+t7qAEm0UjetwBQD8ISJCfKF0WxuGQ1pW1QP4BvzjouLExjLcJ5Qblf8mxtMhCA8UHmR9ceRHDea68vRxaefHbjlMgoSJL3dQZRyn/DoiwdSLDOkpTKIqUhE7cakWvszOOOAmxBZucpJiEq5JVBOsjIT1t6JMWOcPL9sSFN0WSktlJ63kMdYeC+aNGUSNGaXGUneK4cQha18NSFUybQyR4sCgW9gkkGPiaOpn3Iiq3KpLgvUgsQOvQDkxSgFqmdp2sAfUTfnkZ2QShGBNMJG+pQoAmlxHWXXYmYIPs9kxXRS72q0Xm+nSph0TIX6FovT7ESPgCwbXQqQ/MFmi5/VdCCv29Kxa/oWm8BwfDrfRWoejlYNWqVMqrD/eFUsSLsDScZt+OarfKUKJ4h96ZvtynvDQe+Qi9dbak5eRf1kEXcsdy1MS8PwxE3t32HHxr2smDYQavAF2FTgDSNBZslMX6IV/4tR4Ou0qCWhMb8m3SFDOvFBiYlGx4Wo8IYFKW+8ravfxlS4fDziYf3OSTyUDPCxnW9uauxlzxRGBau4x8QiyBl41qSo+wjwMtA7Eh7xuup+H5I2Cb9IrWTi5DPwoCfC+mSiuV0W9v55fUcC6fvJdc0Vu/yBHOZWY3cqbmKUN+ywaGZv3T4W1OHxXp6HukS5L+FdbN8f2GLLWnKuqMOepXO0eqMeAk/cu++rn8+F/YPepJa0QmIgDfLwiR5ds6G68vzozMckHZpkvNCF4pFwt7JTvcxizzwzS9JTP4jwRjaVdBJAaDlwT/GCwVi/ITvqGJz1D+Gse/RDdZmWhyYJJfszx5v59dYo5ZlX7or28NLo/TGCg4Doitzk5wmBUfcI6kcq/0AkeT9BKsGLU7UolprTSqGke0VDY2YmCVNd1cL9TwtXcpB4jOOO7AIYRKa9KsQtUHzFadE/8uB/aJDTLf0jstxCrzrafvnqquQMOMs/sp7MNPiq1PSA1jqLVan2dfGOv+1aW+VwSkPbRZ2kNyg0JNI0iXLrXQS+jPYWVzS6rpwDewaLuGZu8RbTYZSUyVdrS/YAfwDuv6kTSrma+Bk3n8IB4S+TEN4WkNQC+jhLcGcU/QC+Bbpw3LYmb8cD1XO6NeTZwRQuqvCe5vL1/LNh7//S27OoUzcHPCaM3bc8UM5HlJP4LMy57++IQ/IahHu3vy96tx5XQqKDXBQmKKexq6jSGqTv0jTbe3um59t511ZurYYcL8ey45YNtngL3bqzJrAy4V3+xFW9fFFMUP6LN+VHWQ2b/0k/1TssrqyDsu0cOsaIId0/VepPDgKlaqUHnkED+doRru3bGy0AXwW7qAGdsYqzyYcHeWvJfmQ+hnV+OEFgYYmrHJ6q5m3bfI5dKl62NCKabxOwKqWEjH5mB+2szaEBbVYoNPO503ZLCmuI/B5UlT+giyJdmE+OqZ0oS8sC52nEO4X9QAfv+8Mz9zEpAVifmrBuTVktQCkL5NdwQ2lztYpG2bP3xrrTzZF9+gzwmuYnLSb4TuwXkjbVzLLCCzOONQ4m3jbpvSpUVl02DGBCHBf9h8dcdZrIFshnahMvdoq24RdjJCrOrAP7JTnMuAaAAI9Y/BzQVQHOfhYVs8zXdUf/a7ajNc1jprLnPVhUQXdgBDk96BcP2TSAzmnHjYrdQ2WjK4q50crMIq5luoSYbNPqSqIl0Ts0ZieSmIarb5sllJ7rSqx8zHKeVkj7ubz0vVb5u8rNnHy4oP6iKWWSKfiksaO1XKvMb2XrObf3tc13y8UrCmkmQZrEsk6QH3WH0v3tYfhrbWzAzlh7+CYbrAGxXmdl/oEs4zdOR07+o4pw==
[2015-03-07 20:26:47] Phpr_PhpException: chmod(): Operation not permitted. In /Applications/MAMP/htdocs/lemonstand/modules/cms/classes/cms_object.php, line 86 Encoded details: rCpV2K9eBqypc5zyxTI1Hu7dCZJ2kMzsuDhIow59NwXbgx5NTPnVxMJMEECvCpnAvic9gp224yXJQq9QE4xBy58O5G57U/apZLz+M4glInyEgH2SflUHA5hHx+9IAY5wD6EHfrOnY0tM59mmU+hNHdbvNihYRE5dQeTnR6HsfQOhA1sOalsa3fezHZ6il0SnY9QhC4Rfl+X3hF8/eQ85pFr3pkSkHyFhzRMd0UmhslcNx2OQGMVqUbbT78KIWvwvQ4zCwRCLECPcU1R6nCmU6uo8fItI2Ok+3Yh07zx1PznIMIpb5FjRgE+jLx0CAqcgf3SNKD4WllTaXjNid8aGBugfO9UZ3hCj/b03LeAughQaSy/q5D0aftXvnj3Ck01JdPhL3ES5nFh7aQwopamhu+BgNjq2MEcakqhxVYNF147FMnBLDc0DQkesLNbpdIGsYxiViLTKM4+qabaV0ykpWyypx9DM1yznPmBg0aXA7FGw4hqBroOHWPFJMuMNqDWLOTOsxqnvv4MB/Rde1Wrx2as/QvhjwU79SGZxD3rLmUvvis8yV/YDmPgGQ0wECcFaMZ/lQZDqNDykTGQX+b4MX+PVoh8JoQDFjJXS4PAUlL9NEQ9k41YLQ1F6+/740lIVoTAWFGQJQebw/jTlPVK1zMVfng1RcKgjnW6A1cQfxsBgS2ORnW80cu+mFPmsQlrLKM57uTK/rXfKdU5vCYOZyShtjtY8fTiGrsQnOy75jfKBNwRbSHcKynPU44vX3xe+24+WpNprSaeZg+NeMaoqx9ifiSSeQO7kNiFQ4hIZXtrpWJcU+mBA2sH+mCpcaGSrnQsMWgEy3F5lSVnS9ZM+wCst/VMg8+pKRzZnYqcDE6flrnPcDorstk70W684wZBuSzFf3rN/jsttGC1CK557xAWsdfJKZKPOpclunCevC0HPPFxgN+7Fmgu8jAw16M61HKgE2csjh83PDWoNg7VqcM+Cjb/3f/ZEVo15dTJvT00oay8I1hVYbTW6gzOSaTN3urwfI/GzCb4IpRS8p7tmkEKkfw1BKrLHILb+0H914iZoWuhLPQp3Jnz38RtsKLAiIWeqOZ5lnrLOakCa+xDNFpEv0Jel7892f5kd6P131nimnADx2y+Ey8X3w475mBTYB+1CetWvsKbPgr6xDCKQtmUnSrNxoh17zgCFwTqWH8h3ScVQFLTNvGwDgLSOHGLvCUnQ2mU6SbtbgJAdcSb+F+3UbtGQ4B1oACYmmccOqfnbp/J+4Ls3vaTAK9RoYVJWjfStlftQvm6MLySNSbU5pfXgEK3ASsq6pRHZM2FySWmJ9ak9m2OfCiYfi9p5+W32MD078Yr5ejC8SljIi7PBhbH9SowXcNK+76oLPVtzViPeqkvaf0RwzMhT4PZYrSIakjydbNXYC0wa3fxfEI4AGB/x2BKl44AI1oGW8Xe0bEewlcb7rvmIygM2lwMl+4+ODHyI8VRrPCbNvQ9+HROfaDPEE9KvHNH9+kej7UJK2VmL6fSDRYErqUh4bZCcmQmLEEKQlWfcwFmrq/U33F0v+3jRGB1XnnfSgBeo2kZENE7f+RAyhBCqnU/CIa2mtyye/B13X7YOm0ISR8ofTInlbRMeJ/QexLBQY9ZfT0C6FgeghkWauBBfNahdb+RHWG6WwjnyynAyN5QqkThSj9PMqhdJ1SB+RYFd7hMgIWSMGnZvpxY83oBOfAmE/bqFC0yLPIll12dS8COqXysLpABV86tdhf3B3Lam5XR0Ypn4FJbTu5b38VrsWN3uVgx2560WjW6hk430CVs6wV3AWPB12NoOe1GZDuUJ3xGFjgPyrQxD3//vUT6RynlF3gP2ZJNiDhKRqJq/PHyFHDp0HiWFzfvYQowF1sSEmfhfhqrdqpZjki+bNg75rqdubzf1AXfSjrdCJk12lipkeKi4V6Mn7n0s5T0013EjHNAdFppst88vsKy88uqMKsjuos29EPcjMNJNOCwz+RO2zP81gWYDpZliEhnwEiRoMmo9vYuXI9hv3D9UtAsVGfo8ECwRpF1wrmY2VdIIHu+D+RFru4ZgiTZ5tjBG379xs1xNgFsUHTBrz1Kzj+DL29Ds3DCAQI7e2Mpof4BUOBNgH7dSFpsNSH5gbarBJIPBiNo1hsyml1fgBIHpjgja4A8zjT2ciZKPZMlpkGJu9DNuDPtHtOt0dOoCiexj42qa+Ya05D+CD6LjRs9ah6oLB/29UNrPDK3XV/gkpPqXkms5hZaVOdjqyARUlLl9EffJNmZiIxkVxOGV5ndIMzAnk22GhFHOr79X3yX+APTTuKpIufWA9WFvb7GHFp1LMqWmAdX4sUgv763YlsSykHMTBXLjYIupGH3wstkShVXdfcB4LSdA94InPaAzyts2+qdpNf57conj2vOaFMV4i3rPYB5ciwTaM98U032hrFQTHoZaFNh6jQtPyIeVcBWzVy0Et9I1KlEVZTJahvzWeHK6WwmS/s8QNzFSlR7lJ5NRkro0L9yI0Sp9F5FE8ZJWLN9B112lnAudmZ5FXhvNd1BHawpzjDBRPLHTvlOH8OozGcazXgSd4xbCIfVMcPRQaf5p+ycBjH09qWrl+dxIpgyaQ52xNNZxFPwwC5CR2Xr2WfCMveuW6o0kq/1CJak0tN7PE2o9QtgQIV33dRJyIt85C9YwlMt5ulV7hNs6hHUPXZCJiSBqKSBxzEwf8ILEdZmuMLGFSGVaDP7ldP+Ky0dH8v8SSlemUds9BpjnHrf5TNRmQ6m0AyGVvmCvEOZoNSpSqHTp9+FhE410H+/0s6IhY3ivwv2oOMdoyvcY2JpThrFR9SxYxNasOAnbuyaSnpjihfR1ERLB2q4oFDhlWMP/yXNF6hFkkWHIddLJDvE/79PCZLSnj35rixHIl1M8nd0inN9LqjmSEkvme6OkuBnndlbd9uZvddG5J+8kfh6bDZCY+xCUGuxiv7CTdg22j1MjHZZcOxRA2rnwoqrkrYwHsS15HJabPafRqLyC6Fn9ri006SlBFCCtakZX5v/8m342IaHbDyo84gpNn7v45Yq+XCQ+ZMnsM5a5Arn1tCeJD5VVn4sSqNsyXQH0f/rhwhlErye/GUZ8ZPUxINltEpn/XYFWQePQJZ5XIM5/zCrxIYUJTc4HN6RgCbua5UghkhNLZbTIPIb2klg1NT0SGKu7QqoW0r8fdMwusO2McQ77/CdlFVYKPG9jvBiyoPf3CMQqXIHlPMD1zkSr2Z/24hKVFDI2HAyrg3TUGw1pGKlRqLusUgF64KutCTnoS7FV63sDF4/2Ok4+JtDWD3SYW7wjChb39C9D6ze4+s/b6eB6IL6LKLJS1Pm9vSCPjPE8lEksBO4ab0gq1+LLVbK3D/SFs9mUyvFVYwJkZHJPEx84xBdoNs21HzdBzA1Wi0YJ3Zi6Gi6wqg9m267zHXBDEP1Gm2EVYybQFu7unDCWN/+K1BvLgKZQ2/ZH6rj9uC673doAQ3DK+Je9XIlZB9+mCvn29UB8RAH5qyyoh9Y2CNNvcNuP4F5WmiAfQvBeTc9G0Wh4vCIDcJIfuvLq2k/oNJpESM1CbITLiETzXB3d3r+HlTML0GQ5RGwPSZV3nkJoFu+IwYep6wVt0/8vIQJSf6l45zkkXYeM3tL8h8LfSf/pZBJG+q+gKKoLj0yRQi1WWSNws5C9MbmMHuAm1QnN1E1lWwDjPPRT6DzIvBrkUX+ZjTWfyva2Ohr/rk5hXJjlJgs5yj3iRWzgRVhZ/0+9zcEHHkk+y24O8d20QBmbYvJInRGOteGKZTPiK38Ecs4GqwEru+074gxB73RuhOhnvxRVwuVGJMdbO59pjsUdjhDIHvcp5TPxxbDDzj5CiU2Ua8ol49xazlwTBIW6ZHraFbnIrHuFTehf4M02YIIZna/Gl40cdiWz1rwSFe1i0JrAIHsKjxVbK8w4P7tIl2kp/QleaNqa19BZNSNcovOP8H0Owgm1Qq+S2ow8NV+7ls3t9T9kRYo4JeBd7/sk/9fYzruD8f7CJiknU0/J0ZpCfrb6piqOQtbTfOeRUfLw/p7T05vUZSx+lI8oADHziAhcqgVVgxN+fZuqhS0VlR2nOTWzo4Pyk+89/2eMcyDHHZ9DIyycs4uqo6EfckS4t/GEbyAwqYPhh+e7Q8sgPIvAJ5TMxKcR/ObXoVqQF40AFmPZ/OYFwlGf7ZsEQuAt6/wFZHa7EXXSZbhVczvpVf41YtWrQFHwG14xstKKmNlZmjy+h6PztmfiX5J/LKPm+jecuDgqp5O1VxfHc8SA1c/++uHa82x+Mt7FXD5a0uVvoDbGlJ9HwFIf+vtjT/fAesIjxv3gGFG0APQSOxmthV1SJMkCQ4MoVPaJMH3WDqrRc/imdGIeG+BzOg7PKBqfao6HnHse+YZlHNPshJF1QcJVl6nmbtpc2yosgHtAYI4sany0KJk5e3EToXBWIK83GqjJOi9LVf8Mh7kAc3mZfwP1pyI1VclZzMm1SbTubj7mx6XZAVgbM64bIMEc52j5k39BCSCM78Fh08dzhT9L+Spec5p2v8f3g9TbDL5YjpmdbTih11ApbH4gAPAsN11hhGhMoi//tiUlxRjuxI84gFVsuAOBTehdHgpOk/PLCaYfODMDIbN/W9eOnAv66XJxPHcwHPW9URJcAexRHEJ2bgn7J0OfdJ3a/XFIgJtD5i/WgqSun6obDaf5C8zzIHLpkKgzcn6/u//k/KLRT4kwlthXx/WSGLuAfcQqf8xGO2wBtkPPY25kQc4NI5eE/rVmE6fOMiP7E9n6qDpT9XO2xQ+JHalZHcV9OPvd1lccjpEZQC7cWNhS1yDqltZ67uwI2Mv3LYF/q9CDyQ9s+esWqCG19R9srtATnoYZ9VM4naHNzColqnwZInP6gJ/HhxcdN9zKpiDL7EjtS6clU18FuFaIiJm6zqq9hy2paeJF+drk2t0Fi3EuE+hjr0MMfA2mhl9p0jidUSUdiV3V7eIg4e1OirwkASy/by9cJOraaHRo7lWymN9lEIDOyGZQThQ7HK3tZ0NXTX7EhkpQ17QqMfa71dm97fYyNeAdYwtJ0O58Tbojo3CPwUKtfiVhulLheQ5+HnppGHnfoxkS+QCpUJmZFWgYbaeHPM4s4sdgfrjfPXmSV0TOY/kGDWl8RfJf7Twc7EjZ/Qsj0OVLgrYIQAKuqu+fL9ilPWaR0YiQEhwTtri8YuIV+9+ooSQu0s3AneFvS9PEK6xHjI1aI+anlKBTivKyc3vYQWH1E/TgJ963jdvgaSJBz/mZbXHj8owAMB1he46a99EB2h7RBYUO4wqRFZqxEY15Wx/2TqWvrXUfbGVY0hQ+t8fJkogtIqP/vqD+p4tnvCzJUi9nJoS9Di2VHdNbUXZImUpCErU14WRdVcQ4pMEwFAGjvqumU1OCpiE6O73eQPMZ8RWnC7HADrumay8Kts/vTjyY/RnkG/70GHEcodtL1Q0+GJy8cS1dEwluEEx1gsTxGia+7twVbyc09xNuGZqqXVJDyutxOxW+PhLBtYcahUWg1ACry6K1LCNxpe0c8g/R4aF0qPmWhP/ML9DxRUfy0JBs6FaqBXy6JQWtrTUd3YrMi0VbVZCnSQ4qzkURDhJ2l2cJt1fzHdcyOp0ZE8I3wuHTNiXPn9OUyp2GUEc9pW0mA6pSwMjv2arLbtdfXkAVDHF0PWIKN7PMS0inTKtCgwkIdKFusiNbwrsxqlI5T+HbogbaaOu5iZvq6J9clcKf0pvDzOiqE14RmaIAxX9xEgX9mSwmDZ7ASJLn5rmDERCPKVr5+ZXW74GTe8Mcds20HKT8FCMKumVbiUradh2zRASvXG6rawbUBZMVTEbEEg/HQ5koUtXeeB5+EzSOlAx0K9cxq3FvvcuvGCjf6xeFJ2/RYIXrzuDenmlAI4GzdYiKuuGSRtSTViFj/Xk/eWLusVAnI0XeWVQQ4qbfLkJU/NJ9zEXFxukRseXsZgUygaL3SeKcVKlPssuu18BhshD9v2SIAesxhPV2D8ZBR69qJu6r2qu0hp1DzxTYl/hm+Ngte7HzR+M/M86ftgvbV8C2p/zHsJiFrZYBNWiyCSu7YdTFRd+pXVfcVVZdaE1Q3IGWX06qOWU2nEdJOyuPUC9egpn/6JFzuMiwMmuuJ63ZkphOZrKC7k9+smCXKp4i0k72QfdYm+apOUOKYW63Mddx9Ko80pjcAGyDOF2h9tD8d0yOON3d8Z8eLWdKzH74hwmg3ZkxAdoiIkEDo1pZ+6NBTkIQz8Dcqyt4oLMa8R3V9WCS/EKuPYpBYJCXVWw3Y6k4WFD5ZXieAZLSDXY0jRSBuoX8BJqreqPo8Xwa7zLW0ziar03Fk8Y/VQ6//UAL/gD3LaSuWFxYuFjnLNihZ4SOY+dS0xYiTh/5gtQCGwMPfMto2aE4U8sNYPY01AKCoSf/8AajZg/f0pDIVNKfBYDhTCh3JasieszuGOC1vPNB7OTqAuiPS/Dy9CtQYFmdfl95m7Ap5jF9hWbH/FW6FizJGwGwDcA4KS43LhUXcfsLcDwTp2n4Zsyk6/12eelg2dKdIir3YtLB5ChJ7ME5/wisNq2olD8eYWs1ff3jbN3fDAhCw8wUwUyEMh3LhEkZYlmJ/+mnkm7Bea7g5dZDjEHI9zSyuW0kEL0gKufMdTTTvJt7Qz4AszG6PAUXIzsOutU7dZmbzrAYU72yqerNAe7zywtuht+eBeeGc5qHZ7vpUeh0JRWizxrJN7Sm3+gT02ImCHEbZyfdEzX8qIg+jX6+Zw4wbPql1R4s/E1s1cHmOe3M6Kv8tDTlgJ3tZG7uG7UiWrqKMCTa9tx73EYmgstFWXNhuIz9sD1hLBvWgUWH9UzqYWLBy96G1ry7AF386YjXwn8sZOgvJO4UGtLV9IyYueu50jdkXmrxmc//NKJ6hh20CJOpoeBQhyZsPeX29MBd0Mms6C6WgYxb+mW2NqOCueQ0aSfoK5+I91fveI9Q9IM1qcWtMB05giZjKnT1eE8CFPGmC+4CfJ0tjR0cEhtaHeIL2o9My7DZzwZzKC+4eeS+pfUe5ha93DYgVEgOqJZYU/6+6F9yUwLLeyYPZl2ETCLMLCYGja+SAjoylmRqqmf8R18KpLcmqC/IcLDEPTgVh1KPhcMxab1OPeKqYMM6o0d10COLoBlTjeBkPjAlwQpnm9799WRlQN+EGQinlh21jmBnNrgoVlanaJQxhC1p3oZXx9kIOqqX5/+mQzmSKZp1xBOkoJF5YIbvF2JKLI7MDKKa/2uN4fgUQPH5yzrC8BU1tYZZNvqbsA2fO7CN8Lr/3EOlrrA5RZhT35D/5YSLPu8JZQuuXKzmm5H6UB+rsnjQddfiegPkThUQECMOdTm/EaMeeepM7HAA97zm2l1m8yCgdoII8QrbcfvUq81gUEZriAOOQDQjHVS/cEUBtpxlWlvjsGvQCkqTnRHdktiSbrNOIHDB7K/pyKUw9o3DDE8YCIMvKwjGQBMMKG4LgXtlIFcAzXFZKZYghh2pf7YEMAwdanXF9eDIvo9EhMJFQ38YqyLu6Lkbr/G5zq3LI0b34HlDnHsytETcTsDDb+o8Wir5qTaHnJ+On5g6kRFA2xuTI0vScAVSo9ZDqc6enzVed2FdAYaA3hwdnneadeFhmNK+ZnCtHL/nDdCLaSmDwBB+/D/YPakd/71V7ZgP7gl6pJ7Ts48qINZTlv5GjFzauZvPGxHiCCdVHCjJ5QKTIa+8z5uFmfMkQZgT9gLICwViOTI+l6RdkO4LZX2+kD0u1YE/BAa8EbWBXTl3c+Hj6YHzR38fjapIxJbNmsKkr9Ax7cvTpoi9ISrp8C+K5HcbLM5koz0Pa94ozXuhLZFtlAy20ISdJVzAleZuIbr1KKtpkmZVLWPvlRHo8JY8H0oMwHbwlSMKok4c4UZ2SbLmTMq5j4XnUdDjHoO4Wct++zzuJGksuYQnVuSP9/MQ2QV40mnpIEnKtCLfMERBIvDpeBQ5JddkmzqlD1GO3pc/8F/3PDZIkqleKB1HutWc5Q6XxM5dqqa8R+G6b5uHM6mukN2xX6RHfbAxxi1B+jFCOE0v8CxppkNzYZD1ZlQtxby+I/hdH0JYHIKKe6LHz9joao5qZbpOSMo6ch1jhHvSTBGMOC+fG36UzFok/aDQX4LT67mtgCw+mCw/C/xuY1JBKGGMkdHwknvLRUcimEV7i9Ic03HTx/kbF5enG0kYNZTDBHYsPKMhdlpwQ7lXolwlB3fEEBaB3lQSXQv99uKn2IBdoQd3aB27Wzx3Z+kcu7rHLhT10je/yCR4jejwN9Z+2h96eqhQ7sO904utpC8gDFnsVE2AYbgLPmqv9LYmIG5FAk2FEW0/WMte5ohmjQTAC6S01oUV28hiITHXaAPyQ8wbrZGljmvmRDmXCYN0T0G0wnXOBNR2JAKXNK4C0Fjl+wcsowYuuKcpUsCAJIz+qvZJ0pzaV4oa8oI+Ktx16x7k1ZQpTTy3j00ZJMH5JOqOsxWtcP//dJfC5GDTciEegdcPoZrWlw0kHQVVjIqWLeKox+yELivTC6/w0DKqNktuSAZ4rF3KhJynT90bskaDMOolSM0ELoF/i/KBQgiHzkvGmpWKgn0zbarA71PWtiVcWpwdbOCYGtEosn9ds5hqoL7hLlh/BVULlSrDAlRV3M2iCTJcny1zAdXO+6PGwJqMjXIf+RATpY/S3KKLcdjx/jIxI88MgFjPRzJBDLkFJYrA3TP0uhOjsEoFyr67NgiGSzaxcUBHEq84d2FymG3mpu22v6zbqolPMmR1vVIpS2zsQxLtiiFcNMnamQNE9hXpg7vC8NdZtSnkDpxQgRAibMLVgxdtXo1tz0NONtPKOT2KEhrlqzYBLR886Hkoeg9TOxl4H0LmDi1CRcU9pn606PbofElJIf9gSl1ocCaR8MvVnBRdMP7GKEWzqsQ5cI4berJ65nMGzYb9OSoCrHvhA3ZniifujWipbfmp/nGZeB4PQSKycMRGqGHr+KCmYbpKcQ7a6WPOxPFvvzGFvI28WMmOiAtsFx+1Ymbxu0vH/2kigEW+NiJvySjEm6/BsTLtQCeR3q+KjeZhoSNdnYlqE7Elomndu5UA+li314SypQQbuUFX6V8NApmpGvqwsiDXc1k/9TslcNURFbPojecJ8Jk7+Z7/HSQtydD1mZjZ/nVQLMTp+tTmq15ICcDjNTgB+mj5OSt4t27MpQZFYEC8iaMMX3yWA0JZRsd8QbvYjeIxFrNvPFNawDNVzA0ZLlUn4XtrukP6HrJxMTAzX7uIl35JqVVD6RBC/i+dEA+bBzjhb7XiI/Qe5LjChLlmw4/hUdt4N+Y0NCTQVbYs3a0J1snEVKHAAjOUK0shMzaBV7gvGSlffkt0bGMkIPbW43rReQZlmBYn0prDbMwIxV+D4qBsvrgIO+Ch4v2ooUq0tT8rmKXBeQOOOLm+Yeiviz1VRnMEGP+jgoz1W5M8FKIKi1Jtpen33poeJsw+g6Gw4vGXL0sVr2k=
[2015-03-07 20:26:47] Phpr_PhpException: chmod(): Operation not permitted. In /Applications/MAMP/htdocs/lemonstand/modules/cms/classes/cms_object.php, line 86 Encoded details: YGD0IFeDJ2hn1X5DGKPCQUBzgHSf5UvDLzlJunwZU3LOGPqgnNZQiZDKVcxG12oRHoKFYFrHq/8BCI4gtgl1o0OeXFU0y2knvDxdy/hYmMgskPwYPNL4FfwrvuMsrIfFbraxDyex84XkkNaoO1VURi6n0UoWaWMDnM15nmo3aCK0de8/dx/tHu+5c/dD3VVjinEfU6r5HA8bG4ILJrijMgRhCIjYzJOVFA6aXXMfG4kLtegqslyfThYPhcbpQ84vYQxtJWdHLtB47Ws+6ZFKBsmzFUdJ8yEXLEhAcykfJ9p86zPCeuJmC9mezE7eOYn35K33UyjLptJ1nLD/u68yOvh3k4ciuhfTwygBSDdLXpBxKDWQsQcoA/ev9FZ3uOpNptD8ES0c9NnmDn1oYsA+386aYaoFggbuqqOcY5D6mhDa3uiUbtQMzSTYj8OLkvOQKuYjxoBfj0DnSx0juYqfY3JLqb1qlb1tylBNO+tTYxwxl1I8wlosxGIMhmi0bda501y80fZX4Ga/dgof1C9qvPsS8EZXElVSObKVmKYPe/OpLobmXQ832Bu4zh3PwYSmH1F9qs922ICBoZGfPCalhpqACgYGvwDMLcePjTBbRzL87jDhOtwnJDk/NoywTCyN6B3+5tyQJ4pOWta8fhPkLB0gY0ZlPzmhd8JBoDP5sUhPU0w60cse7bu6HrKWMZEuz8ZY9T9o60yXfwSOFcuiB1x88yg8cLQJhyDXNkwNBP4BNdoW4HPxRqHjnFD35S2qcMDHlP59+PC6+in/KPbyT22W+H3yt4hmZyBO0W6BC3cmz0FGxLaNn1WzxMs0ZIkEVk80X2GrvlQlxZnaC3y/ilkC0RvnGZuH0oW95proDh796Zd0zp5oZ9ks2rvi2VxrgZTof+tipS9A6LsgXUtfbwFQRaG0cINR1BqVrmDOJNZ9xTdjYK5aqnfrQD3agrAPqQMCe2bl1QrV5zaKuMrCC6km9AUS5lCuIYbbDAwGxKwFNDTb7gEhOCmrUKKMhePksCMtac/ZwhaydQB/s4EoyLDJsIV9MoAkuEZmQbaIplD51aqgpcnUnF51Qj34tMlZcNSoeGuZE0i/laQoYzpPVWBBIzuiANIey7kM4+udJJGP84oplqYb4EtOOFVEkb5tcn1KU32IswPErRxU2rFLw6otzowUPyJivJnY8cXhaEDBwKS1TQBP2ImySvV/qKO0Y9FVquzOJbGX/JlVEgkaHB7WCmUr2oL3uxuRNEFRkJOCBMjuXbM/Wt09jPfY4tXH1ahqX1WwQTqRphLL1XywYVn5ZTZ67gZ6ldAIjUK3HdkYWhgQHr0Lot269a1WYv+5NZxPI7zdIvHGwVACzMoU7hvnXii9P1W/i2IlqS3IpIP1vs7RliDieUkl6u7VqLZD5+56RqHVXlXkKoF+Ru72pnI6LmLKHp077lWqUPgo30R3j9Oudf4vbPLCJrT7piFlKlrDDYHHYlydr5TmH7ep0PZWbLpFvhPWtlq30K7F8AxMaI0/6SDy+SvL6au4l0ltsbqrtvvjlXERovkdtXc6AYU4ae1RQJGUTjBB6RKjhcj1gS+6IHvjlLXWb3euf9+6OAVAbs9rBGHqoVtxB6hpBAE4LPZ1p6pvQebEf2uyYL+APU42lEiC+KtsNGaauqLQakP46+hGNsQWFLbi9LwCp01BaNzD+e1ylpZiAu77PMVQaTFDuy7UacjH8u8uXkGU6a5O8Xb9RxOOIN9ybJRdzAFc1oVUFTkEt/xN0NmUG04Etmmy5gARA3NObfIDKIklPie9EQCuBixPlE3tr8xbeTYMqtYwHrbh4tpMuRUIcsLcGoFbczyxzehqLNnzby2DByKpU8lmDGtEYN0pCBSbUEixhKY6WoLcydBdLDtnrjwrnkaHD+Zk1bGSAa5Z+g31i3VjvCHLFnrDr8d6nqX1/Dzg+2aEzNC2kcJn/NuQu7Tg+qetdkh000yQMYY89AhNqZWgMZVrzXVMwVon7qnqvEwod19eaAsKY7Jk3u5KsmWq53IZo/nbq5ju8wJOBbtGx22d2dP6KUN6zxNa1D9OCq86ykjneeAG0fS2vAPssb9UaWz74859plKJ8UUU/UQvna038tUfkkVJU8bwAy1jdmyz910YVRWtMHcY+HmkZabuXxkWe+ynFzkoO9XQLufUxPxsfb5G5TdfJqXMfaF1XCiHcshtiEjCXnd9OsZv2jzS/pxhegdWUWEKyLSVvQgfszw4N/1OzsCwsaBjTQRqlWWx704+kq3RB1zge7PkzznSUSbTBivKWLYiL9UXoADq11Hm0PILqqSOu5tjvIN2iUjvP73faJD/YHstaD/7pyIFEmru30cXO9RO4sHvhyYzIGCrVSOYrKNK+sKgA7jxgFY8T7j8IfVWJ5HEHsavDaAe/mN5u/zVHAV8lCO85YnlOq1m0l8PBFhxsMcWUvWbRFi60VqSdbqLIOjvUv7+YuRH9EmRbtMDPfOo6auhJ4Jgxr9qxwHALsqHUZF+f3iPND6yfN6eCpWr4NQGkZpHVbirtAmH7a9SH6KcnQ8Sy7rV393aCOB7LL3amgFT/6qLbyWVz8hAZCMW60HmceSOyaWVfVi+xyLEyg3LzR+7z67qcbanYdUcxwp1J2BtZYI1CDPOtk9nh1YEmXPtm2R28TlkUVYyiLnO4RBNyhlL5C340+SBXyV0nU/DkXX8Zp1gtrEI/WmNFMFz6rtVRnx7Op+w9+NYnjl4LJKjAuD54xlPCNLM6Y0XEH+44l4B0GicdKnveGv0aZRli9arSetKsYUmCuEDLihsUV+k6IEyYBrF1M9zJj5JuLv3GGPhMmXcrJCrVXRAiPjYn6BdcguxJZtqqd7AB6VsrjxeBoWFMwvUl4MKK5mAVZCmIN22AvRfpAwZMxkxQelmxYpKn1q6vXngoOAufMg3Ea3U8q5WlMyDRJk/YB29996r9iqWjby8sbRQiJjaSRWdTtaPlbDFiDOahbYb2jMFHRwb7jVicvfRfKZfRTDe7VcAL+xfFhyxuVERXFbf/m8RKVUM25eYkpV+oLgvO7tqECTBj1rR9z9IBl6JGIQEMIANNVRhXky1xwy0IAVP/xU23FyOnx7gKa/To95RsCc95/3rp2UnfxT2sNynMFcrAOKjSXKiGrEaw7f4/8foAy7P846AoxLfZN/cwGBaH7ff0rBkHnyx1sfyACv63APhukWKZhh2KMnAa+x4w4PxHfTFcPqZG2Dkmmoq598ukSgzDrmIoEFv2+jhHm3fOwWWTtbZKqj46bWW/BrmtTxYoY9cZVwISq3LahDDVEorjcOBlS4XddSdd4DSKVkh7fxAZuCt8r//R0A8ElAe3tyJ/JVw4e4Cm9zOtacrhiG7ug+dQQoSL6AZNUT28AXUX+zYgAo6JE7umnv5ciFMXYeGJ7u3/6rlllClhC8t5Eq78Xsy6Bp62S3+3flmaaeHMyHtraB8APBf1wV9+bWbMc2PSBrMumSyW5mbiYKt9ZQTqY75/PqVj5iLAJM0wnuWhAwddfuaBvfY6vvXM4cBiZO/Zr6JKt+Lp/EV2Ft+MW4rtqAQA1iZcM4oStiEwU2bDcxwFSX5Z83Yg7LPamnXo7ZQQ8t0yWezxQxhnJAm4gqnl6wsquEsen9+Zn48AocIHpmzUCdYufp3OEmVbzysAR4J5FRIUePokUl9kfzKDG4f15b3v8jScXk7R8K11vmLHjQB3dNdbtQm5lMqIOA7mGFsQolNnTSsiDkbdgOZacsqUT3xpjFCpEPopMsUh0PtDKLfUmi4buLlPxYIob0ed3N6Dy1WnFJ3nAWJwmOAINpWS0SE2dh60ISzCYiDtj1yOFCjG/CZ+/b4mEOS1fs4clbcKVy3UCU3xnS/xzLui8uioPVrso7z9QdUf9oM67QdETQbYjUSq8tkWqbbowr/1y9O8yEYok+H84sDygPFrw6JTR26+xkQAICc33x0ZZkAjeJnvXWhbbPxggsOMcYVM8B/1gvIUiiHXigeEkEvnm4az1yFu9xDBadN6Uy1wo7KoVLR9b27ilYCbyUOXWnBEDiAH5KtrCavlVMyzeJwoKK7ze/iXC7PusCTf3oZ1t2+TQpHenXpxUcXEHdWvxU21/XW5Y6zJTELNzFOpG40XPHk6VVRLMLeDZPV+3sXu91O69Gwk5ztK+vWYXqExpgf+cLkL1sN3ANaRVuj1r4phlkCQ1NfI10mJARuxaX3JtRtvawVJf1eFepIKmSUCIWGAwsSdpK9nnkENjEvdVM3ZYLPdjKZHsQ/TxDN29PdOTI+mXigaSkHHyXJpbu/sMF4dRtU8uBcdSleJ4ES5FXH4U1+lMtfZoyF0lfYmc5y+qSv7069DQXfzcaaZ1Ss84yveUqlFNwp5BwM3LnZVxDNF73mQPo/aeujDiLlrZzNRa8xXY0BgX9wqo45fmGlw6wyOeERvRZirIRfMyAVHG52znq3HmiIwSAOhpwfN6GGZUfe/m0mMR79m9eBmk+aqstiIp9fIRTxkkPw5lkwXkDeo6g6rxPiK4OFHd7WS218ZWRVbvAMAaK1kPZH/iMCu0VIix58SRY5ufNUO6IHIiKM/3LM0Hf9DmyPHM+UYHQs0SkUyIFiMllMKsSFMAElJ/07hwEhyvepnPa5RYEHpid4hBlpR4dHj1FO9IJMProxffVEBHIM58alSfaNz2+v23CliJsdQtvsZ34Iej+ghRaEUKT75uWUDrVcarn+IyZTlMDbZ3KH6kLSknaMZlpT2Mp1BmDzLbUCv2aNIsKEBUTiZ9XtE3FXygV9Pk6AyiZafK6J3q6KKJ9EXkO2TMubaTzZl/Q54ny9J5muu/5Vmn0iJhaANK/6eW/mge2dwK+Ejqup+vTWqUDEnSMsE1Q1VOthePQ26qIa/9cZ0R0z7KDTJpQHs7D3QGqQQmNAUtSvpWRdv/uLoV1KfABvwsiOY3B8BX+T99RF2S3Mqd0FTITXnDsCxAejiVJqsgwdFVgZsEFjkIPtpk8mymr7evOMGCRPQdGRI8GaBmQFig5SV/jzSRoS+2KqBVwPqQSKHYuS56+PziSz2TovnDnzZnMR2VbeSR5lbnM/KS1+Dn4YeI8SgPGUYGkd5ypCUtT9SQFu0AZ26rRA03Jo06XXbFXdPZGk46lK7ioSqYs9CJRLSVB/ZwDGGRw/YSRowc3IA4QfyF8/5uvhWOJRk+ONeFSh8dyIUzLfSzqXgipTAf7QMK9r5ZxKk3OB3pkNyC7BeNy6/7tLO20RGViBW2O095jIsKstyWjcDE7+3HqvAveLSYmvzBZNLlYjfSvum1dWzA9onCgUPY0Uv1Mt+nq7k3hnsF+7b/mRxJ92rvVP1V/DxPTtYyZxccVJPhkBDf2yDdRo5Dap+obssSXXdBtjtxoEwDLcIiIzfAGlMXWoC4wYQKgc56rPOk7Tj7uUQNzkcNEsaYHr+U1+P+jw28jImZt4wYIBD73JSVFRvF8mC31j0OaYqSSxlDF7s84o8xGCr/yZTe7D7zA1x4T7rxCbG9oPsVke53efl+oeHvEn6cjDlkaFs3FEvTYXLPEUhNM+rRYWLY923draF47ynvRJG9dF3Xdn9/pqL3SWPrDhOrGYr43NjVRYO6opmexinZNb7VBHQS4L45spyQ/OMRFmcUn5XS3np+Zo4s6gx/jDFBfT6sM3t9wEVZjoCXf90ujerJ8C4r/uYMejbpM4vrfL414RjbdBkQ/MSfO7UJj472wbQjFMNGVcv7Os6yneTXRQnJxRuTIUobB9UUJjxuNyUpVrrmHEz5yDhnS+ISQPchqmtsq7RZQY+noqDGV/sutBZqXZggbdcOC2PAlC4Y8h/rt9BZuDB+/JKbcoSweTnXO9/N3EZcy5lGs17+IKf6fH8iGXr6VdIlLRPicpn0UZ+TFO3wgcFI1ss7jKy1mqnS8USq563zUuFRJbD3AHGNvbzqttYAiyQ94fAaNj/VMk5EpawmK4LcOKci3W0NFVdJ0HiVPrrd5TmTXtcOt1hZmMhHHOZrKltlPp5OUIvb8x2zbWVXbI7BPJuhBl96qUWQChmCbIVfdjG/yrdbivm37o32XSpp1SVVcxbLnAanqZHMrxcbpoqvezh1z8c8f9cH5Mw6+y1eoAKYd0TQPrWPdNSYtOlgG3peUE2Nc6DzykoHEC85JEYGVJvRW2TmUP9ziHXW6pRsQMFnG8QGbMganD2SM/CPObLB2JTKTsX/eAUVq/3PhrGwg7zxJqIL1Ah9oo/ljU6kTw9mHFNLdiLrsouVp/YxoxPGVx3oeXO4SyTzlK5MQrqj48wVManziWR2a6TMhddZld2LihxugHfTpSKXa2Bga0pwKRk+e2m2gqvVGVXrGU30YOz+uqiaF6WKAagj7h7gGaJ+Av22qYJUgA9OJYxhuNgzUSV/V/q7jeLy7g/43MA4BS2j0/J4OmKnkrRMHxoTJ0idunGvGdt6dtur4AQs5AybEJRx9HQqxR4BCMSWbNA+rYzXSZK8qJAcnQznVGDvxxIsIrhHe+Rkku6mo/8VKYNDWuevXjtRf7U3kpKybaJS/Y7b1EdSIsNGV8KXWSLUxltm0i4vhoHByjzW9xbrvTggDpPH6xdcOFg4nBZs4eu+aQZ/6j2qpZQJpv1aRVmWsSQb3/ehzCdMxGhxgQUP/+722ZpVJ8C/SBKpnUGIBTlx7EYTp2INLCZFUDMJolMqnWrnxQUJieX4EKU2fAsy3etaYVa10eaXEKOaqRdKmlKBkMxnlKxC+hg+sI/5+JyS1fdfgdV+aXU0xVR0ElYm7LFq1+HsVYJfPK42k99mOc74f57vTWtKBUbgv16tt40nI+D4BsZT8zLQfdfPnYFocq7i92P4cDspV8L64Gnr7KL4QyQi/XmC8zpNtOVUWDgQQkQOfkqsetZWr54d6BxeTTPpXYGmzWbWHPP/V4wYwuWXrHjoOLzTZXC7X8nwsGUuAfTRmRXwM5KQMvWqnCeF3YmyIr/xGgBfSgZhztHkIpdbLhQKIOp3L1raz3ek+OqP8Uf1QzM8qLcGESBPP8F3FkfF3OmsNs1SsH5rP2RbzI7bjlnCEBxHt+Yzbn58om/cawEriXezDhk3N29St8NlGpaRUZCBZMUoCxtbSowiNuYnWgaAtF50h4MSLrVDn9C381F3h10pAwU0wFQ9ItlLsVe/Ap2J7Cup20ffd45lGuo5cHfpRaTsK0Yx2i2gKGWvOPMNKuDBkYbBQx4nKsiLbuLSLYT3JkWu5VfHDAtGKq9Y8tiZItTJYVFaN19ZJ+uT0ZP2hk/r02RyRvr1j7QqNJ54kAHBzKyqLqFNO3H+s3QwLki592HmLKqi7VeB6exQpq0y7t2WBoM4IwA9ABMtgDUqhxeihdZ+e50rq8zJEa7yAXCM6Mo6ofwtbDQUHd22eU5LHDrOJBgUorJWW/ioBNd8ssop94dxaBzPl7FWV8By/2lAAAyl+ftKetI8WupomPTRahekxGxXwfz8krVCsw5TQ6TN1RmiSd4K94Pf7QMWtCYoHxUKzhLsR7MW90WENeQdXz7bJIW7AU254Wpr0ZbBrVJUAwv5/6XnMybXKk3GWMx5cJZMXrGo6M8416nZ/i2jIJDCWen8seZRaihpPIibrhY4JC8SpO32Ix0rMpys6nu8gPpRZeZ+V2MXNWoecJ/4M0xSdHbEld0fJn00vMjbt8YlC/sRxQZCu7C6Y3d76ACpjWLi8v9F8LnvLqm2tw8XpyRjjy7E5Pp0uTheZ1hunQ1DWanQHHXC69Gw4wxXCqcami6KPfXlBQthc0hHpwFMQDCRaZ1KSgL5j2e6z+CH+i0Leq2dl/SWB7ZQRB03622Xy3tTUgKrJEE8NPqW7tYfezb0osmxx6lm6auvVk3w8sWrfgg3D6tsTaf25+6MWT6b3HAk9IS/TyE/rg6PXUnc1gzBEdkj5gnJtHIAcrz/AmG/S5GVgs5bAy1N+GZwkMFpLYhKEmFpVWbkLYeMTgOGVdqFFjiupf0Xna8kdDzTrHEUogz3qBb2O6hIZhekgxVMF/j0ib+RQ1FLvW9QnkT40QA9n4IT9YvFSjpO3ehrqZEcIjDcuIc6tZYOqkjQ7MpLHorM7BWlvwTvBizJ1v+ZM2bYp9f2TskvKajxbgzlI0MKKYOrK7XLrPAg==
[2015-03-07 20:26:47] Phpr_PhpException: chmod(): Operation not permitted. In /Applications/MAMP/htdocs/lemonstand/modules/cms/classes/cms_object.php, line 86 Encoded details: /Uo9ZrrS+JGieTQWMFOOo0ObiGqy0NbXi2iFzCnpXcmG6ldrxVtBmHv/kpgVbdZmZ4V2eZq09legAJmaWwMEgiofRHbREIrm6YUaZr779yZW73nj/ffG4q7voCIWsnj5HYVoIsQiU06/vwY9qNhkZPwnMs68irCE0vrLX86tPBSc3XXWgkGE1xkOinSHqFj9xEbfvOkqD0EPu1pil+c45v3qeMzWwCGezZp8AOIPKA9bichyjQ4TctIP2WFsrCsjDpItSJ1loGVBMVv2aY+4oMsublaZOF7dmu8wl2xuYsP4gXfjCpmBNTGQKrghBVxCQl8hkC0kCrboZvFMoECxFZKZY9RoD4p0oJuAoVTHt9RKuQWT39O+Xxeyhn6p7ZeEX+dW2cDNa8HnXaVO82r8LyQSW7mXkdLt2K1JeYVRXzZfMWPRaBzj2Bs/Ckv2l20gXsg5a5YTx8UtoTJK+rEsw5jgw9JtjyByQSnnQbszbIDAAXbPI/mf5i1AJOsE43WBc0YW/nM/9xOWmTMRM5Z9Xx+rjmnNtsanAJWAuosEiKniqbmgWfz/p8AVkGzImCEi2iGWtG6nTJXPCU3zyrr6b8QGV6grad0iD9JjzNHVSCo2mggI7Cb7Uv7VKrh5S2u4NkztJvALEzUEI+IQiNXVoHMh+NrtQ4RdtLws/nB6OeAJdGcTVz4ec25RL4r9xeeLWNCZdeqR+8IZTDdCFr9jdOlGO5vIkoWJLzfFMjlT4TrC0gHK2yOSINl/lkmDc6kAOxuq2xrpkv8rTVUNd954Z5ViHFJCyT9CAbLyt0FxpFJEjUhrK+OOeMrNkWHX8qjnNlzgXiyKTvBgVkscpCSupU/Ws7tgjLbq9jRAxoi/7LA7KUSefATf8CtVpR8ThEppacwnMSDEe4zLHNj99OLRPUK5ECYEFbYK7uyfBzBV/kdL5U1J2NnOz3qgC9jkurOvtUyCxjaMdTCz6Siz7zVp2kdVIHO7AdlLF17650JD0FxMKwGqRlg69f6wKwigqcmWixUjTTZ4bSMmU939rfBxvzCs1MEAHRcEOTDMep1ycoqDyFpwUD9D+bxSjL9FYd5bDGdv3LhPHV6nT3EO8CLKmvu27hB+y0p3kMnu933oR8TMTdM29Q1/i/hEC4ENfhNI3w0duywrI5JhfAtIQQ3fE2L03tvLegIs/7tIPmWYzivtaR7+HjlP6oX40WPeiWE2dgk1hzVVlqn5i4mdTVOOCdzZjzCZz0Kwwamof99VPr1gXi7vo32omrfBA9E/hUKU1P8pnvUXfUjSlUiaYJ2qeKmm52xDh8B2qvgpK6YJoPH5f4c2lDezMg4RKR4S8lPs9JzGodKxK3rwz9a7SCQcSRfHTjmWYONSmn2QZRUb+k6NgQ6ALgforBp55YmShE/DwtE8tr5j6br8LSZF+8A4BVMVkL/2Ca1pYpF0Nkq+0yAaS2OBby89yQwcWl8YNXwISfXx4Bj/5MN/OpyOVqNLqhHbtAS5PK7azcm7RLBRzGebjv7X0FSy8UrtEDBgdxs55Edy/rlIq5kZ4+19g5Nobsngxt9ktFrbGBYLwBOkwVJBXpdERmXkKh0uKTprPHSebwwU3VEle2wFjbKwcTCcZOCRPvcgPXDQQOLC++K3Y1m0vkkPq2QUfVy6QL4xmMdYBjqlO6hhYl4meHzcToAMl1NCK4oDQ1nOqt/MNAl872MvM7mrNttab10M9aiTrT7IMcyKXVzXpf1OCu9EeKyNlyW8Lt1VK7pKYtJMSJZalUXpsujkAi4IgfD0dqPlSZCZs3o+2xMRAuBTY4iyD9E5BODQFw4FjZ/NUQ0qmYuSP9haQN67vAve50C3txhiEAMdRFkFG8yxsqfQbIGr8ytzZOVdzrahM6d2SUKHjiv1yklY5rVvo/FIvBmx/5FEwCAJZ/P4lI55EJoMAjcCbZIYnlQD5vOGBckQcsn0/0wy3/TjvNK9KhogOoScp/wO9VK5JduGNHx0tUBfpkGVNIRwDO4Wj9hqj5uLCLDb6oyqoOKdYZEwYSEWEdbJGNqIOLzeqcnwCJDW7Lic5XZgeHeqR7Lg5PbPyBtNdQ8fy5xLfSmzfmcHWZDQ02A6yrN4pXOw3p1+jSe5Rr3ivCdma5B69bVinv86+BUJs4PyhrIaB52NfB6yckXA1Fazq1hL9jkAnGslfkAE6S62JodGMW+4uizB/f0WqRss+2WvP0q0En55Jzwhor7kMeVsJ/nqDh8EAgdrKbeSeEmYgOvSmPwW1bz+GccKYR7b4BLEohqyxf/KZF7SeyWGOHDkj2/HRlOvhvPHRybbTMyOMHhPdCo1r0UqGZVjKLg6SC+vZt7uD0bv9v1Pe/cYC7Oolsht49G2zUbi98qenE+5044AIwBBEuUPJSkOuhazbOY+aJ4FWGKrjHRviO8309Xy9zxGAysR260m9rdOmLA6hOZmKOLzCbyhp0hbJBxVg4IwRy2xz7JaVuhgKV9PfgASGLZJ9O2a55l3Wb/pQ0bLiW2aq9/zPcfhqNJOL28IlWxnsHSBLyQEAdRqrLkGljiO1iAU3VnkToScttlr1g7EDpj0S086lRll5L0YEodKguqdGx+PeifSWbe076MY5AgGjGTjLmKireWyoQ/GaGPECcIld1gCpPxm0D24xyLKbWAXr5/Yee3sXHLFZzPsayjFJt0zWp1gcEZ6DnBEGgOoUumZtTf+2tVk6MqypAZEtRUCh10PydfdaMuHZTAgUJYZdkACEee4DR2HStlda92uVAIHxspv0xPd8s6zr4ADsHgB/GZ4fUlqKYKsrxBdpdUyzm2awHs2QmOJFa+dy6LVxyJyuDNqsCRpLbvb/d7EfZLvT+2+rR2XAdn+EilwER6yXFGjSCOLHiJ8NnS8BLgC0ylwpcIqHkRY28tKme5Y3g6shRG690ut/itSHmgs9eoWDVC/9scCxAPnYHk83wz7OkxNGPdvwueSaIfrbr4+q0PoGLynxsBSJa63nMPZjwa7KE0IdSPXiyfFiIXQEfJz8loH5s/+KQfgNtLx33CDOqQ/Y51rSIg1X7br1pGM6R0L+Yy2q3KfiGH6ru8c2Z6AcnEDjdxYTy7QngFxWg8okTLtk7tQrNmq9OAikEzNi54HyULUtGNXhCsgw8rfV2qwHRgXlSwCBQiZkmGyp9NQstz0KKGDqE9otiC214qmfCqk6yeVgV78naeRNE8YSGZpK2OJ+PmPMgAE4284IwKEfg0bHzwxx8xGlJPFk+3BfmZp9VwS/0LZOK5yQrDIA17buAQAqc1UDSX91fN3ZgMVjDg1Ivu/ybWJydkeE8878RsDPxvLTPP6IeqL25ycRkNjy3T5GhpROsFEaTRC4dT8SSS6+szyKtNKzr9J0FMpPBLrV7psbi0/ULcsI3OEFCeMPEZrFYePZWp2qjVTTuwkWaNZwwgN/Wtn7XjC2KBDSqfow1d8fHhRprvUtW9g8GGLJVcLMj2o9oNLQ5Kk2XzHMS/imAjui6raK4l1NzEeZnkrIjkQiu7x2Q4vwDww0zdvBInggEe1YM/QIze3QChP4Y4jiq8oW0LPmShkbdv8hOJyoJfB3il2uafHJQYhrpJm18FVBED/S4K6zwlikXdzdjHumqbaGjoB6M+JldDoCmLe37EWmyZFkaRZ2qTl1IkNatEn11pbWyq/ui7shWz19akn/m0tI3gyy5Av5FCpuIdMAwZ8bnnFz9udxcQYXmbYu85lg86jUVLyzL2/YITzJoUzo/m9yodDDvgdQLEnqhoTkIhcHDhRKze8VcwC4iQQHRuNhRLpdD2IbxPoOo727zoaupXLgLBd8GoPRpezS+CDz+2MMxm5Gc5tW83/FEV5vThwYM/B/svDDCZVCvqzfJTRut/jBJod22E8jSZpZwBXNKarq5rO5iHk0SpdB9Y+qkWb2vaeMfWYl+9Wm7u/aQEg2knVusY4DkKKTnVouLWycPjgn63Vn9P6yILj7pxLLygcbh0HbDRRhwOyROFT4eafgy8L5Yc3ZcF+fHJ8fweL1B+HQYZb5HtgucVWe47NPe376CqL7cn77YEbC1aTAbhbsO0i4BFXYhj1EoWk1YeYnT2IdeFDOfy79gAjGur5Br1HX9EYXRNbZ2E1dkasUdQOPDTP9611rMgvxrtj3kHfweKOSmiBRYQzWcY/DnAMnFumqjomrvUL5B9UQnWtzyEWBvcjnTnSQALI4h4bJzxfUgatZKj4As9VL/+bCGYvkGgnfATwdPrYdNgd3qAZrgY7Y0gMaGbMYewxxXMEl9hcA+02FEnpt+dwxecVhfCGWw3TWwtrRtGnTR11X83oJbTX/pDHReBHVbNlG64tacWr+qTA8hmzski5wtc2GGQ0ffHRu5t9ABeKH0y8fOSugFmevciLjGJOvwdUvnkE8erPIjMQaqLLxbPYDtLj+I1QUJ8m/yw+o0QkBr9GB6Cap/6CZt5Ca1OT1lD70IzQ/c4H5I6K3FmErzt6txbOuBxIdvtJkYvUxG4tJnIHpFBf6d0DFkvkVsm5dvhztu/HzZ/WVK0G//y4J2cOQI06RR8cjqkaGFugHyl6okWHT9GJlyzX6zdx0I8GcF+JlNnkmO2ODSU5IPZ66ga1NhMp8iaUKlKQcCLU9aJyL5Sh9kGGApm4FJpm1Ozhix4yh2Mud/mGiM1SNQfZuEL0T5g0F+rbwerXDfx0Qwvj6GTI5xe6yHkFqfr0FUbkIWEOsEwSqWG66qwLAfd1Cq8QbkNcCoYlx8PoF42WSN6kl2GiK2pwGtCkFH230+0jK4H7bAdMuy4PgNDh7iK+4EBiJsiie9017vMkCOnrCaWXmTh6P721eMYjBTQFUcbeQTmCKevVn8OdLIcUFhRMufKkzMc7SEaptgaLXAL5qDba8pPFKWi0VxEhQOsd+xzwDmU+ssdNlF6uVfHiwerBdnhUjX3iInMoLYEg2T6NMbXF4OBgcCGfGsqy2CZzE9+FfHmkkIpe2Wq0F7PKP/7OLFK6yd9e/zWjNWQtN81T4y+oxFQ5MjiUvq8SVH9VareHCW7LJdWIJLBWFetGTbe4FhziDyCcecd1Pc+ENU0aOX63hpKTRimw1YHfmj8OdSCTp3KSympqhHPE2u7FJLhY7Ifw+lAVYyIOtu357Ae/PPLvxp+9fuzYzfcxUEp5UAltMtRsfPG0WXKqDQh7Bq6kNMDmpUP+mOLGu3cy5/I39iAUD6CkETWVD3y+ytUW7SztrOJfFO4aUw3q5yo+auVY6tNNTYfrmFAz4rPmEUkS9E17DDXviBBBhbxVTjBxhynEjab7dzWzTlI2paJDil/8/lMsiTEi7ygz6ROkWvKobXSMqIEFcIB2STqjMG52BVQ/30U9jYzHb6FVnPPqG2aCET4Krvw2f217px10Y9X2U8Q2xFuVwqJ0us6wriQdakTsRxuMalJluMYcbT0xGg6rJrRl6rlftfqFSYaLcKqlXiwfTA4nsPvI891CSNtMow9ef+VnKXrYHTNAOHHIb0LaednRZAWfDUGUxxqViDtkbhayNsRc7pbMKJyXt3DAz+ZFg11QGTNokaMiI1q8O7TtsBOrCH3tn9vURjdohwO/U++6GdCQViYhJcvNq79NoBZ0/pO0qS9pjVLD6GqLenEa+ZhjAiRg6Scjtlt6WRHK3Pze7hSDylKlmI+0QsDg9bSVW8+32KTB9eVFM0FGfUZ51sBGG03h49S0d5nZbC+5iSx4ybv513dVHz9lUG+AcEArGMDJODvqoa4CH+kOxRvf+ODOxHsoF1dJgSM2ci9KVSufJXg0u6bIsfuWpzQUh2iD+0bFXJd2Aocotex6isanGlhQnos7YOnZdE0HhbsjKhxywPnoy65T1qee7Pa3WUbfoJyIaxSNthAMcsNYfwL/qvJ6+GE0+XCvQArmbO8HDgB6UrxR3IgZqfg2vTac7m9EuP2PGOtXIP9DZsBtQ8o+MH+BZm7xhd7E7uHhENJjgYk+l2SFiMB4sGu0bGW6uhlC+D9UBtvmT4BTTjirXKoi1GkEniEkzhfVJj2h57zpApizKIFZiITZjNXwjGrcSXbiMmSMsWtf4Noekk2thxa3qyquHJRhP7m6TEl9IN48yqesM2SP5czlJtD1ygzcpZhYeQZeJOvtctOORxBo4rrhHKkv5iT5/x46lOA2NkK6WABbD4+999lpApqWAJnY3eAxn/mriALt/0AF72exbkL04Fj5vU2Sh7EI5Pe5OVzhGt25QRteUX27WhNu1BFrKeZI39kDzfmB4X2w4Q5yi0CCt9GHDmegppI22wCztIhOmBC2nHyobXNiz2NWr3NzoPjqsM2FsFFkNoJ4DsAFhuuOFBrIj/sNz4dshLv1IaYJ/TKZiQK1UNrykYbzjL/Kf7NICKPMx34VnAk9XNCSRrQxDzmfP0woiYneoTGAfNshRlFwdrOREyGFMxjzGjZhNtGv/MysvY6jS4hVGy5zDhIhjkAQ3SkAPVt/b6W4VwEqf+Q6NGYOBCEkA1o+GNQVDbo/TOYCjLEdHpArHzUbF4uL4/V4aYmbnDGO647P44MLAz5ZcvvSSETXhRra/Y4ZTQbhr9AO3ddW8Q4u/R31r6RLOxdO5jlU6EO0Fc2hJAHuOGZkRNoczT05qu+UdmdqRF0CU1n8hX3tvxoiHKX5f5GypB8Ei5UT7bvgJ9+DrzjSYxDZ8GwAoy/ypkOYKS8QkhzvNhV/Fgt3LEe/keAs9EW1IoTJcTrGWtbhxxcXSC8i4sTHxF2RsFmDEexy0veR7htn40Qm/wlprObMXKFNWK33YTcuAkClCQOdQcvglYPQRh0464X8uJ9AVZXNK8D7T3u4oCZUBl8x6Cm2esWCwfwcJeUR5MGyeISrrZfjlDGAstXPWOkraDXCV86R4oLeFtD7Or0RD3qRS7TcKXR1LFL0yzaDqtNfXjV0eYifPr3drvh5oWAH5CbymYFgI0m8U7PIJPv57U+B4tFqkcMrrwpBKJCVBpTCRz1jYheJu7vUwaB743NeUThzrAu7BERhbpHzweUSXlQnJGewhNS+UujcrDJVATMySbdSU1uTKrSg2eALu6CkvnZMnaHBSYcwI01p4d+2CH5UT+PZHCl9SZwLcFsb6Y0mNf5jNbHSkv1P+GBzXr4jZjGjAd5sYwQxOK0MLjhZd4gF5o5gr0SybQcufS+CVJ8Ti/E7qmN5aaL3Fq6acMAswOGcVQXEbJFqENIlpGa0ERAxnrKf+xG54ivO3Yrw4DWq4kzuYUBYfJeG8y5e5aosOzNYkH9b2cLdgx6Au8M/4m6yZYJ7IImVk/OKbrs/c7WHNOmfSvtKObIobPhTE6CLeBe7oCgjDGBbs/P3hNJHRJwP+hU3BFOGZo8s6oxPlTd3PazbwPZjH2UgbVUawToZgUD8jeohC8MjPIZWd85Vv6mt9DS3e1GDRlucffLsLY6zCUXVEJvhOF05jl+fEmPvxtlGY40aZFRjNtxc9AFPtbFvD5iIgJUHG6rpqUHmNqHphGmuvUbvP0RjF+cF8t8chgQ+vMYrVyeHo5lb08Sgt5Z0Zi6DI3DpD2Akq+FxySX7h+8Oisbb/ikvuZzc3v6kGjdhc4nvr/LGDw6UCkoa86G5rAMh0UBlpPoyIxXb+vSSzK20w3BfXWf1eI7pSSLRzpG73IP9kzc3PNEtf5+uD/sH+29P27EiwQRhL1wcJLbP2k77Eo0WxZ0OzhZJ/nSvcCK2t9bdiqoN04FtWNNXun6zRVWJhm6bxo8QHNzYIrudlFp0wM00MMtMgzRSkX458tvBS/QDvx0o+MbSINdvucZ1vA0/kk2y/Yvpqkik0pLYfs7DzMNIzV1Wn8T138jAUGgbSsZ9PHnB5n7Y/jM9UQ1Tbe1F/9dgittdMyre1xz03nS3QpJZdHjugNTL/GUL3Eb3GOPK2ebD599q1CeLNOzrFMLmEIJjXdT89e0c+yd9eTN/CuQ5uL/BOks4jXRNlcDB4WNlNnpHv9zzuiW9P4RruSaHPnnsnFRvIcEFB91XMC/ZnQ8MAu/QWVIqJo7AaQzaaMNClo6JKTZX3cM0vxa17/vWGzI1bHTIOxuMnALgymvgrFPdtoddJqDlFKtYswvUyEraBMbSceHC5C0WeOlGhvb2HSB5oRbI15CAHdDHcG+wXfhTsKohKA==
[2015-03-07 20:26:47] Phpr_PhpException: chmod(): Operation not permitted. In /Applications/MAMP/htdocs/lemonstand/modules/cms/classes/cms_object.php, line 86 Encoded details: ucgZYnYdOf08JEDrIV7XmEeIavKezSF2DTJOioZcdIlVFfyMi8NBqqm4h6vDhuGB6fPwsRnmiIRurAwAyikbiw6/SAGj6RSn8+86BnQWlxlD5bMaTi4BIgbK1FhAZG4AQj1iP90zTtUY+My28oVpDtL6pHpITqI1VLgarYAD7mPj2fPw+prZdymaB46rP6XVz2nXK1VWKTOQMZRWc3fKFtMMSNoC49FlZBtMj55yWmjKHrE2KM0tZTn4q/Nla9Te8zWj6V4jZyYRdb28FahrUk+h7ig/T9u/55gw3NXSQ7bkgm2mzKs7m0qoBj+rY0EpGe3M53XruWoW++LuUTJUEVA09jYkRq5y+8OpERhYz7pJ5kA13FZVPuCOzQXDYhYE/3hKI2MKa6oWTB0HuXMRUXzewVxkami4o5htSZuGmdX1JVZbi+538uW778JvPkmNLRoVHsCyPkFuE6KnlKAl8hkVzeAh6wjDFciyDAgRCUA19SBBbVHt7BEgB6pbl3PEsYk0nRmYGGNHagj9SVIPy+Tz/eg1TSmtqg+5nV2gjBauth/m0v+Yx2aa0ilxNBrSpFkbMloYGJhyaebkEHAHSBR7aJiRoJ8LJb70M3tzejOOWPflFZFY7BMa3p2+IL0eqbSXk6b18QzgaQiYTAG+7EfhPpg8Oi6UyEnWuwrTTTrTphcRJCzgZvHQlJXiQ06g0Zw06mNeMatD37HRo0EvHW9srczkv3CoUQ8jcg18l8fApDr1N4pDfthTwaZQSfUB9NAoj4jIWkUDVpD/hjadMf6Nn4mtV3jE0v2ehHyu1jROVqTXBwedfs5K2nhZFgsJmG8mRiskq/+obaKmL8mcecdlOKkAVHseVf/dylIWF06LfyMd/LkXOrj5D3DZhR+IC6pCx7QFQiAN2E3U192V2fJYmdTZcgkoeDLrlNVx8BMvt2Xnxf+otCSJlGyvvJp3npQzbNIumkq986A0+XSAmNqYJ3zBPgWDDnodYPSjVkdYK4uBHKdeCSJ2gP6Nfr834gBXLUIqf70Q8DhRsV0r7Zh9QWy5XxCST2iAxAE2tN/ZflBy3PP64D5Uu/u86n+lkEonqHor46B+V83LH4AZDdORGG1hh+X5wCdFxZfnJn/4WLOs4PDem16eV77S2IOfJ3zoR0+JSyY6BNPZ6LYjlf9uK3AN8wFpA2G2/ztCaA1cllhR/+kpQZniQz/cumF3gcyndUh4vTGqPe2FprsEmeqMEIV6Ig0LP6rTFF9lGXlri4HDJ4SkHVslYY1PldL6Mx/5zdxi6HWypMBJbE9Jg8A1BY2S+i0unpq3sKNDqGS4+9ozIfGH8eW2dq6jF1AdqCGr4yqaWeSXR9iiasNPLYVYSjsipnal0HH8g6kvHfXnUYQGJXDKLkgYP/R2dFHwrJkyKiyYNFFV+ZAKbXmmwJUdTpvAbmM89+cUxY9OeZkE0fmgwp4EtIqNLYmOMzcmUXAZKozNB/rf30xsHLq4MP/j7M0p3n5q/w3THyiVspRIMaOFET114KKagQNcxsry2DgRdtHpjJ//0ReptUz2Ek98eoIKwiJeVJqGm073gycDVtFIe0JaiJYUOuTCEpbwoG6lO+9DoKuXWcFm6PdWPnfbe99efcBHbg34NbS3mEC3XrqYER06QFH82QPS1erSNBUrBb1ndTMgzNv5HnIirlEeqGq3AyeF0PqJNwlyQ6jVkxS45bEE1X7+KgxuPoziTIQ3EhzuyEwWVvJXQfWPZd8X8HBKawUlBCqxeTS3ALbWs4LfdgCD/gbYSp2uG/GIRTWGI5LFE/8P/KOV89fUqVBS0eylMyuraSU3aLYkoE5NoEDNaYN47NLlX/8mS95EP5RE3kzrupg1lHb4RRbIWsGhA6gHdYIRKa5hKh4FMtZ/DB4UqSziaS8jzPkd36WNaVfgshbj+jugoEVe7DO0u4ntMfN3+L1xmPIyO4oX6mmQNKRQCtRYwOq9ddfzV1WD2bOahLPW4wBMuhzzK4OfhEm6n6dCy2r7EORt4q7QlgtaVR4aKXbDaq81ZiVoVT3CHW4xqQZ6N7sAwdj8RZForAAtKKT26sJ1ltg9TAUATW4jDTUfwBTDzhOPGsHNUDFULlpM+XjWIBFtffQ+jL0fH8DOgVMYy6L3HpJHNWqXeDDx1wYXyymLMcHv7crd6SSrcKThrJUwL9OF5Zj7ZGBUfbOYFiFI5xH1Ud7234Vcm95RYCw61vd+Gdbe3h8ncfPj2ZBRm1CPjItvwy85/ud3h3ctJWSyBh2EI9J8iiqEGvhKFyN6qmkJCXDWdNKV/AqGVg/DbWVTILgnD23urIXHTEjaKJ1FIezaGJmvOxKs5IUXl23ru6ZqXZI9X+5+5aQpzVWBB/X9PC5q93EIL5QHdLhmg6b4REUBRcueTO8HAFQ+ruBkBi0D+ev+iBbxrCUujh/w83DPgY1rsFaZdUfkrFaEnGYL3RTMiSfVtbSu6Z/dk9ZIBFF8S3DKsdCuH6Zw3nGvNwi3+XzWuBAILcqxXPGVG1X85qLmPGCkP4c9Buox3N+IZFpM6iU+c8JZuy4y+boKMJyEeTDIfkcReANf+ay5niyWncDUR6DbBBgrIif+Kd9eHX9HhZktlMPWNV+bva5fUkMyL6r1DZNy1WuLr+jA66qtiOhTZJ0eEwQpIi0YndhCmcBBf3pDGtvJpr48wmkp4WHBPLg5l45wocMjcYYqL62v+5KCYJhCEQZpjdAlUOM6fEKpB9k0XBIHwUxZEwBJKJVZ71uiHKuzEMOiANXnJndjkMNOIwCOBok300i/UghXFcv+yAWXTpDPW0oWO3O5QGKHzJEd8CbaYUbigYfLBG+s0fQPQ4jyMv0XkyRYfxHwANW/L8bLzMKWylgbx+OSe8EDelFZc8dCb3oYUgnMrrW2ASFArhiRn+ty6UBr4L85WB+lbJYqNykoPwoZQZn9WrNuR8Gj0IjBlgi0JZuOIX3VwlaPCdGNkZpi+g0CJIkPjnWLLifH+40D5/ivGmbRYH5XfevneEkt1fQEfuuZ1ra07A7gRLxLQIsOYdbfleeuwzxLCZUtLWGf3ddLdCi5I7RSIarM7dIini5AoHEMOhn5WLkTOJU7SNmaFavFnCxztJlArZlOoTP3ENs3MRN7Cod4a9lgKEh1ncK/WnlWIgtYQLSKKgzoqGdxF+/fhV60JEvgAqY2Lswq16p53OTRtt8ESRFsAnRzBH2HZPHLtyn2DpyCFzA3lxXaNN1YWsllmRMhTwb3LAbbJrjP5yzodvKfB3fz0w+JCjqQfDfGwkve+VHTayS+Sh6oory7lszn7F8HhyRymFniOy2QK8sK9jkP9SNFk+mS23jeWQcX2Np9b+PFzPOB+mexd5zWGg3rZpzIk6kn08vVf4D1DWH8P/C9lQZHVxBB2bdGkE6LpdQlWgk7kreq8YqbzT8mA4S8xYHUk5cXByupzeR3r0wtVhyOcw8vjrMROqqImxGeFT1UCQ4u9k5cCPfMJQ8Y8dY6szqCJD8vYt9XbC3q9h5lDAmDjjLSE1Mrm5yWLEqc4eERiGHYjnTxwRxU2hWqr5UYFPZNQzu9GqzM1JDNowcX2lRd5fpt2bCsyWUC8YUiZqMEXjX8Ew8Vz0C3vurRaQqPj4fP0znjQ0kAJ6xULAwCCAQlOeXEbtSSDTiN4JuzMKcv65rHR70oSkcuoPhxqBIQ1Aw0s3+G3To0CmWhGidRW5ewipN7Juq7gmooHYK0eYTQjEzqWDQGAXZnCKniN5BgfMKGCkepaBKLJigXcD9A5UYWz3/v782KSQncVWAGV7p8B40T0m46w/w6iKWtZt4HbZ6/OmYfF5Q47KH8P3rxoNJjZdhSgWx+0NOUXQxcCd6llJV+L8d4bNvhlhWrUvupzIhcFN1BP7IxDR4caRcsZiP3c6OXIj1YsR4YaDgNPiWZPvaK459zSLsOYAQ7gZsMUaGg8ZQ73DhNJKnBmbB4jGc/CYWp0oGdBk9XnjFuXCdSpQIq4xAIqRONKIaW1hTcjACRDGp+MScwj8T6U0Sn3PQ4E9Zs5LzDoiR+EHeimDcrmddYe6G1PW7h9LdLayeKswjSdjbrhg9oaHwG/0Fod5ZL3JxS9WT4+5ObefKe0vRfSGjd0phEwPM/WTnIUkuFDTI/3fuVyp1u8QAms609WiQ8woQZiFfFZKDVguikZPi16/w+HBjwVNQGjtsSMczV8um190SHbJ8fJ0Xyge7aybJvULx35JxWcKKLumGW+Sn1iy4iyc/aOX/1PWmTt+TII6meZHQhnBhEImmx5W2d/8JlAU5DMac1h6RBGi0ydviObSky5E6t0Ko7OQt5uYN8HW1Nv42+ZN0Gd0G7KC4H4LpLguowcWLb5OK2wm1j5kafBOpP0SxCyNZYMECskkOfWDR69Zp2/iRx8k+lvz/W9vJMP0uVgBCJKImIxQ3MsWl1hp+YaUZFqjHz81oK/i6ZtNkZSTkkQKA4d/cNRBV4ej2cxfLNRdE2uecuiuawc8uf4ZYl6ppHM/hGBJnRsqOvKfUUTSMplTPkwF3eMGZcnpdJuHhSD/uuEsG8amEL8QhohUQy9jcb0iPymoRp+hHmwI81zmbRnSkqCaSzIlMmsGTCavk9uODheZxd1qkWAu9eJyPZ7WoFywJv0Ci8SVE0XLlL0HrFJdjpAKEoRU5LJPLuwjJ5WL8IzV9zdoqHcyrM5SXc3dXoLqzkn0I4uXwx0z42vUN8ByNdfgq56RCiC2A7eIPC28Zl9HPl1L0LyEusfxGIaS62+u6Z62MaJDeVcdCfqDwEDRpqU21GArJqa03N6SfK5JsygSJ/ECnyoH1lgBVy0KodmZtc67e2HSzkSD3uWcCnFu4J2e8RpzCmkl90zqYvh6iobcfrlJEr2df3pTvlLsVkO45zANh/gr1HkH0D+D4S2WQ3L7dChwg623bBIQ6YPr8p5YmYoVqTqS2JQqUtbjdAQee+oZB3oIBVKE+sx8DJ75gEj3qP5iIZswKon74ibW+YbjR6hEJouivdgCYpYA8nQVAMRXVsebNb5T5IEB6JST/bYdozE43W3l2FFR++xCyOEswlenrpTnHhT0rp3VRVQnIkChBtks9aDREBMwLSz41kTT+HylOtdN7tr8KhspI7us/4YdQQRXlfXG7Mrj48lPR5doTxxiwMlXvi90TDTz0/aWvm1O78ecIV0vIylUZxhDEabkPgCxmjJFT20ZoWnXBDya2dhPlIuVMpWVP87pZG1xtodC9tEk4I9Zd1MISOHVQHZ7yWV+eeA21K1l02xN78vozE2qN3oWIA6w5gr2JSkeHDSID6D9503B13Tq56Xm4UlFQR1A7AQ9nwjPO/usgS296FIPV0vHJPr+qmLHunlOoVqw6/QW3f8HajzqTkeSL5KPClJPatNrUlZleV8hj/EDiP0tvvlhwKSho+YvbHDoaYemnpue41GWkO0pzlXRj7f2U8HNag9RgR4Z5TP8FrrpQqs5A0QYXpl03LxMzfOQ1voy1zkU84U1qfkYR4rUcLR5IPKUIjPwmnxT8ku/8hlkIazil3I42MtLgIuWvtYnartJyJ1U6h92fLqeN782OE4lpmOOLId21D3VJGBcjjfkL7SuxsoT7hnKHTsxLGZKTJ9FowlEn192037Fx/QWGzryZHc2omGzKKl4bAjxdGySF9s2NEoeof2BuRe37unNhVWSt2w68SJ34wQoe6wQyfpz4EqYEg6djMdhCzsVsHlQmrliNTzdPEHy+folwh/WCWJeBrc/A5pShI5Ul6HwXkrbrG/lrDi0hxK04l4t0vq+jrztYmFKdAUDBRd/LBpKlCCRKfg60c313ycEwBwcvSXmrtFYq+W7poHJDQC5hCwknvKtIr+V29eYMmXpYX0KUuSO3ho3jPrv7Iiu/wJIAsFPvWZ4CWNDPQLBanDbycWyVyKb1NWyT8tia0NZ1+BiwjR1P5JxbaIKjTHIbddaCde63yhaq9SvGL5XK6YsqbHgb7/fA5YmR7YN4Vvpa44+noqTWGH0hz6569MT+zP7JhGbRrxmcnGYl5QRR5iyv1evhoLIbwiAvOZ+SmS3qoGr5IP7+q0oKUpp7j3Y3E8MhqaVk48fFj06QzBInXA/eH2Bo5zMrX2x1iGWG/1d39lnF7vLMPJBE73cOTBj09XnBMCWmrGJiWGUgvjzPatKnS6FesdnWbYFEPi9zRFrMy2BKAtAidhGZUikenyW427UjWbD56cP1g/y2rqUAOCidLHyuF4mZquafnEdsoKIqrqEuOJLoQPwLZTlDRqdoTdqOe0tRqJ2fUvT3XxyEmvARVmHa/utm6FswKo+ykZbU5S1KPjl9TiQgdsZdqPnxdcqCyJdfDxRgk/i5aazUrYhwMnPKbLtUB0W+EJY1/lLDPDSyqT/Y2In4twKuV+D1KVAp1n/1yjexTe5E3jFAyxw2mV8Tf6ZVsuHssloZeDRNk9mC+el3TnougHq/CxWnLk4dG8dKKxlncoMCIXalhStU6FSUl78G2vVDuwCem67UnpZEalPuMJIbPg8fQ4Sjf7TpeIwNsGH1JbuYfPg7CvyemQCjMVlScnse0/VlOOqr72/7ihq215YNT5P831oaPhxg1EsGbugfQe319kqGa7b2M3II3tStum6ycsBQWD3YJP7/zJdGiv87L3XB/loszg4Bxz1JbZtR1UlFD2WKoAqF+e6AeXtIBEOseM5erUVe2DtnFazrS1ZogVNuT8K0CUXHtX9nAMSLKTbajV2ybXqFsvCI3eoySREuajjc5MGGowmmbyWOBT972tK8UAEZbIOI3h5YxPnLg5CXJR3LAYtLojASRUevRgTnV4S9CSxYWAzSfPqanxIYZuLPQWlXogXNRfac6v+HksLp8I6Tneq9PKLM0lCchP0dDk0t9t556aMZZGTpdZAocrs+BaBZtK0V009bDbOW8EFDLQ5NRQEo1hmDufNPrhmb8cFAY5Vg9+fWTH9QZNGrc5UA/20+lkFT0Btao9a7jeUX0wrGP8bgOJxEBnZ/xuh0VvQ+VdQcYDWpje20zcflgykZ5ey3mrFMFZ/cjb3cqV5q4quEJabj8TKUL1t5TxypeSui3giSs5SIdYoMc+QqXSAZ17R7LujzfslGNWouFPYfPQRpaKZRwex+yKgYhsrXDbZEbphPdKVOzcAZQcwUn/dC+riBYPq0K3AKAy4ud1vT0IGXFvEt2qGrzwSxPpuDeTr5dHeTXkIOUtoMqQkuxLxTQzzEkgwb3dXAPsDWhKQUuWx51clpUv8mPELsvSGqPynnECkq1b9EijynwqNuiMOgrh6NgihPXp5Z2d/2JWqvsJ/tzgCntGAvx94cz/W0wMFkI0+8zZUwaIaoskcaxgchldaUDaJdoRSjXiCVFm8+ZYHriIe0hIF9z6/XyEZ9s5NduoV4FJAk+5yJQhfjywyJiLTDTfQVlCjsPi1i31K19EGZRW077FkWn1L3MLgnBfwGFk6J2lTqlrwlkDeyQGhajW4UNV3Se476me0fPZiBdJYPc1QZdrHcdwTd3dysBEPzUPDyNdL37slBOXNWkq7EP5lakSGDTrJ6LbXpHkG6Q+V1eD7Q9Vsidwe76ceWp8uCpOwlavUlp1vF8PL39GQr44eLc4WGO1K5IVnbA/jzFL9oG6ag5MDbyzF2V258bdxQfwtGRAB2NKcE5SsHfeDm0uJ44UrfO1VD9v1WmwzZ3K8YxMizfQbdhTa9ARoO5iQ4rFz7yok1zjph3R2QlkaPYCF/bAXegnUeHpeyTmBA6RO/La/iNU9bdOIKnPCrh2JASBlSz80nvL9aMGOvEM74ajxorAPy54paMoht9/jsfzvLl/Hcl97KRGSXyrgS4NKop4f2FuDOYdHzuOqdJqQTpKezDhtGLqKXoRdiVbMLnw+Bcs/W++UAEeXjNZUbDORx/beZiIZpapagjyOQjJx1bZOcNA8LaL9pjbMyyaPRwbyirEjXyoNxd73E/hW2yRzDLsjRHVbm+mzmygFFBMW4t+3oPSptfr6BXw2npc88vnyiQd5yZFOwSCnKPBgL7taAzXXEBFhx4R7GHpoBcNPrgcMtmtnqJxiUo5I83M0edyEUg0m++v3laWGQLvPYbqItL6MUWQGsApdsbj3BTuTrn21YPDUvj9A==
[2015-03-07 20:26:47] Phpr_PhpException: chmod(): Operation not permitted. In /Applications/MAMP/htdocs/lemonstand/modules/cms/classes/cms_object.php, line 86 Encoded details: ad0l+t/vJrPqhY1eqGYwQDqZAuvoUfanU0/rAlt4/aHGc57/UVOCPcdfaRF0TkdDRSnpm1emKLflC21YiX+eLY5PvC1ABwB30M6i51LzZ8+y4wjKKPUubFeBTBpcOaTuFdqCKxib3UI7a4m4w5LEUr7hymyN8/WxQ+CPcKKO/iDjtg0pcft3aX9GC7gP5k0Nt3Z1wTSXnrvh7Ui1gRqDn39YQrtsbOfQIlBb/XS/Vsp0PY7rq9JMXO4KPrKPn2UnCdMt/bxlwsvNolaZpJykiv6j50XvvNzP/vWS7a8Lv1tWjL4z6viP5aqW/tenEZ+au4YnvAYkb6av6hHALz38BO+fYN5bQ5yi7LTrTPlrvmUG2YsjLWKOIgoFcBOpPxgDF3DsbfzaWKaZhoUZpMrgMue/ortja8iLsOgR7YFJ3hZYbU1ZuuDqCl/d1C6d2cNYhbn3ekLKKMd2sbFJdKRY/NGVtCwpgBQiSHw8iIrBWPDzwP6mBWys3dndmx1IDSlbrR0oz8PcFDqELfW6XDcu6mR9EQ3PhCCv/J87u3R1g5Hp7Hm6IdpGp/gVkIt1Hcc8LZYhq68txU9/vwhS4SdcIKUOtPUNvr+9T4JetxZOZwuNHkv9t/V/r7rnT4JPZ2MfJ0YzB5fTDHpZG19tqZWMRWQx5G+kVITlhdaF+v9PaWfAzdd+MMQyjrtylGqjewTZcBPe8nIyE2nIUwv5T9nF5b9HIRjHIPhDMFgKRS1qWXqIlyOUTmr8xp0xnfySQAK0sMYb0S8aHG0Wcma1w1MWnsFn0qtyMcjsMBnKGd4X4BYZUsCuQzGQlhS/LcWrtDshlm5WpyO+uz+45N5zefy9Tw3Dv2qaC5a05BQDIFg3jQLxsLAQTnMC5OMxIxKiNr6VAGSWygo6RQDVS4waACrcYczXC646VmSQCHjXEGPpRN3d8H+mkrkCRB6yEu/g+3foi56pHbLkekAsgqh2ozSxmeLdxK+lB8KOoGT8pMt+kUKoybMqLA87G32wSfD8SnzYgYe0mF1rcKryWhFPAhqn+b8Hc0Lo1yuD/T7yZWOxn88VkTDb0ou1CUtn7DL3dgkuRVXBNJ0EQRgSbZ3f2YdniTGIZ2LIJ7JR2cI+uWJWXGGRYcyjMsCM07zyd7zIpV/xq6s0A5iyLGk5BJfnk80u4gOHUyYVmaFZpKcnx91bf4tXPlVCw9NOKwlQKb8vcrTaZ+joLU17ByK7ycBRq4A/cVxV6wtgIaWnDKg+QeJPh+EngrZK0pSqRQS7/+VQz7jRdArrNxOPbWMqtnn3uG8VRL1KVY0/kVugb3vkLyyRA7jVypwaxOAo3rrWFQjpPVXHHVR9r0asXTkXdfMt0fCfFYc9ZFXbOQKgwPmuefm6GZOtR1JP4jmREAscidcaL4AYrg0A+hsht+3sA5X1o5XiNrr1/x8Nv26HHPt9XB5Y/tcoSdsgdcgSyk63I9pTvKuXGDicDkBUcpks047DpKaO9ck+yhku1agAyJIAWJfn2Yr8SGacR7/OfyXDgMBWSQ12sxPLgEwshieTcZePqSpzjYO5IztER8ZSdbXRjFveLb7B4wU9Na9VAYvobWXKwPn7Zov6y+UzPYygEjirIRIqJA+8U5A6P+T4YZxFUC3mvDdchMmsQJYInQKfHgoaZFNkmEPlYN4tidRw62t1cpTN571GPNcKntKBVqMtPiQW6VPzIVKmpc24pihqJ5xF/i76Dj5Ci3FVvWEeCTRy226TbkmXl3aBMvabYlEr69v+Ose7Ef4uyUnsoWdGObh6uHtRM1WM0JAtsWPYfxgbquOyV5wAi0GHD/2PiGLDDC0ubYYZPWDfxSpMfz572EMg8s8cVFx1+/6KLBq9NsOnkgXYT9qCJ2NfnxPVplOVbqFoxbaJjFReptDaNWhDt4PpEZ3RDQZl7MIP1wYoeUjNol79CAu/gxqBbARxeFkBBjMdZ7OUsSOnEx6m8uVoNXOhCJJOX5Swz1mnf63ux/pWRIpn3aNTi3wNfwl4M/drCN4EBrlJHkDDUk+QoF+8VHxJ/vvi7d6TRWYx0iJHkh64zvDjuifxO8nuyJH8Sa1neLqQH7K0ElnAIvYlwIlCZvxFJYjK0z0s6r5lNGDgAMxNL+ucZL2qhBsYmwNicb9bKI85s9TpLux/4BG9DbNxm4XAtsSpox6wGL/5lRi5OkxlXshZw/mo9+rnEO/5WF2Ohr6nrZAQ28g3DeU9TbVAocHWx+njz8Mv5801160ccLr776XP8NjY6r/xNZB0tepkxvPkvIHT2CED5N87N7rBvz79NWBnwD3yeeK8RPBGshTjFg6Ythchu7vn4YtPJGRZYY2CVGJK/efmFAZFbRDnKFkxJfcF/LWAiH+7DngkQjkPieeU7rDCn1zhIfPcTNbsls6NGRaVNtzmCOnpsNOXsTPOG1NV2R3qXplyRDbOml3HhKxFrcn5z5naQNyWp6FJBmwrCspuvHXJxPp1aM3441h1YgXGpGmapCKh48sYPSWFV92j4ZstakIshXnPJPzrqdpXYr3lJQ14FpeUQzwvdYiRs9IuVZ/rbbHEHaqi520V1AeNajz6sI+q2YRhZaUd3/u1RzbN4xRhaDBuJTALpm5M3pB8UBJ5X4eIQv0EraHSXQ+0cSoLwCJRJzE+C20p8xAmHZTxdniVPQYm+COTOlUZwzPAL+E3psW/FpqpzwSGGZ99033Gv9q+Y4qWsSKxaUhLmv5UOxQkZQnQDixpYTFpbmaxA3BiSFx5oQbfvdsjaW4FyZAGo76aeBn9VFNdC6vbCWWtFK+0G2nRQW3aE2meeGaPJhGYSsm+NQfAtLD6G4mQ6mD7YwfZW8zxt0FM9oOBT8fo1UDtAfSCliryQQihHLcrjbaJH8We1rDxY+uBz2LzvwvZJpOcFDFb7kr+R3wpSC45CcPs5DErh1BTyf1V4EJqL9xowRZI1J8J2oBGmB2wb4NcqrnXiHxTyAKhsyDrC1kulDT1itDE1Jz1dA9WJmLyQjVOtxlQ8QiyrQB0n2SS83K5tcW73TeTu42reJsPT+7usXyOSc+gjbIJtGv3a22H5MoivQ+lwzfLPiBR2jXQ8O9NPcbnPsNOLKJwVw6uZDrUui8xeDB0EA0KGPoxFjTx+MW+Cl63uprphF2TrAVQ9iUol00fK9qUDU5rwxEf7K3je12P84uxPfoehxTibFeVeVdfV9uOAu9J+z41XnUtQuOVHMzjBoIVxhLDMzgs1e0/G9H9ODVJw8KCsF5PAx8SpvsblIrj0fW/wWHBa3yCweG9weSGVlT1oHtYyKxF+KD6iZ0Kr8iCWHjOmlOk62ivTmjVCMP6kYTGDbYYmbk0phjFRy9Kzs9crjGHBnG4WAeCfKzH1IZQvxP2iMscpYnic65GW1OGshtG5/xjteTY2TRinApOXx6+8Lpn0iNYdHaBwmnHRgQ7GTqbs6EURYGoz6/uQoXzyNYnTG0LD/fdPQjiwszjStTePrMaN3XO17RaYw2WugILnBINDBd+IMHxEod+3mn5UYOz9Z+DypLDVgQ7acujrjY4C7oUFedJdp8MdBoKokVQlRmZvJ+3RSn0P2wjYTAFS1Bz/3N50kiCVZ/mO7sk8laJXOzzV671zB678yJVE8H1QcazO1s6RryJxH87CONFhAlD+IE1yxCP8/+lx+eYGjs4QH4dMUrh0kX6jzR29gDZ85IKC77EL3DAQ1TJR+KnYPdxzyNQuQU4IgWEW6FHCUiLsJP5fSEGJpb4tW84eC2/7t6OBouQzvOgyILID65FEjQMD9iPMYxhFuAf73pqwWM4100b8OSTE6MbcpAoirJy7c6D1Y/AogdiZEYgn5FtrEHqpYvS0KrHG4hX+EJApJJ9QfYZ0C3GuOtHycWRL4LKJJ6Ms1VwUlQisUEj4Sh63TGEvRLt+wdQU8PbRts/pa2jejgUkDPtA32TtLIkcT+MWGLVw6slDpx2MsqEpHceqdiE7kqByiPH6CIsBRC2f8oQ6703BSBYXimvylu2B4whCyeyuhEFlSYiCPVCd+aycKOmVV7sTPnY0slC95PfuXEzafHTiuz4Nnej6h+XnnrE+WaS1t5Mht6LI5PeOCSlzTO85/Wwx25Pq+gIEMqNVX4Q7tYJMGxFOMIfdLy+AqPGlTV7niC0GHGpLko6V7LTvj0RoQFykt66OKNHlt/LYM67dfxQgFm2aju+MXVw1ZSirNOoWXY9y69+Mtf3Ho7u1l/tubqcIkS/l0XdDc1udh5wdscHDXzHh/j0bnv+g95oxXPiqSz3lGlqxkdXW9oeOqkOmbhQD8GeJGgdG6Js8fJ+ESf+mdiwAVYr1c1pS6XbMaRpB7LSD6EnqRP68q3wN3WruQsLrOuqt6eqKGBYRgIGF4aAxLFdq4IDZkuSJpHd6SbSsjUwktE9FCK/fifZGCrMSjMuvm6GUfha1747wDyEL5bvF78L2FkdMjiNzVEEi2NIjy9luV9/VbAH3U+g6a2+WR8KVoHpkUnIFVsW2+25CQkw1NY+c9N/6zyRR4AJ54O7fm/yH+W2wpBpoWmvqwFC9cwueVzjM3kW7LrX5Hlr4EjafZUUWADSaWly3RwQ7xD3zAUFXCvp7bCE1vzbmClAaB/U8d6GXWg2zSRcJ98CDRuVe5vsqszxrghhnC8ZOyf2pXYoF8H4z0hRx+JlXsFqcyj3a+CkypWhPOSK3/e/H/8OrBz1/srZU6gZheEiFwUEL8fr0L1zAYiRkaJ5vtvuVWS8BFFz8Nk6XgPB5KkeU2UBlWAx8C0pIUDhJaWVlNA3MSJpLaBhZhLeQmqSWRHxdjYPwYMxvncRNnZ932B3h+H0u/nwIHtcgYX3dz7XEcfA9rU37VrofSVebm8hxrnBoZ3TFLzM9VOHu1CshcdYT/8ApiGBCaXZgGQ+kBebTW9zSlVCLH/d+1q1aWa9zOpOs/UfyPT4B0iGPpH6N1QU/Vi4Arh/ogYQXQ7crmFbVsWIf9TS4ilUmfVEmlpozuTrXe70lLn9utba4YkBE/hmPQsY3Vh14EdeKVboTWPg1cQkpJLFIlV8jbw1RheYygjGQHdU14h8KBSe4X7t+36CFS0NdygditfsVBYXpXXBzMSNaCQsuS3eo1nKZ3AO+IyVs0OIkbIxEJ5/C3A7s4oJTZO5CUJG9UZs0NYsgqhDsr5nm7qi0NZLIVGu98W2Xp07g15L0EdUM+dnlknISp8cX7M0RmFxpbzqa/z3ueKfp0B9N3QjoXUcVK5f0tVKxe3aXA9siSib8vELUi9oJDEKne2Gl7gsTr/YB5X+wiS12UbDKjIOFwnTgnixApVcUoRQD93Wjd2c5PP/0mquBrdhTXhZq3eS6bMtvMUUYFt9Es41meigBL/GB0Dt4PkKO+8jbqQ6HZXDeeHkmYOSUCQVDuMUPSb+71+arMpVJ64sQ1RzJVlgHBI+pRdojVT1G7vECwc3MwQZ0zmdGL+WVd6IbPDQ7P2GHF6ZwEpgLgiec0uGUQqnsQiZXu7Svbv3Nbh+iZG/VTxJlKlLDsnIbrIL1gEaAfFqxrysriTSnqYQ0pXZ/lDeq2g4HwTfBofG46d76ULAkX5+0sREmFbRwBT9A86hbKdw7/WQMFldWjQ9wq4TJOybQLcbSnIRtftwXIK0oFA4QFO6mc3B1ucmcBZe5zAcp9mJJsBUOZ8+Un5VxxbDc90/LCOec6N8EJKgzykOQoi4291hbPiUWBcNS/QMHHqc9jDbtORQ8UbDze5fVtBWCcAGZBnVD1rTo2sFJAs678+FLsqvaOOYcT9EvE7WRQ6yKdHs1G3l2S1iat18X8YT/Mk+TAA3L9AuwpLxiTGmSF2itypT2yQUS8L5FvovgFZnVpXQoPLnLmArj5vp/DejnELbsR6qnaWlyfgsLIp40rAGcpuqZdmJ+EIvLztGQjEqHmUKjJtgqGNAKN0tMk3nO2v2rGKW5KHYSRxUBk00ZeHwpN8WkbCFK4tfd/yxINgGieJHMDoue56Wob+CnoWWl8TFqFDVoyC+zHHj6OErxCZiHpNT5eF583JAuvFi55nIIiQgrUZhi4n9O9V6gEeVnC65KUObrBFqV2G0YcDo2ngFgYxZRvKfYXHfzJ8clcb+9gdiEstlqzSVD3UFZCKjQzmLMH6z31ya9kq43XXDk2LGNPWCkcdPJIyjq8FtcqkQgOrWilvXTardPHkzIZ9IVyKqitRBEi3KF2GeulNSALUmd1bFaf9H0ujDYUemDkIFo8ZwWn9CDkohPs+fag7nE/FfmjQ60nP7/WbJMKbCtKW5CZsurhKsGaeHgrQB3NxbP9rGPrZxHP+Ty+DyggLeLwsAkC0XDkgGGIvrum3ic6X97K5rL1Nc9eCEMfh+OEH0myqVFnlCVsqAw+bVCY9sOE5n0qgFwSUnpawwaEoTeSb6h9oX7CehWJm1EffkDBrrcbYVrbUFASUlBqM0/7TbYwHhNoOQwQkEV9Daq+Y0InaV6UsmUGov4LCtNUxvKrJWzqvjQampuzj0AQCkWmHihkYZp5E2vy+kuEhNVOC0KY9+OHALy/rZxnT6W7cZ1T3bmmRm8Us5q4hgh8u7IV64F88YVZf1iXJ/QPOa7B9BZtDbjf7TIXDLT6XlTQ6Keq/4aWMeyIf/EyMyjSb+IxKyvyZFph7XSp+TizBOA0YBNM1uUl2TWU2wUCEZFOuY1i888NhdCiOVq0ChUsQfVOW4zTXYwbqEoKZrQ5ifGp8VOkSYffyNOnd1YFWeLFlgj1W+d8UzPp0eXNmazjPtCdrYpkhwDA+yZBOXAI0mkmWUpEUlRvv9GJQ+Bt92+I+CyL/xoDqAke7/hZLKeGPCfEnxRQw5mF62326kUmERusm3dVdtqxPQKDVITGUrQlllzZ0NN6GTfmZjRpQBFUgAlgjBq714NRLTfADGxdcWjJ88vVxt+3+MvpT3jUMH6ukkxP5chAe5beL7Ml5wFeYi4oCh00+M0nKHpnLmWQ47gtttFnnDP5TXiUZ6rrCnuGYeuzzfMarj6hr2439lLMK3qRVgJef8wZs3r+QxsFX8usTEz3I8MrWQl9L4ns+YMI2b04qM/tpjWbronNOjWmPVpCfEmimO2cmvp8m/i4RCb8yYkzuRY//yw+ob3CsL95f08p5kTFvB+d08NP+k/uQBgL4MDkb2648mcCvDcF/yfQX9S0AnGFoJcTmQtw4CaMBShVbcgqvrZKsOoEPvnuDYR62hHj+SgVO7a3isRGdehJeM2mCRQcjryDHU67u8uc52PKLs81/FpBwfkf50VUCcXqvjZy/qkK2kCJUQppCzUggNtqWfYYbUrfqWgoLFNg0Gf61gPPBzWhJaWUjOCpgJmughDw4Eu6iry5g7JoO+9O7G5sVgW28bSoDN79dKLa+8FDdT8mj+L3JTDaEwNKI2iw0TKoEOvQp2Rmkrb/ADHlAkOwKTiJRqVHwkCVHn3B8oSQxiYgLSy+kG79k12jUMNxrPgCY7NnnV8bb0n7KmgRf3pU2aCPCl6+c/shgV+5FHx4msl5HLY0zUM5/3QQC6GdO7MleLSzhwEmJvcEcCrH8JMYb/in8JPx9sTS8EvX54oYSf3YtI4eE7Dk3SEnadO22dm3vA5e7JHKNJYPiYxyQxCCWdViMuW1qWi14RDd/gc2G790UJLLRdZVAUZYLRg41/zymS/4kGUnB82PVpE1Q5xcE9lkgCog0Yh43+oCyWwNF3ADg3F+NsjhckpJps8u2h/0HWLk0GKrUTcSS5+5BWXDBwZ6xUNtizKdtr94fOW4ue0aZMVFsGZ9Dsk3RzARsBqdLjKJacAjxrmwDTy4Z2liwnp3E3m1xK1dnlgGSK8op9G//q/rTeu7G4HE5pKJnuc0EkXrdf1t2/sEIxVBI2+iET849vaRRr0GCzn/U3SGMKIpW+ONkaaBnMt7ZMaklNT7BAqHjl2jHjbfji/AHylQb1ZcD9DnZdsQKEAp7W5igGU+B9f4Oqbr6+uScX62fUAdscVaospaB2X6Fe/9qpWEh6dkTOmOz2OBKg1QTRToaK1qBvfywju2m5YTDc+NSoJthGmjgcjuywJ72dWfe4u1XwPO9SbmyYkHZfZ1zy9jeUBSL8yvzRxKH2jRCP3PorWiH+trSpGF2m5Z3ipJwR7p81d5+d2Q==
[2015-10-10 10:58:58] Phpr_PhpException: chmod(): Operation not permitted. In /Applications/MAMP/htdocs/fars/modules/cms/classes/cms_object.php, line 86 Encoded details: Uj8kPIqkIlLyFcVtsSauw94k6Q6f2Ankci11L5j8akjodpVCNhsKYwHYbJJgXuefuohs3QaLAfoobghdfCwwkuzdxvULpZha7Hx/CuG5ta8aiB1rYPmefWLK3I+LVvrmdWW4VrWrnztfHjG05WUCrw7Oz+JUV/TNo+ljcTJ5ocs3XUpa+G0VJEcmYbxQD9tWYkmNQwgVA+aDeda4zu00upFBmuqxoH8f48MsbFkfSJxvwDNp0A9EXhxSeQUbrQCxJiBAJKWiSDscg7udz8ftltjUVE5HMHQdb+IB608au4+CKXES51ZrrDf2ozB4RTRY0KU8X5BhbMJwz9ayu3xbKbSSFfTUyZ09W3K+gRxCFK5WSuE5bfmbFIEK1UiUaqMAUq3weQJpMJkArxq853JxKnthrC9Jqto+ls7zuVzoRzHEuas3KcBPdTs9QqosUMCj+/YNYO31sFee/Kqb6N8ZLkN3sHtg92GYdnCxgttQMLkCma7iz0mCFXfVJHZhic8F2KLmyHb4pEzbYmMuZ3B9Gg3JQI7B3KcwuOXdIsLDLC0ORp1oUScFYKqblKxSOEBp03i35gwlfu+yStKGIkPbFBWD/nKibObFh3F4wzRHPnm0X0mwpOopsJ0ry+7UgIXbYJb/RYU2GXP/kpfKyzxuzXZg54QLkA2hC+kwlGoNtuYR8CqvgsCdFa8vdlosmmZ1Om13Ws8bB2uPB+HBc97bnWYfQKnkQBcW2zjapoKxuMnfjEIz4CMoi754KYFGboUnTnXqso8mwWrBZ390/m2JEwAlHx9hiVErUckm1Qr9kc+nBsjOB4SI9DTRXMCYYqERre5J+5kb5iJx69SHmPiKLpbgbg8OewPmt5LjxrHfEdmPQ+tpN4lXPjyir1aVjer9uV+KeFqSz99XQGolXGG1p+s6HcdHHdz/AA76DYsB2BsgJDDY46cX9Nuep6vV1Mw2dj2EXcG0ATkczD/QzO5ONguAdm9iVkwwmpSVUonhRQR5dclq+KwmkUXB2XFYE+D1BkgP81AwnOPMKQnLTdUsOiWVgsC0b2La6jEYmomvjPHOUQoHRvx6aAusL1oazwazRXbXFDnjv09mk09dAo7yjrcUx/AqE5UU60qgQFofPZEKVtJ4BTZxLrBRunmE87Nko2QzHXi507IF0KnStPM5PlmmQZbmVUCGqNG8JBNP1iM1oXqSN9P8N4AMCpgW1XzceN3Si6bB85ECh8d+bMfe9OcRuz4NTjUpPuR2zXQeFiTc+BTcm22jPgx8aV56WHP6jJnS+jSJIZDqcgEqicIiqCda377kt/Z/wXTSvXHrEJ6dnfD1vxrnANB8TajVvWM2OwVIqZzYIDTSmuKkI6E4BiGoREbRtSRLyryScYueV9gohAhjVr38Y2xBYfGcFPpaelh7I086BCFHbTf1i2IGL8t2xvwQKPkU8oDibObZae4OsjCF3URalsZXFrHklag8EMOMoD3BKeLUsoMvFJNxRSYSCyr6MmFsVFnp/dpgF3fCNNvY2jER5/sFEyD7GO2ha0PoolxCKt/vdUZU77WtqLLenMNVKaiaTVS1XwCXgIgtg/E0FkJWSvW+9wdZ9G/fPJkBMfrQHsLsyMgeW1cTzcrQUdVZVoBTMyI1fnMr38j9eOLul0SB5T2fFdOkcoVtMrkWiMAGmRSssohf5bNdJ6aGe2b3Z1tt3L4hOZ9daEklcf6wilRU4uDk5lk5ivPz198SdiX5jThm/vsQuMX6OML5zRrlYSq4mxkdICabaWoI2V3mvW2aJB4+FBTYbIo+PxE/evo6wa7aBvTWE0dUd2JFz0gbxUAJYM+Nk3+V1tDExLL5M67isFjR4q/cFz6BLlz/84v77LZQhrBEt5JjnNMaRlHodSkrNDJDq3oPjcimShaUXVi9hITok1XKA8of3q2wD5pIx28kcI4GCaUv6BWwRkHvnT5ECAoRkmNWDHnVJWtt9EfnDDRAqfjER1pyXT2Z7I77UWMvqwo2u8HAVqgoN9obsG1yCq349l1+G+pEKLGqE9muF4r89rMW1REPWs1oOT17vdlmCVtnxRfJc2hzNKBbhCT+vYgG3w/2+dUkNe8bQOkJOdd9dvYKCMxMYUWuCvFQsS52v0jJkZSn4a8GfMnCjPQTav7SlOvbCWbw9LJ7s6yYtmsHbqhgJqZGYNUG1hZJWvoTnvBQzbA6Trj6gdOvmWIXo3wSy4j3pZ6U1nP7wcyCKRVnU6u03Sy/o8ZXjL/A56yz5GlSt1A/O+DZUnInlKrP7SaDaYNM5o5i9yZGsKD1tOngkv6I9U7WlpENoYyiAwJqRzZaie8wQsXxU1epFYihFUcp595/T/2fL5D88dliVGdlvGLi3rH5BkBejHfVCY9nhqWlbMPguIWUGz8BRagRfGIJmQYc4FoQpC7P+9hDBBJV2gzD1mzKtLe3wa5nRtwN3BfRrta7ICB1IlWtRkyKZ9OFJ+dK1+wh5+ywG2tbjQ0ZHMV4zYd5mJB/jLpdCHn58XKi5LjMdL/qHDYWCbJa9CbQxUNEHQWf1s6TlV+iA18qVGQo33DZPXGYHbiUvdKFbOvuTsN7ualu726EaS3HX7XFUGaoPc/DVQn49DwBc/0Ct2f2EUAreuhTMsB3UcHzc2cNDBKZQc0Sm6WMJ4g/mhUec+O61fm4Bkn45Yredbxg6GHZrq5sFuoTzwE0iw+TeJARQGB3+vIwvWB8p/0LFsMv5Yey8n2zzEyizQUKmtVqf7IPxBVf5v5b7+Zu/4fIKU+ZE1SLOV5XJQYoBbV1hQctPrhw3Qtptay5GYaYh0exmbOZQ6zDv4z5vj8qYZeHf9zdyKi0y0M9m66Z571SVL+MbYXXhurLhV32jSmILXuykuMaLq0tPCJgLtvR5tVu2SmKy8c6Dfr/LI2yUg1xEIQclIKmiIKKP/PEwFbmL5IHn1shr2ziOWc3W9aCeXxyONwX1088KElQYIT7yrujubaIX6BPWgQS4rJuoVff1TBvGEzg3GgXETO2L92H5UKjoaLXj7rmTSuggUNdvPhORdBtAlWmVRCrwX/+ftBpFi/9ryKAg2FOWIngl5VzQ6SNfuzJ82Snv+BDpF5Cd5CLMWojbmVzf0PB1TQ48wt4hOkwuI4oQECyn4kHfP95pt1yb+3sz+Y6/c2fhCUaxPhPN37gf5WprmuZ3mTJmSLe1Vj50v03niLkc50takPp3itqvrcaYk9H3wVhQ75M6hwKQF/MzUPlowkmgMkzen4ZchBEInMmKfrFPHpcnuPhaKsQvNPm1/rATnU891HNSsCWAIWeHCYq5QEGww4VuEHN2PBTWX2FBDNWmZ6HhPkSP6qTiONrul57BFbN1tRb7qUKrp996YrykACL7RfJMChT6Y0mJgVZ4K3Y1aQg+XLKL9q8+z9Q0ygwqGAmNSk5H53PnAxxLVjq3akGM2OOva63b97AO5IKgHMx2sRpSA9LM5YToPjE68MUpfXQ8wHzPKPwGbGY5lbrjXTaezAXlBwED/eexE3g8wl8wKPPsuuyYxp5sp5wICQ1zV6e7fAauidg4rQcjDaA/FldHSacKq+hRWYBchBzk/vqui7ytxUtO//1YEuYHUi6TEVJciwUJJBgHJmAEIdFHKrAZrEaGeUEsNZOhE/7AArKRTXjjCP+Sbt+VqMcrz9HAeJ6bAZPzEgYdNy+JS92lxteoht4swr+KlCJg7GpLemN8jJhhJkKtk7JWovEC+PIXZT3S/ypLPp9L9cibQ5+zR+A7aqmB4V1EMurV4Ke+Xcgn2Md43gXPToNTGoFUmlkvfX7Jshqox814gCr6VmJHwlETDLKm41yfe7towGpCi4hAqmHmC4cAFDfy8X9lNNnhVlpVt2lPak2Tgr9JJP0zrcFoss+FhRq0hkqY+CjZJ1oh4x1WiLDzUXhhZZoaQXL+zR7YaxRp7Lf9fH6xWG5Ia1046HdfP7AetsCrhGGlRvY5ZEmQbonpHb+Mpek7qZQER4DjLPKiZXsbKV08Lh3Ja/nOrnubGzAbOnHsRiR+H0QIbT7i/y1l8n8HvjKmgPVxtX1Ld1KRE5EVzi/r8Ph03iz9whi+mAGuruLP+O9F1l21vsDBNtJOoHJ/ktV/Xrc5HEe0UKEuYewzwsvG78yR25QnROea0hL0y8OfDgNdJyjL+w4hEg3Al+ntO+fjIZfFZB+Dtkxh53tlu4XSzobNqzfjz6OHW81Rk9/f4fM3mbCHX1CY6vcpqTJftw0Ng3qQXwd4ktRsrGYQe9VTVGjrUXyvkffGrL2ANWWwLPLRyandLXglZsOqJllRWMkjepVJYpNXFdLwzjBW+3vN8IKBIB1wfD/W8mQvHT7W+i6m2b2J0EZijV04n7kKBnQvK+vhqok0YEGXImJvp8UhhKVaiMhJiaBesLAtX2e/gLdgfzS4AtAGxJoXAugD0FKRj+AAN72BtHsexB2VxGtqrONwlucahiueUOjfbs38seBXzQpx/a1cNT9ZHtRrRrsnJy2cdiyCj4mw1/2gBF1DL/7KHja0reEYm66JdybwiusiTkyXx0AuxW8rG5gds+c98pEIG6weoWPaF03IHQAPU705jlCiYGIo93NgGrXe0yR6ovIl64yONwJNliBSvnG+M1w0lSMNvWrm1LFUhOF/uHfjVc4gTJfFfNsad11CYAPnK1zgvhPTaafQaCKorCqkHWoz4vUl2k0oBSwkPxZeYVaKIee/ezAZcW2NtFJcatwxaHpYPq6GiwdKUTtzyCja1OhiGBOpGbSoQO/XdU1EhbaXl5Xq7nxUc0YvEXEj8cskezBxOh8XidV3eOtJD7Uu/I8eNMGo0MPEsufvgZ309DFf4JMMRsOrFrVEzHsQijKDyUjIgcCVIJWKL6L5wbnj87ttDsbtc8uU+4qZ+F5fbi/7AO+1gaJWCKv3K2Cz85AJdoeBfjwbGKb115eNNk5jpD0tkf5qjTQweUU6fEwOT0SzlrDdTh6t6OtHF1OsQQvcbmfzVX3Db7DcdNPmXn2PAtXSPqydnzzET6RqUmciiWnDsGi131SL9N0bSTjslgy819VFKg3xU+mtv8K0oToJ0itvXi6aoT0A8XPEMc7nitJgbUThZCAdsQj7lYv3esJ+u3/xxSji49bg6ijbkz8AVPls81lZR1YhIXFXofebj8EzgVe3O25bXZ9qgC09SZ5xjW4PJLyydX5KXQwhXgDACnib5YckARGXqPBRE9ClvGJ1gLa0R62fRGB5h8ZU1LMCxdwGd0J1tsioDBjR9xCF1nnYmrR7pqmRMrtP6NP9z7R263br10fN3xThRTlxnG+2pbhQHWJY+bqApIFv978tIRGEqEdN9TK3naydtP5VuHTIS9RP9s62E8o8KXvB0VQBATFLJiVHc2kmyldQst100Z652jcCaK12xCZyzgbmV3QDYsUpFkhxd9bDhWEYAAQTm5EsmUjYCIvQtELs1lmOhmUfGfPtnxTJ0ZFR3GC6w/fYrIgyTfKaT9GGWTtRI05PvRX92aMryaBnHv+L85AinhEr+dC6zP7MVWHkJfV+pP21y9a52nRrXVzjhO0UbMmvvY4jIHgKXO22R/DuyRNf7cjfMnTRbM4aEZ6XqzQPAgxmAlxoO/sbFLI2K9Rz3IYsHAmwlXCPGS3Zh10UwPBcSRdUiYIfhX9d8DNTzzEgyn1GuiEYUrBPO6NCBjIuYssYztwhPznUW3CyJA+/Xp9RVWw3mQv6WWM21mElzIQ6X3AwCmkXdZ7qgPpsxzuYV37/edJoAP4mgdCy2U8NbiZtE/Cfy0pUCu/VgNc8PZHhrALcXvitvV/vWre/NT76NQcr3gxrrDEieiBp3rB3kb1zypDddEypP4the17uCumBUY0B+0rmfpyTloZPB2K3prK+C3bL8bi3sGCcl1Uzo5pmJTFi5jVinIUSP0Zfd88U3JRHp0t4KIq1z+25lErnA7vHgnUhrJZrHjcywYImDfk7rqDJn71YtQXEH6iOKLje6SkeoTexuV8Pvg0sERPLrjNVOa4leP3q8398jxhGzWrqm1CiTHhJDHD4VdHPA8aqgTODp7j4xWrb9w3rz8KbzYy3UQQBll+qdu1NmSBmfkJMkafMWUvqmnUbCT/9N+0P6jzDdrFS6GkpaQ9zjwk58CMQXtosNa3ZXDJGArtVzbladsmA/5P5Tx88msEI28zbUCD5xJMAYJiJh3PEjABXwOIPEpEH8NO+MJ9VijepZYARUROnpsENDyXUkqmGBvHg5SyJmit6ft4w8iZgu31hFru1r9OiMP4r4qrtP93nIGE9TiNIoQmdAxM0SkcGXcxa1blRdRFOXXmEnG6nzDraPkcuQDpQgBbJ2+uzrqxH/DSh+/8MMKziVogKdzdYaZYwOO7VKeJPFyYH4d65D1j52MSWDgTpM7A0A9Ks7yOrqm2Qx6dm6fVhTpJEsSW6W7RLsmrB+GjLCzqePePcLNjZD5DLLOsTw7/vsMCV+KZ3QGJPTdnYEHWliwx5ZWMEtKaKXT80o4O8mGXwWwWth2m2wYWMmZ9k54bj/uBfHwVXaxBUUFdha7R3xq5lF/rY+OSN+XxYjGQrb0UuduJ/nIfmOiDafFHQhWUGXzzA4pO6SSWSChje44pnomWW7N/bQG4ce4GFEgrsgqJvPUH/d2Of9Xk6OW1vbGah9CPDkwXyqh+cAM3lu50QG6QHcdGNpmg8zkg7665i/3x7FnPAnnoxgUZ7rJnNo+ITvBczaPHc4uurfG8LjSHUZtfwKiXOsIS/rYZsjFmWZiNHgc+ACFOZoFE52yM40kd1OZyFZFCBNE1K1r0HiYN2I4WZfE3NM77mfvSWk9V3i8UO/a0ik4jKm1KZkIULTDcwK9Nrn7DpbQ0Kay2i8TjfFQ9CYSj5Mcj5JecMv/xqt3bjIljKgDtuVfFJAZPCmGwSNpzQsz+wQZm5G6CRub5wVtyU1gS+4Zii+5ih99lyyk12YFTEKGq45dXVshQrjd0CrHW8jKuTiCDknv+QiAT/+ZuLNyrHdOa2ks7twNpu5pVck/NY1KOZZ5ES53f
[2015-10-10 11:03:58] Phpr_PhpException: chmod(): Operation not permitted. In /Applications/MAMP/htdocs/fars/modules/cms/classes/cms_object.php, line 86 Encoded details: uxWzkH3reNO93kUWVohb8gNrNp0PCemjkGBORLijpV1aU8W8MsEqcASHPvSkgqhsbHrAfrEF1vIJkdd8myM8wwCWJIpq3hnGMvD4R9res5HCWXOUfvV0gjcqny5/1OFFhy72QBMrqKaijdA4LU+GLdv8sxrIum67X8sDlKBBWYehSkJlyZ3dFMS4cfi208jjgB10MitlfORZXnNZU78JnefeU2YadM4z9f0qC/TKXCNlXdrkkXQayvKOI9RhKP9RgLZ8+l9/zQxOW+/gZbzCfBDn8uJvfT6sfxZYH9Ne0XfxOGrdvcP3Tl+x2Efzj4qMqoKHKKmAbh7Ar7R9t78mgfUpZ52ylhcsFYRcOseDIXSwnFYp4aOm1MvXIJHe7Y0985kkBGIye/Ww0GldTchLPV3/NXmy3SC3XpFefdMoA+F54r/btp50mNQL+vYHAhVlmpz9l9mu628HT4G4veTAe+zo9+Z96or4x56QrxYlZFWE58xQxKTDrBwW923EujhJd6ljR0PN/wCh+A0A5ouEvw5XJT+VRD9I50my/VX1PDAPfUa0Js0nMalsTUuX2o7SQnp49KG6dYeE4aaanhzle12tlu2fi0qfiob6TiXXBd0EmI2mODN8IYY1ylOJizr9K5Y5wT8jaC3BTCw8c9EztK9eNDSaXCjvnx72Xzw/NYVW9Qcz4Z+Rwz2rvWuZkN/30ld/Qz7Bsu4IUUNiVUe8EblrFPDoMUC56CZwXkwlfVBPO+W8b9l7YF4xQvJUQSd4yJE02WF9AouqrxE32e3hnZosEpKLfPhEMi1zJnBuzmQp7hcQXv/vJEpC87/hKA3u+eObDhlSQykR+QC9RAtmmFeVqZ64d1edfFeMmpCqWEFreb3ICMMw6moOUr7KL3AXCH9lrZBMGXxJ1U7E4+3TByWaS2+VYkTDJh4j2lE87vZqne+CEwYqvuat8oqN88bKOUfJ7b3zNxiZt6XmWMHIYp+nmKfIt9GqqD2j5DdZK3zdOTYLUcRoZvDknwZgTGERfe8WHQLtI/VFdnQSU7kjLk3u/3TpTKTSCWWDUOKsD0OLqTJybiH3tsfm7yUZ87I2NNM/0BsDbN5+JVJAFXKtDYkTeFnRuCFze16mUatbbIxKmysIVBfYiN5DOqrTRtlW2xlUMsxHpOD/Oo1m1l9vhsglxyF0w+CpMGP0s8A3qRpB0BstlAVIIrkh88k9CBWjYUe1D7of0eozswUHhVp6iJVYHnAa3X7uDxKc55SC9LTWyBtbTSPICNthG9+pH5nMhGfDb6JyKE2P+EaF1nOz7uwgEKGOuhfR2iCnBPqQCOCbCV5QPfwXlpnLjZAkKBWhUXUx+xGqyfrCTMpjuZfeGQ8Qn0ZSKr9UPceHiSMm+FgDwhtKs1WEVyMwwCk+N9jF8OOCI89MVFnct2KfcpRLNp4E42mGdY+NVQWc6ednmSBgI35V9g4GezbBoGG5FXUt2I+q4wQkjxLgWbHV0nDD3DYg3cEcpyK6sAQvTyEm2ONHwtDcRexXnf28Jdq0eS0JL7FjOKKYGTny4bFkqeiK7V5A9MHNEQLGuEhclTKOdXbt4DSGKvVhs/8nCxpfiedYVDT2sty+Lz4SNRHwiF8rIAs/wLytPC5vrhTWPKpoYkQFuczklr22gZsZ4bMYP165Cywgten5Z+SjuqTkUb37UL8W2QzuPx4LuKAdK0WRuM+sV+fUQFDFpf3Ab7QURmrHAmaf6sOY1NcZjXIqv+6SsVopEKSZ9YhR/o4XUe4Ml8THoqH05bNqEwgVDDeVxSYFAhIR6CRILkE+kFHwoDew4qMUBbYZzczdrXb1UCyOG+bEDt8k6vEtgtxpvvQG/2rkpjVVoZCT47gvleDSveXQiKMdNy92HSkG2RuZaHXBozHt2zXK3LvaMz4AWVLHuV4GiaoGNCYLGuuJsHUt5QJ2/ZUYV1tFikc+TYjVFuojqrOXYEe6kyu2CW7gxC2ghBO411tKZLklERzWUUFjx0UAmyMRDepb1UX7MraGQmYyiqo9FL29fK6iyZV0Evpjq4uR948isduqWc75FnLmPRFor9b3O0IvGuJqyDPqpu/vhZpG81zm38ZLriydYP+H60qlMjOyAkZwuTMQrGc4j09O3eEL+Xw//8SQdte0qTvjTnCMUrIMJiRkpr8sbrA1mhXNZjZeHjfMzve3AIf+KoyxzWphQq7hBjZL0Vgt8kXcV+3OJkiP84o/96V9gUVe12g7kEBjg4Z8/F+QxXJXoNNM0RFgHHrJtSeqTmUj4EvS4m257UeEMNyAFL+usoSC/MZZXrmm6BiXCRVLUM9dgB3A/uirU4ES0+AyAFhShQDWUuDFSZ08zM82NovWh+OAHoroespfYMEVhJji7azadIpaO5YioKZrD3shyeV/iCfVk8Soel6wZwsxSQHl8qqjPIXYhMuDkAOgTYvWG1JCU9+/TDBEdKuxCPPM9Flc+f7SDYQNnh/vuHtpGdUtAYNQZ3cLVzOIerKuju3pUM0p1WLoWZNLdEaI3np3V6Syut/ZmpoBWa9mUjeMClv00QtfKfZbiS5ZBFvqZQYN/wDrG9ujZvBTfz3hjp/cyxbJ7f2YiJ3iK7jqdENkreVkX4diXW3gAoUgWz7zcPgvJhDyLLEnmw44NTeVBix0QzcKjtCaT8Dy0KDqklOXzlmTgG4U2Ku1K5iYgR94Hsu/+FOUJZwATFjsWm3FLJGimUMSDDIEwOdC8YYR0kI8dPXtGFc0jBFUgKdhAxG3Lortq6mdBdwbejGHI9YBpKj7zXWOYkKDkVPlvlo55Lu9CEKPjxg59caiUoAKs2kJrHgby/LhCWUNZGDUd9mbfQK7ekdXY6HOzIdsYwu4l6j6phGtWwzF6jxf4281Us+tfTJl+KnS9vlBPinlQ9o65lr6hjCFdSXqYPgUbx4Ylk9l5qxdD2XKvi2tsAs4mv9JrEObnmZ/3gUGlOhqFeI+bH+wNyXA6ZZkyvV+7Ex2v3zKy0ZgwMoZ3yHaDnTZR9wz8SgQjK7S/v8itPePhEt2GAOgtRRCsj2ILNqh6UspXOOBnT1qqPYyhbWjjxV5eNiWSODZoLRYLNrSRljbe1IqDcXZMmh8zD4bRT7RzqKvbaM7rTnsXD2+2cTLhpBSgLHZclSsh0KWjksr6reEdOGwnCNJBlVgBNUYsCknRSl6YUA+nD7/gT8S/XJqiZkUO2C/iImtQLbTizKWD9XNtgDdLlIpvawySq9N+8D/fgEClLFiJHd/8cOf5dSrKzl5gg7o/TPye3TB2H+BJgi9OkoqZgmmV3upbZLhmns2x8XfvwV9Nq3omisq/37sJuZXftTAcrdXejX42+foYZFowbO2MqK3JCdiIkBv5OtF5RetBIQ7/R4RenybK+z3s2rEx9eArOwlV4xdrJUuWnmDfXcRwgthuU8P8+BDatBTfeRzR8BXI5Q7mnfZuvBgEcR00p6vAzoLsQIaKNJ/Ijhu7HB59WGyiAVa7u4Gx60Q7+i3FJJzWPmuF/CxC3KpOgSV+TWLWpz0XMgpWL/bV/s536zX1lBAf5hIVAePhqiGieTJjJXMdu9suSzS6Igiuu9JL15/gUSyZkliB9yC9y83udjdPGh2OfH3scCQB8guaZEWpaY2KwDdxDd1FV2i/guXiQf62CfianTXUizLydeYrBPCXBfrAZqz2ao02ZwGVgGwJEbaljQRIw1NFQ9CdQNos7WZlp/jiWrwGgnkP8LBtt/HoVegQ4YcK2ez80oEfbbedzjARmrzVTjPDFpRFYuWASyNrtiKBwUs7Tjrc2+DStxVrYkOHCyw6Jxf/uzb/vIFu2t3pwVLClKngsGKN3clkkQS0BR0RVDuWlUZctQWMNjCVtwRCeaMwqrc84aKjjnqusoPvBvYvX0Xaf8I6MEek9DgyOxnoptdUcFjVM09Jnw6mmnWs6ytnN9VoC62WuKytLZG8ujzE0trmlAxPK03Q3vSZXBh7KXtLsxIG/fsf7BwsnkkZDIpYuXbLNnjtqpFdqkbF31ilQLhXInlJdGBvzgsyQ7xLZwCFuCd/76dK0uu+kdxwkWQZ3AW6nKgmsgVpCaEsDaGt6MeQ/euyNRimHP69Hc8jwitUmfkWc4sXTckrfjsuxA8CoLMcrygKvDCepYMwIvVrx0dE5leYBIFLp6J3wg6kwF33cXA1GIl2Gmp0c9wy01nxLToV3ZG0DPt4qM5ZNh4jKQvTaJ0i3Iu6KAy64JOaCk/jUVjfNVW0UiunB0jpO3V5ppwp/nQH7eAhEAK87i+tuw3uKFeKA4kBhY1/jafMgbHI6UEqgK3mMYzY1gfqy3ImaKpkfLnTP+IkvFsbk+Epq5hDIyzoD8bCmI1mYhZiVmCSkEjJK7sa9Kv95bUSVpKgBtlj409H+cEWkRhD0/Kx6O6e3Av/iZBrTaGOEsW1axTUEZIQX1x2MiQZJxv39W2XyUxSCjzHxA1uvm3mxqksHjYShHefEVKCQjI2Pd4AzucFywO2jXlkveS8lWeCJmARLNbqjSFWJpKfIsnyXIUV1tE6wgPpQHRolFBCLhcTUzRSNwNRQZVbaAKYgLp0Qp7paPOmZCqu+VFc2ZCvJtAyea0Lw3F6Pao4N5+7LfoNFEeBUNygst7PgNe0J1K8Wijb3invgjza6BEa83duJASyRl0c/TqOna7l8PL3upGrY9O6RU93MnUBYnu6FvY43SFb8tWSwc/FK1/Yv6p7KTb8GKwRKhpIU80Oe07yW7fWg1RFu42Hm/9LsPpx99iLRec8fMGlaRfk2/+lLiwU5YsjgCIlt77hsyu/E03zDinQqvOvl++VseE8LwZhoWdqcm5Z/6zS1QcPS5kMVEWqbj+Zu+zRRu3jgroKU6iSxN0VZS1MTCNeSTxq+90bBY05OyWvKikiG3w6E2AH9sPksYQeDi+nB5yaneKxWtPIIW8opeKahZ/cXNxrjIkOp+LHw+Suj9g6giwPgPrD2+NIg0Kl1dNirb5IvLoSJBXB/C1J74x2hQJlxkEdt7v0OcLL0upsV6wbzErJxgJ/+wAnl9KwcakmLkgvFI5n62bbegeP0Bld1e20P3XavIQ4/AwZnRExrkDx/yBsByoLJEJDEcGBFwvzrrW+FR1Ca7lYhWZBLVOPdVYz3nbkmxkPNthJjYiaJ36lFJO1p4uRy0zGWp4jt0qQGq187dcq7X/l1yxoWr9W80SZ1xum6GdfdPjTEWM6f1jMx5Wqf2PncpQegzuRHzEqVqu0gLL9T3V0NJyMAGSdH3X1tTVh8dXvB7mMaoZqvpM1gnkK6tW+guxYRNLOK/awbi2fICOt+SpdmhRlO9RhjQ4Pf6jh478Ewtccv8Q9nFT2tXZqASQnN8Rdp8phgpLYJg3e7uKGkTd94v8/L4OErZ/um2vyYdZk1hunfbA+B8QC3HFb2xiDn3J7PjMiA3l/JVkXJLNDn2AoPrA+J0S/f1ykid7XqrrOfhW6ID4GLH2GIj+KxaHup7q0kJuVce0OLagNIB6BLOuNL+uylrpJwPigsUeTuHZ7BkEoiUVMTHOcl91j5shizOTlyuLAy1svWwL6J5MoTdgcUbw7sxIEafsBYC4UirRpOUf0N63Yl7a5tb/u2vBFxxku29IyrjOY/PjhApOjGV+BvwWDsN5UpB2dn3IaaBYLmfHK/igg2kGM9G4DO95rc/MY2vS+f1rdUjlUFWvzx5qN7u4rMDjBdc9MvO0FYQkorgg/UBkZV5c//s04N3ofEFL4BV3Und/W/SZYF7vs5qCujqe/iqf32HxGmd4Bq4QpGcSZcXMy2U3avP33Tp7d3z2ezUWr2ePrCvFRTaBCIH3zmxtZ05tFCK1gcyFHzbLKzjIZUG8pKdm9iX4wtvvkLqrI4MuxIIczJuEdid82q094xnGVUsHLCADkCLplLIKG+hx4iCEkprOL6qxk2I4JXPIgX3USpqvNdR6jcieqfQN/7b0RzbpgwsS0ZYewKioQhL4iYqmIMYk9kkAhXgxprJTkED7nj6dVawxcy6GqofV6YGArwmZ8IOFCPXwQfksYbMQ5J3s3UK1bszx/FYfTELlRoTcSv4gG7FYTXPDaoZhJ9/6/FMPsrc/iLWK/fQU8h6ZEfX88gqOZ4dDXY6r9j+mm7hOHEFu4GCl9NjKuCHihGE0Febh3qLxHPrIiQ65/Z/HkU2HemjleiHg6ig31nR+uuP4YmTJJbhc6RNvFhv1xbiY9bJm1WbwhtiZcV/GQ7CQtxJyiECoBqaRDLoBTImSvD5oChVj1/yky+zAkKB1RstpHotPYB/zlynaCF9kDLuUoZiwFe0ssX+NjKndbKbYVzmbkeSerhbr6pPPhWdjO/ndIn3NdFl/KatkAXelgxeBwa+HEXW+fXYBrnsZe64m3GARFMSp64jwfzDhfUfckQ5w5wzubAasiHI3HJiyZlv6Q2A8lQWVU0tezi+aAMV5sVs3zeNw+2FFqsoRpXcBBdhQWA7mesZRvVYuJ6XQo2UceZs0Dl3asQLPviYIYCMxMzC46NRQdQ+AKw7wZlMZm92KtTdf9xDweG8zA4jXzz4Yx4rgfq1p6T+Ms2W6JzqXYb4PSkl+ObqMscupYpN5bgW/0nvswkDEbb4TYlzkYCkSFIkChnRyuYyB+3xiA15ca9cy2ADxfuuw1vuaopPVT965HNd5p8fubU8RFhlHUbWMxJj2QKoit2g=
[2015-10-10 11:03:58] Phpr_PhpException: chmod(): Operation not permitted. In /Applications/MAMP/htdocs/fars/modules/cms/classes/cms_object.php, line 86 Encoded details: 8U1V5IH2CwEv8yvwziw1kbDJ+cpJZrT4ofXdeof3Vz8tQXQG3jkG9TA7rwqTr92rFUAmlEzbeHPllDd0vIdhUkqRisr3tSAEPleJKn4GzaUQxX4RBM8NmXZZLn7NFWED6ttty8zPGs33wny02ZelBAXM5QeJLCJdaHOD5o5WegWqSI0vQCcz9hY7NluM0bxfMURSGLDgDofQ+ptKHXcs1ixi/YAbK0WcWqa8ear22kCKd8Q7KgYizJvd1rPbvIW05AES0XJaZejxLfR4kApKODOjMp5My4Zyb+i7CnmU80AXXbYZBKdTXenKa7Q4zrkHCJIMEPPtk1wme1lYZWfEuA7OAdls/WY0oALzJqVU9fYJVMi+KtmthgAnmcALqgZmsumOxf90VQ012ksKXJSda5iVRRtPtqOIovclQt+NZhaJKgH8+eLFJU+5srTYBFei+U4zQCysMz3MzArZ38jmHfeqeDEsOlxSRBzxGLvAatDzppECl8//XmKKT5KknTIt5Qum6bHXD8kjnV02jLfYOmnFr5wXqLkJRb/yO2PMecn6OZVnrBitvI59T/SwYMMGX1FiNpcmeNd7vP2tUd6QF62FXDTtxLiB58IBrGodlm9dWMaGAzhXZz3/S6QGBLzH7iT+JiLnS1/CYnnMSMzliAnvytj4gc4vCMZoVKLSiuDVDL4QwCbGkq6/y6Lm3bRDm5iDrLjf9wHhVpa6FTABdhaEkkPFbAu+Pi5X6oeDC1kbZPwYnfCjEULxcNE8iB/C5/ZvtvGBoEc/IsGo5Qo2cPI8OzCtVonk3MuMCaCS6n5Fbs3medwBTx+pjgqL5v/70gfm/0jQZI8YCLjU6EHB5mp+AUBkoCQkO1+FbN0bm9HYjakelSWHvkoaf/nC0fZcEGPpzjpr1v7jJt+L4WVJzH3/2niJm6eFZL4iRklBS9eqJEwNK0X/AgcvmvD3RWoSS5Kq+3v4qvmhSypsT3xfqxQ9H2kC7wqgl0TzetmwUpv3jwL8lz5MUV96Br0URZwJNrW+/drSL4mTgYKDb/NYaGuOkKLgN9UFvciC4q88qYXmzvTf4+CPbJvDawg9oIea7cTzOs9xD2kQnOMkW2HbDFvjcPeYRbgHjBIPaa5FrDuFx1N81bncNhRNXsmgQHq06LiK60RNDyzubUiMD7pN1e2VDdT+gEaiRi2aPP0yKfJy//ab+WdnPtobZDejWE+BAaUykde6nsX6PxWDLR7z5qOw/NnFaACpFKOZSTuG5o5kPiIKWk8lbVfm0pD0yCHG39TGe3frbfU9ovruJPg3Ia122lPElWn0a8iSI6zewubUaPwcUCRs/gYcxug2m/3iEjFrErm6I4zi3U5T0clHCX80rI5zzE2OdMp9HWLUPv1iQQYpCQ8IVaiNnr4OZIawftTJbPdzTYpWzjhjC8JiLHjDtBnX8CO9pPpls/MNb41Ihd9WJUJGV8XkFEyD8UN3y1jm8nqU7nq+WbnUTTdVgr1qiaYN+LCccPF75JxNKr9aAJuux1e473B308JWPYEAzP9TgwDbcpVum/+E2K2Znk2d8+qv0QzmdIx4UTO5nvsxRAZyaNvpAdMQDNBfuA7ZvlKeT6XTA6HEsOM/n1taLyNHjUGhHoc2Yqk4zQAuErO+UKM7TzjJuKnhCES+ibEIp3zJdsyto5WrqMfeCuTUuSujYPrGswKaWBX9H8d1nA/N94y4rOTj3gfyPU9yMsH/liKPoNu5YT46IJPYXF6jDERCJQX8VcNL/R/4jMMtdFCr9wDhMbawn8HNP4j+AVeBZ5KNWJOnnVe903z5FmCqr7PuAP+ZdNAJoba3xb1jhI293mTdmsQzQm0TTFT2EuzHVjYpoNz8hf+LRABS1R904tyisUf8oZU6NHKWJh6j4uafBF5JEsTKchQzSbG4VVyobiZ/UWT3H4YcUhpFiiMShRrozVvUTp7P3GQjLwnCVjeUR/DCPxfoeLUMrfmyDmGGf1A6JdIajuyiTQNdl94eExxD4E9A7HcFRpci91Vd/qMAFpHTFTW8AsPdlp8ubuUJVqzgsg3EU1mzbSIaOVgRoeiRMotewGwBn1IU+2g2NeCJUJCR3htFwEsKwVJMb6WRmPxKBjn/4+5VIy9Jzklo4IxhmMlXCu2VGWP9dfYioByY8IWdGL3KTxgdSkWGtO1p+16vEQPdbWkOVj10S1Hyx1iL3sByGEJIZuGRfhmnt0zxziqLv5Wn2+vZ6kLjX+p/yh8gO6zmfqaNoMpkB0NFSZqjN2BmAWoX+PK4dgJjPSGyqciShfiVQmH8PEuxOYyslOqH5BkQu/y4DOiX4MnbAvA0v900EIOCtHOJSbwwn+jjgUKjikBPRhOZTRhhtl4g7/rjvnxoYI1UhNrKJRQMyisB3RTJTzpI2ZIcIy4cWgME/3i33dsq+CevKBulcWNSYo6EquHa9JtRxawfunf1oH2Z/pfT4XdRJ/1wCRkN11fMoKk9i08ZvEYnmvSrnxyGgvVoPUVXEBjOhfmtGH0x3L2K2J/2XNA8uHFpapHfgCSrg68SSHh5IA53lVFnN3wh1NzkZoim/2pS+Nur3kKRP+UzZA0I0S8QHBzql2Ijhl+dI2EET3yWds879fWPHs0o4d83rjplfYEEGd7iNwLBUcANQlKbZnaFEl9PsrOh4Yb7maH/yjAIUKJyTJyQakHHURqdBkycJo/TYJuQdNrfaSXI0iYI6F5iZe/w1PMuErQ/EuCkPCh0GwxC456gQIOCVGfGy3rNW+gpl8Eavgfttnl1udRJoKlefixFF5xFd8BrKUrEbTfPyDzpR3qw9bkSGq+BDdzS1qKzXVbde8qoR0UKb9K//7j6NgKwVKZsu1TDFQuoeDK65SbRgcLAxx/SpmgiBWrnBZUk+QuMnJa+mRuslkLAm6XwFWErLHJCgJa0iwermOzip4N+GhW9bt1cSLUbWhOpAHtqXxIuCAq48mCRtoUZh80Kcg3JO+0Xqn3FIyBPzz/HjiYbL0Z5cmjkwumpszI9xoXYwL1Y7S9p5kaMjhz7E6fAaQkap8zgzbAqtwErhn23NzU2Ve9Wm6OLsf0kK98z9EMXIMm/U5g1zRwZHr1o/VwFWBKVIaizP/TmXRVXNJig7yRcRcQk8sX5ZtNu8cFGKggdEptNi8EfhQKWN8d9uMjM/tHiWB3AvqQ8vuQlXTsc5lmxcW2GLruvnXuv2wnKHUiRllGouwJEfmF8WCbMuSqM27M6zK2KpF4L6jfm6LwrNGMUtyMiyMank1nuaPbiVOEI+rWUftrjy25TbdXCy/tsLrPJLMqDSxJz4w+AMvVBSD4JHM7lKsV6Yn9tUsx74q03r0ymD9nBfNm43MDSJ9Yar/aoGDYZhyokkRqVwWHPyiuJEl/2U1kwRuV1X+4xF3FmqXkRvWUcxCAAQgQDaJlk9p1SOQFqL4GJxUlCFiUPf8o94DMwZYjLMRvyuYCq0iCL1kNHTN/q4PUi7JKDfupdok9QDy7i+7R3abGIbRVSMy+414I1hmnzSqYD0+TD5kzHeRvdWdqewKLOY2FLEOSTmdFXCTaKbqUVZh3RARX7YQAZe0ryy1BcNjh9MsEkkyKEG0iI27ghV8jeOqNI9LVzWlmwZhgROAJTh7QqDlPX4jp5oSOdCc5DK9ww+ZV/69QFbZHwhuRX7cgUvpZYSOlOlMxWnyjOFWeZ3nakQOT/VUDpqWg3or/VaaKTqa19zRmpsx2w/O0aO6zXZxSjxJBpPnFRRUbIYXGO8Tv02l3Be4ZJqW3Qmp8/qrxsJLOOahByASFjFDe5i45LNu6Sta5T85GiTc+2F3F1GrwxEiBTvts2+QcjHQBB+m4LuBCZFjrEjv+XytkqSmcOw2MWrWukeWri2LpQlwbUREDr1rlu3naIVsd/wddJdkzOmcjZW2qA6ypN098zN9tI4+JpDpR9QBETYohLk35MLA1jyeRV1rVhLp9ufHMJvxjcI3/OBoxhnhdK+1AAJTiQso5yAlO8Q5o+HELsZ1VCmdZTpEKRM3vl2MTI+7Ioftya6xcZSyIJVQj73O6lQXEvrLjbqIKa6wM12/y7VRYFC5YlWj/On+smXwGTb8JxBwRdvyMPQ40nd39XHzuwsbHdCx3hzZLlhyHlvWN64+Iw7NKZGUwT7vVq1Zad8z1mA+XnSptNAyrzkQRHQbHHRd91DIZ6ilszoH69+2DM3buAa+aIDHf3kNO45FKqNYapSU9d/qNtuT9EYg1X0Ibr8vWw81fdE4G03BCXqE8EoyOMuSIPpg6QDkfz0MfAy2RvT7N9EYUJjjTAUTWLg96PDdYMxNCFL7yVE18zUQtZeOh4f6gXA7WLf+vHtr6NSkphPAynHlBFvmgW3F+Vjwfe76MYKSNcNK8PFZp1R4dEMl1J35cNN7zkHDO3iJtCMLUEi8BTHPWJxHUGEv7bEkZyTCsZeYT8qRpdiyfz8ouMCn0Gdr+72XxPV5qW/4ILkPsQg8nZFikxoY48Zb+XDx9M5moux1e++aQxRYESG3Xc05U0CnS9Km60ckYOD5CmKJilXZBSjeCBl9nK7jXjV3n29SLzjR1+btdBh6vPQCrbpl8xKPUi56QvToSsI9mknCVNu49zesvIw8Go+gMZUXUT5Pu4roRylbjmJ+RrDCnJfh8OmYO8Qs7gzwKritEjXQRPz4oAryRlJMrDFOtLEK+ikjQdFufOLv1L+Y274u3ZUhCXMNFyjjCsDLEnnHWjCxESC5VJq+fN20pPcFLaoqkz14kx4iPl3LRCncVh/CUVPh+lS5Y3FmIU4APQa4l+yMXYaDdz8G9q+J/c4MRH3WVO585F8to9QnxeCxs5ZOif1KOD3dzDbTnqJYvhE9lp4z70KKmsu6wzfKNVmpFjkqFfuRHGWnw6u/00SCte7kaZHJQ9/q6L/M4Rem3jercpwKMydQ4GGKEYCSvtmJrTahBBZJkYZtgUBSPR5SFbQrlWVF1P5yc4FjRafl8Jr2oTSswpRNySuj/R8YWtYEYYtEY8bNffa8mBgXiRjpymVaKBE2f2/S6wuGI5gWQUpdUH4z0C0wuENMfhHfB4Mu7Yju0bqB+1AXzXMGpJdxCd0b6Ccd6IqU3JGQf+NdpqZKEtdQLPLzn5UmKmgNF54B59KQE+Kds0orWlRiuy/N1E+z8Ff6bnYqyuTpC8ggro5KoEjAnO9zCp7uK6JvxC5bh+8WLNpWuYhAg7q6VameqRLfrG6/DjSLTgiviVZWruMpxDL1aNEKiL2c+xmmzCQKhX/rSWRoPm5q1IvHT8Vy4JVV7xwmqqKtWmn9aNPpWnXIxTOEMyKy++gSMyk2N4OYeOdL0Ep8amfzxRnZtk0vmJQRFCfXLg7V1KF8M8/pg2Ms7hIwIcJDRrgKqwE8b0xmHn6rRk2h/dWtThxcgZrFFHi9RIs5HyUHTCjrqAejVWykpODXoTU4QSu2PKcu+7z9lx0b7ASXbQFMobVudcVGE8nqFhtjxihu0synLcFXtmlW+Kei+VE2RT8y3XU5dBweTtENwtyH6023T/vTTy185sBSuJ5VqQdAuc5XHGCL7CcPYMR4OcvM6ZB5JnNnaC+iMQfHH648aRHIuzkmRgHV+uJY90J11WcwE0sWaouSME7XDpZzn1LFDW2qwXSWOAFas5fdxf8Wun+o2JzGgZ0xDihtxmVqrD3cKyofELbOKamJyNtC/JRqXJMq0rgLHlQ7nJTOTVXVaEKpK4B9/9mIKkfsjk4xOyiUvnEXxkmZzOXCXD61XEKC7QHW+Dol04LqKwYcRx5jz0TGLMUhYFSr6FIvWzjvWkxiKFpCOseblJq0WM4W0zk8mh0A57LsiW4XvOrgb7dHJ8Ei2oO9TiDDd7zqt4PIQINKnilj642u3vFUW/0eafn5ym2swyHuQC5zaB8A9vKrIJXdDFszrHQLu0990YsPUnuHsCVw1PCwIeuLNUN0HlSAk1dsx/Apyfk02iIqyRb/mvGwj+SYjBMJ4fu20gN/Ai1l5XhediGQW3AH+pZfVHsWIo22OZkATX1aA+vmYqG9vOUbZlaluVSG1eXptdpHXqPbUcrXnj9EnD/YS6TmxEPP5+qhpUC4z7oe1iUUQnANbLJOZyZP9v5XN3M1gR+DYZcfxhAoOwGQXHU1waQo5GaWfGWougTY0ffEMJikj9Gvz3nuM1ZrQl4p518u5RmL2nTT4F3v/fQbF+0zT7fw91VgqpDxh1TNk01YezogadiUaJOi9gvKzXlHU7mbfEUdvPQclHHMTAppWdS27tS/C3gfQ11a+F9pLEk1HY5yGEVma8/jNAL7hh/u1nVY8hl9tczBf61/4QF068UOwiW/mLWVKPMGc1FTK1DHGswCgBY8iTfubDVi4qpbQBJ7dpNM4AAuadZCbCJEELHBSp8JsV69E6bO7qp5EKFrMqfapMpiI6/nCenTrOP51udXo+Ye0cCWe0/cqYrjX1ZQVhtktuCgShFvOaTIBZ7xYfrvXS4xpDiS1YyGCvvnmA2QvSLgTUZHgSm3/he2WJ/AljIiKXwIhDss1cVLSLcTEfqGeUlLPnNYLZ+pEcnXXST7QaqIkC7Wa3a4LQObSmeBhQVcytK/V9zNWoVbRZZeAQHJyX5hjZnFJskNs+PgGVM3ZTai2+3VUCQ6Ep2aF8d22opRhIdkrb5gxA52NRmwwdK5VZe8aEJtZhHj/Q/GIJM6DMTYY=
[2015-10-10 11:03:58] Phpr_PhpException: chmod(): Operation not permitted. In /Applications/MAMP/htdocs/fars/modules/cms/classes/cms_object.php, line 86 Encoded details: jZvGkiIIHIZ/tFJiQb47Qk0eem1JRMKdZeLstjOjuSyas50jCw+GVFOvUS29ISCqi0X4RheFAUae0OI6kfB5IT2CwTVqCiZTDG+zUKSe8uDAlYrXBWKYZay2PZ9g5qKya1f3s4gjRUuCoZoQPhS5MKTeGrH9bT+k9QSVZhxZqyYgl+RVchwuTBomNWWbADDvp2h9Eb23RhQHMm8IXpLgfv9LZPdN6qB1SH2TLgaD2u9C51nbdmTrUtevRnE6Sb/AJThAKMEoCiTc0IwDjrq+nKequkb30xeyCdZC0+bK1akWgHfglEXUmE1NtEUR0BZJtgz95ifEqqT8XfWAhtp3eBqb2Xh3MNM02tJst+qwJbiR9I8iUkTBPEvM9YwcmerFJ4xYbGuCbggkJEoBDWHLDkdoe/AHVlJTpS5Y1rmFiU0Zpy3r7c3VDZmxIJPUyFkEl9bYYKXCssgC3GayXLvO2fv5Eo/cqiCIbx3NXN1XFNUWfUQRYQjtSSZA1ArGDFbqIEThf2lL2hbS7H3+KyOZHJsUC6s9rHi04PMlsEaj2GCmuobtpQJc5S5kb+PpTMQHoEjSPA/RyToCXBfdQnigzJD+ujRwoPkGRweAPGErOqW5UDFiMxBxapmwl83ye0KBW1MSqRhLbrMlgZdKpAPqLw8OvuBKERggna5/Gk623xY/EE+8Bv0V6cqoXSyxWo1ES78tFwlKK60vq3zmHvebXp4UNXjL2tbKo6UBvhJYUlumt5VXv3hihQTS6T2LALbwmDZefq8L9fzwZLqdkkFiQYH/msHxvzOXWNmUDFD+Sxj/+1Txn/B/7dTAm9yKL0FnHnpMobdAzP8GeiSk3mgj3XDyGkSVRWD/3s70/+dN2dnkvlbq3Y7cWBfTkatDC0kYz8jWIeYxQ5Udp3OkRzUWW2WktlzAp6H2D8eB6iCbgaMxZth/IpummxuCqarRmkMKnhsSx9LhKkEE8Sain3wch5ENu6BhLdFQ/oKOoPyn243hceWDb6bEarvq5m9+oWjwY7+c4ic5U70C4ZMLhHv+URwLHxVA1E6V8Ibp5c3rEABVhJflkqduu0XL+cmxwh8GLtQJCyE3Am16BLmb1Z4rN7NpNnd5qkvqmrlx63KylfBkQXZip+crMZSrr/W1hYdACMqopKQRwmst30TGyg6vF/UT5uia6ML9pnwcJ/F1pTqc14CQonqsco/UYTsqUUCX5r/GklZDUD3Ra+O4iBTs2SaQKUNq/rYzPEIii7PEXr0RVNxMgZhETCOuDpgUQ8iyRLa4I0ToAYce/oLua8IRE1RdARBNKTDXdjsA9qiW2Tqf17bbbO2fcxIgoDxxViUKr8usXtQGTZNKssyuavExt/Fj4IVIQuJDKVwlZ6B2xA2Ixcd+UL73pyc9ajzKVqY6ypub0/3DAlT34HyvOUH/+2tCtO8QeIOkGgt9qnbcvdHyRp1EfZHHD8Tw95UXJ8HRIKYv4MrrCcFEVeynHjch7DLk4uxW2bdxh1cEN7LVnq8OlT3iZdeMUoeqbYIq5e9ZnE0+u/+RET/sjcaPfltStaqK81UtUOp2INmj4NjApYqDsth4QOQos5yEfzutuwVd/2BnCDaVb2UKrx0SnXtHTY3f784ld6CScQsxHdhffIzR1B8X2M4djCfSgckZCVlUwww6R04LXnSHBw6H8t9V8StGZtyec884tA9G4jMdUW8/ztUBfB54s89qNDvrhSjbtbTWw023TD4Ktn8sZqRAlgJ1IMXCVRY2Mm5O+lK3LSuQuB+o/0eFfY01+UpbEgn6Dy/ldMMQVbi68pahqI3vBaeszMOtQ1dScRaknhw/ET3lKEd3ruju02iPbQNDGVaB5h35tPPXCPE8hh8Kx3UwThYwaTk8km2fkoYrL2BtTtMcTbT1lng9llnkjpqb/Xitf2rHSYTzK++TYEAMTenlNXcgHQiBWNXtoOUfTpCnBZUx7wJmflWiwZiIajR7KMtQIgADwbzSkKK2faSOIN81MNWRaejlnNhT5Ug6fb/SsKwwit5nqGBuqYEFIfIX+druPpq4Yv7EiwNckKllkwVx6PuAbyYegvyyJ3w8/06hTE4NYpN+tdg2m/piqZPWpk673BlAYvNkMxvab8DxjoRnVoE2nHyp+YnxrRM9FzsfDmdpdknSsWwMASndBIIuvxHFZ4AXEuKawHTBO6ZpOyJcya+eOOofCU+f2M8BQz4K8ImqnY+OHO1aZUIuOPqjHaJbkbRVtyNIB4lDKUfUEIDGjs+NpnEdt7pQISDKoW+vUDXFoThMuJdiRAs7g+nPLv06AdYJ2b5EsA/usavYBGkEILRX+z5CJnZVigCU1zvNdaZV2bV1/Rt3KEtycsMK3+IS3yxOMDncrZ1+7lpGiKZFMu8AFwMRFhov84eP95scM94cSSlnOI8MTlidt0RQNlPzxc/9TB4H82n7PUT5czJjYk2q7QmU4rIH7dJxntrV/cA7TlTljfX/22Xb0eW5i/Iil0FuyOAHhnVNBbyizBbRFT+6rpxA13tHO1oPDtKmxPRYbkEDhoNlW2zbNw84V9N5pwuMw+MLMP2kg383JyPWyEUOZ6R3r835uoVkGgOaxEThHx4vT2SuEddtsd8ju1a9AdBemDR0+jLrlR0V9hBGx8C8JHgp1FTsuJeIHqQYqAt5pbFmy7HE4Jmexnfahx77JRBJmMOELVTAYdXgRguEZdbQ95u9WeO/R0W6RHVtGUwZ7tF7OqLS//0kA/QiGew9kemwN8QRYn6ntXXxJtRjsV4bPxTzXj2WQr5JAz3bV7o2yUFfmN3rFY5KVS8ARYe+7MRRza3gsCda+0lGtUC/vDcmFfWPITxE6s3QPySz2uZRmk5WHAr51yJK1/Z6j0/z4403Ek0mgW0NHW2UZ+M/ABFAVDrX9iASwiRa9clc6gPU7JqVSS7FaHsY+cpL1uxROPbaSo5msg/5EP1x4gfezsnAuujUpsXE+kSSlBDwEAq1k9VhC5U9rb7YvdzzmzWFH4oY8WllatXlfQsM9RGPp8H0dpbPkGyV6DaH/9t+fPcjkPJW4Nz1ufxKT0aDOcVXapq3VYal0qUoNXhpiFfZHmYO+yGhD7n0mAPJfOnnYEMDu8NnpmXk4vtptdY5FGzbOtT92ofrNIPWm4ML15EWe2qWMWaMXcvfnPNRXkUS7U/IOLlLbjv3X93irMpe3RR6hJq2+3EUD8n8RXPMzp71WcxRVrn3bKXilszcSMt+UgsFjnXYrvcWAsfls+nAjAw46iK61kHgMTB+KZ01q7OZ1hhuh0RImWhBpqc9ipwNWeeeZ2Wtm+JMeARvqlJo4LLINsO3A99bU+xHHOvqfHxp7BVaxoAHo1Y813C9JbFEOexoFZIP+eE2MKj5/bPCMNcYorPyTW6QnCL1Tx0VMpmXIQj1nQ/RJI6jJ8Z4P7cIMoxOeGuWYMSBXjIoQzfiXis/NpVllPfyzkcnMyZjkfHfunsFGDAxY9VNt9c5UAvA/rMrA9O8eJ57IIDVclGyxMcXhjYhZ6yyn+j5G6bsLTaw0FRkGOc0JM1/Ok9RAZcmcjlGyyStB2vJ96b+FhvBJRFKg8JrpmujZuENRaYXdFNnuP57tngpIFBKe2JAjf28HEjCGdFeFyhyS86njNxsHgBCQJmptQu4VaKiX0LbrVWYVFaz5FabBcuOEeS6kWDt1Vk7XFCGM+8VwoSusp3D45GKQBxmQtdB93eaG3LQZgjEr4LZu4HecDEZ6aj9nz1wL8H0JKlKgUKDsN/XzOyGFsDpcehNJSmdu/gWYcPp3byAzBA+c83ihpx59D045xfwFXw6GA0PiHHAihlV1bh/QtqPli7W1YUp5ioiGL9koiBqWKuQeSZ89qZDxS3oOMGepEoyQNcwyIToTlXM4Hpdvzs1p+KDN84sD0HjEyHzpZNfYViEnNwawxi5FznBECzOf5xcsOIJkD/n1MYEBTm09gysc9bDc3iJQhr/REISIncpetZC6wz/Jtd8vnlenRjr7iDWGUE1RtkA/1yueDfWcScXZjwvk8COhi86Pu88tGPF7Kd+o7HF8niWn31NS1fujcY7CgumVdYcLLUUcg5EMzisbWjvJIFs3/vl0wn7KbqPUtl31+8o+N5IvqTE57ZNeUpLYa61E/p/19WR4tsLjJdaZ/FrMazPlawceaqjtmxTrg4kwO0KXO/iRBxYyOsR/ysdVg4xlPuPtSO2gnIxYuCQs05ZB22GGpYKGGtuc0Qs+ARlhLE8/0JGa855a1xi6Fmew4D/lXmqTBU3e0fiTJBXDZmmcq+CF4rLLsB53/3beyHLjXJSum56F3RS41br/IRwECUejF+QHdV7WJJ99WrR4Kw+MIYnMd7/tql1t9kOqr3kElqZhk9qYVvulT9F2A1MKfSsQ3ezk4Guj0sCfHDtlGHjqvzcYnYlrYC0bXColVG+CN4tddB2tw+W6cIq4YAmWJcraZRq5x4ZP/DtgEZ2D4kOrlErErKimndVX3lRh6i+J4J2PQHqp/tHvb/A+NVhhJTvCApE1pV2X105Bf6JGdHYjc2fnA9BWRA1xJq71ifU7a6UAEAqX64A54zVH6RGkCEvJBO1HbKNKdXHfa4ZMb+hKIrGmHwDR7aftNBYijvRNW73HlB9KqEoxFubdhdI3K6k2MRhQ1gYkOVSb4xif6B6stcz1EerOPICoXhTDOH4vKtwGxQuiKS7dmWbiWlQYJ03HrTcSl671bSBBdRTJXsc92CDH0oDKBNUT83e2evw/Hpi7KH4S/G2oc5uj1XKjc60RGowCk2du97qA3ZfN+y25KXYlCb0aY93Dz58jhPbn8oY/5HMSph3RvdRDvQJrZ/EEAoE4A58z8wfnh7v5Ng00/Be5dC4SgEmW/+7EY4bZ4INLa4iHvDrIz6FiW544ZDSLO5BwVBi5IoiVnv+kdSGjDCRa1OwOEFciXwlcm77GtM14jP9vsgJ1tigaJo70qL3ZP02y7uA6D1kIfwAhrUJF3SWFY3fs3EyaiPVwQ7slq6BJ/XKIbRcHGcoSFjXDakgM4Pcra4jw3xX634IG+jbTKdR9RaiY9N1+QX+bhv+jJ8aLRA+OL3NJBrYNzV29p2yyRwiMiRM/C/N8e/5JpkHWXOwkT5z7gHBA8qVrDSr55FvirxzREI7OSw9GBt2CmJ5oPRwTmLppJYwfPv5Scsqj1H05MjDJIWhOmIaWCZiVlJBUENrE49/gs+DjkvKB16T1pzd/0eTY6422zrofB0/Fp/Snjur50qSLEVCZibfAcDC39DX0MDhvxA5Xi/rEXpFXjFSu/yGNvFnRIzmDRgRlWOagqwuxahd2N+dgT/JnbI0rh6jNfDnJ9F54vecmQWa/Ijhbnw3Npr7GbqWYVaYgr8U4Pw4nCLtMokAhSaJvEOUPD6Rep32lKMnzUQYU5KnLifWgEdj9Uqag9q9elP00RH7MTUaesLGHyDsfLfKuzTh+mvbzf2a7+jBpBgtYkvmkcg8Za9ds8gWCKSvvYv34KMxrjMZf1uzy+kidDSLLBo50ZTstvmFgzzTMNS/c3MAZwebZXVGWTHW8bf9BZV5N9mVTmD2yUFjJW4sZ76Y8WAi4SXLDI0fQAW+LjcuPxyWFwwSAk7ErQy3EyeZYkbIXk/xSAtxMGhHrcA5RLQKtLDjjhClmO1kFORQxu50gt+MjR2DsZJH2ZusoQeK+LAcy6KllXQmxuO00SmK0KHqIECCHY397gOnaIkgdGK+WOzNnFu3QFgcxFJhSM/0RPKdb1DZmNyvTDHGmD5enQI9A3wZX4BUWByq9mNTyEkIhUJngMWEa/IKAp59gfZELxPsSavcokaNZhD/41h/99ndbTR3D3wDM4Bej+ftdgr7Fyg6qdHX1L408BbzLhZupYqoapHTuGhrkycnYic5XtnSUuzOXleBcd3Xg8DRn2Pb2Bg8+0E0+7WNpKSqsZYFVbEcHQiUKxoWXCGDFwcOeAuUKVwkWKAI4FjshMG7YZlXUW/C1CABTj0xaIHajVGwhIs5NRQCW7lQUwOpYmopOX09DpygZo77Y3zErgHkieTVKj4NwFNlKnYa7HakTCJ1dXSSnGquM7tNY+0RseBilHGnx1GHjG4E2V58lLaOHavvRq4BTL16SH5TZSt89YGE6nbHh3rX1a15o2IppqcrhEUVuC2YQoELw29hc+WDu6Rs2zXbV+kKvTGMLtrYxI3Qm415xWVSLWTalzdCii+ggNV8HbYd3YNduNbPCqtaB6wk362/P9egHF4hzs21oy82jnufACwLVhTfHIrgvirvDSjantTCcbkItRAPG+b1G3hN7LjRk91hGSqSRdKnZ2KMCXr4kRJzE5UHYfXqNB64SoBwfijarxZVMF9+NDg80bqwrFqM5rV6iG9pq+8rEZ0HTeLaTyfWZPk0l1BqUxsUhh+zQbWZoj5ivibiLK97FqsSKNxsnez98FU7JDzjydPCm1Wy5ZLKYxKKwsLTNAcvPj0oyL1E2ySZGm7ffHByV/pVOAMcM+pIJL3MKP0v2Wpg0bRM23/xYOkUZGS8fzMRqJKCsH8LouLcR+FC2NsJrCga/NWFG9HlIAQtnmwpDAoKKfyqiwHM/jyahhiBDr5ZXVYM6iVdrAhjlqLu3Vt6Hx8JStE05wEpUzVRBg1I2MelxSZEewZSRR+/9irImjVMTig+Rn5KTKgv0JV1MVBwGhc=
[2015-10-10 11:03:58] Phpr_PhpException: chmod(): Operation not permitted. In /Applications/MAMP/htdocs/fars/modules/cms/classes/cms_object.php, line 86 Encoded details: 63OqWomlhn8AsLc5jRMsFKVY1k+wo6Q+C8ZdqlBkvsOTfd+bPVVDkCHrL7CTA71K3sAkdC91ufaoigf4X1RaA4dSmUwy/6Kit7eT5vwaS15q7QPjg1XBrtbIEkdmDRCuo6+Z6lRYQqrrmQjwPrZhL6SeMvb76vS6ZbqlJ2KNLqZ0oDEKgYHl/qH+ArRRwM5sBwQtCiS5bFsUEosLvlmUtTwcBt3xKqxCei54SblxxU4jqkaJgLc95+IFpZD/rnvjqINlp41bZw/xdBNFqy1xtk67YTOhk0eDjzs5aBz1cR3zBdtCPZHG2RJfm2qe2OlWECg+HZVMtwZOJ+6d/Q/elCtmWsOYY+dEIGU1zK5VDgI+taFJWKd42SjqipOW3Lk16MQ/UmRNhm8bfKPWoCuFTP78Y17jsXOcaxYEO28ILmgszZhgel4awzA/u3F1cAoRmUUoPq2ZzUNZdtHL1WRYroLfmcuazsRrXnstEdLHLyFC/1a4cSfWjvBtGlpEx2wAR+8uSsGnhUAnH6qnhKksXBU/M1dCNDSb9TFGtq58eLvpYO69rms39PGMt01U2/Q3d4pPRoQbMeU2IENVDXv1sHYU83uTPIJjKjPxKIPecSnMaVEN910KLuZr4eGCUpZ1NSi5f84270EiBvk/NOq3gfiNZvsloe5O3ULdv2bfy+YCh20f15An/Fu+rDRknsqXj2Hidtt8dXHVALrAAs8bgvGwXEzYbejKLFyNPlAu14bAWniehrLmBrwDq7fvXwJR0/HpqtZ81QHU0tbLqMHFQtn1cKKtmYeYyunfiqP4S/lZXAJG/z5J6VV4UtKfd30Df9GF8ZMpUy1OgfA+t8L1S0/YeXBQR67V/hMgdDBh3A5swR4ZPtMD2jANL/U8QwMnr4jiBqUwdbccGqD5lt3yri/ygJV1ue9gD+kJ8+VqcrHkp2TsoV/DCQ8Z7zTBpuUzvTKMf67ClUEXnnloeGszyGFthcSpKkSLMknEyXey38cWKcyUM+kgJh7fdqTVehxgCWksR0lRH5zis6iiZW4+ofToA/OfaIqdhYoEqT+IcXUwEcvHjUqtuSY/+D/gWgQhnI9VJZlesQUFDRpV+oRq9hLd19DgfRLxKznYcZYnvR3F7lenFqcuOHfhV/kr88BPy9EaNVEL2YXsuKgz3mO/ygo/bPWJbCalSUaIlfMS5hKn+WP5p78EQXN/hGIc0UJf+DgsmkJttPxp2BACBMXtHxoEyWXo9ihGmDz+y8fNLSRQ0b02Dv1YR5vkDIpm8MUYkDDq45QziZoyNO4y2sQoDctB0pa3Ao9lvUlHoXvH3gsw4cZQC6/mspsWIkkNAAlpdfUIBgsq4DgUZs1jOjVW6AXXM0Ni2IqzNHcrnK781eQEwuxzGGF1vp1uFyA3yDyX+a2Glb26ixL4Gu7OwXbFXtlRyIjlYHnipMS9OUGsdHj2vAOE7CkDoqItbq6pLaZffAQTXa4kKWfedyBL0YEjSCVpYMC5NGQ/u3ZYKudGKLSV6XtV5X82qrO93kj0xZGHtoLrNveFRx+lgmWy/QelYEXqjgGSRv8E+RpyYcBKVUJsWyuSV0rJ59OETxuL5rWLAUgdd+j64hHcf+P0vXZOVJpeM+QyBGnRviwZTBdl0xqL203WnC/MR3LCM1gAqrn6oUL46QcHbtm9MxhUWgMbIvA2+yYP2U6IlZAZhPQ64VrN58Y8AaHtuI9k39zHXdNZkOb/PBUViDn2vWJW+oUkzqFhuXbXXy45zX820nPv0X95cp8pNkNvp06KQZoHSLAzUQMm3jLISK+z63p0SsLmUgJWXkSYAIpM/ffLggR8/m0uwGotMUYSkfXq2QM76CZ8feUUUxvb/xV6ICS1MFT6do2+3JXZq6obK86Z9in9RerL2H41JjQOZOr/mX7aIITo/biehftsrV0bQlmLTJj3VqiaAGv6gSbQSfW0djANqqv/4zmbzsBX0I2LWSQtg4HcxeVAIuIgGgji5ukX7pcuf3gUoianTL3JF3UnRFP6upFSxISa8g/TLejes1xgHXLYv/XdikG9K/yuFE3IR8YF0um5st+ESvLyiYGX3CPwDwOYHXMjcTlQY58YgwSJtbZFm6CE+f5UzD7hj8MmBSDW+9DAFnwjxSOca1Ou3SFkajKxCx7sDFwkI0FUy1/JWjxbdwZWAE1U/2mypALkf0QixZAFWKnO41b84LhPKLUQRtfEb1Xr+0J7VtZev4HikU5yZUtQmHnSPQsCIQfc7L15xrHQGH7jgo1FuxGMRChL7z5XnX4u9Lf2RJeBgotw2bPIt9o7JnlontpE8Rh8qt5XX5+ao1EEguaq0OerTMI7Z34tnfa5idQQOxmoO5F8ZOLIu66a+Sr7Z1tXr+ytVOi38u041qiFp8c6tXRFWEGQzJT0BALLFzOhJ6CG0eHa47waXws5d1GlyRCOhnBzPFRaIjdIIqEZahS/+/73MLK8yRZukrNdcmM5mpmfrheZJY40SkEr/4bfKaY1OTUY9Y2h4iyr44qzjFEZ0ocM1Ub0y1/Dky+C0dN9MCuXW4Vt8ZWCm6ohEjAR/nNG3jPCV0+MZwHBszs36Dg701qZjQMzZt4VGTtN/8GkRuJ3NHxR+73rSsLB1yO5IjdDEP5MCupdPHe2yYw+Nz/rduaKvoDW2rcMQTPHk/1v5jXnRoyOSmE5hnCzaYAn//6JElwECJayz89gic87DuvKw0TIpIEiJKAYDrMhqeIW4cfAjBv5rQgElH5UixjlW+fN8FwsRQ7L9FhdCRGchvtygVNk6G2i/megG3lTkY4LA8ZH47kshU6dFh/+tLW836ms0TjJSaGMo3by2roeEeUG6co1uahgimDpNbSCZwcqnkjQftt2TJty3YG5rAtJkIJssPLmO0rGJCZBHQObdZ13Xi8UpodPerDj0KiuIqWyCvraNXBUFhEJwzUTnzTk//b/o/N3voGzx8IUTm5bdoARBvINwXRMnlLctBA/dNqGyF5I5v7XePcKGkV1yLvmKKGHTkpxBIijfhgaT8mvXjoLlhd2B2hS6mQt3tGvUyQH/giBDaX1iftBmRGQ03JbbfASX0ZhcTDxoSP38wDTGfR+oe0SBBu45418IJoGXBkK2RKEpv+5OOLD3eLNQGquoDf88acev178UzEsq9AATPANmx7HdYGLD9Tm+YC5Yi3gjgOmiANdS9K0ceu4/gL3Fgno993uSHZLwFbI/u+BRSIARtxxiz11pw3szdR3wfGTMjeq1LQCHuh9xRsL9F+XE81UAv8b2POfZDMqG0R9rcKLNiLKN+hiMoU5zj10sFdmBxy/Sml0C9fQJlNFimOGeh0OAWbDuLmHYnG+x2k1XJBfxxy58Pux/CpTiTbYjnmRYbB2n00aIZpHTaN+sgZVpyV/b2skaolIz+kKae+l6T+R7p9PzvbGs3HMzaXxVqdsRBnA0ur9yB3hBuTfXCODKU/5e2z0CzEcbgjHqcKFSAYD/gyP2fyGpkudU7L0yPtSteAr/u92L/U+3rN0weRAqwq0I15O3s5DfUh/dcjSZlXvvWapfrKeHdYIaXgdWASndPeQuJAJa1RLh9K1xn9xw5uNL7iuuJ9+Q8X6j2rmd5zAh/UDpfpUTAiiPdusKCvzc824hdTlDV4vauOtiqDbHKptMFWGwQRiAgcrYozRfWYwxcCC9XG1KYrrwz3DK3XkRG/XuSAGBaO8uVZVnwphH6nHfQpy7+qYLSZaZ6BkKzt9Y5XvxMNjlePWjDFcmMXidBjaHw5ooxjEk5mVTfEupK1yHEBrjAJzQtDZaCHBD4CHhq3g8rVbtalsjkYnFVGxinXb8IZ3DEFqRtIJNBCkv49Dh+ruQQ+plcVXE+wiMXeOblQ0u7EuRhLEVv2fSmvlsAVqPO5ecrozUpCPDoyHqjrKQx3NnNE3AiOY7FnRrJC1vbKm8UoGZQNQl2Vm1N9KqUt7jQ3aaBZwz2lxamd2QYNHrr/ara8XWjr+gRLPoqIU69Ndk+Tgr/Fy2z2GDKENtM8pVtb5fi3OIUAF+Cct2OY8sj40ZKNCbbZKxu1uZD3zpuDdvvnhrtleqrlUyaA4pogqiXQjTMHpjmYABMKz8StI5Hwqg7GkF99ILjP4N1Up6E2chFdzo2O8tt3ArxFBHxGkPX37KVbt4qPR94MjMBom1UW8hf+pnPy8byLCtijxfzp7wUjg4Z9/KRtqCGx1uJJlPZeLL+S3R+0iQYefBInsS2M7W/BwYCrtaXLV6xHLj7vqO1bBnaJSwK8WCNXfnQa0RDP1C0sq0JryCJ4n+QSYZ8xgvERdF+YaTsbh6/olKpgT3ASQUvQsdLVHjaxw6jD95puls5ckyozktcPfnsPtk3e2N993UzLT64bTNA9eIsSXtg1ltSxmVqU1iKsb15lFMKij2ZWbwiZDbpuous6/7mpcb4p9SRbYMGRNF+N5bHpvdQlnyW2ne4jkt0AjW74BvOg7BtcDoraSwzcvVd2/FYMJZGuS12LXznlWeW8RzgjgkfGT0dPBnlm0w2if+kck0DDIYIlCYJm0CBhxGQK6988HLgKaZbsUMSOITVPvSNHtKpQjiA7Wk4Q/fzNoRLz+2RsQgJSApOUH7zeyIDXrCS2lvF24UFQfV+iyvj3KsYQB5hLoJR/EDcfZKv2H388yWU30VCtZmusjY6I4PE4LxVTp+x5xW1fLlWQjbr5bEGIVusR5TxgkQqzeVnzmxXgm0PEr1EgPVxzv/wN5J9MkbNJ+KXqWhv1dslBAi7KITkVTcgfbMWwbMeyTAHWjh+901OLHo8tiCK40y/V9LGp/7P+D3Qfu2ZxqBLY02pATBEI5kfskPM4Q7fAT1a6cs5slBpAB0W6sAA27WKbRSgC8zXc9QSfaDIk9pZroL2lMGsSPEb+Yhf97s9Gys5a62FnSPz65S3zErRlOPPDevyyj7UHL89RS7NoHwmx+BXMYw73pMnIJmiE+CLE8WDUQJyKg+gU83EPwUEwboYesQg3eiS00hDxGv9y9Ez4yvvmF1mynTCd0ElXKkLMuXq6m/V8mw4c/FZG5Y+W05p6vXBJJ0kdGfHvRvoCvG5mbAlqgqxZK8NwlIiDcwj6HS3hm9wJibAxFOGDA6ML29YhVMr79haI5eoID/UqNZ9XEdUJEjpL9uisnEnfGu949dBg5LtKf70U3zcn4o/u3xrrPZqhhhmsAmt9GB+3KevuV8iK8BsMyqfHcABaakGVvBQt+Vn9cy4FuP0rISCjC9gt/zLxuZIhD0pBu/gE3A7w0jvxVcjZg7HINR6UZd2aKDRqnSTSB7Kud22gkT1S7fJAnXHtKkOj5PwsBPsYRNvhccim+nW0YkKvggknl+imyR/HwrpUFx1xNN06op43RFqWnHQDYmSiAExEcN0EkYWsH9xlEeHGOgt691QjhfzDRNpAOPSXCsPO0ECQw+MJGzL1hQb8cQHPwloVg/OFPBNbrv62Dslmb18Jnh2laeUfWaCpvwy2+RsZ40PIaw6fCAd7LQae9fQi0wQQW9elkewyx65AGri6n+PoytsYJTbnVkzAaC6VNATP57zz8GPihOpijoYvtSsNqNpxbuDQlGC5ubDwLUrO2YvJWfugNqDotDGGHbplwbi/3+Xd3zp9WNk/tcJqR1diM6dy1Uix7PTICaaPSYu+m7HUvboSYNZar0/VKOO5Plcwhba3u4P6b1bWtP4MlcytXMA3R4ObiunmUavrrN8igcv52sl7HEjX1EAyAy35RiEDfqBA8e3pqQSPY5a/jxrHH9h4G/XpjOc5DVNQRrE6lgisiSiw12EdIOaMzXU5qUa9CDuJ61C4RkkstkCf4LChSNwEPpG2InCrZGy2FmpI7kVe0DmzzNJhrOIyFVdrKEuyXVdSmeR59/pDFgc49nJUD3ATueqNklTJ2xLOGtEenXoxoj75pzlR/Ip5GsId8ZEWZCIkKtDIc1U3EE8CfdhbJr9z/bi99Bktm9yUUyXHuI7TVE/mHz5pQ1aEqGbtj1e1UNnerIPz422h+ZtOjKGJHJuwmWYk7sya+3pCskdX8TElfbrscCDov4sm/Ups4IT3Xj4mfJIvPu6EZL1ePROKoo22D6PVlhIWBVXQm0I8Mxh1t+Y8wvBg89HDDFDYXnhCg8biWNCj+/Q9nuINRIeswZA9AuyondkrFL5i4tP+nTdVYYvB9VnxJAQ5mocd5Vuan6AmvMzVbpsmmh50rR+NqBu9PCQ5n+I+HNoSiUUkkzemAe0CAbf/Xk/dQgM4ecLEHnLSEtR6J8H1U8Vf9Iay92UDf6VRsw/U//YDKXmcEYitA6eDf9Xxf4zuydKrVw+uVaaZBv2CJUCOSGR3Ydze+J8HzD0q0HZhpIikhsUmehy2XFsKOGeazYSABWWE/nwUnwwfPsEwvVEqRvU69o6JV8L2D2Eix5w/yWj9ktYXGCUlj19QoV+mfXs2mSUcvDxlnBjqSXFFU+sE2I24oDuYLZT+/lLH4SJh0vueWgIGDId+npGAoN9hp/tGf4tvzINABEuLig+wddzKgl2lZGlGwFWlyj6eJULXxlrjqx0W58Aa13AkzdvUbAOanBa/B8e+K5fkK9GHsoKRHIlGOtKsBtWqI9fjbw0xt488RkcQn6vC3ir9JHhJVIjeDUnXUxAH60I6NeWgvCR2WC94RAVsNSaZnds8Zunzv1JJ3YVo/RCeMH14=
[2015-10-10 11:03:58] Phpr_PhpException: chmod(): Operation not permitted. In /Applications/MAMP/htdocs/fars/modules/cms/classes/cms_object.php, line 86 Encoded details: CAgsmLKdZrL0mpZzUs3BFmoYKp6npRKBDWqacRcX8qMLRlVK3PkBiS9ilvy2pdWUMKRydmSWYAnhoHpLvR1Mj+zZmqZdJVJGKm47ZturMVs9IySQVg7i5JsshY1eQo4Bga86s3nIY3ucZJIIdQmdCBR8mLX4wtLhO1MzOY54RiVNcdFp+igt9hyYbZRkiCfxMSLHZzPXI3EZO2/OiAns7GzcgQUwCUZiONK25rx34hXE2j7Qcz+OssbfsG7cjhDJalniMJUv7mruIzRqTslwHaMP2yM5F5iRAW7UVinGU+B724V7iwzglHhnUljQ1WeEvLmXExZDxiUmhEQKErcxnb30sAYciKyoWnWwQ7+Q0D6bKT+dXCYL7DVLyYsniwD3Uwxev7TWEYIspPJnl7QZgDITNKzIeUq6hZzjSMdXvAaqrReW6QQTE/xSekl1I6YNIiUtmCEQdpNr+YymW5boQHVT3qLU2Y9BGxhyO70SejY9Yt8sG5H+3uVkU7/ehEc2jYMgrmAulRSMst0wYCpGVeLyA19Y6GygWcsGJzHGM0uP3pTMHwcktyZC6GvYDtmvzGR2Ggssz0ejXIMSRrSVfSWk8qD/84DEBOV4FUsAhR4Lo3nNcUACXgOg0o5jvlnihwNQLLM3YkAqfkFyz4oO6xvDovbH0mRVa8oHO4GhyS2wwU7RomfGctZ81Y5I+fVj2nY4PFuUTKeyCliVa2uWZEsZF17rSoQba4YrChQ6HvD/mf11ODMtu1BMMeqQyYzanyt1j8P+vr72GaxJbZTwUz1GlP75eAYnYnHt+TYg3/dS55nyWvj0skSq+grrBWMvaueJeViQh0wZtuk6+tFjQwczKGKuchZQb6AINU6/DMnkoaP6Z7SvNxeL5ytT/vi5Ij/U5AHhlV/qpXAnzjRqDjXHzfM6dnF+VnM0MPN/vSk+KR5xio/x/L803KgVjf1ZmU1bDRfNb9naKygQaDBgKX3QkjwSsk1qMALBmZkLy0hoQnSwlt84nrzpuw1e9T0vAY4bHe22DP1QY3TanlJRkIlbM18UIcXAryC13c5jjUp8ljrg+VDNyNeeNNXNOVfznuW+hw4bdev5YyuOrWw29oNC3tdeGXSkHDij6vi2BPPvDafvX6gja1kGE11Ds+pzBry+4ZPDYk6ABykb1S8UqwEVA/c9DDeb0qwbG6WVP1TG/q/BNAbdIYUnuMvZXiDtR+5tqS5U/TfXbGmMXeYSG1sNyzt4SmW01FlbGvx2LsTfwjFo67EPFy9UGK53CdamqwwaaAC96sXkvFtOpj0txx/Pi9eKB1uA3rOJxFCy4YX9glJtupFwsaHqxsgO9N4MD3R19gKgv/FVyXA6lBx/suKt3xN3V90TCRLcafjJrxQYy8eWcIYO657wu2kv5NPCvsMJQ/G81Msr2aZ/TUXZ1a/XwnyTN2GqBKyB4MZtTAgSB4MWVibqz/p/Tp5H7+PwRO1wVZGAh/cpnlwbbz51hlwWkN1A3k8dTujidXw1hSYULpW7sj/pLMpiUyspzQ9zCobBnHHDrvN3HqkS7kUiFaeqNTU0DtKXUN7U0Rkf/BuwyPBsANb+l6WxWmuzMAGT6O9euESHr59q+QfYZdOamRPu9ern1hpD3ffUcdekHJTxk13CHMqDge79U2LHD9xeYJA0CqTpKimpfyXdUiD9l96I/w/SLZdi8ulASxNPsn4c6wCVPaVjU3cKiKwBTaFJQ+3E58F3DtSahyBnrJ9EljPxcuZkTED9jbTkjuGtGeNG256BLMh+WTh25egQ3ZmRZdsGv9hStygaWQfihbgitfyiHViLgsZi9VBZFAgqdWSN2gRrm3HyD04Z540vjBF4D3HkUJWD+Oz24O3YXsPkYHewZEv7K1HE2wGD5CIuherZpx+eePg6NLS3JYrfqlO0Fi3ob3DW2jTPfpx2C4W0q4GW/5JLbNqlzWIcrqvbgnmVVbuJPJY1/7pBLo7i+m6AiQbVdXGDLhpHeuOhJrG7kLwSODZTwlD5MzONAUxH5Au4oX/p9DCV/5s0TlJrZcN10ReAyJ3XuRTQP/mIV9qnubi5CQCPY7G+8F0M0rectrDdg9adQDZZYblmi0HstqiUriMl7grNtpCi/KPt9a5modE5Ftn/8jWv/8bsDCzGcvG2QtRZLkGbKX4ILUz20xoijZmKvYhbK4URZXZ2vFywFmSMYtXJYMzyeYK4VXxOibDm3YWV7Lo7HDPlPQlfKN1Q6fRe1cXj6n6hNgQVmV757QQRHqPtisyKVPw4G1VK48vuFbT/yVoKWTa5byrmFX71xE42Bfwb9ZO/6NnCJNPDPxaJ8KQ8H5RtIZwaecMU7tmVhDJPPisrFhBRNRw/Ux+tIxyzt13QGiqaUNuf/DS2Mp8jomeZ+EgWAljB7QLrAczmiKnAPJHDyHkeRYpGy3oL0DjgDzTz/9HALajnlSLhpfiaLvp3w/83cy6PmhFZnu02edcHoVSginlDhZjF6SGnSo85Gy467rQmsvz5XthdEfb7GYaef6W0mqhwjUHHBdB6ujKL/VC4Ver+fN0pU5uRbjRoZYEx5e8pHkbzuXfQ4WdUW0aNwUSWe6PGzyZ+lxUpch5zqcoiZb9Vo+28GkVRJ9UHkSejn1xKAltaP4JOteT3/+JX1PQB3AVkcyYYABSaOICOu1hLvio+AKphraLqyiJTiqdKbyAl9Lix0U9irMBHivTOc/zbATr3kef/kcc7Z2O9mRyRG84+lB3GUH3ud/HAZ/3/Ukm2BKbdjUOEDqm9acpfIgUvYQ9ChgXqxBkFegGcC8Vkrj5seAQGeKzvi3XGnR8naojiZ0YQFCPIDEGAuRhcEtbbqa1RnkUOOjJOeKApXJup9iMcA6j9G/Hff9ltLnAzDNF8+UNHfjMJzAdWJyQDqc90ViVCksEMz8AQZ8tiCeLNo8WJT+jx9VpxXua+AP45mcofia8KCvu/7dbJed0RhE96uQ5J59hmH7sVM+nSul6aF+jl4xjB1l9/xNlGbfEKrXnmsz+0BMmHgnDF9gY1KlizNALhlWIVWIVRxZBPiQW3XWt644CUYe/QNMckPq1VG3Vgq1yu3AWPaDeKlrn3H27Ilt65ckPoWFEX9NObow57Da5prXYnAsOU9jRo5xnLb3Gz/xJwgxqemAD3NxS16XKA8numnLIh2dqHFHt4i/QH22+pmquBi7zR1kqpUPFFn60+wvb1IZNLPsz8UElzder1KYteXV74nb0RQb9SFfAGkYc8q1Hql9t4bOecp/g4ONjBY8A/SaFmNOVhTudP9+tmUE3Hk4klQHoToNxroh80rUQ4TWDDSLRTrSfr7AQyDf3HkDgWhJs9bQ/LkT0/H1f6tJ0ltZroclzKBVY76Pq6hcdwDib3/QW+F2e5BPo0YbF+VvPJ9gL6n/hdI5Ykle2VEzn/yBmAQc9jJRvZ0fPyP/PFMkZcb2QDPV6U+h6pFb0+AgIdF/cTveh2+xDT7yyXN5t3wcL9/SWDbFTkS7Eatwt0zdnhrTS/Qqfeg5kCytbzNWxE7NUdOFm7s6ayeoFmZBBagKORNbxCdZ4o8hZlvkh4mnet0MCity8ppRaLZqEAJw5CobqsuXa3zCA1DwerbHCEJmgKQ9brPxaJlvJBlOCWzOkxg06SiMPCCMkiqeYM3S/P432wGU/MxI22Lcia8sip5nKfv82R+SvwSDvpwMchwy8A0zkzCb7RSngs6VeM5T6IS7eBrBT3gIjMGMeyCgPCZTIuCJ6edpJwN4Fca7gKMtr6/VEZbbGaelPOib1iprgKXxV4NsklB1rAXw1fhymKPDBtUCNpxnfBsVHdQLcs7A+0kmqHfFaq6pnL8xeqC+EQPLpyay76WQSLWPZYSZ2RUlO/PNSxZY4cItcXXEsgbMjPvsma19xKjZUt7SHiWW64uwhyv61ISqEDCtmhG3zb+FV+tg6+9q1e1bRlgLgA77VYOtmQzSLt8iyOvhF6RvEL17Z0L5A1N1UYUgLJglXR3D4YgnupMUR9AqivIsxb7UzpHsdXEEVA6js7j1cbHqkJsIvJh+uiEK8L1lPbHP1GOh0k5svGRkDdz6Ef2/YLdjHoIFhl2UGKxBmxPGA43lDCRKr0L/8TcLVpoZqr4xJGi7pQjsQWrx13D19/mtl8N/eHauqbQmANPh69fz8mFTqE2PxXlz+kagKY+T7QCm3s2jTcET7SdOLhK1exH5j2xAFkVqrkCioI650nKAp3BSepjLe9g/AMlpJiJ7tppHXWbgggnrL0CwtgI2B4kUKbynllaHSjROqI0NJ55AplmSgiXUWwma0GfSwDGzG2zRQm+IiRVO3GS3v0xI+tY8zHcPNvyOzpLzl4nLhh7NmK1T0+xbkmcUDDZbG1ki/jFy3fsqLbJSrd6AIcq2t+tvoBTxuH1cOeNthqh74T+6fCqjnd/nAnwefhrAVAsOC4i49nV7YFAR/HHj1fjyDZ20q1gDiYaJ4n85wCDZIVphBHOvccqeprozs2qpju7BmJRxhLKBwQVoVlm+uxYI2Auk/Docg1+q4JsQxpfhPnTk9JCch6fappqDmnQ6Ap8Fc/lFG0B/BaVxf0Dg9qKaSrZQJ/x0dcKyjEs9dsIr/PYnkWczmgIqBnJEtjMP1gcB/2esCdYrQ1Ni89g2y9nfMyEKbD6q7CBSHjbMrfc1lSMKu7adAw6VRi/5zVtP5pdX1onGRMeEB3alpNEf4MBvq493WA/PNc1mVpD3BrqzdQhvtOqrtoyGypuVXYCn8YGsrz/59tyTpuFT5C0AJB9K1wxZ+oOwVyCvxOszEHmXhNCHcPMnGrXscjI68blsz5WNTKYNogbXpbOFxRVGScrLFi6CZdGgBhSQiN7d5+RcQFs6WMjf93LW5i7iLBTxScoG+mk2R+6f44m8Qgit0BOQK/KCSxmircD+UnpWkYDV//qflVVlVI/kqORllgneOgQCASQJM2U3Lvc98zL4BZZDvA+cYaJMFUjrorDOPdwS0BX4lubyIFxivNTkk6dFk8eyVkpswEdGTPjhmPfciOBJLsYkhaowkUXd0N9anDYplPCI62kVjt1N/SY4EH3n+xC2QzTwhCE3XafUmi/H5V2xUbPU4nr/gnYAqGj3uifHrKU3S8Htd67dyqUYVb4lgeL7QbEa+SKSnQHt3QQFFZ6xUAwAJk7Gmaf/PyD/rs4h0g8icwhfEuwsgXw/D20Ry3SyeJ//1P41t8a+8yKvZMUbyt6kBesCAV6GE0hmOxh9WdQkgkNliYWXL2IouMw2muKrsVbQk6f1W9/QeixahvB7srjJMq/4ha8c/nR8qSSJbgoA+yQWtI2YpkeXMwZnoR5xaKwm1Z5RpqjIhlepbuaiw76T5ncjmQOuXnzPl5KKGz5e3o4Sh/GQL6Kvs3IoUWneYT7gV6IYTyJEREM+fEjda4bDE9TeNpnXgP1abm8VyZEi0rTfCuKvKTSIWwUvZYhZ7vOM3h9ldj7Jmycf9Gava3Qc6hNAJSSwF4vBLNyyeuQOwdvU1/9kWwE3ycxGpxPF0i5bFahxagPmKovt6+SHXtTmsKpmIq8EKWe0yS2pO5+dE55ESXZvswB22dalIBVQe+4aMv2f8fL580sDtv7MrHGHloChgB3gAWxoNXbMhTMVHCran64c02+engRXyylpjC6RXs+bw1v5fZdAsIPNeueeR7dWLOTHs+ZYz3CU6Y044FNVKt6KlihOkYDKwZBkTz15QeQliQ7Txm2oFcG+/YFq+MrHxLamsyv/RFntlMPVCLbfXwEazEeWJRWq5iVBDHtsC3gUn+3TZoA+z7e/J5za+CuX4JQHht7QST2vjEsCBMyjtPM8Tv7B7BTY1LT7SBRciPLIz9vs+BiHurBe2ZFCdtE1T76CIXYOid4c8no5YeS/qiBAaQ1OnPf33SsO3GRFJlnxwNmzUYkYv8K7if/6+mM466bbk6OzV9GvY0iXygSWQqMkmEf4XGg09zTeYMwhdPGj4fkBoKrFmch94jN19qCvnGZPLqAsMlRaXE/ldeHfPgN+L90F+Er08CWLpOpfmdkXV/TWJSojrdc7hm4K0o876qKKZhbK8w50n3D583zSYRTtorR3k7bwDlVa2M2JixJpFaM3/3qC4HAkdwT4rSSNCaEHDLkYet8hc11NOP7nI0OHfKWCAOjV6u1A/XlELr/pRiAaNlXHJjatQEJtZNKMsMJGIMWBmZkePPXQkQY1XLZI2VA4Gvb4sB3BqKYHspxFwsuUHMpdJfonbWSHNRbACmhQyV91lpfWF4oepO5xEc9avKSY7xRCoqA/SmJct24PjXPNxx6DFpUbCCnoO+UkbdqM2YT/Q7Ig/8DmN1LXvQYC1HLOQOWT1m0GkOgQAW9qkwEeohIubHOWcHn1obiisyJP0/7hBey5D/fvFHLg6R6rubEu2sgiTEOmuz4ssbWLPA3HgEs00LwgUxuo4nlgd38yZUtwPGcFGcPhDV6F6HNqwCiHvP+HLpmHroRzGPMZvdY2APTEQk+NGCp5oKHYcDL1N/CiHVUrSvfOJts4PIIWSz1Q0mFoVXOUGXk+4bPuwdZJzUj1Nj8Lp/2Tu0+wlYV0NKMhqGuc8RIi9myFZQSshVYowqPJyGYiS23SMTZVAz4YpSWr2pJc4q55W5T8tBy7FprVcP1Wb/UgW4/tXYiey6npRYmkqkoydTJLu28d55eYUYaJT19HlW9h3P7rS5bujD2tzfI/5+/LN2OHYfDuDAug==
[2015-10-10 11:49:44] Phpr_PhpException: Undefined variable: tabs. In /Applications/MAMP/htdocs/fars/modules/events/classes/events_module.php, line 22 Encoded details: B4qIuEVBzvM1s6tfmEKL+FHDCoSbEPTBSqyS0HQfnoLBHesrJAgsrVGShhe4adQC1pULBTwJkD8CvQ5IZFSo5UEzzQJoYoRF9CG7Uk2iWZeHxOHsNlTaVuQ2tAbkXfVhQeqrfMLxcR6AcX8ariM2DXt7T0HejhYzSq4c07lRsn6/XjxJwbPIbXKoi8BM3NRJkJ5wXATQ0LuenNWe3Jll/y7yk8cuXHbKgZL1Bv6DdsiRf8IHskd1kKmX6RPic356AJydxCPdgd/rWst6wlJghZdPUyP0MMD4sSYSDrqZimBjVsKbWq0kclVM9T61EyieQaHVSYvMpIhpmSQTQYlQQUJCIExrjU6NphZXko7Uf6Xu4CHiLbbmpECsXFW8TOnjihhc9lkH+VlCJYjqyTz2zpM68SaG2zgwnbFmaRrVYkOLqEUYwPr2ykA+UciaamauIYDex40upU3c9OMDJlzi0zt69mhuYKAJsZJvwJv6Oi1zf44kVRGaTt8fiHs9HHySTjT5tzwBa41JVhUV9spxfjjEaEBpntPJagjPLu7BKNFAbz0yAKi/EnzvmWQr+vFA/9N7MNR5LUhBXdGQlHBUG4mY6w5wGaJerpYQN92qnfm8nejjhTZ/vZ4zUS2z1K7wD/gDn6Y/vE19c0AWehK3QqpjsyJMuHwWMLrO6k3XY90erdvDIn6kbbBybWOMEfexJgxsqeDC+a53oA7dGWAVbDpGdMzVBJhYHw2S62zszL7kC/9OjjgbbjStyTymb3oPFHOEFKidJcCFgZAenCgLApsDkB8iBVSf4vOdZMPBW4TZ3V4py4lbZq6wOKD3ozyT/04WeLi2IXt9B/6c1ZnS4XqQ5GkPHgXxpm8lr6Qgjr2ZF5KAY6xL8KKwE4931wHmOUrvUbfdysghixCwMry/ZIb29dd9ybJUTj/kqjCs3/zJKQZkStJMhnEZfCUql1lhuD5fw9VsQ7RswtUOQA3V6eFG9pMQ05cu457tH1frWlwgBo3yuTIqLxry0Wg5+VYUGR3wPwYP+9hsTvB25LqhY3owRLvi1ldVfaA7BOx54OeEyWwjmaYGgiDg3NDy+rAeMEFf90ri1SpIgtsDgBVb/wEikwAKUgBMZ+JhazBh1jrBBQKWTKsKDK7gGqMC5NC32I5lMocLr6QhgeCJnHbaWQ7jLXapjIWnLX9TbTcXE4S+k8fOA6I6EGQEVaXoFx1xsggMesWdcTGDJUKikqTJrQSl4clxAeFm1O4DOuv85tSB3wSHTWwLHBbFk4qR7XoRCOCb8C5kF2n9iNQPZpXjuWayezVRtHpka0W2YANw/Hv//cNnOXh6Yzx19OLPtn9coFDT1L6I6dBdmnrjTT69supYHpVsKOPIbMEZ/t3GMZ3q9PWEUotJBamSmMPLRgsgXL52UyQt8FlHIDzdH7MhBULhRlxxd1iPvGR2dryDyLfvmW8rfjoTSL5P3UszPdJRtd6fBNbXgUHkuRnTfD6i48qn4kBWJQssF3jgT31AL96Qp/u09lnTQNQt+xbBEjGjB4oWtIiTtQfHkXIygZkn/KQpbV1XC/hmx+sm89rs709yUkqiLBlC+uDCsePiYPBVocj+uweGDLk/CRJ2fGumI/+2/+WGO9QlG6YfzRZofZi3+bDhd+pjdBAAn9S76pv5Aq2hRnF2HUiZnvqgo0UuCulyzGUtWI+ztM4ho++JQWTfPnJc8sCa6h/4csnFQ8pqOIfwbKw8B3W0Y7FLL5KYJyK2qoYMA/LlN2g8SYYh2u9Y7GEWROESQbnOuAZMe019Cg+1GWQfJbq3qUL1yRFIoZ29cjeoi4FW8LcWw/6tiL0Rok+ZGjYIrEpianMYcSwu0qeA9Oz9DYRUGtRArNxp8rpows5fC1912LRXAtiUg0qGwUT0EhvN7pMYA+7BNDixvaz6sCRn2LADbbdmJHBuva7MwG88PeMDthqOSSi8VZr49Ef5zawRO/iY/aE750biKsOyvR/kxFRRHd10NNwAmMWfk6coywhU/DS9w8jGh9wuc94WnGONtxIxGAB2UCdW230D7i2r/vPevyBYvhHdrM8wp1pvYNgcl4mEQYU+a0GY6ltq44OxOPgPnl7JAG+27h6KtddsY63FK857zSDbqusTRio7skJl5g3eJgj24fKXH6z2OpXwDaO3ZSvyAU5Hp4i5c1ybRKr5KF3wtakUOuzG2U/shuyYYgtCOzE0oKt5jDbJ9PnVY00FemU12dCmHRAstgFg5NIoVsfwoEqOBbr/mI1Rwu+REu4zzFAu/gzEySIboLCXA0UEU9gKMQUkLqfbW5YO3d3LGAy5spJ4Zrv9YqVxgsbFEN2lt6If6E4PLGucOy1bPOKadctubYnxdAqCZhnGvc7cj/SS4Dc2ERGfaVtqBTNTtWdX6qfqpdbbyLufx7Mk9d1gJRGvIfmlwqzgpZWVIavUZ+Xt32UoQgCLWnIK3oab0Ea6za1JVQ6oxhqRYAdFaBDYTHjPt7otN9vMQUVApq+7h/l6ZCLgqcffYqKkKlM+0Bgq+/cCz9RRfAlAizTaqFnUAsE66yYpHUXSh/NqmUGNTmsGFMHpSZx/1417WL9kJrwmbhfxahfm8Pe5lk6qCJXEPF8xj5IJOSHb9QF6X897nvT9qlSu+uL6k7MGaBrBDll5ZfcIlwq5ybUlYuJFrdiQcTqoFkVkwj8GQ5ldYM2hMUW6xfeqXq5El+plcSoRVBEfWQZMLt1OBj4MMOqFgzcO8jyyfsWhwv+2nrobNIt7wvwhoTPlSbv44mQwGvjqzQSmcao9G1MObK7KISm44DXwOgOPZVB042KR2ogTJd74p3hSbXmYAvbdX1eeX2PB/crZxUisMsFHbGYtPjLDR8nguPaydK7/dGnU0OgBGurCMpIJxPtvG49RdCNc1mxLHEKA9/xikn7eF9du8lW5Jdb4uf5NjA3pt9y2c+lcoqIoUrl9jXy6XS8L3p+VK2fdA2YNRKttAwXNYxzUyHJWVBmyRWIH4iWAJDXwJEPL/aYbWDdpbG/y0FfveNnluX2YttkRlI0D69NLiMHiekFN77Vkl9y+Lv11ctbD/zkksaU+OV74pZ73DRwSrEfCBC/r1I9np+VH1qkFzpGtBMQOJugbuQkdejoTloF2cSKg8VLOjLk4lzx+hEN9Iuedm2S7f+Q9hjjVTisOSJmVP7lH5TOOVy1xIgm0KqtYpFAmGflWbWaBpTjbp5MbVi2x58kPanyxgbXC0M1yfRyuSBuvlCQMZcn4R1bRp/CQeT7DCf7Wpzq58KCS4shsQFXHsFLyf+ok0eGbVovQGHWTYS7q8vvH8+FbMo88z7A2CKCXSTm967WY3NFO8YyzozmFGGO+bGxFu3LQtbD8h88o/pyvivzQBzElX0/Ofaz16hDi1O3vTSSqjQuCXKC3wScsAU/5ln9vzEMc2SkHzKzBAH4KUXph7BQB8PhJNFKh3XzACIvBzbD7xS+be2Hfjmurx4hVSp7NBXyfINgAO1W1g3HNnLLEGrjeQkpWtpw1hG2SujUr0mYVcn9zTnB4eYEwAqtlcmI4BfQHl11xrphaQVIGGcsGx0dxyN/GrrUXMUer5S7/LVuFTFzTGkgHPwOI+e4ca8hRHmH92xG9eVB2gIoLN7km5zh9fw1HFy7vOL3l4GyaAFlkKAKjKGPtD8UMjswp3St9670xjYlX9p05mGYHcIHzPGmWpMJtLZ5tdFqfC3iN8xgT0gTXIwAmvCFnhFx/bGK5yNNYqA6iGLDZZh8/CEjvXq0wCP0dRqfVCL+mQcDNh+Y9MNo8sCnqeNLdcoCFbWRcGGTK5TTOUHGPdn0MMutALaJR1eKz0Bcuia2jTxjrT7LdRKc1OWSmC1UgnYevPZakEWb98LFnu/oIw/ao87j1q9dtBD7TrtuxbUCtBnH9yqW1uCFc+RdMKlLpwP7ANIYtecsiO7jlpbp3hE7gkilEB9NOzikxZV/whniHBJphZW3WQKmsKhkyE7DKB8hsH2/457bl1gYgfr+vwpYNUvH7JOvjYmsAOb3iXDGT7HJ5CoM+UpLGas35A4TbEWsG844a9YSy+S9mS8fgICYiM5M169ATmegO5BiL5+I81T0qOP54+/aBhxjjrOWPi894ZaaKO5KB7qsV0G9JNfnpuAxU6v2E+R/62Y+XBxdWTNjyW6R0/aWu/hLXwXWmOyHd+hq1NoPnkeZWjTZW1FVvEOZ9l5uzeZpfP3a2eJ6WJP94e3ct/djBK4bX5JJOpzTmDu41jTt6Yg98t4KJC5aMVoVO2Sm5vOFzRuFwWwXdmsv6oY2+6LDHRnbXVL+jyClKshO98YTkdWR1zeaBbbVPYeZXuYMeUyNnF2PDwLiajbhxhyyERhQPZjJ1A60GNTi3uR2ZH5pcn64Nlpw7oqE3yuGw/hVV/7QsI92+ulMlKktXsSz7QXip4U++WN9UF/BkHSVsGFvj0Hxm6VpHIUDNblCWBJCp7fNbZxDf62jmnZ1J1B49MvvBoTkkHbomaNBSxDFdy0SLLl+dth3Exv90MVDuI2KWOo/69/Yo8SYnX42AexWOBNoX7g9Sk3tQxv4Uhb6aBachtcKjQwHL32VfYIUHypglH1vtSJBleV3mEoEsff4LHHmIhXBMIVBSZ+OuSuBBlWcdWVebL7vZbj8GjEyHz9VXm+NUbS2okZOcxhL4j5u+Nep0hA==
[2015-10-10 11:52:20] Phpr_DatabaseException: MySQL error executing query: Table 'lemonstand.events_event' doesn't exist. In /Applications/MAMP/htdocs/fars/phproad/modules/db/classes/db_mysqlidriver.php, line 101 Encoded details: u8jIr6Jl28CKXGhqq0GKAWjhqXOQJXHtD/9dyKMe+j75UcpsusOQQ/H8fEM729AiETjFS+y5l0voH4RqbjLpOASRYOW4CFcI14bs3xe2v9ishQ0hvWgqV/2umyHDdC2G7HDiefYs1zlBkUX0cPtRSw942Ud8BPxzSQQ6viNb7SFuy9+F3biTclxFcdsbiO6IpkhsBxRBIrOfcsc7ZYyKUEO5wklRU8ks9N4kiTYP5RP7lLnTr5QsriG07ZM1W5mBh9rHPMy6zo6/tvpzddMeDTiVlO7eeYMo8Chgkk6pVQbWpdaDCHdvr1XFWha3hzh63Iu+vAQeCG7/hyIuz2bw1f8vWwdypXhdSGGQhzNAnLK0TzLGyftPRHEAtJ6PEyh7RjbS6KxCwC69uTM0KrlHX7Rh39yTlIrhVt16MuvjfYJ27BjZU1heb1Ntb+q3wa7vHnesdX2tGOXNFK7poYuY0slSSsBoSS+CrIrkn5RQwk9GvFFJET1WtADuxG/M1WRQxLLR5DDkBngTeDfcfxRJbWmlviWLVpN7nwpq8gt31HrMr96bikFduOuwYDmCnbC04+2s70AcxVGouGcCjA4O7d1Wsu3z9mcz/TRRAbP5fT++akOYe5LbcpocYHnuqdBHw7b1o5Y4uHQIJAmVPSwYxLwtGvVWcMaNhSHfuRxDxBPraaUqla5Y2cWTrAeCSdQg9elXBu6ISYV5pYiWkKEQ7PHUry/8DekzshxzfKBZ3RojVhEOaUTfJ2zMYHeQbstY/5TVRC3N/W0yqLdc8VWfGki0IR6j4H7EQHIztH4fVWI4JH8gVcDScY0RZfKa5dXurG3w45A0DfqZLEJEwGxi758Da33+SzkOwA/FVPYkAwwH/vNVAcLhEXlqVUV7x6T06dxls3kjTu/OB9fnMIw6lnT7zcfy9fkq57lJLFe//wu1+LH5ZvoRAAFoNRMqzAcdgjLO19SHd+p9KSQtYsoioDWG40xuTXsvMyI6CGdciJ72QNAFByJ9agOL7Za+qAfXVbRNHJDVTyDgomoi+EWb4+ufcCq9bhC8Xj/CgwRIj5jWhOLvVORE0KP0R6508/jBTt0qPa8ATD8rmqArSX2Fa01s3YjhDKdDvaPAt53qHHFRIpnh2LIEjUQdw/6GXGGkKWNYpzitZzj9ykGTl910ywYt2vp2V30yKli/D+VxQSUjYAxDj3T0XGIGhEZ/PCKYSExN/PMiNvdIXJ/95Vn1rIg1Oj8j0ApqGOmtI9t/V73p8wWrMhXqOA0qI76AXGs8Z+/NGGpcobE74A5twEKMgclCgmE3Ls6m24KkDdT2+Eal2S3yyhGN80Fl6G2Siy5TnjMsS2fXDgrJ893sv4nX0pOGhBmy7qtRwecAb1ImPeAHHw/SHXZB/rVr6OVFPmMQ2TpFqxWP/jMqunPuIztWEHfiaJc2eouPfYdI5dI94C8coY24y8Bnl6K2PkuQ05BsJNBLneiJQK9SeFf78xT61FdTDF9buLV16VI3H3NiKbemPwXC04irq0R1nwTJ+SsMps0n58TnSEmUJsJK6qwDejxM4Ou4ih9NrKQYRS6A6xzRmm7Tv1WjICoEr26sRKeXMnN3bk+BwwjdJlfqYu4pId5nim2Awn59Rvz4nLM49tlkNHWTB9ulbMUmC0fUnpbFoP3+86GeiZn0j94dtCTsL1VQiY2P37Cn33TTFcuBYlHDdpcOsKEdJdi9Pkn6f3p8Syi8m6uioFGM4qByV0F19tBvo3Su31MIvcLhus9f3WKltAmnITnFsgRsXdaaBd5kY0YV/zUiEloU7EjGMUa8HE6s6zH4QPsxWNcBX07TEPMEsf10a0q+kz09mw2yAt4W14EoI43uW/t2P+XsMJS1y+Ck9dz9ktyhPd+r/V7osuQWGF0G4itHlvzULQ88miOiBCoxCPJFYDDXNqxCUIXIxaCbNS2BNNaoOkzBUXbU0y8M6U0wvlmlSLwdwsG8dB5gnzf9ZqTcoAfSXmgON4wq3J+IWYh/NkwBBCbuz2xMo7sQxNJEXy07t5oHI5yE1c4nK0pSS6y3qsSXoaYQMRsqft8XEoHhPVBY75ZAZ/th1PGeGUPYRGEznIejih8wg0YENsj80rvUBt1INwKs6qhv3dtp8YrywwuwrBK+f0amQrKE/wl9WjOOP70nRH/XVUd89AGtoXtPAh72UmsiH7NlZiP5PVW4e2JjD5PNq3Sf1hE81AgfzRTHlxDKNpbbst8baarmc8pDS9/KMisBHwlv7AyB8wwNUZ6UDM/127b/V/8rPilU+TcMX9Trvgim7SZ5CA67Umqk0FwPu12MIwqY2TYCwruUu90uWUUKLzbWKj0Ze43MzlDBSE43unmLA2cbBnGDF2YUkebFETMNdn/MZGxFbtSuEeypSq56z3t2R6PsYbMH0GpXObKDALAJlb5QiJsJyHbj+AmuHFq8K1zHVHo0ehuhgRkNJIOgS8hyRASIWnYJhXKX50riM6U5cyemi/1lGeUK498SQItDiQl4TFTjJnP1gg4zwxEVdWV5JN5tH0e9p9Ao+vAkZaA/vecMLwrNEilZI14Av+S2zrCX1wAkcBwwC0n3KQWSpvxA4jhoNcKmlNa1nFlQPcJ5f/UdFHCLhyp0uJaHMqUYnc2OAAzYboGkfYy3b9neQ3OsrcwIBkVrBlvwAq+f/77gF9flO4lBMAHkankVamxNteh8FDyUhiYsyAXZdQwWXE9aqWVsXUv/aegd5hqUKiJjQ+1QLnEbVfuz7pY9dHaD8sDUx63ogV1FG4w0aRYHaku7FXkP1PVndbgkU4vUXsHOEKj9wdq01kIwTFw/lQmVI4sDYNxHdyFFFNY0meHp/nI6Euj4AAbRDeUX2EjnNTAmRoXu5jEYlv/oyIEid6p1hnJ81m4om6MWW5Hpd7JTVcx0Y5n05/jbZiedpkE/r3Vzt2oRhORqqDhQQV10bhutz4p3nA1HV2K3FlW/UO/8HYIpjRhMP/mR4JBMiT4p23QjYyEIQTqM8H8TIalc8JhV+XJcNU/b8UHL2MLrIII5w+ZePwPYd/UEGm0d3mKiNqnSdxTKtE6CcT851sLY0pi5XY8J2kHOoHXkPcoykooiJaHqbMkG+Xa+3g4O8RxyDAt6M0Qycty297IeyfE5hk7CT7Ok4MY9sMj2TNOP9JT/I7QEs8lzRXFpdguzUXEXTvygagcO57VGSjqk91toEpWdoNiwvvKewoiEYigAQk9MRI8+tIxeOu0+epkCI7wu93SJrABB0WwNreAVldBdo/xG5CV6XMMAmn9xCZWReZ7Qcb32/hyKRw5GE0bDTCLdKw8je7oWdmi8gBcmw7FjyLWC6CNfsEdgrWKqgtohyoi2jmF8tTkKL6UOqPvEfDV8e03xExDReVjWGB8kKKVHlVLfQ0iCgoxkT+vfsajrO4IV0NhDt52s4BPveUxNc9VqVLMs5qv/+ipwNpQKaByys4zEjkNNrt6CaLm5ZsI6rE1PbyjO2+ULUGQtnBCANbuVFCnRSe8lzmNzCzKV5Kv00V2zlTbnjBNqVHc0UPRReSB/hCtiiTo4FKH5dfxb6p5XiEZmzZ6A7DPFYJNcBomjwqZq6RNueHWuqWpzS+2cEfYXaATB7xlsa9FDJ3I903sS/CjbyyBwgVgCfWk0dBKzYFLqabjZhrhkFmFPFhN0B4ypgbBkoFKDGM7f/hu1uu+Ikz2CPJet8SrdAn/F/qmHp+6/tlXZ3OXVQ6KepoN78QjshB22/MPlNmylIsEOhcNUgozfTCv9HtmjECOCM04rl8wfAzv5ETPPxytb/T5taLhp9jVdRjO1LtuFV52M9nt/XQL0tvVevAm/NM3rTzIq40Ms7nYcl8QWHbnjEBfSQYl7iJTQ/owqG/153UVvbdyFhffRbj6/PP4iZcAZDDv/okfJgFqjKSIM2OgZA2dLs0bp4QQWmQymis883Chpiu5tYv+J/oekWPs114/+JTjlEzTxDOe5JtqcQupUMfIWwFyNW7h3thGGIEFxbsCfUkk69aZmXOd+t9bFIM10vyipMut7XjBecyZ874Y01g5NuCJX5Vos5ocuTGq9xLNWvdhhU0IZAFs0veqCvT6NGSav2WVqU0a50NT5tnFsK3GfSdlyGnHUzBH97VURos608et/1r5mOSULd3LJT4spbHFV5MDHJLupRdGUZosNmt21G/Mq1Qa5xwmQj0BKkOGl9Tkyz0fWgZO/ZYpNId1+oSlSakttrX6YUR4qezXYMXI/o8CrLT7gkDUehBge6lqEDVt3Ij5XDO6B0wJrrFkMWxYAR85EZkWrNFpJMUKza+TPasP0a3WjyNlaQqImr0gz/NAxrhIw/JA1bXROYIL+9KpiXMpEqJTvouksRd58aINY6CrmsJBEeB2uNf9rrYEgCwb+HpaIL1rj88A+nDIsxdjco+DQK+bb7taaCFzzLw70SF1XdTBMKKqr2xhzEf8KuyIdUpJ0V9iDIVIkbU46lp7lzybN+rpIiICzCyQinzPHciMGE3JrdpU2ofEc50I2clHDw5yZ4oNqr+Bo1pXH924mrg/WYzXqu9Rl7TZzaK8JVLCxx86gZYiamLtWUTMgshGn7bDy6n8ujbabnI+LERfGRoNi92dh/Eseyp3GL5+LfRUPEK+yjPcS91d7i8fTqoLNfwMgP9v/zFjUF7LgFcrkqOczYb9WpfUOSj5zlr0FV79DI19rM5LguPaqtlZ7n4Zer2qDhV1zbylalWUf3n+Z7vGj3nR4vcJlcaCYMBEetAT5YqR+67C8U8Mj9HsLIwzvrD6mxxgLqI1oZiuAIltvntSpLQcj8mayAw9tv2CZ05Gt6vM/ai6m2vN6N9UmZM2X2Egv39n0wFxAj3fkDH9Oryigm1F72k0l8pDqtN4QvpoTVBekfyUo8mTAjW7ndwXg6BuXivSAs7xE5Rc+y8wfH1rl0CGnsqEeJp9hqQsEfogXm6tqnGS85QxQhFLvslX8FNM9ao/wtlsCpT6u0HrEFoiCe09qmbrpM8CFCLOxTKV46amfA7GByLKvfesIDCZ26VPxDFh6fVoapwgRD0pX5l0H+L+ed1Ui+4qs7Y2BuOnNv5heQGUbATdUqKaJ7tt6jvzGc/mveX/F9cLzmKWk/I205qox5x7lm9zJ9uJtjdZaQeW8Ql/KRkJr2DfozqEBeVf3dQpUp+QukpL8ONUl+IbhBjIVjUBRjhdFrA7X4bYEXgeDGgCjeRUiwCcfQ2cmna8EBbipLpU13d3Mf3f86wKqY3L6UpVaA0abGrdLntax22yQE9cD31OLRLsv+pM0o8ANIRgHrwhdrkOyWUq/B4he4KlUgQNSYTsKV+xVz726zPQL6R7g12Gx8+MN0tvNve03p5I8UYvQ57l6zv5LokHmN+sJZzPxmV8+G5S8/oNcd8BDdhKgNfOO+ZTblXPBwBnTE6Kr4oAqKFfV2uNpED0deRJ2IfLqybW/mUziUkqlZBLY/VHzRT7cJEuhz1gfkGTn9khvWZdCzdElJY2mM386ad26eHUncP72iOKcygLU9vSizrz+SJ4CHXYx+jBrXawX4X0bFBHRk7NJ04F9qaMkKlAo5uG/REUn84fnOR90nBZeWqyQilZxu+0pfU2If5ef1KcxWa0EDi6668WLQl/P7sHHtXcDnbphHRnwSpVzdDX/eW6fJfy/7bkkk48Ofs3MyPAfnCOe+7VrrUBgo67d0E+1vY2Vm1MB+Hz21XI5EMGkhR6DCR64JPBT4MQhC3K8Baf7UmXDGoB41Kt8MAZUASZtthGNCWMbxboXL1+YWhw3fjjrpxKjQEeeTq7akQ6mNneRUSuHRzluPsYoakLxuzgY28KeK7cVsQrgyQjkn/ebcu4STR6HmHBdOhcejKZm64fhQaI29hOtwRSTNxNOFOra66+vT+UtNhKytoFlU54Dm3SlW5imvA+fWVdGTW1tvaG/2GdOuKibN2RX2/FuXTBnulxZwajSFNYOB2I2ODDzUa4ZMcA8+rA9kxkCd7p3f3N3FwZ89qxxyorXn56DRIz/cImibZEV3pNftk+J+2dZyd5QfLPdCfQaGLfySmgZybNY07j1F7V5VOI1QTGV28Bt703T/RXQcUjp0Vj2As2lGoBgKwNdocrsjV7M24DQBnQtKwUXkUO0hNBqAdi2iGHS6I9Di2huUe79Mx8JKQ6EnkAfY2bTfMxECwuHWsS82Foc6Pt3fT/XHGPhFWkz4+Ob0NCdOfrjvmED/bcsS/MmSRkC6efqu3c04l9ZrNTZgifoZgYDvP4UNfmX0BsgQbvvrf2uk7XpIuLfdU4Yiak77YvFp870QEm7S2j+3w9Yuy2uWZnd/BHPEt000l8ekw6zIl0LWboRb+G4Mk0vY0MxL0qzEcElNd3ir1zNtxrRhFY9c1siJmQcXaL9JjSPxvPFW/BzSUGn26DCcWJGXmTo+7buO7Z3TR7bwLFoBGvg2cLLS/Z8Hp8HpQJdA0KqVFWVzZ1P/QVkijl/7T0tNKPwZUdVfx0z4IzU/ob0OONKeqE6JAswqT9tlvYzV8XGUJOP6gy5nAyGP/ygpYx25abDx6xxK49EuBKI/tWEEJ+TkVg91xGLWfvR2ZUaqy340hukMrJ56ArbRQsUnIlee09M5Ku1rF54EdkI3io4106Kk84x
[2015-10-10 11:52:48] Phpr_DatabaseException: MySQL error executing query: Table 'lemonstand.events_event' doesn't exist. In /Applications/MAMP/htdocs/fars/phproad/modules/db/classes/db_mysqlidriver.php, line 101 Encoded details: 4iYAsZZkwa05QToyJnxqov8BCTJ15Du3/5hdLyX4u2PBcfrwZHpcS7kWQsHoLYDLXgQaREtAU3Mg3SRN+NHnpU4j03yAV56Nb9uJZP8C9A5NdVC0RvJY3w0uKASrXG8XJWERzbSxpCUmVuzi8bMVjZ9rLDFVfRQictj2ngrzR5/czPbvfPngXeC4joEn3OMwBF0EQh6YUr5TUva734XHxVVp6ERU+x6L5G+F3UYit+n7CrjIKl1vBbusjucngXBquHrd/eq4T3ktN1dhCY4c9e/EaNxONcQKU8MhIieHCxE0QQ8cQGYOuDSDRUvxyo8jVw6bNFpKnqyP/A3KD1VTAioRznKSR7NLVzxohNDOd2uM/v5JgWBSwdQNYBYL36KWnkwXOCjnqPfRLmmwUANSayA41FGylc4UIlLCmDIn1haxBnQpaG9Nyz1qdNHmt829rb5gXL7mgLDBvRL/r8r9TF0zvpMYBAMVTgLzTZtTXpoCr4mbu6R06F5wsvP25JYLnQxGz0DPRInzuWDuEymjOFvhs3fORw9zrX2UX+qRCMrayS3zsxsVBZTvnuVZ1ABGq4f5X+y0EvIl5cEoFdN+U+NyNHJI6zkaBW8+7ZeouGBjIlifgoC1C9/+EXlU4/ogtacErQXxFE/UIF9oOvQPNKZiHu7JjTOr1bEqNMcT7G1/G5xJN1KIQuMuTxSFXEDXf5/5jme/Zjs07I8E77BQIYxmxxSNfUey3yAc/RmYjWyjxPZWZz+CRVsXreMMa3JdOFU0VhBdmbUwvJwPCqRbojMBIvVR97++7EznvKSCxBOlpfp0mXa25ug/h7CCyBWAXRxT6pHz0XoCNIDc622dKwxIl+uwPD+0bbx98OYC4dOzxpKCWeFsNH1bfY+V7pdDz2nzqYadl8giqli4K+Cn7Psx8eTbkyU15HxlCtY5lekwkYCJkN7IYMyizpNlCPQ+H8DRYAHfdODhQmBQoZQb0nOOP8XemddWDHxRUDXl/oVNYgaFV8duMfc/A0pvEA1WNJT13rGdGK/ZpkZjVWOjS5diioF31ujOPNtP8pA/WLysqcwQiVpwUNR7mZ+zgp4TTOsF55w74neipMoNUmL258IXT8WkOzivN8khPjfdxlxaeCMANrMZU5JTqyRmV1XxeTvg3CXfsuBIVUZLd+6CAydxVecdsa7YPH3zDHIbd7F9fRCIS0IqOLBS2tc0EpXi0d45MMrtKj5d8JphX065iArorvm0IMpMpJtJ0EjL0E6X6voOTolpsMGf9DSyhJ9m7Uz6/aLzzzhfElT23oroPaIOft4lbcpARd/WPWCKIvK2Kg39k36QOxKrSsG1vA3A8M8GI3jrto5cBuNYuPeuDUUvyk+U0nqy8CpsRktpNwL/pRZpwnuMwe5L/7nGK2kgd/qDF/l9g7UOnxN/y8zZrI9wSUkE09exCt0O/LmiXYBLfcl1ccwvb01ItH+I0SYqWjKhr0L2Fc/0MvfNmIB9XP5Bb5V6qM6k57HUyLQgXzicfd2tnfUlmytoVu0lDOcVcO1GrjMgkqrxzayqS/w6i/38HvPY7T7cVeZAOQiWvy9isBpRTX2tRwqX8/wIjbLeNy6nT4eFT94vPfWHsfIFqatwEeyNXOxdnj4ikpdWQuRg58T27iqnOBkjRC0J2vGWBiYE5em6gR889qSjYzdUnaF7toZfbisj73jqgweRU7Xp/m1i0kQbxSMCQddBaYkNyVxdtT1kMwQV0OxJjpZ+bxxXqz4z5nN04euD0LeAyVePUR160/aIynNSNPZMpP2pQsVcBHJEZHo7CZG5Fw3rG92fsDPOsmxKuALY5+7LbRF/r84P48nBxGTvPIPT+PIP7gqqeayGI+Lf0BUP0o8Sy9MD7+einvtDzSO5ngwy6pdZXoHjhd6+CqoGnHa7BWwEnU9ys03mIYXdfBx4KiDWTMOxAzhXvI6BBayjSTnhHwLMb8Jzpo0oWHAF071AXzH747ASGfI0e5dp54DGFDsg5KoJXCIIJa2g1mPfax2vTOyqbw+qqHyf5PBaCQyfvfesaSIbpXU9ucD9ccW1JJQdVOtCfTPbukEGQVzzkp09FET4/M0b/Ew+SqKWJlddPrTKXLRMPQmRwyRXsfKsE8Yo2Iu5st0Do3qtqKhykhOTyA9/BUMsxUdC4Yv1EoY1tERj6jlgy4YZmR9LOn0LNlzYkDh/i6XPWTRXgieGmsBV+ilPyZXEmkIktZ2sMRl0uE+Tt6m2J9g7f+zdhSA4fNxa3d65/HmFqkGXDBVcThpDh1o4PEzVtrO4WDHiseZj+nAruFFE+buvWP3Ds5FCWdw2zvMd5lzGBe5M5Us7wthjqwWL6vKg9yLUMBVHnyTrVwAsKx4H8IRNnxBjx+EHTvWH7WqGcinj0jHa9lf1zsNhlGNL+PAs0y10pdEcPF5dyOT9gcTpmNZOWsMrPVMy1ORSX+EDmjy865RVS0dA52iN8aBp7ZMYuJpXJh3OOBbi7poWHpFzREc5unKaWFyb8dUpyxQzAut8J+bo6ktSl9M0pnBL07XzcV//V8Ib8nATLHmuCbF0cY1mdup1ZOB9eMV0piJUD4GAp+kIWfW9pzj8TZsC4qhC/eRlkcoX8+dGlsMhI5V8Ux8CkWdkREgRqCuz0uogbFZM7U+X+cWvPRQV4x7EtjAJoDquYXFCqiDQPE+Ah6JMxQOUMJAhjWuIu5EkOVaH6R1oReBsEh495W+qqMjTG6V49SpHBcCFU07CSkWtMGeaifHdjaFAQPpRzDBswvQxQQuXSqjIQqlv9cLgB7uUux0l8lGRsOt8i+NAAAnZFoSjKW6weJlNLfa4O3ytcr0rdkqO4+Fu+2z9t8hmGWBFSNtUiItKspOcKgz57Hp6d1vgEJhM1LYXbWVSiKf37ZyRIBLdDjIu/PWyw7BflnXC/+knYlb5HDWs88ep670W7w6Vz9IN3rr3mgiB0RYT+ICuFB+KFaUc7RINP6WgZgWBMhdjqUt1J7/xTtxSFnFeU6gM463ESZuHi1Nm2MkITGo1EHIU2dmXADoPBAVH6XQsHRgniZKWaH7Qhh03HkYhVVDjXlMPMxHC0nGmdkBhCJnmL+i5p7WCBq1MqfdITR92AWmsxVtyaOkJcRuwKs9WXRtpqw4CX7S6UturStNdcsNwcpx2HIrLsg4ofcc6NaIgOrx1Jh+Mgsd7++M7+mDJMNN0PfydqMaj/YyEukq24f7iBLWJK/r0It/0x5UrplkMrSIHIeO0J5GSmhIe+tOZpJFRlH1lFVYeMIQ8n5/gmPAsK4CNzs4eKfAZ7kmdfJgrtH3HglTtqk9a8vFVnF3i7f4fYMoTMjZXWhEgTqNiYwXWFO32ALEXc/oYnnDbdGw+zdbzRzNO2foPBnZjcJhRNJcAYI9U/MXZ8b7UTV2wNV/TsQdIonaJOopg7GNFTgDdJPFDeVActE9iBduba2cuvPEYQe9EM4KmqtmxjE86hrQ5B4P2FRqezxz9sLPdKpunLcggen98WoIFWtdNFE45Yn+lNm2lLmN/jNOqhHBoc3dqCVEE/1xcxNp4RBLqG5N+hJZw4OEddL9vHlvVIdTY8mrl6FOO6T00clIVzhfafT82r0pZm+AW8p4eCVDLVMLL7AlXQseN7AKpQFhD8q+dBGRyLhC+GF8c/pYVfInPaFXohmiwdN2JD8i/Z19KiW8lNfOVSB/pa8y6wTmRXYGm5/ltPfzp2UscvTGWjF7VlaUGbvedgx0PbxsPlOkXHNLKFBdrHDLoB/im9ggNKeVCkAipS2HQ4Gl1TYPok09yVL996xBCN8SqKsEszmXgzqmM4v5YkEMgVn5vBIe6uTbl+Is/9J8qPKK+iIn+c5FKKDxtrfhJoBye+anMvprOdnlHWh0352oiqgYm5X1YXCMJWUpHcN3B7fCqhrD/vMsYQeBlcz469anPBE2XcojncQ0ksjuMaMQvS4ay/IKKThc8Zp5JFAGDb+omNtmoTrixbdQjCYnmxHfBKeyvKg6ts9P/p76tvdpd8HXBx9VRvH6Vt8OBuTJDFj5+N0BgwxalNXzPLHlNwdBpNRBmCoYn8BkcesUvorArcrFz6OTJUWde6yuyYMoaq51pwQM6gwgfy6y6snQIYEQ5SE9hlLDFG4nYWXC/INtxM++Z7fhmAPBSyVitBUFVQU7w4LT2rviAGQTO3NgJfuNvQ0YNCzAGekR1frfqg6m2ZjLAG5WDxiJdSvIQOPpcFSTgSW2GjI8Q5djFISjOjqUAW23W7vX4n6uaFybAykZMOG2CdyM18quackyFNJGtKxtgJP8IiTCsLmeXspQrFMptTxqQr62XbUALRZ+2Ne+h5MYVSCCb4pauetMLIJbNxddwGZINglSqypK2Vu7jn9L8opZ91Y7kC1xLJvW2JulbOM+XY7P1uDqYiJ+XwD/B4Ixr7+83x+e9TZMJCv0d5WbqmrCV7obOou+HDQJmdu+sAvs8SL6GoRpM4Yknvbvch5Ep3pGGAbnKMzyrcTDtoDQSrbjkjzNrrA5IgaUq9ITeYQU7ARzuTRmEuYDR3wsJtgn7TBNEoF8P1mX/MZUtmWX1BlKTTeZy5t98pAAKcNN98Gs1Ifb2aW9FEcQMNxg+P1d/9juzFSNjfxgJHPNhxwBUYF8g/6tQV9G2+EnFnUgQuX7IkQFEn9v49/XTPiho5yUTzAXGG9yYhpIAx7B5zf/GKGRsC9JmnSoyJC7chWPJuV+1sEsMGzz+bdtDflIt+mewuOXsTERVVX9SlV9ZZ+QUWHyPI1oD5kt9kuRn0jUjrV9OI8VReFwJHUun9WmQBGNq2kYvgkuNw7MuNRaICcBC6LkkggdUyI6VQ3gJvhRrwCCgSd7P7BmJh5/hwG9nA122VrmsNABowt+LbUy/I7rzupGRmpb2utLff+a5qNlxRehUQSNYvvsnZEucHe/XlSFLadBJQHi8KwXij1b0+3DbMOH/swdlHGNV58N4G6ZV82PCTb7IsAAW423uPyiLQ8WwaFCywXT28aZvq+8Zp7VfLX2Exez79FQLKEG3ba6dZ7GHMbk8aKWp+G+GWAe7S5tqzbXDsWDnen/v8FR7DGrvUsq2dyRypndx9xPLqiWGv3J3LRaMvJ5cT5N+LDsRgNo/thknjdXI8Anh2aIwxRUHo/YAr6HSE5UwspkhdcFCVALWcBVlMiUG/HEBp6ZmX4GuQUfPoMAeg4WXoaP+VsCV83FgXgstaxyrbdYgsg28kHzQLFSGqB6DDrINgxGOfQL4/4CrnxPRJ/sVhjZGr6Af+JsHu4ttzoaBwtrOkX+HgP0Y48oGv/ea4X1NAqU9av7tIZbCpC5T5e8cYxZwju7AKR7FTDuMsOM0OCSE54KbzFJqm6665BUpcg/yi85XenN08lcNnQS5Sd7NC1IWKjol2lFLrPGWZnEafjseC0crBPmvsYnMRE8eM/G/wMyFTzzxa7IxECd7oQ2B0zj9IrZ9ZHfhdNdCO29fihsFsdFQxMgVnYMempOvKz8d7ayYEzxhkakNfp2S4/airlAF+MYs81DAoABuEP0FWVhb7BJAPW84GIJCfQXRB5NBuWgEqfigYwbmOFRNFQ4Svqgf1LTHqGq9zEXNQo997DaX2oNQWONlZAZD0EQeoqFZeBT/l7Fpcns6Z5YM32msH1qY/VZ8u4dCRy2kBiq/E2553ZUnhMEX9OrGM17CZ6kAp7Ynp8UwZNsb+SsodOxCS4i6aupZ6HvggvcaDUSYEpamRSfGPEE0j9qF9OMmB0niwhbIWoLjGnGY6qMSiv4qFpsNxFbywNka7Wstpik5pZrXy9K2bbQRMf/W8Td4eHUQfNAkQ0rLprSmK2Vy/FgHel1jz567Qa9nEn6jxYU7VS3N4PZX1hQ05sgAce9pPs0FTQjII5sVqdCGO1w5DnRr3bnxuSzzv18ad75l8AbUm9MoXS6Ua+P6pDbx+MLCKN1sn+wa0/kU3zxGxwA0T1NxhYWyO+B8DROcOIlUnb4D1vI1T0JtAtRY4svMp+DPxL7XYsHPkAR1WPsfEAj+IBpvf8750l/ZydU1Jr6mCmB2BvXo6wGlHrWT46+zxYzXvvqWeZvuaGVReA8MIlGFfqjxlUy+jF50Dzd15XLXcvOwA62y4I9LiRKbhFJ8S4lTQwZuAUqmzkPoRtw9zEojg7NdHfVATCDO3OIjLAQTAX925aL/8yaX8Zk1VIst9XY4XTJFk8Y/ZMVYyUusObjVSG0yTOY0AK67Agni+gXslqHNBCXAKYA9+/sH9TdJVn8xFzKXXFhMOsmS4+fXrZl1pIoGMqnXe7AThtlPYdA838CB6vmvyuw1Pj8OpfDxqSfG5RvLyrC/QU11JkwMzCDiS/FNCm0/4AT2DBWhyxXyI+IAkQuUeztrk09CSPJIszUkHdkCJ88PTlmunk8KXtTfN9z4c9BoVscQjdtPTVIH5KfL97DB5bfcm/SL+9hgmCdh3ajZ/gzkx7LhEOyJC/09i8CvGnxJZS4SCPagPYXpYfTSUaYZKq+aHOd9qCbzwFRaqkV07DcsQ1ObZ1lGXIt70b3IOMChENgm/0puLXWJhDrvoAO0oBlrA8nY6oCqUgiIGd98tOAFJEysxA8cfd0FLqANRV442sOXchZp2am54AipXagFdQlNxuvIoacpX/XJ
[2015-10-10 11:52:50] Phpr_DatabaseException: MySQL error executing query: Table 'lemonstand.events_event' doesn't exist. In /Applications/MAMP/htdocs/fars/phproad/modules/db/classes/db_mysqlidriver.php, line 101 Encoded details: y1w706tc60Ofo8AmCzV+O7KWic7sKJvXTUVICQYGCCobmzsVdHPPyru68Zje2evoCWU8YIk5omARJ9rQXG9yCFNeALvknnPoipuXq3r9L9C9JR/tbyfUJcP78N4RaeDPDICPpzgUfsM8zyBID8mXLZkg21d2cdla9Vty6u/clqiWBxLByYYyCkbPV4xLBT+SZ2MiOVqp/JwnFjB+2BYGRp9Ex2ZmvO4g1b1qRQJoYDEZTAJ9J88ZQ6gNUPpYcmLPnP3rJUdcSBvDey346HNnKQCyDlssboEEKPCWD2E0533LzkfwsgPlA6078iyi2uOmbFWpCTyu3soi0M9xGmVIR0QiDnBFq8Zkp7ZV2uv6xfwhxSkswviNdh/aAmrrsOxpo1pay7PAwii54ldjQSmPG/NEk6UjbNtCKcy0fq3AxW8uRDayjMsOni41e9PLMRx30rNYWHkjrMVctbRLknYL3Vxv28dy+C5vgA83YW6CaHdEUDFQGlHeGVa7DfpyMWsfVm701sQmzVcZtcjHbkgzdkIk0uMMSDNQWsfIaMqHl3VAqWCDijeupwq1W1G3owRr24MGO+++Fxn6A+6QYk9u8SymMz4EDXgtdjqQLrgytOnVur/iMU6brQheLhD45kAL/5DEZEieScEpplI4CzkCWSR2d7NIISNz+P1NlAk4aOIRPIsLNy3X6A4/nGu3L3bsA/Y3bIMRTiHfINnlN15blkhSoU/4qDmry4XB6/QPDKEslq8dfhCcFS5x1xWTVgalpF8BNh5l037UIKkBG39yzOJAgDP9djaFiwZp+YqRFBsJivIspYStYt3Uvb8dJtHNSqIIWOj3SgiTc0+/FSKsTPw3FkY0qjLDMPWssvCS6G0CcnZvu+C52PdASD6HRA9WZCo5AD1KJWx1xzTA9pAjXvuw4ehJFKXYx+hN9cZjxq2uL0k5+PSn68ZZNcpCAkJuMLLCgSrbPDRLs72aSOmshBwQHlyqLjzn+DNzyIpBgMC4OV5JiQybIo/LCtDvMqC/JrGCv8lqRFmg5vB+shTVdhvjcGi2ubFj6CgjF8C+/bDT4c7Xx3e9zxc7Bn3O0hSpmYDj3MJVC/Jrhu7rS4d1AOK0koiFnr7kAKRuE+gayN2ff6OfoUneSLW6pkwhJLlXrwiDXVKnDzoQGUUVe2v4FSFUQ0Xe6GYpyJBBHxzJinU9oxSJB0AqY31MytbU4gv+i64zZAD2WUapa6yTTZrLIKn27eNV/sjpQk/5PqGyWmninUoiMkL3me2qk2V2hTlZYG+cAHxnUUctJuMhRljUKTJvbDAuxTE/r8viq80g/tDxyC7h2EisYIZE2qldoPaCIXCqBUFZhNGOdtLBUi9T2tWWku9UtZO+cDcdAwtBwErOBuFEulNpe9k0R2uegwgb79xm0ysdQo7xAJmpNdfCCirslQDrwXfSJNlAaOzSKcdAhzsZuu8QfCdtSfAXOElR72tlDbdc+Y3+k2GzWICLr6jPQ5qyk6IESM202M3Tih9mFnRF+6HtNcvEfeltvZ09O2pwBfH5yl0joCRE2GJd5ciCaW/sRcdUEgXoi9SmqNvXjmnYQswvs3GTOyThfmaOJgWpFdkUn2jOq/k1BPb+7KhUZEetyC3ROMP15kHm9+bYUQZzw+8n22qIEnEWyG5dLxn6LqvRcnZmmuQHgtFhjV1RmiLH1yAvA2o9l9IERf26nfHKaTGNxpXVfZXp+39b2n5ddZaEgY/csr1t3PkDRUrVdWhCkQILn3slqh2se1cPxa9K82EVlkvHJWNd2V0PGbPPzgXaggLKl17nONRpFUlPqcCi+dfmYBme8RapHgOHyHa7Xd/YBzlQMNccTWwRAb194uS1agjmBBu/Y49CvWJFE4PVnEBtyo1/RrJ77vq1IU1FVfU3K5Ts8SLZnJfv+EI7KzrjFjvvKe3GH+hC4h0FaGTnoLqDkSuWhVlai7hrfax2pTNgSV65j5ZD7YvfFZj2sV/fECQAcRQzwe7/IFS24sFNII11mttPZHQz5Z1obbpUtjMOOzib/CYM2GSZAUt2vwBx9Tv3GuMsI5NEMqTyoYRQtUmMz2njZwPAWc16j3D0+gu5sIgbsGaijjQwYjZKoEK8Wbr8o4P9+LDCw9Q7e5LD/3vwdVLj+ugb42ouDMP+pZMFVVSnbhTNUfUulBLOdzZVzvm8lESpKVF3qJS2vAGfDnKCDNzKJTJ2V9ABSjWiP5cw7IqOwPRZA/zR6DZz90nZDjGyLFL0zyqZpmNx/RsBWfrXLFFYjMkIQkDzNoTOcsPmkpwxhsJgUfnO1jwOLkbMqwKtrZHCRQkGvsVLnxPsU4Lit5C/yPF4WmvBXhFLegsczT6rGS52ZxUnMILXLp20eT79jALw+johFXPbod4SXnzAmn4YwLpUihzhH4gFe4lFaQjBL4uLH8Y8xpLxxdYOi5bRdVrgtYfXL3xGGg0svzat5JHwTOtkU1f+SiUK7ZEanDct7V8m4HYuO01U6WV4UXOyeURKhcQjCNvdnM2Mcp/jumg1SOJHnc345xUmzBq7czNF60Bvxg2rv/E/Eopjhe+XMZ0tqMVkZgGQfAr+1lGw5E8J/t+gkx5KZVwJAI9EDXT0VTvIMzYaN51Csobp/ilt0hMXt3HuOeDPRAiMWIL32mX+ihBEjU8QYzaAceIYUOYRB5J45JusVtMMQAI+C/UkRXYnVr2mqkbMX3Wk6y2EUA8QW9oVwnXuG4txwnFBFy7K7iB3T+Sody5uAZF4oRJjxEO+SwRF3WnuS8WsXrsHzXkNuvjoH9ynkFeu0RZ4bmMUfH3p+C+gjuB6mgbjVYBw79tIvetCqnXsTzH40yx40XY21211KFnkvbUAGyHeK6lgJJB+Tti4lI+bbYc6MtRN/1/B0EKk3SqHhQegIMIKg+9Oyp4Yvb1Ze48dCBSifb8f+ZF5K1NPX66RB8/MatvswfDJLd7obwNVptvzMHf9/tmLDDnqF5Gx4TJPC3lNCqGYhA9AIb7+xLdmUJJtXQZANJvpS/FhF2l1nrBhHVSA138Q/Mm7aActWJZMpTQUchJpkuUNAZI1AaXfgMP5NhF1uZPoyUzMAfZKnBBTZtHztyKbczeoydkpFSYRRtdiXYhOje5IwHNb8GMugFhGOno2mIq/4fa9bhYVlqTfxQnjS1eUPlUTiVYdlCeUOckDcVJArWQW/zNDV2WaqzejtnlrfbrsmMHBbxUCo6Qvra79RZqpXPZQJPW9RR9lua8QoHr1a8nT4xqOKYhY5p5+i7YIOodDa2ACBHj85GDrIFpnM4Xww3WaqCe9nbMi77Mg5/wYwW7y0WnVcobGG7ztMXfUwv9Jja708yK0KXOXHsetfGQXJh5g49xVRNyiYAI7Ontdz5MQa815Mwc/Qk/Y/0OQgwEtDiOyz9u8aiZD3FbmCO7I5GY9OhEgcsQvZ8FbYpcLDliKqvt4iTTeZCGcZOx5YxzmBYr40HiUrwRk51ZPIVvMIfyC8ZDWjwZM9BWYyiVofMgT0xLmqDgNbmeDvDPx6Yztft4nfRV9tNX09WrHMma9Vi+QhTUudPnvXSxnmf7KXAHxvWe9vMcqqWROjylTXfarRyih3lwA08dzGUUdb8/p+NnoukNDNK9UP778b9rJbX79Qe3wtJWQGKW8mpDKzVdEbzGUt3rhQ5Kx9JVNajl4us3VDrvD2cko6n8i/6Oblk5lf11bgiXvoKysAaxv8Rm8CniKdCe+COckAQvDehKqZdWcyuUPR3jhF30ZnmJloBqX1+yIqwBOjwAnw1xUwpDbbibtn2ufdusexW4YP4r+FeKHAFr0aCa3ebtRE8rWtISQZQDhUHF+ps+CyYYbnLz+KfpyfUFuVPW9Cez5DCC9EuXHrlyUrN8KsNCYv7ApWhNNrf3b6aff9OUjPxh246b3COnfyPfWLE3t7R1FbUTIcb+OmnzFst2LIKyOWrGdCb3O+2UuF7EnXblcxM4HOhHCFtyu/+kpXIwudqzonXwQb85W2RVn7RrzpVOWI5eFoktjOzPr6vVTAjbG1wmzn7Y6biiYkDXNIXn49tKi8DF4gwR4KsqwGfopamiMLHanqeL9FTt9z9h0mv60cgkzvstljPK/psOJMSUD6xJtrG9c6H9423v+/ANxhD3aUVPwpcYdRVtMLoqTLE3YV1oGsyKva9sssW88SKkEJDYpNcGQcJTQ00iaLW3SqTH98B7ke4PKOa7MI9jYeMctwTNe5BoquRQtG/JD7bhBaDDQX9WqVfhejwnA2jjOVwA3Kice/VMI+2WlgagKvhQIdV/GlxgPLov44BEsf7+Hah17Fy8lRw99BfsxTqi7RSKU2prLFhr5fjgM9w7jICdePopmcoS4vWMKcy3ZC+aUbeRfKy7/FSK0H/aauQqe4KbzhF6lFlR25YiTuPLSQsvFJoe0lK0dovyiVERV6MDdzgka/GSiDJEDtJAXuAL4BLYrm3rbZ8heDPJ7IUCKEdbGB1vmzw9rEfwu5z3l6/qfHMV0a7k9orLtd+JyMJxiGh8nmjhmzDqyJNZmTdzKwqCMYi5C904rA029X5HLwI5bEfr6T0VzbM+W3c1dLOKd5uF8JEaQOc09fSl9vOZkjSPwtq/Ed4fpAC48Nq1NDYman166LUEhdvEdmdLJ7Px0Jp5MiNLpSTk+f6IMs0b3X+8XsNfQKNHRDOaRtgXNFJD5fH53aFhRYIseenoQmn9ff17AYEzzfTx2IZ8Iny3Jz03AMsqD0i23zMFWBxesW+Vz68lJEC4WNSbhmOyLHCMEFUk7I5V7m4RS/takfUzBiKcy5o1qaaUHH4DbeXsZG+QjEqeu7uhzSN/vcX9UH+KGNlcWJgnqExBZY2JdmB6N+fK+MeyBKclmLrRRNnvOe2136PgTgvNQu1tSwGqRupvtfncQSY0zwmKJ2RFOnpY57FWaLUeWxwZlO1WkP50Xob7EmrOWRNrMnPTrN00AGLY+u3H1ooN0n0YJELvo+qvEVFuzKe2pdGmaiUQq3oLMccstCMK9pEbEv8qKU/nBKH+bPqC8IKrtYFXaktwQE/XuNZ9FOhBk+o7esiKC8mobzr8UiVEMzck5oXkQqyoqvwWn2ghbn8NVpOx+wwZfstQjFQ2FAl6kNDbo7mLB7PLM3w91gvkBlMbCQVNtPIEKfkevmxAlcZHPwlfHp+51ycOlpLT88BeYDinOh5+sm3blfZsZ3Dm2n0cyx6a66UyE0+4r6pTDkk16Vkq46l9ZufgPzAyORUG675ryTkn4EfkbNah8ZIt7GPbcuUpgd6M3TEOZtXdwmAW3C/v3m6Fw1hs2pGIunzW+S7Qjd/l3j2r3hfhQmS9rKJU/CHc1g4a8J/FzdzpsRT+edDz9yHN7pWRRIU1qQz6JSN6VMIUJtp/QgNIlG06/MAbm9SS1U89+qf48QGBkES2zdxAQqqbw6xqTpg1bYa7P4Yrp4PS3JJ+yHYWTy7tgeR0chsGkjtsR49tPaPO4YxAsgFYDyLV7EwoEZxX9hbVW7LtZKi4EZs+0SlBM7YBkqB7Lv8XXLZBzJngq1B0Q1DXqEC08v19g5EkfJZskuxcaj+uQ5ZPmyy0+T2ZD1X1NDCoYPEmg+y3YLsL1xriAdiyoKWigpAG1iQ7slfLvO6XGG0NIbu7qKDa/7VUnv6TiyWfgpvLM9KVaEfbVxK9DLA58SFNBwom68IUWJNkztKu+p6G8Ze+FRGqK+tARb8u2SMrXTOycY5Y1B4nUo4uKQHo3bG+Fe76pk6fyieKnviYy3ZxitPhaFt3EVFomwuQ/vheyPim1nFekYxNScysGUDERVduBZ0A8mP+USkttpgPtqzrvHTcRpgIGSrArwURBZJPkHFN+23WY+oYMKaSTUxFyaSzSCJXMM9ed7q/yZ6RFGBS+fUzu7aps3PNOl0JumSRoo+Darn/guHJsJReRZpx+POYx2WOmft/UXYnc14NTJlgMYmcD+3JQ8nn/t+SEvsMRDb/RW4dZX8igvcs1ITppstVoevJzYeNcMMkBiSYkd+Xru3BaK0giniRZwglCpi+eJuGIJHVdVVz+K2YVhPKTRW9LrufmgFnIA9BIPbyCazCAXa9f70tDd5C3XglYL/NACcjnnZ9mruNfedBeyJxlJXFys0sn/lsPpuelQIvTf86IBo2kB2Aoy2kFd1e/UGX1Ao6ftvJfNKRqGcYnjLvDHwY2HZK6J6rm0Ltp4lY9c5FPhBiV0w0w380XjM2WQTGv5dJ692nK0mwcUYPuIa6ynzGhVboCz0fUR1pM5y477hCBUvOhuib2j5BkvSq5wpQck60DlfwOdMqTqiv5knhOlrReFylJvhitKLhXNgeuTAlBhtBdGjR2O7mh0h9Ufs5/icm/f//DlqA7TTFt0OZEJfzhozyj5AXOgw8XBre6jLDWNtUmU05jc7vpDXdpld4swDO0eNzXBaVx1Dxe57Z/AZUevMa+IjtZGn8z299AetTEc5SwbnD01tmlC+4F9K5Lo5cc4yVTzerCxlt75wBEuBTO7RNUWJ1VDjc8j2n4XWmajqiBIxjHy2u/JEPyIOpDcZY6W2aUEYNhF3I8QHeNbTdku0HwGZwfzzrsheapO8voZI612KtPY0osC9xT7wGh+Chd66jFcMnbg6BVBucCfKiriRtQ
[2015-10-10 11:53:34] Phpr_DatabaseException: MySQL error executing query: Table 'lemonstand.events_event' doesn't exist. In /Applications/MAMP/htdocs/fars/phproad/modules/db/classes/db_mysqlidriver.php, line 101 Encoded details: kcb/8QOmvk0vKAhqA9OgZSS0J1e7/cYn3GatwO9BNtLgR8r+ayoJvUPAs0MyrCEd0+eJTPEqb4PmuMeDcffFV09xA2XuLTyuHb7SxIdg5KIKHUCKRmyF9UX7glXT+tDCXbv4iADvtjGzrNfiniQVB735YY9ofAxMHta8Jd7dzHo4qESennsBQ1NsVJ7CdGTjZ3ENR3S0N9epK5IZExYkNfm0ONOHufGLqpRIYsFz+QPJpEO/lKMKUha4i/NQkDPnxr1HpAwAypA/MN79IGyjuJ+Xv8nJTgE0/eLiUpWqGEx5HkdbRGnR7o+RCJWd20eyIWfGEXq+0iKFFMvtDLPY99jwNZqRzuZJk18w1Y9XIre8+7b8CI4fhjl2mOuQyGO0Aw5avC3G5oKaLUb5nQ5JrfH/ZqOkF8QTfOL1hExvC22S88y/MKidPiRMUiIuDVNgyZTE0SF9Mv+huVFIjNR4kMvFxtHhZ/L1LHem4Y+2WOZcqXtZ3FC+8Aqt7E2bZWggxy1ERFubFuOUUmiLEwCdBn3srkIudfWlUt08YtfBgN4dptGhobagQw9ynPFrHGhN2uY/X/w7VP872yTk7LWQw0bmyPspvkq0rd4AqbN164rpep6yavF0z1bZj8p5CqjjgZogB2mj6RaQ0XRVOBuHMOlOE0+21y8Qw+D1Mi1tPdSsq7OPp+HorOEhc+D8KrCalIW1dg+g8eLtMsFLiEM6vYqDq2B1azZ2rf7EYcXqh41T+0x57nDktgnlBQbi9CjyM+7DeZBmYOXG1atFJgBaOG9a1ZP0AWvlbJX8i5tzdCjboqN9OzC/nLMVbzZi6KlylOEJajC+ccazUa/FElvUWtcUwWzsY25CkirT6vWAfQBrXyrQFz7dcXfm94/oX6/mDlxhc4fPbijNwTKGAYZy0Mp4cMG9lHibH7U+WoxOi5NFB8fUjGnXf2b47FRd5zMgYzWmmmj8AMot3IFbsWp5CN3c0plmAZA3KJinWfzyB5ADk0hqlEQJ3lD3NUr/nfSwUs3P6kOFjcWUcYowOHRFQCdmXAK4pgk8wq3BdGXAIpJ/jhsxn2AgOsAauOlzLjLh5gDzE9dr8YaKhrPEVyRZpE/zBtX5yCEpE9rI/ADmZZfch45L7xSOtkMc8l7Sf43JXHtl29qRUrs+CaCLXnAr9cUawGD79LEcCbysZfDCor1CeOV8UUEB/vdewUj9ogeYNTWrT0EvwHBZy7aXiWKIKyo9sa3cMta6miU00WqsLS6srdvFqNsLDeIUscZ614YZdkDxvWMroMPC+wAu/44udfDX0+9jB5T28G6VYBbTIB9CeiGKucJIg/noFAepptDZZiXp+pcZ6OKqmsh//1P+F10aWZUE6fnHAl5sTN3cxvUv08xkrCOL++jbxhAtYu/e9A6DmjSHwnjiJdwTa3l4bqWaraE5EJK8GYsuHSPYohrzyTWBiZLSTWtHx3hPFZnu+muFmvj8vDUhuQybPv5cCX7Vm94zr8BgpFub7O83WbaUGplyJ0gq4nllECyUSZpDM6pMyegaqubKLXusL76yu0hPR9gzIfjXhQ0mF17waN5WoETRzibc7Bl5YGNQTO96Qqjeau91EPSIOTbd5CH6TYOjqT0r4HdT5BlyCZVDCF+9gayXWCEFN32qzfWHs3JeK29lHXrI2batDLdY7IRdbOWAWwpbjEyi0XevY5reLQ1bsY9KdDNjcLN34x4P0chY8Klr8LAy2l9BSbchMVEc7AQyCfFCo9BisBCEyH9jWOY6X1pjij/vV7A9YPIHuxfQAi6OtHX5RgcMukczhX6Kih2pKDZ5e2PrAlcbrnb/ZPM5N7fAJ7PoX0MO58TECC+Wv2DK3LqTD9/mEZSiq3g8QoqjWVec2LsK7MoqmQ/QIg8YI4GBTR+lW95xCVnqDnC2J2WSbclLFKu+asmilWBxGzeSitIr9NSx32zFtSAuivhhvJbPVAIprnS2VIDFZ68uRplNL1LGonNvZgXBcW0aiPWT4tLqWOwiJxlGpAS8k+7qRAZ1GK+8ZL7wqykHHo75pDPrbH2ngUEiZEIWG+fmzCK1Iy7csMOk8fGAs/ec41RyzjvVizjcYbfJIOL7012Vovf9pHzH2mwVPBL4s4MO321tSNoYJDXWBWyRLoM1R4wt5SBHD3Ao87A2mdftqRMOOyXRz4DqIENfFeFRXh/bDECGNUIB/SqDTShidgQ3H6Vv4mAXo9HXcIIa8adXRTwOK7ElfqJrgOk2/2gzz1/kSrLuxxK+HsyAfih/vqC7iPgjZbFEJMOiL7pZ0sWIcuajplsIR+I/sGhEvKAGiwzXm8qdagUhD8hKTPTj7gk7yM638CPxOcT/EYB+LmjKGhBYdi0BDrYFIWLBDTwroC2LmhfVKBBYwiLTOi0SU9AgrRW7OrPtzlyW1rxXbq1S46KgadUewe+hvMdPEaGgN8GecHhWFuzJ38oOP1jwdk8HDVq/pdYuGIvMLtksLL8J5/CKfBzbVdFcVpgEkqeG0Vvsbxn6oHCwKXUcxJchgCsR9B4bpZo2389uuXFEt479vEZxwJ8EwdHkGN6dFXwILcSdDPY1arkBenyEfLY2j2Gun7RKLayglsFrNx4uMs1sQ9mQAoVhSuBKkTXX6k14CHgnlhYkU0i0UziXVpfBl2NLmAXF1ocIMuuqIseL3awG7HdosRBdBhLVDgnSRwVoaFHuNSbVYps45ExT7jrdfZdyLdu1UkzmkfVAM03u4tWbNA95hdtTZmQm7pvXOvNq+cQOPO6bkkAutPabg0cdW/EF/xb6LDJsQ+Ubh8so34QiKGSwJ2F4usOyulngLhjEgewIrMcrfvEpTiMTDHpfTUeTVryvnXCMxJ97qTE7ANhBI4BocCLzo/vXMi8D2Zk7Kz5rma0JepE8sCuECZoLs31hv9wG5puV1wjYnn4NtJnmo7cw7RBwMlf6an81BtiUTa+6li87XboaspRFbeeCv/IGoeaCB7zbE9l1bAt7LL1CQMXVY2NKU57KWiux2L6dsJLQj5mdussdwiV0TvItVAEE/hLRnfvJzClMu6gJT1nwX88AmkHC2pRiJiW6d3iIMz1JVgAcNiR4HX7SMIL78Ktz4rwVjM5czTh2GuXmDSkbhDY/ko6jDoM7RZZlAd86KA6FLOOGf7L6HKwSC1sV1xSSVgNJFKZWAkKvzuCMSxdquwmMs7RNyNH1OhWUfnHEOcXGmt4ejlHsikOW2Xn4pJLbPT2xq1Qx0Ug8UdBrmgK6mbUt3v9Rv/9kJE6HxRdwNATjxualsFNodAytg5nyyZxPcJL2zy8qS6ja0nWjJkPTz+sfhGw9mxwQo9RPPQWmwGI8F+pD63vCHoU+2q2NoM0Y9cKjmvHXKXzO4I0yyqUmcAz9gsJ/0+sFwniiyZJyLQGWpcY8JMI1lCXNus83Yx8OaeoC8HjMyt4iIcIs7tdmwlRCtX5H34xmpXdQmV39A1XHzgzKMz8sXCDkxDCkar8gRluSJMt8Pf/BYvJdckhx/IqawtBneV1zn1iXmk4Ug6CxEFtpVv07vuyZi5mY/Cip58bC2Y3/vG1bUx/0q0qIe2+rZqaXVGjsQ/zzIL5cc296Is37VtM4vRBY7fYQ9KJNDoaoa4Dhfli8BlR38xlMwat8JDXwvWO0liMM+ZAY2Ki9kfE/gWX//+hA4MyDGGNT+SRry8V/oIkMCP5hzPBYsdSoUieTqlxinkNS0rL6QPdwAEM6GVXtPVcb6UaX7vz+N2uaejvvQ1RwuhWaAAF3U8FCUVUiRQZn0xWAiWIqwmd6nPPUXyCQkcp8zyuZHwUDlf64HfHIChtEP7Ynk4D90zjvdGHkaPMsxSkDA/GHqIw1qJKNY23ZeShID8VYiv1p14MzbVP9cdJ5ITP6jPIrTfh0Nl6IHIX4mZPZMTvOuspc1YJC1cFiIAtqVFwi/pth2nctAGZHQNdeDpvfqDPDXIW4oF26mT2lGRh6UIP4UiETK89vw6Gs9eCEo0tDsCXvFLDt+H/Yx1jtRCy4wuInwJSNXWw6BU9NFP1Vq7w8BuVUmaqa0pVk8rAW/5KbnfBL2QI0mxwaCnWp894Ak7BbgsqBxFHtxzta9gip7owDsOgGz9QvFSv8S3uEc+rfqtRZlHD7gcFwjpI1A9LpND7oEEJru8HXcNyfnXSXC3keDBgg4lXVUSr3yVbpIqWLXKHJAc0TucKYbJ9EPpbFNJGybbO0BCfYt+ajKTDq7hrCr2M+z0pi/2w3d9UT1n3B1C2HtKklo2ED9LRw9Ejd1F8ESOOlIPrh+WtWn0H51MbmwaSaC0eLfKZ6I0msVmLISECQ6G0y2S7DEzri4+PBwrn/uKBuzyJfEVEb9Ox+mHWCF8MJkOd1vgmY2gmnV8Klfcr+osBHCwrVX7kgrj16C/PXBz9COwiz0TQpjn/en5gH7otr2OL5PUQJKsbs4heVA/mYzf9oaT1ITKtrbP9gF1R32/kFbMUZf5YHX/fnjGchfC6UDXmEgKSrEXPuyh5mxsM0JTGQGyfFVUaZy6Nmvktu5uwVVNHcjs8UyEmtFnfdRTy/dSN6fBLo9Hiiy/3HQ/kDco39BKSyhqn5Gf7ylLngevJyzfHRe/bLKTxy8SG6oC3Oh/RYjaH1nr4345XqnTVZ2nGMUE41eYCg2FLCKNjsON3jq2a6nDP7jH7Mwe8TUDBJcewCv2fQSz5QV6JKNF/IJefKWo4GqyPlnSuFv0VoN9egZIRn81QX47zQL2VVBvYchfzd0cScclVf2nUmoW5wuDxrJzxBsoUGusHbmCnT/1cZfCRfe0M/cM1Rd8hOXRwIKT1ZpIAdxi7x28Fb9GNDBB2wIEw1b7UquDxJJemBuo1hMbSITsGDjt6RfjpW1DvRAdEjIYqeqWCdhw2oGb2YaBayi89Z2xKns/dOuma4VSccEt5uLwz047c+4o/evZqgxnnPe6BFYjOyPnWWqS5lC3tdC0nokmuaL6TGDlFqC2mK5J3oNj8JldCeBoIFSjdzHjNd47OfxT+EGppeSK3WnAy0L+DemqlKGsYDrGb2FDaOZFRwbKPbIYSgHDDJdymrM7dUaNWdzOLymxkX2WdiS3herOUNVVJU5VE9jShhA+5XeQ+TsTCmVe92UNHS6+z+m4V46plfuKrpekeg3/BAyU1zv7GHOQWsa1gLvHQ3q4mbM9IVF3+WZQBToSZjTNPWgtIT+gC2T0DyKd5Xlo971NRQM/DjOmjmMtw8hc5QweZaH3+s4sOmfkCf2rFVZVtcvuqrhl6KS5nN8MMpDggMvFv6J4C+7dPO0mIF8CxlnFEwk2tqlbqr3xjiF+wsBoXwz16X6WQ+6SnCoHsCIu5wMBVKpJyRwW7/j5L5+0E2By3nrloncwmHMiEDs6WqdXFhIHemeNgZYptTT1aHLSF0zx11CQFSfTfm5NCcfAmXPiomL26nh1ubqbGETyAEdFxubCMDNl9G3SswD/QHrvpsI5FCKksTYZUN/5txcFf+iiIk7ZlDo7jFn8/3kUYtxM8puYD8zpuc9EghLtRybH5+ju+n3yVP2BFsUyquVq9FZ7BRcfr8A/SxIZFQOt6CzTk0ljF4bpJmovaHpfx9xOkAug3r2QhCisxRhr+iKC37w8+h6WYk7FwhU1M7rCgNDpiWYLVac+IB3zrev1IiyjjcknkzxvLFRvB6BCdV6XJ1epTPn5AB7Qkbu/HJ/PlJGXX52NtdzPEp8aomcpZCX2Mx01/1/OIaS2DQh7Z8qwlX1Gn0E4H/9LspzXC8nrMqI1XP+ydRv71Co4M0eHoRuhpHOZQ+dhsEeZ1zHYAhL0nvbHixATAXkFRjp20pCn++3HRNZmWrE8L48Ge+5DL1w1x9HErXDIf/+D2IR7owKxZ+bpfyWiFPZZcQyTcmoQHVB8B7jpk2N+9Y8rfMDuNtu3C5ke22CSnyGq5MWSUqDeplei70iCfVvv5WWxbpVY2r4o3lurG4C59LWKEtySw4qek9l0r8wAt5coY9WSR+99qULa9nTai1l1nQbX13Owpq8v5C2GUU1UEqw4+yElT18mmT4IEW6Mp4SHTH51yYcy/MF3FmpE02es+2rHpAvAr6F1jSvfOJp/YoXrsrC2Tcg3ZOYWak8lghCHfjkpQDlgNSGq7V89DjAXNUWKer3WHaOF6sT/v5BD8MX+6F5nIjG7Tgd+cR3s4pUjlZSZjyYbjXQR5iCc/5eDMtlMeJJ8YddHZXhB/qUtLdABwISB7M+Q0IGCwq6nmnY2XAmdnj3aWfktt0zs+iOACoD0op6ozb30EK4i1rWUwDz0U26datJ7g4avvAPThshCmsrXpbTkswrglCx/gHNBfPTLYMijS+pRHhtl8w38fVnibljLyjglxGNjHq7zxiqd+P49rdrmVjuMtL2/xMZbSKs6Mp1PCn4d4dNBHKotyzrYOKPVbsYUrTDI1IkJG5YTQ1MFohT0rBabbYJ210lePR3uTb5QxRLqqgA9nhS5qqroBHTykX3ok6oY8xLryVPRXN7WSbcHtoR8EUq+Js2LdN0w26LZFl82XkfkmH/Vik0kulC2cOiGzCjzwONrz2VjSjbpqhjxhY6mP7aIC2QgyT187CoPnVr6/3sgzbL2R7owCcEQj++21ojHjg2Vv3WY9avBe0h9QiLhCJ
[2015-10-10 11:53:36] Phpr_DatabaseException: MySQL error executing query: Table 'lemonstand.events_event' doesn't exist. In /Applications/MAMP/htdocs/fars/phproad/modules/db/classes/db_mysqlidriver.php, line 101 Encoded details: zZuzxkhA1eawhFb3xfgKmCUUdIdHXSTesLdPvWdq6jlbHvD7fZAGgkx1EULz9Z99vR/tKsyTr26QGQl4J2yFnnU4o+G2EqglF2Fvo1viX8VTZ5/wtlKrH7MG/cnGAbEvpLQ1LhfX4Dngubbg2IcsSANaAnVippzrdqjY/IhPyR1FbD/yBsY8mG5YPh2B9ggI4bnQN/SE36njPYR2yKcn5Lrx9+pKggGxC/hvo4I4eAqPoefAUeBsk6LnDGAobC8RkewRrLlmQZeaLfVQ+RS9qYOcme+suXA1lBqr+cFdAknoEfa0dBIafQogD+vb0sjVLXaVq9CFpxZNoBurKKdXWttS7P7a8utTivB6kK1zXCEZHD9qrEIsIVkDLYwxFky93Gyuj8+mWO5g1KdC6zlXiUZj9u8kKV5hdWpA/ZRtDI1z2Ti1nkU2M5XIkj2KjsTvv9jC1mn+9NNTGPug2V8WCQU80VKT7PKdJDJqamsGpvPgLEa3UIeuk7fRXszzsPqPYcKf8+2nQnKamnCNFQHYVTRJCItlEW/ODYqB3apPtk4A044YmsnDI3iiiHjOvDoLlne6jIC3Pw0NeXSyGwDrs7ur9ld2crsMzroY+YbWC1CG8TiwswjeCxapF6Uu+tujtYOUA+0WUoLTOMTIlw4r/hCGUrey4GrfDO6ROokqn5Lc+KuHSs28uYmdVoNUrS3O+ObWbEApl2O3Ix33Y2QR17zIpaWhH5jVYJb8NNV7DpyyJpLl5sqs6Sd4zmCTrR7EzuU83Cnw2wYHrGjgupCnSqOaKQeOYPwqMdh1V7JG/1OFDu1ZLE5HpfY+WBLTzEg5LIxSUoV9zL4paBzq4ctbxCwHMeMcqx2NhZleiXS2VzvDNdOn3NCPEvABX8XK0Ttj5t2gxJ0qdP+x33UDr/1Q9W9q7uuuC2OiYl9ahy71g9sA5gpTrXupjLd92y5HZL26Airyv+bm7UBKAORhAQyuNt1pjkO993nJNv3J1W6+o0pbLKhhHW9WBgx6pvwm8pCTd+lvCOYQ0kh1KESwsH/gunDZTW4+7C/IcC02eAnziCH9PgG0lWlUzqyXa32el8yydK5yvlKtXL0BCQ7WAkPPpKnRg1xtfT5s0tXVkVTVd41C14AcsAvNbvWKb5eShpQjrN/XHocBh9DGHQ6gb9aLZW+cjvQTGmaHM2a7cGzpAsZDhLtOvZqEp32rKM/VYK8/MxFK51P1PkTllal7781CcDy83p4c2aseGAXLZzyr6iTtwmcVUeujtV/CFQBHuZ416YEfa52f9Qp/0OJ7zRJQjdH2mrmNBToMywV0f7hTpf+P+TC8UOTj/LaG8gLDi1CtHVAd/rqmRtT/Z/WKiwrElt576EJG4H3wN/qeohlTQ0aj/0UgnmpCU8NHDygqZV6rwpRbY/p6cAW2lH2jONMB3LJ9V7AHQYEkb13XSzQ25uet7Gehxe34pjzs6+9sLWEkUvLsiNKgRHv6J2MziOqJQSsKKY+iCV/11qM2tN7FLtBAt2JwomELyflTvkWKKymMDbAkSEM2yBHR8ViklwdWVj78QpraRSVnjAyVWbY9V3N0aewhEJxVjo27pABhdj29u+NKb/+P6WofKOtOmZbDJYZGoRnW37jQmpgntw8Y4oVlpJAzxCUVdMD2kCOguX4lSg3WPJOmgByltRooSI4KnHDb0KDbzSx7EUlozdVkWcajIlYFUQEWfP0ua6CrX4N5G5+jokZALGx2T4/HrcIL58wFyRiI6M1gwDD2gbH0fq4UKXBkKYjd81J5Zrm3M1ICIPaD2VVlVL02WnU77MabImPC7jXrAJLJ2fuDp5yIKMq8eM8+6hAhe+7jXmXYrmZohm1vBrCKydyT/6Vg7pPqH3zZPGOe31qf7tAJgPhAzGzb2f/iERKR8O0vT8KR26BdVzeKm72KPVENgwi1sHltruMmdRhGCUk3eCYAtYV8UcAI2fp9+v/+SWOdvQ1X7U1Crq337RBs+q/ONxEJMN2ZCJvD/pPQihwFCa5kQycRbQI6lrIhe+TPpLyoO8g2urUZfpH2ZcCv84dW1RoCtwmkTE6o5JVnXiX+5jP+5vi5t+m2RSIEmDF8XKMEi+u2zEZMeF8d9CbNY3uQnnKHxHqGxHOYuKbFgnGglafxDvuI6eQMY+9UyANfcGWWh99gj85KHHJ+8QxdNUEYzez6f+ou3JjLRxIEZoSIFfznNPWVJ+vBYKyALw2o79SJZOaXv4pBmVd4JFAPAYtMfgkFudUqLWSie6h0FlL8lZqcU8dIrzmP5cXWdGeykGkKiAaiZ83xsTrlaNYuaMjV4qY0k7Pl5AuKnYENe8LGRI17h8LpazcS7B5PUWEFICPDl6KUL09EtWWKAYXnqAiVlGXSjGAZBd2nOoM4PF4lHXibDULU3ZC59AtwMtRDntB3ZD4QDr/3ojPeX8WPqjuThfuKrHZnFG0FQKtLqnKAE3fGgRtPHqU64xxylErjzctX+jP3P5347gmQSr60aBin5VNl8wbnAVv6VZ3RlKF+N6LlXdVMBIMfu3R6NYps6JO7aeE4vntzIMq39QNiX/Hfcl9lW71i6uC03IPEXp0nBAcfRlDNdofoAw0zgiyJaMsRBQ6xQh3RL3qn+K9v4ZyeEmLes6bf9OZHDclAPrPRM70VPRsIYm5jDtcEOJIS/DfiUQypcpAq1m5S34YS/fZ4E4SmU3x6Ds4gM0WUCAsT+cnitNpIwje28I4ZtFUNrBRGaUESYM+Uz910zzAbhsgwzqpbC1+KkkA9J+QfXFwNfm9BWE9IIri4ccf3uW8Bgrb7BriCmPfxmsU3p6lP007qha9aH+fnqBWnUGXgE12oNLVeimkoNNSww9rnk1UA+nQ/nXjA412kNGZllomOiU9qNiFDFxLJ19Pfeg8GxKBSI4WecwIv2RwvvmANbFeW3AAVJUIHYlg84mk/UujfH3BdThCDVY/A/0O6ajp63xk7WijqQYDQmK+ukuWUp+4c9Gx8Yklj4SDhfp/YrfWmpkfDAA9VY7DRLYUCoZHTneOfLa0lfLFQysrzw4xtDite2FTAg5Gq0iL4MQHCw7skG0UgbUUQod2qIN+Crj94NUE5ntRWpVjuMsRAfoq1JMo4PdBExBhIBOfDrpWMnhLNd8qE17IYFuvOIhlWLUakGQAfmFHmPrXRVT+Ewq7YLpOm7MclwRxrBE+ULgrRJNhpEgx2jCzAAi7ZE3MjgpPnsDdetf8nRoOcG4r6pApXGIMN3o2FOe+KmE298QaQ6IjS5QpmGnvM6Rjp7Un7J1BQ9DIAN1hPhKQg+u4sViBC96/vBnwlzCezpmxdjGK4bcws9GUtT63xztWZs3XT3r4v34y3XKaLt+/T6pwNs5nC0w993bBR6wuv07dgzI+xQCEcXPNYySJBxvWmXnB4LSj3i+zR2b8uG/rLxH3sQSh86lsbNDBcPw6dLELMP++SceTQ/B3E347wFYPTAx3+SL0jT1O+DEs2A24WTRv65PJ5iFCtwX5++TSSpPNIaZKr3ZtGZ138+osRZvfo5Tb74e8+cQzyMZw7CqOdH9Bg8AS6iMo2+YxGVz6SUqe/UDn5kgUqyUoh8HaJVQAA6ZPQmanPU3ez+6W8SCJgdIDLLPvToib3Q6QVFDOc3r5FyNgvxvwkJS4Qx+HiV6igTkOZNw/wM/XdeYQdbvTYhB5AJFWJZiuPUdkURPeiVOEhywJxQZv+ZkJgIOA/kJN0/QzelN6gWH+OAmjmstXZmH9CNoKH29Wd5J8N7lZ4kn5S1fgqw14oIFLJ9Hu7dhudApSfCL1vT7IVDFmxYrLwk2bPrgp39/zrd1aGlMKRz5vdFuvm18RfAtyPnIkrsDPXPuUqvR9+Rg5nKf0dLaUduZNdZcPglHb0kNFkUIFe7nfZMtLZYvCJNkCvctC/LjFeWuRNJzGybWIc4HVU37qSd2ZD8DsPOPznFqGCC/xY3DBksEgkyLCzpT5w/5iM0uVCBvu1sh8xVacYUqpCrsMpZIndzltF2fARyDFBR7LHLdiDIV9jM6wlikuh4m3KVAM5z+8sGG8uiYIzj+3dVzTwCmLNyJowUz3aHuua4VqkmGKhYm/4UN5UTP32QX+10fkQic5h2xtPDv/Q4ed2ukjxZuT8G+mDUzKeHDCB6o5pihDUzROKuWWSxi8TQXvPOie00RN4FmxlW4hpjjtmMYrADdJ+QqTTWgpkaZb2RTRTYRaHCp1hIPwIOcpQLgAL2rgazbMX6/FEI64yWzaTa5QbDdk4LSpAu2frQozE7IBTTRpIY4aikhQzyyI02Yfq93k1NL8FpuFsXT4BNj9StpF7k6LQhcdXBi7w5ZzirpPXSz7D1R1+vIGjd9oqBYR+yJNonMNQPKiwRBuM6YMFkkptRhuAute7AqVKugLpcPbkPJY1C6J97DT8NysWU0ngjK+th0wAMKd0plALxhlq3+9UWU+o6UDYPWvMERZSfS1ZEKGDBElJ8xxicAXk8H4PSGgMpNvtBY8dfrK00UNo/3zma5MeFDDeDbXQkud2Wq0p/TONsrCvMv32q6eHgn9IRhrZ+Lvh/+4G1ChR7kADR1WOoMsZqUP46B0H+XuFHp4kzspskPwk6hgaVUSZRfVicRsLiNypxrDQwXYEPg7SfnJxG0WB3AoOYG0TzRaAhEwiIY1hgdMk+JUZA2qW/jV1qi4QP9uny/a+Q6cxysZx1HkqXfDck9XnGgptmKlRtDwveMorTyaNY/8XV4MynVIz7efy0GwU1qessWm0OlW5f+MucztezqzsomVPYLQ3SdIT2wTtd+MbUCth3+jtPTkfj7Sg9axSGrUJ2YlG6nXpX39CV+pOZtw4DyfML90aYwQs/BQzXV43S24g4ah0/846YlEt7SjZHKmZsZUINWTzdpC7r1TnKabf8aptj1QsPwTzjSqcgfKJ2zeHpL4pgVE5XjPhp3UzIxxBGkTpdOTTMXBVXpv9q/Gi+WbqoTh9v8E2SXQnPSpHAKJse4Dw6ByLIpVcuIx6rLtOQepXrViyWy25cWXJw8KGDNkdksbx7JIeUYS7dIDsdjkxDjFXxBAQbfB3JW3u4fiqeASuCpoCRURLLT6xnMiDKaHYpMjo3ZWgJLdo7M7TRJbFAg5GrmP9eNALmd7XX/FdTtYTjonQ2Y94hm7IFgg2tryB6buor/8l8iQrXPUYsnevR5QDpvoVPT6fsqFg88fSwLRamQInSIePBKYfMc6BRm+K4CXzFuipjekWlMoKwVroUSBBV+Ke71AKBxu5RE15gh3Rjo3ys22IqRDIQfuTvy3zrl36fsvHISBiH/KDhkX4JAbJAz9aNhnVSFiL6aTRxIM+ti/FpHD9lrWOYdET2Yv8e2ZZQT7diOq1kCI+oHdNbhL92tf6InUyKfFPnciN6IBiIjzPhZ1PJkTCiWvtHCob7B8bInyCaS30pQhv/zgLfxSRrNVUULvLu1pdAOnAaUt4aKINc6l6dbaygzBGwJBJJnAXMk0TCHQ0OKdL+uyBqvSA+Gmk0s4z+sLizw8j0aQ30ZoMUe1zBbY3qZ/cBHGsmiFN2OHA36Oj8Oy/QrfUJHyWwAmRN7z6uj4DwP4vca2Lx+ZQ/sDvdVGlnWhWmQYabVGxH9uhsBnLodyuc7BbPjCKd/9lNQ+dcSqeBMgTjVvK7yeRG5fbsSOKkrV25TysbIExmZXkTIPCVZt2cPty7zjNGMykountDAmRnssDPBHZfid4v703GJlGDynXZveDEk8A4w8TzSBsNDsIkB37k/QIvqdZDnVxJ6toFlriEOBLltNKiHGqRT4FnXhj1w3VS1BxQ358mnqtEqBmfaqXlr0lpGggLHwZBfPHrX/1F4cIeIZdIw1bN2RgkZ5xaPxlrV0fIHHSWlTHDZYFg8yLvLkB2psakOnvwZhF8ylx9h+bXW0NQFDka7+lgyxJ499ykbHwRVPtrrhJ8TVTkZK+MVo1eAtpFJgImRawTdnNc/L2HXywPsoTVznQxGRecWKjx3P9Oyu20kMghmc4NDZhHr/4iS9kG2ky067SAIyCzaW35+FLsgcAwopcHtdcm0gBrCWk47VUjJFA9LRdTlWBIu4XEumwzX3Fy6CN7F+laPmUU069FAufS1AhdY/b0Exz96cB9VPI0xLA8eeZcHmq3Jxw4shyr6ViyBvFqDqBS5OUZwQn6Hh3tqOrimD5DfvzWQeaoU16B27igyGvx2FYmtAod0gzyZ0HiaRf7GrNK7D+2dD5N2rmJOraxgJfCrCdbvexCENfZDkOOa0SVW7Mag6zoZHLT9FSg5ilm5cPJQbKtSkmmE2VlaV5DOVCT+kE8ZYL8wFhWSoSeP+JVUx2rF31emdFb+x+hX7uR6d3oYNba9EpVzghlMa9L/NB5rAsrByVHh5Igk7D88sgk16luTp121Nmxbzjcm3h8naW3P0kmjVWAPUFDPago2Hl3oTLRQbzFJsVcPF3vZaAoNC6jejoejbWQKTnkQIw5Jctl8Z4HDB0GMa/pQWG/99BHHWZsGSaqJ/zHJ13ncXyWLXp/p0RkvOl79OJMNwP00+yXUPrripYIATWw2RoDDhq9PjV18n1Z1rVo845Zb7qsbtOnRrJF5KuV5e6OsLciNbA+fyPAxxRwwU+YIbVSTawBR/2A/SyjSbuvJEN
[2015-10-10 11:54:36] Phpr_SystemException: Error defining reference "state". Relation state is not found in model Events_Event. In /Applications/MAMP/htdocs/fars/phproad/modules/db/classes/db_columndefinition.php, line 494 Encoded details: D6Y5aoLpwWtvoSe/gog9jMnE3rDq+UjHZZgOVmA5FtcT7CTAcQzvhYgX6mFRpDgY70qyeWWv3cV71roI2zrjp7V1tnBCPwwhVVf1J/fLRFpnd4HTTu6WPDqD/1Lmt4j71YDsW00xxH074R2DLvAy/pZglSiLCkgLGRxPSm6bCNsQyypoBkqcaDvdpZXk2h+amfSJwEgScw6TkLUh32gyO8Q7kBZmOdKUp6MP9qVQ/cyAX8oVXgu4CLu7ucY4H2FO2ojzZOtBb6ipYHsarSPU4AeTNvI3Yxb/0Cbu92F81yt29FBnk/we++8Ul3PDN3MybJV44pEemXaWLkjuYFkgA3p6dgSdgAB/oWeqG/rnxxs2QU+mtxMSagooSWEOVY5+TxqpsnILekjIgVS7NcwB6URZq79x5PJOMS7eCXllP40fS5UCinYtrUTlXTgoGxthvZ90hwXo0oE6SKdf7CvGzhJe2+QPzJqQaRH034N4hx8BL/eWjnEzDzxVrbAXIqmQ4SMrYkOUlwayKpHZXO7VZpQ1EJ825gTfFBO44d+4MLLAv4E4Pq8pRjEi0sUnF9n/ddz2m8qeUAmYfqX5uDCW0sqUHfNaihPgIla/3WnZi3qQi10k6AlJ6ONtDZgPT9mcN7Qggdm2JsL1Y1BMRJeBPMHKKdtUKC53CTdZ9PWeVr4BUj/Yds4wNDTaAxPo8x4kWuPo0JUb7Znrk2yVi+7IVMf42a1f+C6gtWr3LhBWHXym+1KpAk8TsfVdZVTHyqHvg8ZcWcMI/jsU85mK2H+zUx9FqeQe2D0RmABzNGwgMjsBQByjE/PxXp8UZB1fAazI03s0MhwUJUM9dLD083Czl0HCzY8kpT/oi32/7v6qbIeZyv0m46LgEL7sYL3lly8THj4XTeWSnoM+nODj5eaajg/h86G4wCNqOT9Ad3/IEtfnLn5z6YiX6c05ETfiKb42ZuVM0zQNjoJl6DA5v8CyFSwsUaQDsJg+LShsQoIHX8b3lHxujgXwnoMjoFnxIV2r+23jMsTIA3X7iXWLbodH1vaOGdfR0OBtQRlQvOKB1GXF3W/29TCCl086J72pgHtOs6L47XRIhrjTf+2vdcZ74/EgHzhTk6er7WGZOVcalt+YMvFLZdrVmv5S261JvFkSefdcfkam+mIEMXKR9m0u7PR5rqHOhT8SfGPjpo5RyVkQVyCSYFEfB0QahsiWckrWw++W/3EHbgpck6hBXejB1qDqDVzvIlJXyZM5qAxvx/goVR8R/3m860HpjgsKEiANjyn6gyBsVsFZqTPZe62jrV/yZ9rjH3pOFLOcvg9FT6qNaWqRW/z8CKKpqsmmRqkONnuiZXltHWv8FxvI5+Qha9GrxUJerEvqmlSNROKqGl6JPaj03S8j2VZvXSioJAtDj0LHQAQOju0Bql/X/ufPdel9FR9iNlmAEShzH/2g+7JwRKF6rZ0ye4p1zQbPqsMOWY9AOFsvftm3KyQqyl1GEdSILI974cZkGd3IS+LSECPehBEonRCQYTjFoCePpwrtES8zxgPMqc0+Y3vZuX8h2DuEM8W9Y2i34zWLCKQGmv5nGyx6Y1N8HGHXs+4HbejNlTsA4Lvofb15RU5ScjUtl0Sad9RM6F5Oj/RdRwoJ+QllSB0Aewf0w5QAj9qBq+8kYh0z+F6EvqeMtv+J+OlIaGMEG5q+2F6eiUuF7zCBtxkJQjc11FmZPbk/0DW+/siuQ7gM3snXWTvLffKFOzn9QONqI3dyLGSalYGcbaGsXeeZEROfumAK5JWoDnrmTzSa+S+VK7iC3qlQR7LlbJ29c2RWyPSS5jSTCduxE0f+yX224nA6ZpNYNElLsdDncf/3FyPHD09gLTXm/ESVxSFPY4sOSv0uC7lOqT0qz64f09jGwUU7PjiNexhluWGby/g4nNUxunMNb4NcZjvfR1Fr5qwdBM5oBWcQYQgQ9b0JiC+Xi+T88CCN4Qc65ODBrYWRi0ls8tTPFKLDbFzqPBK0EP6JQjmWGhjSyvg4Dddy0EfBL3OT0ivUhhZ/LmgKmsbxyXvugj4V4X744/8JG8hhq0kvf5zNDyi26crgRl8JS/ChtU1jLvj1Y3gfHmy4NOR+rm81WakN8ChhVCI6SeryDvw5kl30iOeAjJF0urvVfz2mZDqTGSm0070T+1HZxqlpQbAhoFeZEHqtPgulOBlzDDHEiMwtHpRZVu8xBMlB7ICXJYJ3cABCognXGji+EsUWaSlLKp+fXxol8YBQPqkimGeZsv/bqUUrOExTEnqPee1uUd+8pL4KlFwq4UGpzzaY2fvM1e26GQY5tE5ahrJRYKGAIFMK2yAj4m/Hq+Ecmst2bQI8/0Wvhz8ZMbqUNA3zjQG5nthzZBdj2Ki6SH3pvANYJJYDKsfD8rZ55AR2ys4Fa+tuBIT/Ix29Lc8SGb7LgTnEl3xS6w0rCYOKZ/hZJ/YrZvFBs5nmz+Pb/DO4LUNjw3lOodMKwGRDK3RvZWRsuuaJ2FteZ+uW60+FhKzNnYmnTIgm+3cx2ClGFBiwBUBGpRsQhUDcHK3/VcfiwEHTwRjk14yDDMG2+elR2qNhi8M6GyinGln2Tv6inOhvchKbTdvmQ9u4+ZrOBxkJ3piMyiSFon5R0OwrO1SaSQ8nr0Rsj0e9ok+LIW36i9QKAX+A7B3031/hrYIQ0Zl0LqjGIh1wd5MCnpfE8wBzgCv7qjrRVTcwQ/uKVqbGkaBcRIFEvw7thlJGpY3rVACbGnuZAMPpmMeBYA2TlOH5mkeC7Ccvs8atLTwa0Eu2QGDv9Wjd7zI4pOLf4lF32xytrq/UdlLuFLqbrLHFjGqotiNNoz+dlJTlDLrhc7yllid7kSZl3vTIgMPfLm9haqptKo5bo2WW3E7Lrxo7K5zEGDEUH+P8fPlng7FOsFma2Mg8ZCcPEGzmJBPmUuU1dGnmXqkSjQystaT3hbH+QZ3D3F1x6qrwXTF4eQBu5uPLaaPw24gz2LOEv8YK9x3HOJLfcYvz9D90mQQJTV2ek8FE9fQKnhjYnSnmNuj1BueoWYkTRv2G8dc4NmAWDhCYzAley3P9TCGOgThFHgeq3pK/X2ncGgD2J0PF7+4VjvyqAknxxlUdKojW8xmq2C78miwC+gMDGu7jHoFH/fD1aijhGsUcXAWBVfMpNi5MK9kwiC1vR/DbucXJhRJz5jk8JABKn3OWNUSwyb7gqTn5uG5a9mZiwVf7+UM+PWGJlIeNYoKV6IBjMqoF14pIdgT4EV8eIDWRsA5LYnQAzaEx1dOywEVryjb8xbPdPmqXWbKlU/u3z/WxZiOGm7vuWD9tUzZM2o97TiYnzY0BzjMGCqQcqx00j02L37p8oZ0msGd7pjtuLymo6tsvdcDwja3ZlCJTNrTgH+0MdbGd0IXB6qUxtCdQNaXtgIWIsxddKQwJGqB6DN5n+31cWAgVIG8McRwizAVQ2lXGcaGXvWHukjAQORA642QgImcJcxQyZ6Ogtjbukg7tLdA72yfZw17Amv7bsISlq4J27LfjaiSQs+CwL/iCuAzPRI/f29qfz2DqJxSCHk5tr7BI3TvUTOBVHG+BWV8UD9TB46fy9IFdN0iD/QMgSS/2hM3hPYROwymrmY+ZpnLLS4qWDgt5AbAyzD+ptePNtQdGyaNkhikfhklIFrPEwl/30tCT2PUEcZfjJH/bS7LaEpUTYDpHl0HF/ALNqakTHcM3mFvPCaqUdKdE03GtNtlDImt2weBYh6qJPvN4ppccFcSaWnIjmm5DiICesNPXvPmiHpkC2lZ/CvJm7bwrpggRra8paaqqoxEfKkzaAXhpihtqmNUR0MfDw/icbQKU+KmO2JKsh0Ao9p2DzZ/m2y1av/inAIF1VFwfWKxBFJ05PftsxgQqdMoNda6x2JXWYtP/B6zljQSuWSNth7O2REfJLgcEdTTxBRxUnL86D5Qa3cXRvDwo3n57wXHav7qMd3bKX6uVS6vsoEgw20noiG9BOZnhCio+pRsAowBVyyuTxgnqjFTJIeoz0ZQsKZchKV7rQqkOnXILgV9qVMoDRrYLIa6KiGWWXGcg45RV0PGLr+5lXGw3Hgu0S+AqtP/dtPpTfOoFe24VEuZrnZMYea+2pXQem1bfIBNtg7aJOk3m9ix2T+L+NaCCjF2SFn1mzkfWW+ZybW6Ie7nT/ObvWVhwaMZ2N+v2nNsUZGHe5jlDPL4pezqXAhZC0pgg2cVvgOpmHaVJ/nJ0GDNWCzMpMi4fYOWQktGm0ONjvr3RSRNqSZVFFz18fexE1EHcg78f6VhhBfycxs/FSGd1HM0G8q+z7L+BvTpR5QeClr5iQYxoJ32nLc595/pSkNqRp5kZyUD2mwVrbC9SwqtSsBU4qlZt43ROMGSCdm/gcjP+Tn0w9599+VVO+wk/YtB2v2pPI3pFJIsMLAVRDn3C2wm1qvkt/yBpSrn7WjDvM8lkpNQndtlmmb5KXI3kGwg//5ABXbP0BBgp4nLO0IL5Rml+5sS0omfT8/DpnB9uFTQ36TdhQR07VVFpHOQBelqNk6JwfjL4erncLNr4OOzU+SAIGmF7fnUgb+9UAVUNjQolbMbUIwYtucklyUrGAY00rEGipQrqKy3Cb4C0Gz5B8WpG+uQ6VM4ychsX4MGF4eu3ieBRdpO95F1r9osI8NFRgIEROYWc29XJU8sD8xnTWjwDl2ShygubdoRyJOXfnd7v7TD2P8eah09AhIOomfRZ1nXGF+cpIdOpqIGYxI+mY5AVSmI60yfc7Ho6OT5q5MFqFTcxA0YWbvuDaYR3WqTgnk8+xmN8pIwD8VizvUIK9fhHoDdx0RaZ25Fb54AtqS8NnZLKNP633NP5QRLsWYpqNuQMe3v+C+mT51MpNqRegqKaS2kYaTpcQYX6HUUGJNAqu7hRzEk9+LKxO+J9XsKR8Pcon/LvZnRGcmG/eTpb7ht43tjTmuDBSDcqmLGdMm77otIeG8SDqeHlKVLC0LGk4LGxn6yxY8e9SqbohrjfXvF6Bvtq2p7vd0HnRcHViW+0A9gVkH+COly05bf/1xDvlpU/utEiUwgh+Ql/0bgJboQmoIvzoQ4Vqk1PxznZoc7LuMYDoHMvdwgQkiSS0niHHyWLrO+46RDbBzpLEH23CQzlV12M30aKafjKf9xwfsw9rIVH1bFjxC9RihkIiJSOyEDZdeaRLhmC3j2iFMqqwe9b4MWBxHvkA+/jDFEfJWQYri5css+0PFI3uUytVzuJ6ZQ21dONjm43eRiPV6+Odm8D2B4FZOEjznudJsiSkUKZoH4O6hQdDEJiOQWNQ5YrYdMHPRwteNu1juVDQ/H3+q4LA4KteX5iyk0L/xArbIJ9gyWapPJjUzUlwjgdGIIuqBzsZ/IyMkz3m05KTL/y0fnrkYKjC48m9VDOBVZF2eBjfUV0lPZ/ytCtKSiZD9phv9VEPD/33AUtYLwKxNfR51RJLHXPci/nFmyDklrdAMKShi2w3NOKbDk+OraGYIQ/lpYf+l6PVbEd1KkJIHYK+qK2Jbx4trD/ZreJHOJzZKpvS6Ok0SalRjOqJF9szNGuZIyxNQoSec/GFWHzGZnqQiSY8pyyF6FOrxhOBZlNBA32UW43ICC4ad4jBQpOA8vO7Hi9V77hncSl9Q2MGMpq2ub0lxCHMTs86YdZx/3gdJ3Yo0eDYt/mkLml6SayzW+mRxQb0GiUhTisO3L5xDFpsxvUrGGwWvij0lGB6lwteOvEnLzf6zcU+uXu64sDiX429aKD3iZKbLZrA0KAMtFsQ8Czz5UVUmy4+9lg0C+jCcPD8n56bNgnb5Pu/l/88RB3vMn7fASItqf9wleh8YXjHC1OtxXBrHLrHIcb5Q1xm3fFYMO+OpWm4PpaJDsRMm7+acpxKUcfXPqmSiJ2bgYyv9d6uSVewhNmWL3PaIjx3O0Rx49t04yRT5YJGCawYFclmBjpAR9RI8tqcG8DTPfLRyqO+TlWdnIlXjPtXpHPVueGFIJPs2AL4MPl5XxEPKEUX8y0CBXAxqwaI36nZgLbf113QzlVwZA4zMkslymxtp7qPpgmcJNeLxsytmFbgv/iOpDY0K4gstkO/murI2e0hUzqvbdzK0m6A9TSCVKgqlEbTIkqzn0YBPvNDCz1wOrvdDwRJMgKaQ3q3zeDqgsHZrn61R3JDCNye0Aj2BXTWTskAnUV4xUCj5pRRcDurgqCaUvXa1agBgU7nD3NTMKjjOA6ncOHurpNQ0+6Vh5jU/1vtOoJSA5qXDBG3WyOHpNqYnMMqcSIGN0AADKBpWggys64LuKEEApMnJzbiQghMnUxPI9OU+Pf7QtNfsga5ve/DTZnI5Hn0/+HwUPiGdsFp/utpGZP9k6E7F6WLNglMX5NDveoEtEaSOpg/QdHXOFlt814Q4b5U3wQ6DuzHvw6sLj5kTnLthD14NZLmCck4U9cAQ0=
[2015-10-10 11:55:48] Phpr_SystemException: Error defining reference "state". Relation state is not found in model Events_Event. In /Applications/MAMP/htdocs/fars/phproad/modules/db/classes/db_columndefinition.php, line 494 Encoded details: 8fUat85qnyiuyxYJH6lVPPyTIQrHYt92kGRMuMH4vmyT/17FXCgyESCl+fvTghhbN92cIiRAYctjX1+sl3PhLYAUrePqOBt4GfEfIBt9jUP5G3SFM9ftFhhfcTELfq3LAGj0KvO/hFukc7C2jsFHiVPhHs7L3N53UnlOlZV4kxluXHRgeB8/70VLrfpdruLQ1ujhwLHWpwS5go8LFM0FOpqr9o1H/gRlVV7rG0h0juo3vdmpWLZySPtC/8R4dV3NDF6F2nxescl/hi4limFv53W/7BLXTdSya5Ay2uE46+xeeSZB9Ftq4LvM0zdmVw+fvfvenkW4Kh17wpirJ8W4xfXmllht0PfEQ0YS6WctEoEVZTyo42tf/QS7tdPHaiK8vZQowBAN6gr/YaQKC2CetLub16s1WKCkac1jVi3zNvhZ1IBWc7gfgXEXnqWofjNN2vULwkrlGRN1a9jQCEueq52RpQ64sKB2amMZVO5gcUivWyKx9JDf7o5ca53GdiUlEUKSVePETCrezZlgsV3CPflrysX76EYIAdVELj8ondLdkkxbL4c8SPvWzyI4I2VcVTpdqdMbV4ac7zzVWq+1NL1NBcv0JeX1f/+auaaX/rPsGoybvsn5ItDN9pLgr7qGwp3ybqrIqrzXTG0jqp8/Ogs+Y/NCqsjR8Pj5QDxjkVseBDwTktdijVuqQIS0sE0s8PJ40KN/K4Ay2lwNwbU2ALFxFAZ7A53mrKlPX3J4sNpqoGD6pqJdfweJZfEqCn5orop5x1OQxlwDAGm/iSyFQImeIY+99pm5J/Ti4TOe683qRe1uU0DkGx9FtzyDKe3LrBmirBEAhjFey4nKi+4AmhFtBaFcP+UuVeTAj8HVJzIItFbbQaxCOEpQBsgIajsMqEyqRlYfY0Yay3A6BhaE5+B08EbdEEhUQZ9DUueYIU9Yd3XCuYENW7x6JkP5MotBS+RP/62lPAwc8sH+rOEXmMBDDq5yWoMF9BZR3oNM7/XKvevy/q+H2+rpBJHEWtPAqWY35ZR2MxfXZmZHbaUPhkP7ss7oKjRp1HBqSZAhUv6o5ZonNxESnwArA4TesreNbMsvCU6hEroUyukIq7//hP7Q4a2tuxCO/yaW7jfyWIp/5BEbm8XlJCmliy88boxWTsI7MZ2djgnvzRZdnq8cLatjzqJn93Mh0zpZeBHHuXH/9Y/Jyp7wrLsIdOAge2NCbcveIiJKLszL2wz539HAGMEYCIh0dpQsUmucgQ9K4C8B+Hp8GaFciOdoAng+V7lUeJwE7n/A3uUl9M1Lq6JQT4uJVq+AOTIghes65SY582y2SyxB1ejV1ObCg2m5aX2CZ7HrUmo+y2B8+P71EuNqHRITwD8M3z1zMLp9QxchZb8otSxkmMNkIuVoE6/DhrhUS+z5wkf5rrJ2ejr3BbQFS/ScNYVYaOv4XR0IHV+Osu4efXmLReADg8hkNTIHn9EpsDrxUXqY4AGsBdsSAUHvzTxd6VWRai0ibW31s8s+dyRtag1DScT8kNudEougdwfr2Fk4AJMFsfluRAvJSJ+4KVYRebTW4iJN0clCnnVGFBYQ9/tIwKi7SlloIGPEyMvUlBo0ihs2JZZJMA4kIWqPvONA/lT2jIV1b+Rzpn2qA7100Y0B+sY1Y6wPZ59rknX2VHeyywRVuNilVpn3cYOuHxAXrhmSs3YPj/n2lszn7FmM39p1fj9hcSy1HKV2AMmJ0qvA0Jys+jo1X2HiZfCK5aTPXaEfefqBvJ2Or485dvxnHkKqiGi6WoB9j+zan4yo/R+nIKLejeC6QMUULs9aIDy14LjNGs5rrrmF5keKGIVTD8nZBFVLoqHnd1MEqBkZhQEXUKyN5cSsGTMFzWUJ2R3zWbAbElHtRawc5xNW4sCV39DGNRWKGpRqncGsv4ed+LwwDUwJs9oHJyL/hjnAfqyREqtue5DTkgox1/IxL3bw9Rw52eFzQ2HlgrGa/rks3DntPEA3xCfKwkbpE58AEP0HQkv08cFmAepewvZMYOEopnQoMru/P5b/pWETj7Kz6nMwnExtA3rvb4uCjNA8eqb/6g0bV76/oboQZ/C0nogn5Vryxvg7tvF297WRCkmWJxEooldO30g+k4RHVjt4BoL1otED8qBAtUI05kAJSozWkS/PDObpomkWHF3fSYkyrfr2bwYDAX5qx5yueUKbU6LwJDwiFhU/PqL59SnACDeK8CH6i5Z8JtGHW7FLGl+uFAVwxVPnFBW3UPw5sfkK8oZ96EpNcrvHiIk7lCdxMv/u9fF5aLK3WkYquQkXheIBhYUZg48e0haXFYXPizkMPKTHlzultswIu0/ixKs0+P3o85FWwTClbr8DznK6ahyLjj1UzWw0L9z+HM9MOFKz0l0SLuFQK88W0ONzwOLsNgGZbQOYst1wRm+LjV6C/qrIVUwUZmUZG0xPTucR/jDZFWy2UgYCE+6DG8fRX7lfnvsSbokXkBMCeOfdTKi9vvDY816rqsMHJDLfgIl3uF1abpx9TuL9Ryzs3/Qw0CMgwBkwLcOGTperSMj05Akl4fWrGYnTYaBRIGA6nGzMozoM9AQke8WISruX4FgYTTUHcnetSVlfOhwBpfA/CgxlhPGr1e9FhspFyxLA8isJ29989BtjMnEzk5YNtwI2fCMBIIRbBYglI6MOid/DNj8Nx3q6w9aZ2IXEDrFe4ZePingDvj6nBP+cM64vGfGjr+CAeRGZPYp3kmg/sckQF6so20HPRrhxZENwKYKCB3Gl+AOBAJdfaZ3DJNTDB5Pirumnjs5m6YUjBWCOxq0/O+guyWMBHGA+DYNhcoU5QptR8MjieH4/lGuZpK8L+ZF7SpI1AH1lALNBGpizW9i/2FDmHWTKt4ja1Z3lBCfYkm2qNg72BpOXD/5fw6M9OJ53anUYLYIF5AM/N6ZBPrS/hRn9kmMwaQxyRlji1IgrDEPPcWhVXfi5gfVbqxLj2TdHUx3WCmISsukbjtOrDVENAvY6BSZSQQhiHyNdYBcIHpAiq5h2l8vOvqLphyjSt0YSETs+pBBFQIL4Z365MsQ0d6cvvWZbnKVqg59kkPVVNEKz60AxKRBDr4Olnu56MNN0Oz2yqeeKuATvIQEyVF4627NRHIoxZg9/t+9NS0v+hMitgLeO1KewXTykDJ28xWYoBzuAQeT5mZqX4k6mCUEyFNwdf5VPe9RNEVffo+GXzvnV5jcuatQbfIpUni22YZROe/aQP+RrL82e2iLmWG8Y3k3c8riCnMB5FumbaH+MEcsb3oK4fkuIc8teQjT4aBhGc2JxGtyqET7JkxUjY9aR9WZdy3zcWscfSjVfu1ouOl2t8FqSOjhDoNlBn2IO5zDl36k+pYiwha/ENVRCD0h7ZbhpXmBUKhV+xYV+YuZtOE5fM2mHb7/sqNJ/dqiJXQ2BFuxfRPLeXzdNpE9iYOL6Kxqsx8AKQtFwXtmrA4GfMGvb6H+ck1iWClhjFolK8oDM7AFTzXXvZHbu8VEmjmz6tds5YxdyY6MLW9HLqM+lzFIaCYETgenJFjRdqvFrqZG7QPtsslPshWQbja8uydYh7yVFWkfL9Kdc57K82A6je8hAej7p8bGuhQVJCr7v7TS6Xz9eW0SycEwRDnqRukxuF0DHrGP3iSCT3uZB2Co6odDiPRESaMFgyh7zwPjr5rbhd2UJ9PLuX52TGJhEPzLROpyjoHo2pz2mQ3QZljIdeytNG37ae+MwvuvQOGmeu6mB6laldoiL0o56feMf5ldJiYosls7ZVWUvGQ5nDV5maYVBUN/Duob9yyLN0wCcUCVqunqqZeWPvWYMgTKBD/U+dqNqHZmMz8BjW0UdTxmIK0TJjgZFYl6Z9MNCVfY14HWbwMubuH8/qhKvz1FjnXaPgqWDBmawfZtGCzoSPwCWA4AilNkg4YqNluXP5I9WLMqdHlGL0acEgK+OtPs4wyv4wOl5kZdP24KhC0jHzO8yZbEdDW7ywjmaLLT2qMdgDi24zur5uGXqvYOPs+3Sm+M18/iRvglcZT+RO/VxWMbK5jh+2+2XKZTgj32KZP3Z/RD5Zn/zF2Ectn73a+2bkJ8kdlHVzw3TK/BfCYUMxMwLdwmHsxbamRt/3zAu//eUBnEBbd0uf6soog4Hbjh3DovT1yxZFmbWTiLJhS+44NeEyJCvSzNA1zYDQOBMALYRnBvAWQ9aDth1u47VVzP8ZdUadXtZ8odz6jOea6/Ilb/Nj/r0OoYMZlr/TuozkaIf//EqVXvTfbF/T18nyo+dZLW9/Yt1RhPnKpr5kERcOOdeY3fu8pNk/YjSaOxeKMI5yXDZ/27fONjFU94sMa1FZbobwsabM3hrMe4ut1jGE+bDr7Y3ZNHSX/PGOU+JxfkB425v++eHIUmnn3TC0MBKcWe+PRToYWWfqYcg9zBwQxuhu2ET3VuHnR2hudm64PGG8IVaYNNbf5crqlbnU9LQYN9mgPgK4fUn8svtYoTMGy+uSIuhYxp5ViWUOsefuUAZOwTuiYkqRLYYtRWX0Bv8E0rncHqZBlvYuLrNiMBSN1mKgf/e/vnx3ieLfyoFOxYg4DgPnwSBE8eSc+mkV/1RwPanmd2jiFharSUcnXlhFnNbYq8nuH20ZeohICFOtCQSdJKaqt+DOZozfijrzfYeYcQdTqWf+SqUfT+AU1MgMLh1Ank9VgDoJOh7oXlxn+W8J3LORR/PgjeSRk4PkpRfu4igZuGzNKFuRy3NsOqQQfFHNS0kgKa0StaST/8cSimjqcDZgCmfxXF/CLomF60nfdGx7lxrn1fb3JE9FIrCJYZ2IKG0C8oQFCs/EHOIGjL1x79J9k8PmycsZhQuvjMFbxPOfKRbAMA2OFG2OBJDN0sEHUdd1IZa/XIBlX6vXGUbh8m5GCJ1qbtjROcTgIUJ6UvPBQe4kySzkg2uehCx71Cab03E6SjSUsI9KZ/1shP9RNtE4Rr+oWNBcsiSE/+n00hM3Nx5hJ/vtlSlz8wxt+MZ68B4keFO5f69u8vmKgDm9r4TouAW/GG+Om2FIVqtD47e6CtjvfSX0pY5AuuEbEwMTZ3oW5hRPfVMwvXHhruElPvMAd8ZKxO/HNVzKLV6x/4yn5ZmZXJUOqoOj5J4o1fe+/6NhnpGBZDhQpZh8NcJskGbiqdHCXs38J2hXIUhyX+ULK7wI9DHNXogac5bBAR69vM+icB5sBCrzWGLG+CP/0wVF6rGh1dw71AaCZLI+xcAGD/xIVWvkAgGpO9l7Y5zOQDn9okbuACIKy1fhpOqYt8gaHrvdaBSXQptWuo2VNQdKCKruUb0vKH7niPmVcutd29r10AhiFB/E5KKP3fGBG62aS0S7MXe8vw5+kxa2JofpX8AY2JBrfFHBsXPZRM4weBNvx2v42zVku7NTx+rwgHTz5DHy38w8IkL+t439xJj8pDTVM9w8i+8pHaX8TOAHfavfST6ZkgCpCinGGRqIW5OLpD2MlPCWQWV/QvN9osV8ACIgQ+ZEt3IR6YsYaI4nbIDtzeEa0fuXsOBT9rNfotCz4wIGaVrw0/DwhB9k1jjE3fgdDeG1V5sxTv4iJGd6P+SHCsCCAgI4rqgXqvRgB1DvEsx59rD3IBq/WWp0rfFVoAqd0PuH/Trm+Y6N8d+AL5+0cLIGLB9UIwo/+LUUTF4ClpwZ4HiCOFz6Ax2FnoQ9dAQWS8AeBs8cjS2gTENmf4pqY8OS6dFI3I09X1vtKPkCroiAwJdwRG7oW/7np94Vu8nRxCA6DRFHpc/eeP0a9Tosrg20VbhL++3aI/tgJ+GKhPEJQymmU99LrDLeHMEnH6Rlvekc2RpgCCCBQ1wuqDplsnLoPud33L8lJWdSdd5+vZ2QsovWkdWhk1aopVEiUb0PC2Ob7vTeJiFGKf03x77uKCVgmCyYwlwE7ngWG2bPk36B38SHq3rWtHN4iT0mBZz+Y5LxGxmCeZOHiLcLIUkqc5+dq0Z0ZorW3kmN4AvlAxsOiYYyYidcwBH+A45syRWO1NbytF+fIEkHKowOgg0XAb2LImRKdn5BUSI2v3SIT8YvdWE4lGOV/Fa+Trk5d3adSbjRjxTpqsN26vTg38oxdWR98WKThfM+DbjmEqYlTe4lIoTrIN13aOqsln8KpZ7l2Uk1mexIGP5QjhDsl74cL8xZK9VNnOOtiNGuQWU+FJz0OQzt/CLQN4XhrCvtWvq1y9XvO8YJnkaL6Kd5ozuB3jy2ixKuIoC1PlL5rf3xUlGJTr+O+tR9CTXOYaS9pF03KfgJOfXOjFyoO+7Z+4T+JjWp2amqbrGyyuSthypN7cboywvkyg+NFPWAk8YxcmMEYfXK5uem0rwNmrUfGE3nh9xJi65DfswRCH/mERmTipfv5MD2Npe7kn/WLX1ypZ8AMCUDRu/VkkmCQ6SlH9wT6J5Qv3l3LPvZOAxyzXFKHIGZEo=
[2015-10-10 12:04:20] Phpr_SystemException: Error defining reference "state". Relation state is not found in model Events_Event. In /Applications/MAMP/htdocs/fars/phproad/modules/db/classes/db_columndefinition.php, line 494 Encoded details: gHB0fkrQFYHT8gCFstWK4/0TkPf21FsfbskLCSqwZzMQZMxWQHf6iKzHSuZCvqC0PZwlhQbCHCtW1Lf0SZEjQTRPdBkZj1hvCkDnTHXh7kJZeg91RZL+wUYYiXlWHtLXrjQlCG6dzNwCXyUfcopQPRAdxdqHex+bNAp8TGhrgRW7qUoPS5FzCDNREvnCnjlAC9muV4neAwnsI2rzSGX5CQS0ZZsoqu2yl5W+lftLNv7nX6xvkoC6ZtAHVziAFjw5LWx5eTx2DVLFpoB9I2dG29a+6TZpWZ1LI5iQ4PTp7d9fO+O5aysT0VjNhSQZvUanpKNEULPL5pyCVXp5hy829E9WYTw2hEUrv1Ijw73fN+lkloAqrOod65+6nrPyuZEfak8eHuc4UA3CYodDV4DFFwSSSwPdgOX/Cmzwdn7VVbt/pC6cQY7m9rJEo0II6rmpC3y3BTHHRVXyfy3uoMv7FWNT1wqA37oSYRCbZRtxxqZR6oDcHoF7bm+y6oXOHplOUbznBoelspywQOGwncfTeMNV5lNn6yG/iurVYL4amwK2TtEUkyqgJF0MONhtJgMEDUXReBtd5iI/m+lG6gALICrgS9kYNpDsYiDgfI49MsJviP9vBODnubjFZ0rBZZAycqgEazs1y91WyqanElSVmdPIKugRnjPHeSl23PjtCbA5KXGN7mhxCy0ske2G5IUtua9DIG+T7IDL33YdFdvNqVOdOQlIL1SLa8plLEctyvmyu2drI1yuExOEvrnehnHWwpRZH5J82BGTa2pZgPxCweMDR32d6FLzC4f+RnmzL+MMQhWzvMYtDbEZzGj36ovIwVEjO4CFhFIl9SSRdQW+e17jN/YkvMMxPTfM+K5W6ocytDI0Cw3FttI4cJaN6OdJ3Oa3W0dUt689wBFK7spmtf+9nViIzI0WUU01uQsuutJj/NxBtMr4YGdewEGjpBfKSHQegogMuryxSGPx2ilaNz5E595hTbjdpzEK/wTtKvvUuGPP2WudEOV6soX3WMhZ7tRQ/UqtaJxXf5pIVa0+uc583Ya8AxOrvxhyEniPsashurGh0u5KVy8Tl45KeDPoEVz6nEL4NEGrlvfl6y/Eh2lYy7veXovOJjwXXXenDSnICbG+nLuZSdx9+iwIjxVJRoRb311Pq7DtmFJER68qxmD/8KicWlWQZV4A+e3d06ukoN+klD8z6ih61k/7zEG5egqMY02tCwgTARbMVEE1xPWaKTUMzrYRuqbWJY3ykxR71WczmlmvWW66uHewrsAWyH2t8xp38kADGF6DI/9UyOaWLApEOy8I5uqlQ8wrEX6+kkjiIwXaCdvaxM2xFaiWWqWF2aWYnXz2g3HHYl+jy2ywicUd9P996yehyPfviIY4ZS6agSs4bpErvkYYNQOfnd7hpw0dy/+gWRE+Chy5G8GfEd1LMJdCwQDiZuceeqDqG3kwxsmCen7ddqC+8vDnkY9P4eXkzdXVmBu8adiXhrbxfNK3oIm6moqoeUxIU74F7i9VCyUBmM1ytcG4ycnj+NLEZnhqNIgkYEInQKThDDtrXQAgwxs9RCYkdG0PHC8f/VDHH5LtVSkA1IYUpMAZoH+1DemhZvIXrTpRxFAnaT4wGF5H7wEMx/cOWSAXqC+I3dq7Wy63OszjXM9cF8n+KGMJAfih8otzfh0bRzCYLnVQBvkzzZUQgwgO92pzf59A7eUiKtjJlcbF6aZAm7o8OFavG/7ExRhD8D2l8IWDIXJePpaMDvmFZAYGrQ06XEYHAd+ZF/Hi3sUMurgdb/N5Q1bZPLCB49NXZCpdz2YCpjy/ZLItNgcwoIEoJUug5acrZ7m/tV2dOqPzQI+1HDBN9y2u6egTlo8zOtuMhwK3fI9dCrDnQ4YLr1I8UBEASXSRjTN6kvHigGsOCI5Uld0qjeI9oBNIC6AdXVrwFwHplUA4EA6cgAs1TIUnTC/YYb6oSaN2TIFMUDlsqtBBMjZl9/il5tiZ87cYVy0YsDVbe+YIS98INjP+hYeGOHH6xVc9ZhumDCieZDkZFGozCzZf3n2sijjT/DO4M8XstzNN8tKhILR0XlXwJMqpMgty+P+0/eeJg2JfOZEy90oiHa1iIU7i8zlqLl+Pgm/bI+0aetcDXfRajqIPKTVpDZyJMMfCH6AbvTfvkqZXr4ICt+PNS8tIVVnySc3ljzz/gL5XFfxMdrnX6blEPes6mxy+4gxqLxv0FC6dnK81H8l88P8IDBi8OXzwqur0/dl9gnoP26EZ5E5m+I9SmlgV+QISIKvtBuTd0OaONb8zp/R8/1yQ/JVVmslF/bUlCMLn/W+e1WER6oKGSuTpii0DjnUa5fK/t0KHSRWTcIcN1R1IPnt9h4726s3RJXXrvi0rKmlTfJYFO8idfhaXFI6d3evL/bpomBi+OQ/gnfoxkkdjn42xgRiX6wUewzmCFmdgJC11cIgEJkyJ9YG1jU7Fs7qvz44x6YvKKC+L595WHoKcJAV4rLCFYwf9DWE9w0cXK4ExkxQFK1fy53cLcKLmKYrJtFJuUC4L54nScnXZjzyUEKQMOAPDhA3CwCq3eXMYV4u4hiD/6TcRpZYN87BA84e2Vq02Wuavk0Q99Wd3ojijjWUPLoFI981ltFEOVGrt/aqBi5X0SA0Qs0HzAijCOqnnd7BeNvV+8vBT4d9A+D4b0qm7dqMsEZYwl9QHT5iAkiy/Fgv8KYvwDf1iVbqQFH8THeba1L2aeYV3/zFtHw29XDARWFvcPJ0PiHhh6yC6psal3P5v+T1sS+kUXm538m3I6JxY1zsLQ0f2TLMgpqP8ccAMP0FVVYbI7BDYpGHAr/wnLTumx64wiC/GMLL1kv7gMvGcpOqXAn+NKih/Y7Tsojxn4/NIudZGUFiaHdgwetcP1NE1dqSMdn6VxPgJn0lKuDALZc1Cazez6LPC2HIDLTFXyYcTp6K1lAXN9g4/ldEWWe+ZdJMv7iTO4ecV8W3RWsNOpJZTM+RBK8tUra+QJ9MDa125JozXbYef5wlZAN9QoF0HElIVCdKPoMjjIxvTGuaJJy1iVkh+H6PO9wf8pYRXdGHg6/Wnhi1sLFrXkjmUgSdR6wLDvBdaOVI/4AfEqpk1a3ydEWr7jlqYFqSruefB/I3ayt0GopfcDmCahgYzAAx/V0ZLO9lZ2ssBsqgSv4o0BC966qlZooX1SlKkr8x6nrvEBAGHqKKiDynRva39qYdFTCsCoeamQT9aM99C526N8E43A+Jypk8X7ZXr3fxuRsmnBZReFjd5qy/MVr1wGmzRefxiNBiRXUh4Bw/Ue5SeiyexYfxCLDwWE1f+ftJkWnZkxSx6/OxQajelrtacaG1ZFS8o2Fa/khxmwn9jmuibPk68HsLgCjlvYikwCXZrjAiIqQt4RQ23miko/yDeee21Rcb8TYHeYdwmQZeqsvlRZnwp6xoNtlhQpc+2IAVhQ4xwg/IIMxpAM6J4yF44BaJ5VPXAnz4Vo/AQxSaTL/MaNaTaLwlVdYymAILMQgjghvtSckddB09+kdlQiWYWV6Y80ziaCq6VSSsAg/PHs0AtaRaQXXscKky6N2XSyj6oByenbURHb7rWB9rJBausNICHzHvb2YcRNj9BCxAlMJcPt6HHpM87jJEXlacznvOMp+qcFngs0CtyA+4QQpzpeGglnt0LTT7F0IKkbi/ztDHvso10911/XjbyM2jf6Sq9fu+YTzx+6ueoSLQBwlPUjaYFYu3W0uD3ENR+Fxphqzys3lJ+ELbK5tG2SurRommmEaEMGuT1dfL92nCLIOqi/cULyHg2po80PKaYAaxgp3EQJNUZD1J1NrBs/fBI3sre4VmN5aaL6oOSQAdFNumdNob9cK1smrP9ZDXPlnXdaAmzxaycfRu41Ms1mga5XCfz1x1aT3rX/6Q57p9BBMWd8SiXnQakUg5jKGFoL56AYQcbfuBPGrAyVCYZOUwMmYE64Pm9AgMORLVWBWK13S9JuYywR4SwfGO4CjfcMwEbVt2d5g3XhFHglHqv0xkJUTIIYSe99yqT6rwJskZYPPyavw5KAgzU5AJvehgydbHGr57buM6eSMiXJOobCZSrIeC6Cp0jl3f7ozNSR/oi1swza9LYM9AIQC/YSyWYTetgQm5AUS7kUVo9zwIbceRU5IPgNy6WsjA+97r+beQHeotM/4CfhL4YQoUMoGEKUTNE2Z3of8YIfhmTFpgELOSkw/v+cWoVwpc8oGa5uG3dThvfxkOrayLqK3wZMyI6FsULHw1W6jYYSZQTDq2ny5w1VdjmPVR3ofLhqAyJJUMzJKf0qDhK/I91UYkVgbfEvdpqiUgGgrkHHujKjY7l2Mj0CqBrmu2u0A0UFbd0cmd0F74oOJTWEtermN2cFLQpx9FFEaxPOf/BTcNMhOR6zKlRsq4jFzFqnYpQwAxBa2ctL26IBJOeAGIUTtEA04o6QNXhPGr40vuD/zEkBmf17qh+kJRMqJ7tFPtvtK8C+F5ichoKcGcpHTAY7ycbEIqFApbcJfHchtwiEPE7zCWvvtoA+2MtbWzUd+Bu7Ivx+JTpsSvvC4JyoqhbrSoOes4JCrMLQY8KZrZj469qvpUalbJKZO9PXeSCSzPCgdNk+aHtEIRgefhCIruxpufzZL2tPMpAgdlFJYqPJz6DKaKAdAu8vbV0FU9YTEj2XLmAnYht7Q4bRQug+a/mnfqwJ24TETNkZHqbL+ARPc92/ikzqQEP4L7ELxuc3r+XSuKAwAXMNVKlHy8uVCAQ4E0Pl1tKziDdA0V4d0K+j5bDJl+Tg491e2cy+OV4cXT2KcdH9kkZID7y/6ROKa2VTqs1rZf5ro33KXVJWsLi+u+hIAxsCccFk57aR349JqoO6k6OEJs5hpuZp2DBFVNA4W1sCaN3i/D66cOV1iUzuhN8M8AEJQLO5ywJGvPv71Rmf9q2xVTvkI/dhJkSGxERx8kml8TxsHEYxRIE1k4w8JPFLwNYAvrKavEgkUCNa8aNTXcJg1q58g+pibEvfdht+JPof7ccfAVyvVjlvGD9BCHq56EkzTgbTWoKKTWklzKXaIPORBTmLqmEShz10MfTYwj/oLp90r8MDI+Lb0pQLbOFWfRuDK6fnMeEKDApFX0XYx/LbHNy1Acedt5AH4V7ZHwnihvY0TmeXTztYgjLXPXjA7ZzC/UjHzHM97hf8dUtIKbRNrkd4qRpRxBwE8mh6Lrf3HMgVDGbjO3QseB5cNXM8Cx5T45VCQ2ok1F6y6C91A1hhaFHJkI228usQml+68ep6Q1lnmvA9UxLMcneSLFIC0ZWHh85RwcJoCmjZq1tyOf2287WDkm1HVLmYyhMyW5md6+ExsQRo/0PIwknQv3oWJHfi8Q451ulFQB1kigRbpz0sSqvf1p79ZR+Qad1ZGdKvY4yLzC6lq2yaaGB3vtqTWmP0cYI6xHs8e+TQkQ5TWnaRzyGHGeG1BhBazLj7ONJqKxWoNsxBxR6CjOGMAWAU5e4ZaMQuIjVoKvrJE1luO4J5Ov8Y4tcY0sEYeQ03MTJVAyOi2O8aKSqerZbYTIDY+NWI2dSOlqqaRWnODVCwje/bG/yTjWtbwYglzaSvwLuQmEolPFC74IsWD5CHiGfx12z+R9Eg0j9r3f0hDX8HcJK/u3UdwVROyw3xKeS+LTIhoGcCwTnDlENzgxd55VEgJr9c6zw9qu0xPmxNla3R9ywtpul8EX0JzbycNDudejZNHWll+pe6fZXn5d7PRAH096uraX6ZKOKW2iBFic9iGy276OGdT6mY4OMIapfLOCVuyCoSA2S+yLjSbvBkOCkNeUyO6oftiA3wgFcSPJTvuzE1SF2jNOeefOMRsS7XIJUtnzjCalh348Yq4UYwEZ41xm9BEHynqQfIpz8WcXCTGwnKINfwkwPOYCMUvbD547qs42T7uhFujljJFjOEz1a/YdwZVUZ8hpb65Ba32zj0QcGC0d5/X7ZEMMjT0/qnOh5FJ6y95bW3F3GRT84olFeSI6iO8BW3ln93v2tVutMskzaO1hyjcrtrIIiPXpiqjlp6K8BUwVLtFzGGJfAyxYvlVh98bjlLm9cZejy372i5ymTF/Z22wEInPWsHqiSlaopi10Bp9aTpyYy94oaHCEh7/w7K2c/V+IsZsskuWUCj5qQRzGeGjEBDXI2kjzxgX4c3clxAjtm4/T1Yg9fJArwhbHqFxljq3B1/SdjVzgPDwrgW909sVqjvfS4eUkn9fw6np9uafvwbzqLPfjNZgbnLsn2Wx092Z75dw6haHoEAQzzQn748t7HKTeKJ5eH6joQ0Zlvc6uQBUqcyE4Cr7zP0Dhu6zhdTxKyoIbL2IDlGyBdw5lCTwiXsG7OW1SfrzWadVZJ9cX79osFXTDNSjyxwOenSYvS+XSUfmq8GnVwUfbcpvJLl5lU62huhOVt6W+X1yUoir6NbCg=
[2015-10-10 12:14:12] Phpr_SystemException: Error defining reference "state". Relation state is not found in model Events_Event. In /Applications/MAMP/htdocs/fars/phproad/modules/db/classes/db_columndefinition.php, line 494 Encoded details: EnO32cSESSrStHA9tJNoO1NqBJqcVEm7yRX7IoZhIWttsaHnyTGQhKV/nug8ks2f5MdEX9kA2YWa2ybm0FEhpKkvnpJvFZ1egpR9ZoQf+ktbOEd8IuwEyV7EMurF62L9pqKk6MY84BnOHxT597SkAthysxkpj9EbIsn+5c+9+5GUgtG5zXvc/yeFda/BoKaM1PyF/deCABZHZTUkiZ+Yqgurcul/0+5P7Y0ZHJ+iPkYmiLtDtoPgp4uD7hRHKyniKPOPCA5aWAFsZHzM44sc0RXoGGB1exzT1nMR1R0b/lf1Ky/CM6ksy5X2l1Tnm71YcMZaoIQcl+wnraE8Vo0Zr0zC2hwMpVsYG9Y/7i5P5gqvyvwu8lI0c6LE1nmWvDrtZVtF3uO+KOG4bFC+KyzuurYJsB94XpeytwlQaSy7JbXV+NwzHy09r2B51Jzq/VW/mCOhkWOQuBOaiM7Un7Wj5XuAmubFZbSGmD8SdWS/zLkgK6XDTqWDYq5+Y/YTcHeid5Lnsi3q9iKPCucfT7HyY0CRnL3akPnOh2ndBGiMWmyScaKNBcckeg5aW3Lnt81s27PBuXA9ftE0MxOd7vbFCDKqVAuQY/Ls01Kg3iDODVm8Ee/fE3aV3X+KnioRL3ToSjYc3ULrfVCaEqDND/mFvSaDM5vagXTzXwPP18MRZKZovTzt6j3B/HvnPY7uFpbC8HNY/Pi3WMRmhx6LtV5U+5H4Fjv1JzfLN4aZMnOgL7xBG1KUtrRzw7jIC/XEyuvT+9fvvd0+zSh+vxxHz2MzkvYShz7A5gtBHTGRrigCqR2t7XLD/yAwPWziq4bXXbGr/6+0Md0llD6VGfjWvbQAhR7FeYlCG8oWJTwIulDbcdY1wwgUHsaq4goEIrUHNg6P5/IfPAH/P5zdn4P8thCjKjzXQUnNKgMdpByRgPZY5XeThUZEe4sxV7+JmNRNQbspH4BnmuhQgEGZebrujQ0iSz5huK6sVKl89ad3VSjslJq+Kvm7Ih4NaPMUaYvqzZtuD+JQkRSe/RokaM9nR1l0tuMtOipNEGoo4gTfTYwaj53qrxfRoijjBPjQKr96kyPh6fnartw1eWrdx5TkAk37kKGMEf9CpzLow26nwwV1dspoUfRvGjyWfRljXBrzBJYUAzJc51QoUEiNWoAvhFqjdbL+sA9xJIoyIc8oxMswWD4rGB8NT64oe3y0awbznvjF/6yQO275rf2L86NvCT6R0zlVVMD42y1EyRDt8EXUxqqHb2VSknrnupYCY0lcsj/dy55PgScDYHpvOyj/Tjy4D6B6MEZCXGLXuq+n62KxmHhRkDqFqIACpadRNmSBjGST52w0KH5a47VMqv45HpYiOGK3ps10vxzs26bGkMPLzxvO73hp0ECgEyv5YUETzlvIOWcsDU2pcZH5sYtKkIss+MMFYRSq4gKeSi8isOAdcLPLjUhb9DZXcA6nMO1rsJV2o+Zl6YvnEaP/oHeg+j6fmeSatPJ1qmrZOWrdbK6VokkOvVqTcn4blJmne0SaXKbJhHSIUim6wUKwQidGwAEIAF3Pt4zVR0OMFIyfcYDOV5SoQ5vBsyu1vlhyYHWXh8DI87H5I4xQG52//p7pinQvvx2GgikzpjT9dWB2hL9zzmz1wHUUoIEujJlG4h+oWTFbe6b1PuCgLKZJrR3bh8mTQ1YAD/PYFWE8y7ZxTp8OE7SIFr58DuAjDOOimFTU62rxtYDOnkwZkqfiAmo8KxONoG1yPjDPqcaDeRpbzQscNfzG8q5sLnkqSjTsajJwFvy01lvr7GnPtkjY6qiZp13YmVslCVGwPX/ddOdqolzzhPWPAPWlNv4bXsT/mQzBzRr5ZpliqTH6kCMNSJET9qXfQIlEMYH+5ODm+gbXUAJUZsxqwJY3wPB1wEnAQpy0XD/lbnfLUWmYkLtBlDZGyOz5wCDnDDkJENpuemMmB/j8ucV9Co3HOMF9j6suTWRcwK97CCRNUZIgyi4GqP5lQeJ90QgLJG94JmJ//7d7Zq/qRX9o/fl92L5F0BWk+A1tL8sF+lxX/VrvSsOiTrrMD4Q7bMgQMxgm32s1DjohO6Q7mbmOdhTcBo/d2Jy5+SYbyf78LwqKUMo7xDQ9ELBvGLEHwpbXHUP74Z6cmfriyZIeIlr9A0r5cjSEqIolnA6Z3EiHaCEiJIqkL9Va9Eu3+6lDQyHwhuxO6sQTQxANBsSM1uEBZJfQWqFvnmjWewZtJ/aEdVglZmQO5ivApiNh5i3NN7byh6wA6SAzgqqfLf5Ra5tCLUBkzIXzUJjLaOUVcOouo5Yi/m9503QEnsEWH3NUwyCA0B7QHBtS/TW4oXw42UjWWzhMkxhOjHnkjj4qlE5pSipEhJaGAI8JN8+a1Z1s0h5XX2Bdzp1Pls6oW0EJAK8fUS/fRee/s9OVmu5PNwZL2Dk/ovNnif2YyjVxmYHnmnr92UYrZdVUINQDE6z9ogIXPltXNsJSSNuD7hXwX4L+E9XH5Ma4cqwYyHERoE472zWSJar5u8kaFnMqK3DQ5+dyANp4lmwUGq5qa90CkDZ58N3NKqZQWG6tyWsKrcK0wUWLuroLvY7wlE0NHh0L1nlQyZgeZAzw4XzRRm47BPvHXI4HRIAIiB1TyCSpKIeaJSR3r5NoFo7PtZvhuky7+lsJrgctHx2kWIIMp0zqvoPNBaF3tqIzeBiTn0U4JDdGcbvEPA5dYXl8Qd7iWY4yQ5OOuaUGYV/MSU6BIicgZ7W0i5Fivbnbu1yPycSPhYJSZaVJ6R/yp//lC2d1KF00I1jNyc0bEp7d3pXl+oZDgCR7ILoTpC+BcDbuHz2Bkr/2gGzRlkZBLQ1GRwNSWSU8qIeja5Wvo7iTlT5t+7fbidjfd8BMG2sNZovBe7vff5H0Zchg50rGzLq22FJqKjCbCVrNtzFfH18fAAWia+T7VnTAaLTB5oV5gVLdvXs5IaiGcZ2S/qcwplbKEAY3qOKu0Vh1kDXmKEc83QXi+PCiMUyJ5wd9Gi0uyeJ3l/L3KlEv0AdZ5lVgCiw8iftEg0Ef9/dUcpSOtf3smqEysVUTgx7+eOTLVb4g6Q4v1qhXl23Fg+cfFqDLAnjxGZ6s8W22yzkl4eEHS4/zXVNxkazGcqKgVUhMkP5mIXtDcxwWv1R+LUyg0UT5M8nyY+VVhXqhRjuejtcn9D2hl27arUGh+1mUa0BQZlVwBK1wnfLByKWYx2S5LQ1KuB1V7DABjLPD+i0JTL+u7Fh+QAn3e/MKTdCO1JSOa/ALZYHjhbRA0D2+deuJxpmCU45nuNaGpH4wPCeUmpP43+sj+AE3GidlqDzP97prKTZNtdh9OIVBzWyGLua5pEqprw00ncVjLFguq6DA6lSjNxsCUiKeIexCqqkl2lYrAn4BaJ0IAKVmU2OVlqFEiE0RLoWQ9GnKYhs5eeNVxFo0kW/PKO6qX0W5v4YR/4Exudv6p+NHqVfwOJKaQUtS5ztdpcVB/0rf6pKcGYOZG5qYN6hDH2iFKEIODUXSJSP9TQQsyP6ZCrffVOAO3g8pxeWVhzCKOO3RHrnWImdg4UmtP26rLPN3iNa+XgnOi+CsF4LXZB3T82Udi+lHWPLsMjFiabE+5QvJD444dOo3HvY7uZDp8rZ0rBMqjGSzWH8KK1/Yr1xK7OEtVRLetNDO6yXfK5KfHzjSyTWHB8Umk3J2C2e6AYZ8cxEJAlmn9oLnTS5khtkPNJwasgful4MYWOmGbabwqQumaumI7HCdI3QjVWxZK+nwgzrLRlUxHfjvrW5m/MQdj2OGDrpdoqxlfH72gEVEsHFmYHT+3AISYbaItwMebYIsR3jltdttuBGWolVsmpB4aDr/gVoqttSPg94dT6p+WTD06c9eQH/tfaYJGLmnzw+2AhgJdpqTAseHs/FK+Kz7rSGgeRAs86+y9i883M5ebUzrxJFN+UEpC9C/qy9QLFDxo4qIz80tBu6c5yHLEmv+J7CxtOc9WXTYnhf/VQCE5duUUk0RkgxEGwWB3iqZJoz3/xtiEEO8bkofIcyQpAH0j+I1Isrrj1IQy03to/aeRXAKlXjNdnWgi3S39YAMvumDutR31x3QHmogJS56OTtIabnk/vDkl5SrcDQb7iGa9FHhJxjOLRML0nv59xdF9Jnfym8X+TAbE3LLRV+IOvxp1cJ9JJaXFNJTE69tlH91rjkcMiQbvRCbXQVYCF7r9gHXNVbIkOYNWdXcFJlW4f6S8GENdwM7yDcdHIOcm+s+Z/Bhz3kCMOHOs3p6tyVYENMhuKifx0HyiA0dXJA9MCZGATsex1Z+r/1alZXK5jnEXJ1zrdXAUGITm84hwAD/fI9CyQkTBXw/05pAUnJovcYIbZiSBiIlgjLbA+qRi4HaJUJVY8Xdpbctu63YIUlcmxyGpTgLH6U6oZMGJodekYWPN5+gJVzWeb7LDS9wALUjM8gxQXO74vKLAe2fweV49/2ij3tCeSKWLuLGGBRp/2yD9KJ35te46X3OO0mmqq9q42jjjLUwCirGksKIAxl65FQtMrMXNuq44FjZWukLz/GuIFGHmuImuOwZBD2HlZf90ny7btEEWgACv4LEPVT6SjvQ2Qm2DdK/iHvrVfdLI1gJnH6Be5Z39t8jZ+zL0AXosPSrr8Bb0jRVn2R/XgjWAYXnHSSWfJyXyNjkhL7sE1YcyZGSxoi988iRQz+edOQzbZ4GdljAEkkJZIa8wmsjjhdm6YRyxgKA4Rj/bHOXf9xR8yfbFDXjD4rGBx6Uk5aXuWnY/hSbBJzMfUwBlJE0ktFjsmbbhkfjYvwhMdVxx/ZxNoiHQUNBLaQLpnKJSbyf7VcuvUU24AKRzM9XwZyYorw38fyVvP/BWiQbin8y92smOpyjcMtkTe/ydQYu/RNN6bJGN6zDetz4OQFk2mLk+kJyeUvSQEa2SPrEEwIfNXrixVzJRUEjvoMbFsMxU9fIuhpj+0xKqByCHpbjLz+cP0gM3xlu2SnckEXXsZ46b4MdnNnGweurnvorf2qTbtdKs3eIeegsWw3TfEgFq7Kzvb6ek4AQIn8c+vXBEQlScD2xfSqN0iziKftokWvqO6CynJZiOZl+T+BNsZ5PrtZ3OoMNBohCIPGj9yPvgWDnlyABRCDzB/P581WEJcfp46vOEQDjnGM4BfFKHOTboBBc3pKKBImXyYioG8k+iQ0hIu5tQ6TFVFPw4CVCDBkw34SpUBLqK+itqgKph1nYjxTT5zm3ecFTrLrGFWX3vsjGyOYMz+XhY8miKK/Fjd8zNukjIvX1hXA5iqMJjigBXKLswCrN/01X0TNE4K7pUCHjriJjO0JjSMmck+nbSCiGe/O1vROWahCd/UzPXGe8vr1ekH1McO5x8HeAY7XKmdKqM/1NcZ268yTWBNByh4QiTP8XfswJv5TJkQqCbIDZaMq1IA6jP/8SdWFndUi/2HqyDkb0C63Kpf3MdeLryOuVxjgSVo3gh5mpc7P3wUT8F1hyfUb0xOOLkN1DrUR00yv+5DHMmHmCf3mr6pB3cHdDxEJk8Er88CzCXKDkgq2x8QGqTynntxx2PF3ud+F7Oi089NkeFf0rw2lpo6ksZR8YF1MJMVlIiYdb4iHnglQrzRuqUnOYwYaf52d48XYzMdinMMYOhG08PtddK/9rNUrhsoaN4erXLq6b5xKZtZePnfiSfPs0wbA7yPWzZpiI2GH2v39NfUOGhVUG2DHXT2hByJaf/2M09hSmtEKz5kmOt9sY/Kg0nAiQ4kWxeDwLYw+gbM7KXzARGd8OknZWLZb/2mvt3YVrQ+aAYjh9IziBm/O0Y77d3QVaaockjNHCNCBxZ2TIPtgnjGK0VFYemqZr/JZl5MH59QD44kjJbhxA041dtVEATYjf7RZz0sIb6cdQOgZXim2FZhyrltsJrr6qIIEtye+VFirotrWHqr16R5rHmMqJn/U7pfHv7izMKBDor09zSlOGH2QDd/4ry7nKyu8RRSGr6DL0u0gMyXle+6rKQ+h2YSX6jRI+/3cJedOEAExQt/6fuNzII1qF+Q9uHyvMATizgh4CNP0uxA4EgXY+gaRTRNQIbl0Jr6d1oKiZas7CJnOrtiEZN49AGiXJqIcdQvSNsijdR7vRwT4mDA8qeA+VQvG+QQD/F+9a+jUv2KwJruS+rkcVMW2KC+RrroYEq1Bu9fu2u/XoRbUcxCf1nnDlpgEJZnkZmPSF+WCnZg6ms63BWciEeroq9JgMrIC934Ua4MSiD7q7cvzCS6IR33lK7v6lu+PlWWPLi3xnoCAp6aeSD6D1v/rTHMZiMqIquN7VehAaY2x7Eh4VnOsAFiob5c+SvgbOnvpajTjwdlceIBuSSJqIfM5B3VoZwAgUgfRC+eRNChzbjCh189PSL/gzn6vGuoG1nszWLoeYKtc3U1BmfP+dKB2ZsiKnQx90ujW52YbQV2c=
[2015-10-10 12:31:09] Phpr_PhpException: chmod(): Operation not permitted. In /Applications/MAMP/htdocs/fars/modules/cms/classes/cms_object.php, line 86 Encoded details: GVcTulHq/jjt9qlbe8sY+s5tP5omA4OBdG+2zQ+wKZEydYiwgTv5lLKzSC+duP4SqNCSBffqp5qGWoV8DVfzYzc005posy+7zRx89tAyPEi9N6+r+QEKe+BgY05LKcQURDMvEUBEs2Wb1gKbOdsoPP4iIi4BHmRHpKQhU3b41DX+lLZFu8swSmCfKTyOh+v5EAD/iVQofnaummQ2LqDAUS4MvCv/J/EwJUN7e2+W8VI3H+UWKPAMX69xJWXm5ozA4sYH4nvTbcylJ1z0uEOyiv8tM6yeoho/REE2IxyTT/FH5le7I7c2k26a2GhtA87iqE/1YqteOzO21t7Q5TjRdowD3wCjR1B42tGCF44wTtRXNVHSI3mSXM4PFO2A1ZODUuDrfIFU/widSaeZbroDkmF3TAC6l/6Kw7vPK3DtDiP8dGxwGvWY6HnwGl+9Bo7hR3Sav4MiYEq1FiBfqR640AlmL99/fHfVp61/Qg7j02WZwqb/YECy0++U1ZIdGjPDiVxoLlTYz8ZUnUh3ufPLBsuRB9msEY1+0fx57llmYdilNck3irYtIIpxRsEJzW15VlCecSuZoehp7UggTbQ0UJwJY0ZuXK+3GK54KC7HZXdVAc8sdKNpKAU3Ok5G0CaWqiv2h3CQsSq6sHbaifAkYPyJM9EiseVku5uRr+T/ZEN+WV/Cl360mrvQ9uKAu4SukQCB4g1rvTvdcB8IOYxrjwu7s2xMZfhgsE4xST0e68IJy6/fHDKn/kg09dYfW0b/NpMNHr94Y0kkyqePrs9ncBpFXVQfwyCLW9fI7KmPnXOAGhjXeokSfWvY6zp2irM6gq4xZHFq5OAPPaRd8gVaIjdi1F3CMmYzYxVo8RxOWi7dGW5GoxsbT3h/CDAwtjkyjoIzd7pV3itcCE2WjJpdMM/RjSSFZkWm4NqphTyHwY8HVLWguec+s0ngwB8pwJz1pZP8NrH2sFpbw8FqVHAg8ZGyw49yZD20ra06zrCTAJCMFawalOAU1oLCvPG/wlOzGliGLRb/xBak7kVJeG7vxxvJVRAeGsO+toLPzu60+0VmSDG/M3DNXBWVtcQ30ORLYtdwjZi6AZ1cqNcNZtoY2NLYpPgZ+KKLShYdAOwZ+gRmkse5FCwjmVu7UfogrstJzj1Vy6IeK5p/nyH4PagbpkRAm5ZN2rZtOsHfwwnsRkqO58byiZgjKYURdKMRyi5TssA61pP9JrezLQH06GQj2pfrxU96NyOjAdNJ/wvAqJZaSrGkhdtCRlVjUN2y9i8655fe0G+arxAYfKlk+Nk8VlkK/Hjli7JAMyglgqnDtAjsWWoEkPAfI3k5sy2G3v30MW0YUXrTfxsdFeMHJ/M12IyZ8kveeqlXvlkjTEKuXUUoxFo8bpzUY7Yo4ABclxOETbdDUHLBnUPl+sZUFAEtL0sDD0y75WaalKPdYFeHGh8Bu4bdx760Dp3PmuTQyf2BBYnK0DFaKYW4dNBlla7yf2xloj3F8ibfncmGChSrup94peEnSWIg//Mv0Chk/Vu1xwhaMpX6/mV4mYV3bUxLOQp4mVZrDuykYeKbXjvmcKfpS4X+Vl2cTkdvUprF9yZSbgiC6vN1tXI9PD0Zkeg8sA3g/4gAh6XM5/QcCQOHpU8vHkFWC8XYxyghlPWBZwugs9O64WnRrACXuaW+Cfn1Z+iijXeyX0omwNZldbcRJ7yji/QprmzAImSvmQhy1HDM1hBvE1rmYqhmJhuwmfvMlJG18VtnMTPSz3AQ4xUSdmk/STZs8VgG45K6rua8IgLDfB4/ktQLi+N/5ucn5M4l/ZbegahSltAFjoVLuBmggy+FmfMafNH1J4GBnjsiSPYNP4qNQoP2K7ww/QrlOrJSvF0B8Q6Aw+1/s8FHHtH/YWUuFht/yPPm3pKknTOBx73s7LINHp5xrq8RVh/ETyDUERJBin92F2SWAlC+l0tzbgI85BPY9D21rBvx2ojY0T7b6MWJcztZa7mKjzn2iLDG72ORuNwYs/VEF6Zw83dvPyWixOs4jdcz0Dzt0lNTsoMzfCQrYqjffiAoWURiEdQmVJOV7yMvSPoCuRM7AG2DOCl7NEthN0BmCR2oIN/bcwMvYHommPH6XTmlbB01Bmu7SOlK47IFMZpfQw5QYsEQSaE0v8ONMOz6eMKSgoquWGzogaItSgkQG5frmM515LNqLeZJ1KEZwsL0OEkwG1QApwvSF7Q2QaSt/f6WYN1x3PWaLgZDr6EJPrr3BO4gxdcjL09QrFyYPEBJ0naaXhRz4Fx+DKkHjpDw+jmr8MXgpx1gjAmK0XlhT80uLlcb6tL0Wux3CuxaDTqb31Ocyj9pquHcVaur3G5sfZH7DZiAvYXBosKkbk3MZFDEW1ReBMWikZGGxihFErEa/LpP8uY9SGNFrtcplzURXcPZzb2BE19BgtL6RsJSBeLOkjVM6+VE8tHGjWAhkmkfS676exgkKnQz+WpaqkXiAq66NfMbrRDPeCAJxhfVmm24/9XSS4tbTaeyQ+GREkOhUqKmi2Y+pvMRWEdo/fAvBY6BgNRdAA+3ZZsyFuNCofTUXlLacyjScxcGdUBpjgW6Rx+/+VLcKuT8pbSIVp/AO51QhNwn9e6hNU9DjXSh4AJ4DwUxFJF6WdF80QYPGon38a8DxaMsx7MzczJUiPAnwoZZ9d9uRexHf8nC5cvbfg057AmI7D2q59vNM4yqfl187CHi6AmdNCMAFLzeSu/wuaY201xlwD0/3nlB9s22S+teeeWY9SEpRoQKyxcYWp3/sXsGufSJMcHjjBM+aTIMlOQz4n052tFGanfMiDKT1lAWK0Sipiz/bJJFBHS68jnr1NBQELPSjK+jO9DlecvYLAjTC7PLJiZ1lbaUGSCmJds0BjE05SPjQC6DNnFAeRh4b1zbDsqM98cAD/EYhQM+jMDeEp+FXKhFEvciRNsRtmBB+Cd/NAh1vfe3Dk/f3TysH+lBQR1kVckyTco9tQ/F/Ivr+3EPLhmEZDTEsiyr8C0fQHBKmR2UOtsBlieDuEwZzgkdY/NGNSm5DxlmCGaeMmHaOLrvJ25uo09iMkIc/FduxyIOT30sMQxL1TCH6VmJGuhs6RXUese69qq27tnF9ogClBTdBVMAxlsq7odbamsyDExXC/Z+jPll58+QpEpJy69b4jCL0Wo6mYLF1rXwjOL+cbLteE/oJzOXsHxc7gzLpS+vbf2fri1cjWWM6JQ1HSZ5j1ai7ugjM2gbMQlg0cmUoQvl1fqYD6m2K3RTM7cj/T21WW9KqB8udNMpI62VHFSBa1UcOLtcepeZw3GEt5HqrePp8wCdagXsDYR2rDsRXwEGD2b2VRa5rB2Vntg01eMvXuLCo1IWDOSQDlq7kHKCsamXPbGfxx/lrM3AmCszMdTGxJmvoDbtWLxeomi93R7CHR31TlCa6rjWiRZgWSo5nAez6LwRDPBvNCx6XKxW2nXr44l/k6I+fEg6DDH0mFKPRyBPiKBEz3qoj6qLTTaRbWTQk/nZ+/aUj9w3fXCqjOIWRh/wt7YX9tjaP+N+wROGlevbsFMVHJvKPuIsXMUaFn5a1U9/EcaLMZNPFiqM0ZnFyhkbO1s3epcO8+v8eCCF+z/pI1WDYVx/+Y3Hbms/ut+9aj/e4VN9bzGTzZ6hXjnXNoYjbD7+sK5SNXfVgC7MHztILy5YcCtUHgrvjis1pdM+K+lB+IOppHksDwh9G+qaZdJ0kWyg8B6LFbDyB1RzfYjzsx1Y+rogDM7RMSHnouqXur+q44QS20MsD3ZAtBIk05J0MTj+8fNecd0fuz9kz67HsjVeqCPZTBkNQNjJEzg1UxeQCtaSyF+DLdVp+UQMgGvN4WrKgS6c9hy6maKQpFUyo9ARP/0VaTdGOTKFDk1CrCZIyflqFmyYI2O+sAxuw0p59N6UnrLfIHQqnHPZSJe7dFSdorZbfzHGsSgeDsXikbduHpfeyEM4E5M0KPhBt+5OkGfZ1Emdm4x3jNFPMMOkmFuWk/Wf+BMj19oz2jdQSh/sxeB8kyl315zUTS6yfUj+UlHrt/yex6ABBCoYAg+O6Dlwk/97+4oQjHGYYTIeoJk0onjCkFDTh+gHr3TWjg7+qvxbIbNt46CDOpdrclXPIhd7mvHMxrTmZrfKUXx2mTV+PchkBkfqiYNSuwQyaqu8yRidcxUWaTeAqwsQ3CeskUHbSE0AARaQhB5/A3YWN3I8vmD6PtnaWuPswTTQanO4wvdhtUyM0ggRhvubiGVq9W1U5IJqwCkqh7wACTop+aDGIqnJEPcpjGoBhofycRzGj7sF3Rin3Xeeq2XOv2HU0eUm49VDbijIcu1tPInmPs4z2JPy46bRXvCqw+PIC4m9DM2uGHycHBTm9KOM5sCIdwNojssr0Unh2pl2K5nU1MjrMXEfGRkICK2L6dctJpJPgBd6oTHiuTiwZsmduDy3l7YeXZGayYeiQ/SdxBF9U0I2LTlVF9WQx6Lvirw8Gz0pvaXaifV17sIjxRkNtPz7934P8RAtpWGgy1Wdo4burjcthPjqhV8/Z79CwZv7sdVwPXgJyaI2DjUYziy0AM4nbGoAMRLXNZWdQI9mFaB2FEDMLqCq5h5xmDika06PoboGn/MVxBbMzQnaCm23d80tk2ZwdCtVZZ/uKoAeg7fMIissI6MkPTsJqjXC1LeJAfK7TM9ZuBXiEgCJTVT9/FwfvcWy8v0jQvEW0jd/cw/sjEACo1fPkVP3qYsf6jot4UFiRHsL6Syu3CPAtfqyLqOZfnYq9Kg5Ro2vsD5gFDAOr2a1hkefFlKq6M3/OQt6MRIp0LWxSVhMbIEo4XdKIdkXn/s04Y28jyiK17tlB2KhnyZXUi4e47IwJnOkLAfX8X3El4EymeFOUiBEHA35LGCHtX4tAEp55SYmv7w/ubEtn0YrnmQaDYl9bmMPWk4An28k06L+u1jnHcN3uIMVWhpEgTH2IiLmyaiwDaPy369J3VgDBQG2M26wjyAX3cLuMn0M8U/TzYXl9uIg4brvd9ooLpAqA0k2jSAc0vipWdb99VWUoASTFFnqpasC0Z+WOz01ios0fmNtd6mDv5EhZSQRmGjGcCSWgTtm8roxdLENrq/JFg1/FuxeMZqCGhqCGClqa/VRCxA8GfafJOW0icwvkoakxZvVte5a2XYyJBZokFtw1LmGAiTb7eY8YGMYxqH2hiDQWRPwtutLrJbGCHgCruA/CQQ8W8wS3XHS6+IQpEefPh+mnnV043pGFrguhPvrRaHZgeWd0GAkHskTVo0rFA83Gp9lDL74wURayc4wdfEEreFGf8uMGxE1acxl7vKCWhwJIBpbKNusWzTdXPAJ6fxewuHL8j4FvaRYv8OaNa+YYuOzFY3qR1hW7xm4WmduYEEXiJejTvD57P6jGVutMus5Xhcuof/BJFNgksQ8u9Z+GnnCgxw484xJLtiKYQkIloM1J7qGsNHWTArlLv7599Rip1AtY6NTiQAJyIxb02RUS+14sgkn+ft7yoyHF7PzFll6eBb2U6S0I7syo2/21GDEKUuZe5e0Rr/ZtZ0+69phu+kSirY/C9vJAzrdpur2kDWivCbhgcKBchwTwHHfTSmLvpGt3k1sMiiHcZw8WOmRa70nQ65Q/cfG6LCDVckmbrfGjwKV0ewVuO4VrchoDolGcdBf9HGU4/3t3SS3g+dInW5eXhpO9RgpY2EHS2EVyDAde/W6D4AF4bRS1rt89QDQWLdgkvdRw/o/91bO9sVaNoM5DddNELozLj1YDhTG9a3L2Mv+D+N1H+hw2FAmSkUcolidShanEr3UBtz3I6w5J38sY5dn5TBkO5Z60i0P51bGFyH5C9kE99piZVD9A+f3N7oCjCsVuy6fvp51kCoCDncSSz2cHawDc0YniPA6KWZbSVmHdwKLBlRtJlHc9xEVyjWSl0WoAS0KgTu9JghdWIhvFfQbs7NtzsE4vCV1+vlWn1/zzGvyXAD4StrRZBYC+gK3U6vvrHYqE0KmZc25/9fggMFFB3OD86QeBl94YVkyq6kXAM8jH8M9lupdFFFjfZmrCqJsufKECCVONF3mYn9aD1o2WtA4y8CSY39c9mZntMEeDvq/Ppput4pFCg1/RLhMdD0NDP3gMsDH/x1sj55Sw6pAudY7ZwaRqYA+8L9IaRk9aiAMe7ldmVKHNQYyqqGX+mkbcxKkUCOZJ/GU8vTcC9cpXEahLhZdIHDETXhp6n7hapmnmH/geUiN2+9KetT1hczbhasSpYikse+ZfXfXUAbv9bIXX3zM3tDO9V7uWvo1cfFXu6WXhqHzVqSYy3h1nuakeTUVk7kLE19MPssmM4ogPRpUN/gfFSUQ4qK355eizN+6gThwJgTIb0dI+w0F31OtXo0rfEXpf3jvHZSyGOD+zDe+9zQB3Q/+pPEXCsv9ZXFKftSMesNNU9gB1clReEC99LKrDBQZs0YXWUf+4uccr1Ic6BPWZRyosp+HRm2y47jeovlKUSClzqNdmr4YlbEZFVPyKdZTd8Fv61lW59IKoRo8SxtzR8s3TpV09XxzMKwPerkTycRxpEVu5/ES2K6kxDx/Bqwdmt+Fz/ZEOn/szgLQ/7u7wM3JmBP//wT/Uw9jGaFmEmJOieOMJmdMKx2NaUhGRWuGv0ludtsO3T9loQNJB7+LjtZFNKphlY85L1A6j2i0qR0YmZEGlIk02NADWhbCd1H722bmMHgHXWmfey3XmzgbBEGfWXhkRJm0ESffLlGQx974xKVwB/WHBmMO0xo7FEXkYu2fwH8ziMqLcU9eR38tfgLHKcmBfJwZnNEYJF1/tvWRdU+X4kUv0C/hgI1phjzJaenGNee6ckUQOLDBAeiHIJlpe7mUER0XxsSk2KhoHGoIQ5pjHSCQzcU05o3aTGEObOVGXa9thS4V+LqQE9mOaPzDUnOKPjUjzwVNwd5Hp8fM4kyIVYlRf9WTUUnvQ+qeJuUhVAklKiioHoFOmtzPV3cEDWSzl9g6LlGSiO4x0EIxjFuZ/roqqT9nXNpHVdrxY9l/S3Rif0oDEz3QydAURmLfLkazsEdLf1BLijwGXogiFGbA59Azuhx72lX0Yk7m+511ADSRvbBEcgaXhH1Cqb3NtoIqY0cEbIC0eDxldhTvahn+GS94IMODJv+awNzUNNomH5/de+fSyhMQxAT1ummZbj8cA0ytqVYlDdm50S3hpUD9hbsqOWrg4jQDGLhMtwJ17BUWZ9PnhdglYeE6u6EfsoCOcXcxoMwjhfjWSAh8YYwREoUD9URt2nvd24cl2egxlsvPacK3s1KlhTtCFrJanvEi5koKD2BAj8Ds2ZDFhKOIAvP46AXWv09owMJshNqCILyKJQs0DaASfbevKf57foNbWMNHtmE30GWjDuwvYsx1Jo+wltoqWpsXZZUjG4c1QXBvarjHBcEFZ05SeOZhz6/rcUYSvOHbKTVq8z/GacuQWD0Oyw9PjGdha7jdMaWaKnRRtRq9nIv+d00gFCAq2St+Va/s1Vjr3WN4rDKa0PfmGqkwaYRdTQj+fXwuSJzAW6DLdR/mIGkGjmQfqOnIaJQIqQu7pU7j+lg4C9RYPPzL5eN4KeCaI/ZhNcZHMlYWl7IDPDu2JDQ6adoUHH1jJHCYc1+1MYhOjgcK6WHqRWdx9KAZqGbsYnYofh+A3mgTlh1HnHhALd8QQLZCgHTmForQCqLpZvUlece41b6pHgpL81UAGS0ZeYoG9W0/6USfof/06rjEFIm0v3V5fvH7AO9hig4VOg9c8RasEIGYrFlT/D9lkp285aVh5El0lFk53a4Qtd09YM6s4kU5NkQ3AoQAD9BMcdV9LMhw3eUiFEvAteCPZ83PjeXy+gJ8QLDdOgcj+PWNf1F8yN27oCF1YseHILJcj3E8tl1Z4h49WKod8+F65QJ//znlrKNMtbGTl/YR3v/G8Eapxde2ucwO4shyNRpkcLIpcy30iRcdo5uwG+gxWnKUTvGNzu9SzQkCh26pwrBTyhq2yIvh/oQI97Qz4qCn+Enm8i0S7HvsPF8ZSc06ioVPFx/GaL0dqEpJUuJORAmOgvt+tYKHpU9afGfkrL9YzXFFUiHt6y1Dq5tSQMN7YnFPSmXFcyjE2s0JyrsUu7GiluEyiXpNToP2mHbXxpdqPyH9egN9bg2oQUJMIlInt05Huuin1LnPy1iqoAaf4jXcTQvyPrl8vR2nxNO3tGFi/oldj4CeBC5IjrMsm42LXOOWPcAvhMe7C+UJ3bPRi/p8SYJN3xJxkR1D5009NlcX/J/sefdCTAMH2fKe7+WkdtCJoM1PNBfsdhPX4gQUT0CQV9qeYgbUPhDc5vyTnM+/Ltvon5XdqYO7PPMVq+qS2AI725A8hn2npSn4NISuesrBzbT3OSRLJoDgNT68lGDYDjBJTv3QsKtd04/deZiy1R/tSxbmODBXWQvAVneaH/lbgY3c6lP+7XWac8Sftx+xV0HBbWmY3Fq2cHKm6YBM92z/ffsyU5AoQuHjolvVWjANjrA6DSkHAwI6KQ5yFnRAJhRhaY0RXw4OYDYWD9p2IyUhgfvmaJNJ2h+ppDxUEDBax2j1KGfnPsUaXyg44ncQvet4za4ltOShSjhdDEGrN4lntvU3tKiDXwICvWbjyRg0EdcsBIdJpztr6rJ9tZQbGql7O5R7Xo2+5Yuhq1zWR8zfKpwbz+AsGRGmBb8TCNVVXErRKEHVzgOJv2J++BANCf2VxlLHovI1dr5GH9CukdhIinWGplSej6tN3jv72aE78OcbMNjent0IUbwTNN5b7WQq3dllyEGP9Q74tIsQSn2kJeYbsqWV8WCis7R+5JjH3bYuH4xjHJ+ci3IhmzESgJHsdu9Jcel9KA25a9zCiv93Ul5j8Yoe+YTnQpO3vRHCQcYMV9PCGXon0uchCCAiYXJX9X0pxN8k42j+P2xUOK5ewiYhFB3CqLVehT+tn8XzoJ05lLcPhy2kUtiOBUGGH/+OOX5pI8vRaFVTYLRtFLMxl4lniaw5uen/fv3bn5R4Rv6NxoIswClxd8R6lwl+RgM3j+73ipIpwNWKWSLFSR0+hJKYoFffX2M+ujLUnAYz2tu3hecDmPCwUWAUCzGysBL4e0hOM17S6ZHQEOt3zQG3bSnkEWiIDG4+Pd/lC+KmX18Ry59VXhRo5sN6dMMNqzp9uiK98LVmIx80IvqOwex89wirXLJwqy7XSCINmCGCFIte6J0J+LhDmGKfdKO598ZTRJUsvPd+Ja+0kh4FqLvu37uLahxjcr4rpiG0ZJBjdaATE8GFEEY3T8rE90BWvlSGo9S5AhisOmrh/9vOoVYZTosSGCN9aj5yHRlatE8uwalcoS1GaIIFl2qOeHJ8hWM40iIyBhze9FptFmypnotrrExJxWN8NAS3VwBBYETeh58vnf75hGf7u+QwneKd/4Uhwn/x3f0PXsntwMLb9IJQhgJ2YrBtWu4JBEtqGjH5Kwb3/TcNq5HvjsdQsXNMsgwOz2pMnBX0h+hQ7G++aaJbdBVE/cp35LfjbMqhZclRKm6T+EfUBdLC/NL23V4xgG/k+GMP3Nm1NXQT2+DV91e0NrOOiFAC9DggeiQgp0ZU6Z9qaL3zns53NxobetsQkT3rnejTmLUtgzkAyOhv95z1SN82nfrkuN5fwVVYi2j0SRpy7d+OYRKLgjiEMtT6fKgLLBFBakSpHH1WA2Y8dlmY32zgRQuWqFVnqDCE+4HKM4ur7nqB+BAAnTPPst0ZFTMHRW+Ul9fd3o/HZyzGoWgbkIa6jmw1IN4etYJ6RPGeOsOzC4UQ75zopOffFIanmJKhpL0rIJhMEZxlkNWabK53/L5Pfrw+hYg3dbWR7GxWtZToED9D/07fyasQGJM7kp4GsW+5kOB7WN4bPn5Kh54I3pQfREVsIXnUWJhEZgaNPSeo0Dua996sGQxHrjZ0TSplrItXWqaSdcinXULkTX8kJeghxRB4a69WNUK+cmcQVxnOdP93THBorD6jPAy9OvBkrhYipzaz5DSMSA7z95DNc0N5Udem+uo0FUjHEKvAG1j6JpYKipPWuflzTDmYe4NnoIdh6M3DdT2F4pkd9zbsy09vKr6w+BWZSBN5JsztiMaBh91rcwfoTjG+UGOUFhOCjBcwbu/NFfVAhYEGQTl0FUqQX0PHhBy5CLA9HMUmeS3NG0eFTBlHFz+lHELyeoraA952yIxHm1wYnMYVYXeD4sVdYPUO3y4PScGg0/jc7+nmJYJB2I80HQYu3szmmx5LpL7CXly7DqKVGWgy3jWXIk4biPNVW40/nLD51h/nuWBhCQPpjszWqg0tQHiJlL0qOJXxQ2Cj9aHLD4Qkq+DA40vdQEZqJYfQYIX4kh7WI4icgv5pJ4KbnkZBKWu5u6c5Fryl6yY+nOBGPP++yUvU0bFtwTKSGJ6ibBOb09Z3NKaiAZEytgPIvX0QaKtTbYJy/E+oyT366yz8eg06j8cq0WfudSHEleYH/0zv1NbaK7Nw8WZYM0SDTVO/xbCT6Xl/74O2IPVu8U6Ebi3yKd9U4xgSg8pcZRx079wMQBoWaYPBjw6I0oSnnsXBeuu3lECGzHkgmlxMyj+Z+fOMVs7+J+Xs6Az8xKXUnOsY8yZe2XjeTsJI76qlNlOqbRGiJyg7mAPEkDbPlOHBnDDDZT8MAI+EuJS3YX8I52DuFIvMVfgF2u4sjvXhyXVLTCjqWUNh0z0JGRKrPSCw4QLdGWaSzMetQ6SewoaxuM20UkxzCvEyGCCcynuIpCczpwhA5cIBlI/T55sUy1wyF85x9uHwrlyBiW1SbaAurthIuGX0lrbuk6ZLQAauk5vArqyKSnzRh+XYdYRACoYZPrYoMalX/RZmN41XojpoOlavVCu0nr+Dw63QlMBm48eoJYXLbg64lKDBelxumv3AMBKXJvkao5eFWx+YoV9/Qm2cE9MaIVZk7FaHNbNoXs+ejyde9um7heGNM461DE0dADIOyKMshMS/J3Dcwb6urGtgUSm5VgAVtLLSx0UZnAoGkCGhdqEHSozPFLS1RT4Tmc3wEQmVrL9+fw7oLM0NVu+/bIpksorvWV3lsfbzoHKoGTZyxXs7TQXHz53Z5GzzBnpGs9KoRS1VMptwqzwSUuw5k5Lmstcz8FmnZ49KvvdAOZydW08TajuR1+ERe9n1bXudveuC6KLkAake+USF86PwyjF933NeTSj6sy6j374XcyzP/AvM6s9YLKZFYiwzQIadJaqiHsNGEzHFVkAgpHf+Kc294JYeL78B7HuL383acPclynuEx9AQ74awZVRpstW2TSoUdPlQskbBoRl2wTHcBux9CCZwts+Oy7wj2ZL/+s24Czt2+pHunY/IlIvlEXK87iRMK9FkgDMFw19sSouOipb2afxnLCbbymQK1zpw4fgAc1jsAB3yyOMwE72cVI9ykwvrmNMoJkMQIddp/LG7JFhRtJA7iByoQt01++jsECNFrn+CvZz3ETdyV894ijXFalaQv0cK6NWorGbx3rfk+pt2BgoK1RQdG/j+2ehzQagnmRy1JHzAuGJs8hJkqS2i98cmygKMWnlQh1rDPnJAh8LXlQbafzOqtww19zrAXef1EWr7l/82fodS7uHE60Bix+zaF0GAF4eVdVxIui7Dv5pM+pUH7jKk0Tt/LRjtOM+Y+YB0zjzipAEvf6PKAZxXfKr8894MeASEJ+VU6iEbSmtgcoSvYuvKsPM68Vd3GFwixu9f/tT4Mynr8EllRrp5NpxHMWlGBqeruQPR3ItYNWwNqNecFFMABA2wj/6CA4B5gaiCr8quydUrfTmlCxri/4Tyh04+mhvuLqGjn9SD0KCzPHaZM/wLJyNRldXY4ZbQNBbT0ADhiUl96GEHfqGQ/CBBi2hDqSb2d0FHM+ZQaF0ooq3xaVwSn4QsXa8k7R9iZtgtNDCcxGgJ3TIljr+HPzT2JGTY6vDVfsUk/bShYJSEzhm2ORHke8e/dSSklwz9i6gwdnt8wpHdDsFlCHX/+xZ0NkCpnF26vegQGMaN0XJXQ4s35Vv3D+UmjOA/rz8I6jgHs2V2ZERByT7s+FgC0OUPrXmCFqyOO2IXZcnt/qOfbfNFZDjPffEmR/282AllRgN7fxqCsL/M2Dj81J6CQgDwm4i/UJHrxpdKdIqorEfpXYxoFbyoIvm1r9pudcpWgOdUI2um6dj3e+DE4Y2AsaF/WV9x1VS6IlBTk2XpdfE5k95cLWrux4bqCboX5M1oqMoQplBLH9jtTMfuKTi3BwjoOLgViR3sfXHfPYJpt/f0P0mBiAuR+4nqIrwfw5y+lPUOu7D8x+Lkaq2zlI51vMS+cNGeiV1FVWxTccudgweZCXVmPI0k0iJRH5KKfwD9OQxnLRzswlrZSRfp1okhMF3ERXv90ZjpO6i0l1AiQqo1lrPo4D8BkQgftLdTuPrMRALQ7t0MzgCL5rg2RbQe5jgXUFgl4eLULcUHbLD60N+wg8T9Jl0GHzwryRtnHkLpHyLtCvTNd7mtSVld/l9YFrSOI8+2rSwp+fqz1qg/ITBi1V2ptQHH3Emd08ytfPi3lQEMacVcqUVFEuqx54l+p1Y64zy3Gk9pZPSUEFsoVGgtE3FD+vDCAiMlSjDDAOzoOVhTJYj74Hdob7H9yvC3lP6UtX7QABTWwEPO7q08qdTD3ZugipYSl5q90VZ+ssPf2P0mUo9erI8WldnOtCLw+f8048ZJatAEBU9fO9bmvjFIrTs7UQgJm9DI5D2YMy9oaVzZknLUXdASippQU/Ewv18NaeGxmY1k8zT0n7TviXfCL3hl3gckOamSlOcXb3mFeD5dv5d289I889Zxk0wxH5gHUdDPhrc276Gct7IzCv5FY+OtyLxnNi1PQbly26LaP5+jGXm2EeBGeK6pbIW5+Cvv3htcamIuiHObxTgQ+E59fzQbmwjhsh1rfervBx7YG+BJq3d7CSFrIoYtOdx3u4UhKD5txK0RbBb+j/hUGgFTK8h9DQ54OV788D+ZbX1dc77KTKqfs1E77vELPZUy6IVEZf/WDEY9ZvwQEW/JsKItUFsif1GumCSvuJC1oN8DFQmXz/7y96il7O+ogSU6WsaIunYCS/nhIDPps760QokHUey4m012Cl2/DQixTI8ajMHJppv/0JOOaznujvvfp74LTmjwKAate6dTPGDgXdNnHYc5F4E4JyznbGj0KrDesu6Uh28/tpJt8KWxHMqVmQWDCqulzz745HgHaCMpTJgDGdogSWpg4SCL0Yr1RwRCdSPJ9QVJ9VkU73Ae+4N294zXz5ulRYia7LZje+BJNu+htFXDT4y4dzDr+3sZe405BHh6DebIX377HKJ4TkQixplc3f+awmfXOF2uyl3MUeg/Gw11AARk8V6ByIuT1U3BXa8zAvdpsYrg/xr45JW0lH+FCdi9I18JPOZBFBrQTT78dVBdCMXpT+6PGSfD7PkjliUoJ+aey+aPnyMFAABU3nIjLRlTxP8w5dJ37j+Pr4jaYTnCH3wJZmXyMltvb6xPrrSdO5/Wq6rdtGzZjNN6eNU7ttMCWUn0rkTv4vgqpTXM29la12Hz4HcP5fO1LUEZwb7ER2ee1Ge0Z+k=
[2015-10-10 12:31:57] Phpr_PhpException: chmod(): Operation not permitted. In /Applications/MAMP/htdocs/fars/modules/cms/classes/cms_object.php, line 86 Encoded details: RvCa8QADweCYnT1VGW9o67cVG8hWggHXNXVJZzSM+YjKm/aDC5NWs+S3cdk6OgTPGMKhCBd9zqZdoFSEfoSv3ubGxul2NHpOL656ypbab1rxDcsNXyWIk+g48F9DDnGYcb9GkX4YbBDB53f4E2x8n+aMc2MXv4mGoRnnK00Ph5vRJHOpIa5/n/obYVIXlH2nRe3iUnSMSc+gE5ov9LNBNk/YN5Zd3eXd7KxP73XaPZRUtmAQ3cDi7UB/7YUUHN9YyPLEu5avyBPaTHmpxF0oWBsodER0SP6hHKUtRBao8sVQBa+eSR4eK8giPnvU2KpB3cY3mBfHiH09Ysjl83jwsbmCr1Cnky5zlQ9JLcefZUcDWNWPq8NWCe8HZNjGdbo1PTaFWvKP+LzVVLkrFpDlOrA9zRh9gRv6RBtFCQ9v/vVlre/UNdXJttoAixizMdrgTLkMsumdGGL7FLoCB/j8oK2AzCJfLw8a+Kk6wwFjvu+qvpHDKZEfuk7d0ynzXQnxeQFFBD+nJpKST/khkApatKhKBawvUTqOC2PCU35VCTmHZO7Ufxdbha4KNjaShJ6gFqgVHocdRz5E7vPv77q18VIPAuYSjV6rwhCFbyT2gi0wqrIoPOfgPcXvcYjZt7NMCgD0WhVmleqb0HiIIrtBagAvmgfOVKV63JMdT3tGcn90qtmJuJwaw+VzSISRi25kM4of0wuTa3K57Hc/94im1/FNp2I/XssGVib9nuMZgtuOX34fXo1d9XbTVGn3d+RIW53bdG0K4okdr4ftKFT+PZ7yx5PXHGOdpGaSoDO+fvMdIHaI/8arEdijUrXkpWfg8AR4ABJevdO05cGUon8HGdxLDUnWtPUC4+Nb5SDzRRsp7fsyjhkcIq63fQx2zsELnFgjcs2LYvyqXN7GGZJa3plHWC5Ltp0G7gBhQCvcGBEj6E6gSSy8IVmTMSb8nSyRVfRljhwQHOxcLy3TlXn4eCiIJjGD98aipNqrZbqqPteJoZpWIVZ3QLlyYQ2qke/IPpjDpPvYlzYo96SB1jWLCVdsfFcBr8Sg96oUJggBwputNLhpk++1YDCGycSisj6KorD3OUFygbT/rjitcluYpEdQXPTn8rRbgtCTILVsWC1DG+0Njx9hNlOqb22Sh2T4dk9lnAXGL4XbYgPIqoBuE0/tkyVYh91QRZQYrB1Y3VBGy+MOOoxpyQc1GJQ7hFYd6gFLvGZuiG3hDX9e+i0zgHGzEw0uZDMUl/9kXjeFR9WdwdQiDnt/s3kMz9ApneoeUeRvqlJUAZ8W3dy7b55cFVr488/7wlri0xTrV3fUlihTpYB5GNmgmA+LMi6gu0N8K9UWzKjD2Zaa0zWiLVhUrfqrBa/Z7qch+6KN+6ZM07ZizI5NyfrNvjb/+xFJts8SdxToBZ/GnQF4OJiKLe7EiSj0K+1t57phpUQez1EeHCtpfFFTKG1Rc61lzoSC3z26HZ/WC+tDz2i9T+TJwzPDIjcTAhgFTuy88OQXiarbtR4RWWc1WmSa5vMtqNDXkfm91zB0p64zNCGs1YQj9Es8ypreAG6fvqGSCahrsGUySdDx9L2VBE+qS/LO9USV+blFD8/5y+zRt3KH0Si6u2Fnu3w0+aLlipPHgo3MkEaV+lMPcBDIOSOKHXfuU4KjdyMwMwt1Cdr8KYGdS2fEIlz0pSRdZS6i2lgne+/oklxYbCNXpM8OZL/qx8BdxXUtdeacdBzMUHIKIYSB2nMyKAlTCTrGpxw2r3hrdyodK42Z6QiVa8MQiPNnzjXaOWwxt63b50AuUXtgwau1WDQytV+yaq2A6Krrkm0brWH4GRlB3F+brcFeQRGj1Uj10xd3fW3EmpgoxZ8Tp9HeSdNNe+XvU2xzFYKCp5zLejCCRchiqMih0/9qnbaKBO15YunSbMqHdQWfABKGed+5vJxcdk+gPuYWYr6+K1pDZb8/ykfJTB5V4uG8/jmcQ3pNVaMgcSp8rwnFnjMp8kDt7Y0bYT09NqlDHX6mi9bnErsJ1JHMzot8TY71LP2MfpidZdEWYQk8K6ZNHmRwPTod0ita9TBQ6ZVQklStXSF4U1sFl4ITEUAVS/BKpuvC81lPgYmlUNL4QX/duLX+z+Z51qbcD4TGf2KfeGitSOK5bwUqZ8yCHLaqMHuHqWP1CQSNvwHq3qE0Kd6oujBGx0I7HzhdhUk7MGx/PPmzpIjycH4j/5QtXqTg0aFyIBEcFXD0wSoEgeVJXR7357P9e84eacdHyMUE7wMKunqYbl1pZE+6hgrRq2YPO9ByqAHn+Uzc3dAYjZEX4TjFPs4sarGebxf27NVaLe1W86Xlg+zh5kSbN89ce6PLnSHUKgZ3PM0caplQ27dOrVhpVd0JN0n1q6MVeN+K1wuRFJRVTP5V/ZPc7emPHfQUR80IhUgRdA7LVcWX+TB9cCyZStnxInVo2kSFtb93RJIc99dO+do2L11xJOyLDwNlWlsV4NY3uFu1qrfjsAWSoMW6SEdi3LdGMnleV1nTYXfjm2yJCuX/DJ8HzlpTXsrb5SMqf8ar55dYYnBvTqcN7yTDp95Fnd6HvTVPcQtxlODmGs6fJfkqTrDKZKBquS6m+nSTv0I3MosL5cbgOy1vHRZtIHS5eq/t8AKj2DXUrOnMap5ID3Igng98Uzh9SB44wAsx0pyeJ+O2dtIXV5gVVz/HiOe7oT0HP20dMTkTrAwhCHPF9omqePmaInJ1sW7jhC6hy7eU5da1ruPM47pr2p/C9DJDc5AbajJg2L2ucRTkKz7ShY6vkypgOJr4UDC1lbVB+G7GAQIvt0hpojzClY70BSrwAkKM9Ces6DCN+uVi2wDXST1QG65iuQ09TslUd3eB2GbzA7cqQcC8V57gIx2rptZ9QzNqhC1iM0iTz33gkKNHkTkgMVoi2/I466+K8bVI40IpotEZAhEBcnrQ90RvI/zrlMqzVRMAZnFAHS7Qm4/gNTNtez0+6su6t5plaf/IDI/ai+Rid3NmXP61Bw4+3sx91CaJpqDcAW8Kg7NUGV0FBogovO1Y4qYJu103C+dxr2aPFL5ys3F+n7ts5L47NZFllKWszfnRBoKaP4yk8nZDmu2Rr6l0wZABdsolIgImINs+Dvuk0c88xg+s40hgqHD7dnTA+scbcSPLL+Q8+v4p4XHnIAL3Q0JHdbdwPac+omc7yjYZeAyFizG481d2Hwftx4FofpzFk62dTcKMn9PodKFhl75jzPidJM+Kd9BBHFq4x0Pq32KktpAJzuJUMyY04AENU+C3C47PH3jRZ6WTre9o7g5ThrpyKVuPgsYLUUmn9hVlsqaYXLyFEnEjZI7ptd43oQjwmeK3ykfkHtQOYfQ405Lc4Ice5p+G7q134JHT5/mhNUEWKFPmtfyXcLogLHE6T03ube6YjR/QuIq/HoFTdDtla7jihBexlOrLyUyuINVV2DSe0nDtPdX7SZCulE3ylB4tOpnTAzKWdClUkJMFcJt7EjJIT+zouFMrPExGnWE9fd8zwndmuQJQxUeng4LwYMW2E7RfV6g+uIp0NEYQHpAY99uT5xubVx4hUgwbeKes5sJVkVE5QcxFDC6KRF7UceZ6smhdVe+bA6yqGBYAFA669VgdIFbOSWOUbLylseCs0jXB61B5AVUTeEbuxB1ess5Mcp/MqQ35553QCdJRGJTCykYzaNCUG1hjbvF4uPYAVSlzv5EKcYjMFp04317ILYL53fZCWAdaY7BYbyxkdNG06MeO79RU27hzVlT5DPkz5vvtHNsMFoujBCkMetyUmbpDoo1W+k9PeHogdLpfhA+EvnLcQR0X8ZhHx5oPKZAs621+KobU9hdJ8vFWg5lhndj0/LPYDIPU3u5oi9q8zu8LY8OT2TsHjQ7My473jVY4WRE1ZcK4OqBxQW2tI0cS4IseLzRWRneQ31rgncq4nK7Cgb3DLtHGZd86+d5gxK4RxGIELI5kPV348pJG67goMbrdustnqkli1/0thaarTt/6o0snyWZouPZZl3UWa+a4RXHCAEfS0j9zPccfP/fTBZszQ8xpRqViI8ywqXSDA69CtUzNiuFnu2i52Wa1vV7XXCNSQd/WIIVUn7L6/TimMm6bqllapQbvs1PwipU4vZe877jJvyySObuXeOc8wSiBEtl8N0T56Kg1PsvXzuknFEbyl8A3A1RGC7QIWcSo1tXBKCk47eGVB78GEUvgeppnkbpV2ef9IKA+LcXqKD4q1jFp3A6D/H3IhaV6o61x+W4AsqvfSzIgdVMJFkOPaUFtjNBKj1DIZ5IgRvbxJohUUl9n5UmJ8fHI4ebyX5PVUolH98r2x+5KX1xOgvtxhWyYJqxddXvVI3zx63eX1s9d0p4GiWcP0gG+JGZtVhb1JbLAvG784ThJ8jDI5T9kk8Xj6M/Tt6VqHmjGgV4Gc9nNmG72R0e/kUWupQjpY0mE+2c2tIGkNNQGdHyehmvcuQDuxxPWTlQf1fmi9k/NZ3svNQ3mE1SjzqlUn5mAoyseoiRtvfw+rkjm2/y/GkiqyBneE8CCm/5RjpjocfgeFO9Dsw8Whu42D+GPydLxq5KjnqTZKWbWwvrXO2zDlJybNrYiaaKZEHlKcmTENVD40OjPHCzrfMABREOvDWDe3pBsXKqUbMpqEAAlFkGEDy5EuX5GW94UMEub4wGBVU2XznNad9NenDhB3d93pPIlNOy3Ata/pDMkeSWbo2RS1prZs2IKbDgvlAr2PAdrwCbjOii7/scd+JZbMxvc8ypesHqrKBE+Bht382L0CH6ZGLZvL/4Frk+nmQWwmbj9UJvT3akuLmmxUWPEkmn8GjubRO4kb/fjjQxSO5vVBMYSUmnr/3crlam2w0ZLD1WUYFdfwvguEC/Vr2oU+SJ6XJwGszZFTaL+nNRkg1pG0ofYmpuHTbsYp0/z83j4yLfLCp1Sogqleg8i0wCc4HZl6zuh7jDENYiBrXrzCdK83Td5I/lzaT+vuWA7hd7Q46O8r2vk4MpdCc0V1xoWZDM8YQ6lf9aaGeP80FjkUZC1ktt9QUgulW0GbItXKoj7NL1PDhWyQW78Az2x0lJ6oGIwrsto4dmNBlEWirkLoqi7bEX6QjoIymxIeMrANbnfwidkFNquydMNqI4yl1ov0B/Wj2PoRS9pdG8HJdgFW3if8oKF2RqLCm4q8c2PDR4u387mMZti8bq5DaSv9g7ibUcNj+ZTxhiu1cFOzAbfbwbf5rUPvkQJ1d6sU40SaE4xaW8aY9eDCcL2jZMXRv7KPyR64jC6rp5efXKdtbBVRxEuB+Mc+RbL2OA44xCYGZBahghhpPc8zgEYz4W0my6oTtE9v/G6Or6xbhQMIlwkB/jcWb3siWn4Eceowfh1jOJCbY+nPUb+W4Kw9eeeu2RTjFrvtM3QePuzLfKqaY5iK0FYfS3jWWvYV26XrZnUPGNnSnXSNi6OT76DwkmQVKVv1h+vSMgNqY/LakaUS8d3KHgEfjiFUpXRlVsH3y1aSMMSNa9Yp0TEV/5vhXt5mMsOvZnKjYNtS5T5/9MeYRK0q7UOOvhtsP+c+d+cCxjlRNbX5TLKuECHTPpm9ttkAaXsOYSOXcsEInBxKDO1BCzacXoVxBI6UUDLV/WsMo5l2SqPxMxSQXPun8dfeP5UGXt3oQYkuA5pwH0wsWUVH9ezjq/eCqLG8ebXF1F4YrC/2vNELgz1Z2muxtv47TehMLFxxLvylnImcGwRQ09L0pY5siGq48xDInwDqBYrzf8JrYIsr1tLUsp9i0swCBU7BFmSiLr5h+BjcJFTvqNYBVc7fEEOANslAcFDwDsTw7yO16LqrRlM/GYV3VDAo9xJR+/nXjqt1Wk1uy5bfYgpPGS2fRTH4lvJ2ztExbvslch9TEo/vSTQbNFWS6FetZlR/Hz+iCRzQ6atSSPgDR6eVPVbFTl85CENxv5act5JYbr1pouBtEQ2mzsingi5vnx4g40feWmJTOLNNtvXfX/gxZhaJXNPBJX+sBJLF5hx3uVGhDSKdaou1xWFwhioOmyOnrXP1lknNXhhreO0B7LrjKZa8lyWZwB4oJlRE38ZqlvWZs1P8rY903qKPjGKqASCKl+i61fkRsCGxTQMNhsSG0kWEUPwzvugf9xrt3bzyG/CufZ48hhIEZATSYJHRKj/Hxv/yG4lS/bEULm07VLWYgdU7qmCPQWajWwwNwV3HpBAuSQMuSfeTYpAEIFpXbdSHAoHzkhsMqo74jxFDbt9MkeC0ebhY+TyIs3B7ZmS+WO/tJ8fQRbXWykyX3CFdJ5e1TxrjiUs2JaNqcxSg61KlIC1WuQY/5o9FDLRD4dbcj4/6Toe1RRvkY5MV1mN9f3S2LoQ3rqVHHzodcQB6I/CnCVPS7f/uaedMlkeTsbyfqdtkuK5VzPdiWwRtNVhJ2j1NlC09MBWWnXhSYOfFyZ0xxcZamwTUvj+F70OI+m9zGwCc/uZ83x7F7D4YoLmOsenGqvIiq4sAWro4GoDOfCVnCOA+W64Dl/QqR8pkpW2fYhn+s8I9YzhQb305kbVhuZ6GZRX7enewBKfFW7NVuLXn/x1Ow5LbzByfYqGlnlWD50MrArkU89X5IgJGBornKl0O4LsCJHxTGlvs+pyfk42ONuE5vfJpxrbsBCKIvUtvX1/ZMh3OGFGdp03Zw40ndGiewcXlJkPCaj3s6f1UPPv+L72oUAS4afoBrAspLbisGAoZnSUvpYKRNZHd6FS3GDejFaf9NrMhG+yPXByrabNI69wWCj6/fNL5lg7pgJRa3vhBsMYoUe8Sb6xcr8y04Oo/3y7UfkkpnBxQDpG17rLR4H/pDNc4i5k7NkiRR9b9bvjJQog186yj1vtENh5/4a4o5hc1pLjLU5MVVU83Fu4LbhkLCLkTMp6D2X50mVR6HnfHSDjEl/Ke3I0Bl4g10HSCrF3T2VV1CpRptVap1zELXeQ50TN1CdKRlU6n4oy6QV8g62ZdH9Us39pNxTJqIcTY4leUSvEODfWenMGiHFuOfb++oMwOk4hZcxLGFVa4Q1bfAsP8YRnbJvLmP9wASPX/Z+/5fOxQdOWKWVzqQEhY9DOxpPyvVSYVFPFZTbFotmcqWSIM93qm3kSNlZThYaOvlV901qO181pNX04V8ZzCZWgJwk+25rxjzxSaBAt2q8rhsrP6O8+7rsNtgH86CXqaIIAsQ2iRtuEt74HfxzbuYtzCg9hE8KVoW6w0fCrXH2LqNWEmClZwvJzeF8XM4OgApziRnkU1pLFu8dSWolWtCkGhMkgocPIFvShFxCoyllmi4eHVXl4a9vWkrVxseN0DMgmpe1pTDakvQf6h11jMR4rg4zzAYp0X/7ytx9iwxM3zWrxioXUh6RdNChth7Vvg7xiOaWtyAHSJ9NJgT+bitXNgGuc3981YFMN3lbpoLCcI0K2jjHJTselJ4wL3bbvodCaNZiSXRt/t/u4Enb433HynU4vee76tA7By/+oSFn5Vat6FF9xTuZz9wzOt8j5vjagFQq04e+uadHNvQ3ZfA+2jhXHIccFmG1JtSsuJJs4TGDov2EofinsIFRbm+Bho5UL4f3yKauTKvqfmAKpFY8Uazxpru9s+a675oTsmt1f7UXg6mG7ZASfOmMWyZP4Spg456B6OYtRdzGofYTdrxK7javrfD3ZH3ira6GNTb47IEshqc9N8SSW2CcqZHdRyTtrp1mTnnpYcuYiYIV40QItGvQOB1VdKftCxnSej9JLBI4z/d0ti9R12pWV0ldxH19/bQrVxtk5PCoPaAwg84lCb/iaQjqz4UbnZfn/VliDhYG+P14go8b/WQjFoecwF8uyKgPoPOR1y0tZaVjnziqmY+smW/h425HXb3Hegw3YrimCoSpTaCs9dvr0FpwCZ5vsHsxkckOl3u/E77WMB6F55vqT09Q56yeFjMOX++oMPRA03udXaev73IRZYQF/UvCNIaPYCPD+mMmA2AAp3OcIG/D3U7FL+Et5q4P0RfpjbG1aSnM+zvs1ABuM2bQLPqw17IHl4hC/GQIJy2KS9Nheah8B4hXNCDEyjYzigRE3a91Gmx9Iqbw0tZ1uf/yqSrRlV1nM646tLypt2Ph2T5VtGFwOqWPZO64gOvuK2uU07AImIn5w9EkdeW9kdoYizjjV8DTTOA+gpTa4xcNerBtYezZQpmGAqFMEcR49+dIuZYup4eHV185bDlwfXVCH8x1NyuUlqYpe5HxVZ5+TA0QHku2eFckQprPkgxz2IH9lCpf9NXYbp0QQ7f/WRY77vSTm8vcoXixMp8mByNNPTm4+0A9Lv0t37CwrSYeYV3a30gDnBAeGeGXuUBPjCEj/tav84oj2qIZEpkXMv5l5WWVZ/DxCY58eCRHEzCmFI5edOehFUcM+GWQ4zf5vb33WAboHqA3zbvVvhD2vI8/TikvtklQ7QG4L8emtzVJrZ3JwVqX+rMks6invT198z0GI+M2l1sMOyCIgiVzCfaJ6ZL+EgzLrVXS6IYBnX5tol5ytmhH+D13nG8IAJmMfXRMC5glLySdzA7QsKiRSy3TMIgbXmbW3eXSwvvbWkuB8/DUvjx5EzWvsXRMcSM2fPIqUIGRF08l8bHCPIqQeJN8fm6F02JPn6f14BYT3NrcHbhGuhajnYlMMx0ZKz094qq2oRfgkRul82oI81jyWhk3dSSDimCfxci+OmWoL/GIGZSV3SUuoR+rMWxAjR+v024S0YR5LQNc7Pe/IONp4tK8VMzVnJlfpp2+pyZWQm01yTcixryCKXlXBTwuiGqoEPynI8hS5VFW5eSB9Ub/HGha14dzpkiRRx6qM3PwdzUEIiDzv3ONqCEkYULqGhQJT1UquLMZkNvokJKtYgVc5acActgAtKuQdM2GBUk9rpbkhXoujdn36M+NrU40ef7mI8bgccQfLnjokfXmIp/6ZO0po93iAoIoadMHMqrEzj4nxPPIjPMBGo/mScD72tfwv1sZRQpABSMEm28q0AWIYLjQHhQG6R/DlQbSSPFlkWPGGw4dmaGp1OHDxcIQGCc843c8jipfYDP3d+yQMhCdE43l9Rwic1jQ7fczBd46/wNWmqz3w8KK5DW8OzKmNfw3IkI5bE6nax/nmx0he2kMhX4hVXzWgW5M7wtvur8bzCY+7NmfBWJD9Jg1y4a3BRoA11OPhQmKfhhFDieJ1NnA2ceNSJ14IximDxVQjdKmP+nEKiXGeNa0Fs8g+E48Le0yiSt32pwL5xgh3weLCr0HDeVmAWLoh5UaMESnvJC31DHOmDq1uISSzknCrjBDSgWe3fOG3m1IAGQ0+e9yMOEqK6P+DzCgMJYoFoxQVMaAoBkJYhMCzjSH0YIENT9s6m8J8LTEjMe8FBNwgqeLixsvlBA+f4jHrB9dUk5KD16PH5XQryK1qXEn4sNQ9lBQEImzWzcmk/t0/4J9i7pAP0z4h+W//2Jt2ei6g2wm0DCtZnEZY06NvHh6cWjNtt5FIm0SrPpwxWD55NluMWnbj5xwO6Hn/9Roui24Flt9z4rPL8KS9Wg9HGSO4TyGwQY5TdWJYCwUc04okfa6SusPS9jWJMjGAMWMA4IhNQs7tgzPXi4vQrbwH9cNNS9V/8OzxwK+g1iQVh4mhIVFCVel/Y9z8Gfw19gvXdvCb6En1QXNqshTvLLDhTdjO1EimSK48ehq1soIKiAl/J10nKGanJBcQBzV0fdpiE3SCOCBzqbaYL4A/oyEbrMEj1xyScsVzWmBNJaKJzJmkpIAaL2PTcSOskEKY7FabVAvUd6Z2ZLdbmkQWGpLkAe0giZgAq0WuMmGtqCgrfbFFqzzlcLMFR7MMilmvyYDNQ0ZMqa4WmWxBlExo6OWN0+6wLRVEjSfyVwnrbZaAr/k4w4wSibh3qjOKDYhgXPIFsrAlXuI80kdZFm1zL1CE9MT33Cg20XGO/tFFgETWZmGRgEkQzFXQAaqkx54E9BsaXWX8xMKVrFyxXWoGs34qD4kqc5AbVehLyFjY5kqRIwhupzkzWn2PkzaYqrixLEAQ1U4W9opAAMqC8gBQwbRP9zSwKuYyqtxop+PL0lopiwl7N8jvWEj08+Y9ajQ7fYJfYQ+0svnohb+blZOKCWu2xc/cg9f0vIbNPJRzJRyAA0Rm+Kf2oL5M5LlJQ8p5gXQsULhEK71BLWr868PE6apJ8MAdzBymhHRPtROnvPEO2ZNLUWPUNT1HDFlsQDH6qWvDqNvGw0JI3ldCNhEKZZHcgToie4/uaea75rG8WMQYiUxy+kXaeRg1erV1DnWksMQ+41pnlLz+3eErU+pHgX/yXycybQfr1ICsIyYyYKU85mLLGUyFFLqeCZAvOzF707V6y93YwC3iuwog/69UCbCuas/rcLTlCC98fWd2i3UdZ4Sff2hwSxncFzR+qOhyDW3AemrSQQoLEBG7U7TggIj7U20u1FhybnlnkJlhQjdDTp/9wiUzWV8iwgQtmqtqgeiMq8HsWcanwtyExpd6kKBthYfNtgl+uvsu2Cs0JHqh00EPLSUa6gN+5KY4vXdhN7d8PgulvC+CeH/F9mJ9MeR1SWn1J/Lbs8kPXEEFBe/Ujldd5BDXfmGErGoWiIqvtwM/c2Oe47fDxt7s9WKKkrCTCZ/Ayy5r49MgF4raum8WnSapQvzKDeBSqrY9bODILli7ZLjIOP6Dhy75XTtz4liaGOn72pmloy0ojIgTI+WLY0cRByuRik9tqq+12Pc1m941U43NNrPryJDJ6rMhE8D54JCE23MjW5/7bKpn5sLd9EcvgJLwvOkRAdBpNl0tQ/P13tb1DmSwksbSPPmIWPEhtAC0h74diy92HCr7s8i8UYVL+87F4viQTUtNuuBIZqSaI3DsU9//HqI6xwW0pbyn+IqQBQO6H/ElhRTTOX5VOtA8mzeBTW4hWxxJSuY49ev3pdFtXWC3KXRL/r98MWbqbqVW8JgHB+V21z3xj/Xd9DTo+pfb5bMQ8Ek6teFpzeR1iTUQGbxFm7ZusdD2IRYT+9+1PWZ4m65mHPk6RK1DcibqCvJe8tJgG6651kxZJsfEYJUq+rSKS8OY3Lx18hCRfPN4o+/VLGfhbQgj0wuEIHilNA2YhQNjxn8k9hpRx+JugdP/GC/L1w9nOyU3bv1W9bnpYWmReNtofj1V9PUC5YqqFnHIQFA5N24MZa+Q3iUVXPWAcDX4/ThYeXYiVZWIoNOg3tYKJJ/8a/ByGE0w+VGHrh10GBV+sJDHJjr4ISLiP1BZnEvQFI1a9hRi+i0r3YaC1HQkTYIlKFOX2S6WWmx0OL9r1mHbOcBk+tX3OaEdIL79K79o0J2m6IJsInAl58QVYJEOVhpx/Bgyj8wxZQSzG1ETQOEdg3UyF8IySoBp87Yx4RP/NcZuSc/Z9xyeBT4mkxB8cdgaf8SX8V9VhS+Fkhd0hY+tUbEvlwx4IeHJ0fdqCOH7NRGK6PaDHfPYlKC4J5IyNzkXzCZ6Xo5+xNbwB4yjiIF110eGh9/30r5smgeJClChjN2mVDI2vW6e3Z94IaXK9PR48FWSivNfMaix/qRhRYOm29gveDl70JShmWb2s26P3wZoqqXdQ+qxSun5w9Owk0rtgVDthDCe3T00qu0VkkXIv3WOZgZ+gnqNuL/FvnOhlR7jpj/2RuhayEyNGXjkQ84HeflhUVFFPwub0ExYk06rm+ZSCg2a/yc9mTmqwCKN1GC5ImtkmalyN8IrX1dN2/uYRXqybr8RAxoWH8Kh7dfVSe/MJCB04P5bIPJn/ykiSTDg8p30t6VdrIFscm4KWQ+zClSvN1OF0r8qxb+TmE9Fl8Q+utrr/uc2S0Q4YG3/ncXHBQJBujZ9zgYgM4wbRhLbcSVV243sYiwIW6nvSAlDn255EtMG4FidRsStj+GGpzFfkjl8tZp+InDgbGsJpj80OJ5K08Ym7F/r3715q0zRxmW6hd2h2iXmB8N4ZWHU5fkxCzqvUMLMInhjcpQ7hrlJqKhlERUIQPJA2N0QbOl4VFzElgdeQTdHDQLLS0vTDbe58QLqHPlyFCW9C6S1TFBFuEHFCoqkJd1M/f49zC7lvsf18L4E+UFdEQyUQ0M0LTqiVSLsC0FUkhp/E83IwKJXHlNqDYyZ1cpz0BoSBLFrUSEwiMJOZ1k2fUCHx1vfYW7cWvhzZgEsg99jGOR6oiFni263Of+qhcaf8S366XHRpJtD7eEC4FZoKZUbJcb9WvpwqJtLNQWZBa1Dn/pEHGi3rnGiGeywRez5Z7jN4vIq3caTmZNCQrRZ1SldUUUMEqlzBAx2UjbgP3fjgqLttFwuYunQGt7YvX5ue9eLTiRGxlAvVCdzX3AmJSLwmNj7p+2cXgEBKqUyCotpR7j5m5mwj4WeqYOX9A6x1910UJWRlKCv8CKM4k+q8AbN6OBXmNXSfFIio5MlMoV5ugGV8PNiXo2m+yhBsxpHX7h2Jd0Wq6DExMuuNnEzhzAH/tOk/0/mzLYcm9eRZmAS1bqXz3EPaTnWA/BXgiYSb/ankHUjGU3UaK9zv3k4qHZd5NZQV54k+jI4V/UfA9OMMY0+HsAcLqdKTUvm69S4/Z74lHlh7fDETAsqPn4s75YAXfMo7v/8di62HlUSxUME7vj1aHn/9742Z3lbgbXUKWWUMR66pJjnbeFoICQXhnObCd/OtZwTLTVLgH/CqFmk9YL2c6qHfU+FmL8fVEv8GXx4yzffEZyaq/5/QueOOwTxWDuOf8y2CwvJE7XAqyKfNeW5jR7GExuGOGn6ckrxqG6F0Jp9GTlOTR8kEprLtrjEz9charS4YkO8qtJRMe6oQw063G91Cd/XF/EzKeFJ5wv0jF/dzu4g2VChdq2FBaDzsaBG4RQrW6ptIC0+wnaP10JdWLi2GogIloJ/hh+OUhnYMIWPU5WXZ5eiyKTGUr+oVOUGE9oxfNcsuzosQjArxAVB0jykb7p4fjROdDvkHFxLNJELUcwt15NTdN+X7Of3Tfpdxh63eMciF1SwapHj8YjfEY82NzMXq0dSxTEOO+D9fsnVcezakaGDTS/ZoKSKzg/DhroNf+UZdugUtmVVDYMfMstJtvwfPl2j8IAxBD4HE0NFPn2GDzBfjApq1QzVhms9+AdLE7A0i6byA4pID78b3F4NhE9ljJjWlq9GPwxkUG6hg92q36asS+gTvTQ++BlIS6KHWFyjg6kOJ0glRSZgUfUUK3ifZJr7NYT6flyREa8N6UnL+kRxXIwvvQBAchIsWzNKaFFmnzU3SX8Vzrrq0t0AK3+UM7I3WURWnZhUumfhF0qVgJYQMC6mqQpOhNqUE6GI/QKTFff+Jyv6UcEvjiXNarGJHHJRi+KLHuvP6xldEyBaa+P37U+nXSJByiBObhltrVDFK2Cvc5uOhcdlZraAksnPbMSBZQhlUvI/9Zs4iN3C1XKPRrhLp0I6DFPKKUyc0EQuqY9Ur+a4GgoMwrxpHs6aFYvt1QhYXroIvuePgmPQKYkJL+9pr3hPiJWm3PMBU2Ulu+odMDNml+9tOeLQw+wvTspvc/oNslseGiXlG+aP96St+vc/3N/hO3B3ZtlQgF17kdxE61AT6QByrjNtNm2ZF1HwXDSFXSEeCQ6B/svMNdmYjeegqlY=
[2015-10-10 12:32:20] Phpr_PhpException: chmod(): Operation not permitted. In /Applications/MAMP/htdocs/fars/modules/cms/classes/cms_object.php, line 86 Encoded details: LIvv3+uzYrTvJ4ciuhzbwKxHf8oVGFAShMch2QbVfn867epiN83t9hvJLLtyOPFAcK/Rp/WeaBu4M4dCM+vlzT+eS/LYqfTzZ3/JoDmNvjUVoosJurftSRAndtyeGZI3D7U04wY/lPJLk20lgTB+EJ6b6g0IJ+ZvY9xl94R5Y53T1+H+wbuuA2r0orhM8H8WXjqLZQS/iQpv5Uf/I7PpanpxKgqPdRGAxqVPpVqArwerXyeO8OsQ83MK7f6zHp/uLLV0mA9jCf7fKmo2WUbw3d5KahncUr//iOvoDcAF+4xOM5r4Qgc/CQ5ymhnKJy/BLB+/x3yGAKCqESq3P//v+3QhodnFKBkzSyK60cU1AQPREs6YMoDf7RJVIr2qROrCXPDjqovquaCN9Md4BqBrTenG60/ONCsayEVFX0UfxG+Mxx6tlufwbn8OHHAY4LPcZaylrvMxc/L6+rGBkUXXfuEUmgDBbm/d1bVH4EzJxuKHRCIu+r50Awci3Oa+AHBiVyunKfIud/iwiiNdJn3EEn8+3n1F5x2eIuabdZUaJsyoqFl/8M5qwijGEZZ1f54MwcWsOuMqJhJodhxLKnv9WqGAQGuoxN8jfyL77mII7P6SOzqOZO8a86dJJPwc31tTM3gj57idY+NV66s4FovcmS/3qPE+Ri82XG0D9OMaCe45SvpjllWKlEY8Jgulie3L0wAxa6aBnxdBu/x41P253jRmZxQsX7surwojASjAn2PgKG9mzTX1lANZH6+Ke0LSDxCsZ57y9hkPly+AzVgU9+Mx8a/ajWbhBEcZ0Nx+z6w22VhEYr2CQfKcf7WPRWS+tdjlDtxnK3ie3Ut0TXpgeMOH7qTJwfkzBOsl1QU/ZYfaL+yufC5RB4lyK16ajaaRbmQfDbnu/Cz12xo9WB8sLH+gvPWV8Dsr5A+gRemRgmOc7hV8UO/5ehenR2tyNqdsDo+NdmvwkdL5qRcm1G7JrCgU2DaNWbXzazla2VOc0tTg+n9zW5K9vb2g7GZC6DfI3S6bMwqDFvKaewdiK/HnqZ+H/YTAHtizqhwodgVOHfUftRbBt0mvnwk5lpKd9EJv5bnsOTLUP1O/Jve12NDcuuEaaqqGKamOYRP1ddN1irRiu/c8kxKQbKSse/QIsgjsNxGuMhqTG9uvtCK60ufe4LuKXDGno8psmflCQZjSMTwp228D8JrV2GJBzFgJjfnZCHCvn9poJiwvQb4ij+Di+cr9Qt7CF2Ulq5EKuC5G8O9FMlS7kNs4JloZWD6Ec9sUSsQl5iFU+f35ViV9u9TnSwjSRqhQIkwPJzk9h8YkXLunPnr5N7u1xLWrLSqxofUfFVRO+EkT0oRFFIih/f+rgA3mkuMx7Qny837Vn6wurgC0JroWd76H4toBNGUEg6WJky4xHoGZLQ2aIZFjtegm0/+4fGjgHQjmKI0LlschE7qIknV1CzDW/1/9fGkZCUN0SK26BexNsg96lJfz2GDxGkIMyskeUGnHOJVOsGcz5+ofylgwtZ07by/LMhb+qjL4We8bZOOenTUtOWTZvp0Y44lKeHNxCXLQ3FAyFMP+wVskEkSDfWQwJalMsldtP/6h6MM3uDtMtla3Ojgo6KHf5mQtKttQ7RoOARPMLtjOMx3Ama5pUDAh5/2+wxD2nwn1E2ouOlQDn7Uuc2DrA3xZ35BTg0RkcrEmWm7iyrzZYDFOl7ab3ziFLSnX/PCWsJ1mX1DcC/NHoWEaCVuxdUqj5/bwvzslTaUPcCeJfWPpxas+LQrASk096BaFkNnU5v343U9jG4yQnQOndc9xRmg3nA/YJtgK3Im7LH/MKwYS8XXZA9ILqFcNH06A0B8KyV0t039TMFezgQNEppYFf3S4kvPQGljqaGtg3typJmg+dpePz9LLz3PGL9WYYgl1TlItbgHF6x93g1Mc/OqQlwns4w328raJrvPzu6CXWybbgUms370xW9rkC+pqY1wTD/l4t4jBLJWM+a6XJ6iNHT9W6pUiIxnCHXlaG1W1CZhnuf+dTrHzQABHsMJJ/pcRryGAMzwca2U7Fy+Had18rvAWs5a2RtlZHbq3SPaxZbKJGytKQqrZElrzgpNnKToYWI8Ehqmicm9QHlQdqpHDzoYz3PkXXjzPRqlM5oz6842SGq97/QSmxi4JhsVcmBDk9yvI3zMTGDoj931hQIn6o1rmrh0ytZF5Ol+vuxxo3Dnwfo9axuru7YsU99OdO4RU1T2CA0yVTdLrS2K70s94WJhtckx1apspK3+I+nZD9LAYd4l49aW2LM9OXtoFWlDp2dfOTvnO7Ul1UOv1pAJfH8vBKal09Ow0YQtos7aqvR+NxJA/F4t8q38ppfXkI6AIN7agrsViRDh9erDoQABl3xRycFSuz4cNL5gaejw9QLzqx0APMgRXz+NgXe4jSVIk3SYvyTU8iR32J5WoGsJN9sG8+V/yNq9uz5kbdaCTr8pWDlm7Fk6kFb9EMFIaVzQsCMYeVVpDO36i/m2X3n6eYh8y2MF52bZyiS5HblBPRTqW2h0IVDehdJt5pQM2VECIP0ponrEQJaNsESF5VjT3DHoYqyqRgc5/jtU3unHfyC64Yyi2KiCFoDsxQ3joCblmblEPeNiDCOEVL+U8xKf911hwbEzrSvR/xhuLLXqouJ1Eyxk/AIsSyZDAXn28v2kVAOnIWYtOGBJsioTvn7SXdmuUa+qGq9ro67P5g7Ja9qOVsO/zAYOcnEPW/yOYNVbih3wLbY8M7gbnPaOOSfLMsgP7Cw3709m2udum6b+4tU5XXDKJrq34red4zw7fP1axooEI7JXY+HFY1SVHAAeAVgrLCEX/1OJcKxIMu73h9EA7N+CS4fhCiF3lTPtxye15yWZ6n7usIWHm08Qme6OlUWMH7mmNSVyUf+OvAW9TH124Hxm+zZtLfwb0CQo8S5kBxIm1NdlY0/X/dVAPCuMpuZ/CFu9mw3bIBBvM5ARMUaghIRzBIytZ7SOxF2PXaFtMj4QLR+NNFDWQcMMWzDx69C+xyFn9Uw+28Zi6g6Dbw09k3ji1RHyaTxkGp8MFx7zSDKSsLf1+U75LjARzB/Bn4byGt6gvS6qACUufn+qZ8EWI7KUBCHTh5H67tRlwEXEwSzC0oycejqDvOm2r6FbM5q+NxGElhPWRWoBj5yxAsVxpuw4H2ozVyhix8MqXaLhjONBkireu25JAjrbIMcx6lu9QTqbBdTyv8bzni98woZtRnj4W7Lf/j/0fS+ytdvmYAAIZe4qJCXn7Gh7lXCgZ0kAaWsUDgO9NUoAbD2IWovF7zE0gyJdx4esQs1UlXISdejfB1WC5/yFec6LVpJfRn7e90DBHzJBJIfP1RJKn+RUV0BIYfG6l3zJIYHDX9wOt98zfhsiyUfZ+MxCuc/tLWegjsIGq7KFHMitF+qdJhl6yBkfOLbWee4q/p1bFzRD2A4bZmcfTXp1mJElExamF9mzIKfko//VylXNTovhuBdbVwN8q9+mc95Mt1Xpr8nCkxWKftazvYbSqE26XPoyGWOoFnFlzbBc1UB2JkJJtFOJRuWxnOsHRReC37erndqGFl6dPGVYkUTvTDlze7+Z93TJjOpcqjZOaeLCX5HYm+8x8XlMmNCzhkKjnkkFJfvDRg5I4y0QBOsoasT6yugI1fVbOmdrRIMyJHquy4lxQ6/heeqhzqmFZ7QA0bS4UavG1GNqyloo6td6eyaiN2/b7okaQjvUGZpx6PNADnfrxQhRANRO2TzmiaeY73EnbOL3UCZjLmIlRY/I3VpBBVjiYgN+XwnWFQRxLj5nI/ct1qsAF46l4h+oOhQlhQPGu0nGfPtzHbrCiUcTC8LsZUdgrh6QqTO3vEnl6PV6e5ELHUmBFjvQpfyuIFyZGZGG9ZOWo2mqeYrenDSUrOWj6f4pUQcDQqd1MhZTZU4PZCKQRcdJo9ClbM7wIk3H8Z5m9MNsCNzJQFvL3R/6baADXTI5QpsGh5xE3luY0tyTmjKUkOy/uwiPg3gfwlizG5oaGgwr/gUz8fgRPg08QSwsglCvCEgRuz/cHSV9ID/R16wCco5LMZJCqIkjM0U3uNLrO/7M9uONKp6c1tb9U2nCMiMh+/baoSu+JgMD+Od13husuzXkvkg1QZUFwujIo31fN1vhG32KG91UzYQgTk9oY/BnKsSSahfRuBznFxjC7WZ5HUFV3GeddSV7lGMCqiDnc2e8n/TkWlrKYr2v+PNSEJ2+3TYTLDW5I6i09sEpN4mRNN3GnJYZF1ZWt1VNamH2McozvT0KSTMaiBeLhVF9MZFygQZOM+Vyd3QDJC765I/tsq2ehzKt+I+i6UxvehshbV0Xu0sbpM7Ma1w0l/V9y8f/FKmEky8rwfuPuyXnArE+vLZRJWW53Dwq7aZ9S/rafK8hqGvJygHw5Qc8gJ1QxW7SZbuB74VwcF22kbTVzKUY9DJAWsdOzCm26zyOtjmSPwQvIb6pwKbJKVqbtbx+SMIdcJp2ZyGDRN9i36gPvveev1asA102IfaH3Amtf1dbNJU2YbC8NfVELd8T1s6E/dNDEn4O22xxEe6kvr3a96uj77Nn+hBOc6yLDRpuz0mDtZ+A2uhBhjet0ZIWcOFQiEH6qzdoO//LEatq0EEnHe84BSozVgBzXd2NI2KYmK3CZenOAWpTN9kntPmU9f+daABAtWaybDoum4qGSAHCdcSpK8jMLS2DzkCg4mD6o/6y7vZ8fy4TxVllisvO6hZKlEtMBk7zpq8sf9rIZB91dPVuueLCjavmb/+4XRbFHAefOcmDnSEOtcCzRfQVVSRxMvkD6hjG+Uq/663DXJqpOgg9wGX/c3I4Jzz/2cj3nNs32mX1GuxiCRywUTtx/Xf1+xoxhtaLBw0FC5aIdWTWv05kELQJ36+Wu6UcQ7DMwZpQ3OUIBiDo6A3zMWJn5V5uqpovPB4tVWs08R8B7dAvMX3xI3791gMTqMhbOb2WK2ycSRuSgvOvtE3z+NABuv7X0xUT0WY1Id51TgDAcwHE/6XPpn6w6SYYgaBEtZpGWwyBW7/MWmE8DTrTpk3BDRQZ0HtJD0zr5KTbglP15o978Di0tJdBzBSM1N3Kv1h1ifKsh5xKhrI4Rye6IJ9zM3fyHr7TsJPzdcw9wE+qx9HCi+dzsPKoN/bJxyk8NalvOLCaoqM2jTmNPIBMUpcH64QiZSiObaccyKKhrlN0aUw0KzyPkFV/x46OP6YreeuggYgM4hTzqkHCo9ZyQaGv6CsmzhhPGxF0JMJUs9K4VIiooota0JTKceBn5MXvIebHNlrUEC/bkswBdx+5RZ2/x87jwz7X40JzUp8XizpMS/AE44zUg5GbgyDgc5SJMc2eYKh0AcrL/YsQlMOlIq+F/WtlexiekX25U+HG2iDGwo5pN11DSMbJlS8t74WijtwFmiqV7Js11MIRRUwAiRCpqGFKYonUgDec8lXyT9KojZY3LW1anNzFV1yyfWuJqY/pRAptnLdb1qqX4viYEIGV9FiwEg0TmeSEYms36kYqatO4AM+0t8VYX/aRYNQmC60ZhU6+lNka1DwP2GA9KtYvwYZ3DzJ+7Oimq0IGPWo3OdvRXuzfFe2rNrbYzLhQ8tj5zcqC/7ehN0P70g4w+7ERCs+wZBiRF/knvcJUQUku1ievWfzF6gAOmF7YuIZIvOEz0UtU/bZEHWA08l3JLKmeHFPMQrdsI+jhW3yTvyJQVNy2GnXjCnGiHHis/FUDAkl5TXivvLZc684yNmEttktVITkCGxAZSw6APWcQB9ofuDU8QaPBv5i5/Jl5GRlkdIj4pGNyVCFcAjiQp3tqxt2PG4nmHY/P1r150G9bZgem2KU19pu1cyvByM35RVnGNjOe4GYtGRTSkVVSMyMqQHwvmclkNKBc8zAVGvv5NJRdq05slW8v5bXwd7H3+QRc5obFkzEJf6CIZpIgSoTY6GsvpPhmM8ffEMCehNaWhDqJ6XadePujPYbf40a2EYgscI5yMtHP3U/8iF0bRH8i3hC34QB7IhhQQFiBJuLqL3Jdp8Io2gxIefP+JU7YDyHQyfMepm960ASpgP2GDmWKqIVupArXZZblCHO/XVxLVxlT+EX6Zq9n4+yFgV+VGyO8AgEz1ThUAiHUViedMgtGN8SZG/qBfZWzctur/0x80xC9WnakOg5jD51VSWEmTgZ9zrUNaPOSQFyuoyOn6M7hTZlkWTBCMkyLhF2U6+GiMyzbudPaN5IEL8i8lApStZiEt+fzlb1HahG1nAHON0TBgMnofVgg0TMB3AkwvJ6VYD0092Nsq0PxtzwBxuR/WdJ/MLHKk47U51+zXJfQINBose7GKtAA/rIfkgU+u2JYaMpgEnWp5G9pSX/xVEMMhWnBcnW7l0NIXcXpTYxwPYCoXz0GLZ3gStRdZlgPiYKvB3UO9sstgRO/LyGIQgoCIzyxbRDZQudXQgOE7gLS8huyuhTh/DUPWUma4b2KGyWzEBtejXw4vWCt9bmssuBpc0XE5IWK+67Qn9mSuKGFW81gdHOw5HDNzHvbMqjeoRoI0n/y+aiACur3V+KsIoVbA1GTeUWUmQl80UO4qM4MNsg/vXLK9TZued8lYUm9ylqTo9udBOa00hVrgiF6NpDhalvvmqYrhLQ5GsO1SxQvkKmyrFcjZw7w5lE2v415/cz3DfHDlUMLznaPI7dhCpSi9yHhaFE7Z8xaqodlgaDKcmL8sf/IjQDcr3IPAdvOkY62U1Z/R9IDBJBzYOe2MmOT/4uADmiH7iUXbeVM1SpKaZ2P6Zg+9oMKM+RN9pzxHmSGDd3/KLfxaaMHXwBP7x6F+jmfU4u5+sWKBAqyJyG9/XgTm0xvvxAFiANwkeo+rcwjhP8GHFBFKhSQqFkZ4AIgoCelK7mls2tP9tR9aBefZDaM5TNUlCA9iISHoL7naAUycwun72tJKZVIcNJribVrkpIzNOrkDnwNg5vD/HlNpocaNPe35+MiBd4EBxoIojBPV87d8iKv6BSBdM+nPldt6jCuAKNrjBCdUpfAjTBt17DPMarlgKUM0L1U05xTlsXsK8b8HxA1DjQjIWslYOHcc0sPosNaXaJhhJ7FBZW6LFGprmmXbqCSqGql3azNd9G8H0LUz31ogj4IDvXJkohhCz9MRtx18AAVa0X1lRhIlZmLAJdIDN4xAZ0B+ShqrITV8Qw1RwrnF6ZuL4wrvskfsPy3LsnxofIcFSvl9M55rUuuzYT+NlGrsWOm/+tOQtFNTkGowrIU1bXXopK8U0tK4m+XA6vuPVO3M2Geivhv6JTEqD8ruwIA6nVUiEkrPg1nWPhOX7YiVUf2IqBmp6wLVdxIbWxKawRJV6ROHpI59ZQkPfTCQOtRiQ1W1Uxc+EFjmPOvIuvwnJjhbtjzzFhlTULV3wrHJguDOJAoYK1bxmtP77M0Osu+b1bX3XDyDDzi8U8yvY+oL3SoK+b8RCa/MXF4qSqxBoogxKXlfMz1hqTkq4jP2VDh982QY4KdJ+grNR5GXZ/tTuCwsCykUubJ6qiq3sp1UL4rSMnxBl/Ssc8/MrlfdL3zpSmIqR84y9TfdHGkuRh5QF0+yclcX3wlzygXKvyOukuoIkZRqNSGMDlVmJ3sOngnuxPDjn0veZ7OtnoEOys/UAVQuQpvt9OQM+/Kasl4Ugu0Wxf6lqtM+vaq3YKAYr9rNklKGumeMG4swU+eZpssuEJmHQCuKALonpPy2lXzrxaEl/uWVLnzmPXkayse3A6ADdvC+xxYu5NX/emFKAVoJ+IhpMdwF7tx2vV9dYJiJhpEmDrTf1T99XaKnvIHesWqx74/K9JVprLyPQlwrmhuF+CYkj2hcqkYbVe5AxUeJrCnKaM79FFrCOA83zPVsqY5qKblKMAK+kHYV1XuT6n9dohKRBGcMZwQuKBTJk4vZH8in5+6ciyXBr3A1U2qXB82L3G+8sb3vC2hTS4ar39onbtC4SyOAC7T8ixY2tST/LjOGlS4vagGO7SF9yf+gFKN3kJ2iMCQu3iZHD6dcKoYx3SnjV0fH5Yu9FZX7mj8aejaGeIHCXVHcsFcsNqM4CT6jDidIsTBcpAlc1SLtV7uZCTKoOZ2rwBBYX+KTHVJOeG2u6ytaCwd2416QDC4vWrXySX3VGuQMuemkD72s4fFQ8Ms0C5HtNRIGHDay3E+90wemLQal/yiSJNqmVbCzf2MoQyKBhk+PuA8tI/mhPFQX5Fk118LL8Xu/QxUl6M9RqYh6JLUEdHGtCEitDjE9d+2ank7OEjFCnayxLaKU45uReUZFHoQBJN8Asj9ziNGR027TkIBGwxr6oeHX/sGJJPDwYxBQn+wjoXiMMlcSvGkhZti9WpOE1qTvcaSwOR7xFs7q3wuULI1GbHt0hre4ANQTWLT56xTLLWB8ZUsYxPLLIV+ohgdTFA8gi0bv6FsYmrHnWYMdNO8Pq4pK2/FgdRpZ9knsUafpaqO9fdgFZ+COhCS54H6aoj0t0DdY85sKGa3qSEbiPWD/frzyiPtVDaTzK+HPqZ5J6LLtLuOq+ay75yV/x3FJh1a5Hf0dw8/WOyXHMCIUfWu1NdztTQJqw9hpFHk6ZJzxTvl3bLxBWA+iVlwSzJqZnDIuJVp0xqj1AbflTux5tbUxk+ovUE9o/BC/2dPpzfIP5jD5Q1LehnTnpK/dNRB1mL/bNKiBzF4Rhqx78J9B7eBGqxC9v3uHUufEdEyHG8NwKyj87V798vAd/YIj7Kjxk7XaZJZlbnT72JlRM7u689uAYgOTU1S/z4OyB9Xbd/8tieBEQ7phl9+1T6E4vg2eg0bfmwqoL8Ms4Gx7PX1xV7tMJcZG+1iV52R0ORSrNen8fCMQ2lVn4Nham33QcNmDYjEI70h3+OQvsNqC5MHVhJEONWw2MD2WqOjAUY54S4ExjXRlcblERyLUwKJjY/lR231Q3JSLEurTdPeaBnPXjQejrkhQfhCEebcwO2Z5xI+i+0FJRBJiqT/SkhAgWSNnOeBHEMUBDpwd8S6i/yZw1fxNkgZAoAhDVjytiEKkKYzSHUetvQdlB9YYoeEI8jR6bmcZWOLLZwWk1nNy4wRKRrl7lomhBUn42JOqCGoiFucQmeZ5HqFNfO4j2d6cMJP0NxXsvOI9DZSSFH3e/TP/tgyDH5BpZWIkVDoiKHaSc+mk8u+sJM6i4jr/3jI3vhQMIakxuRaRUKg16oFCqPekGYtkpqf5k2NqzUX5iJ/xLhW+i5uZPwUm1/GKrACFq4nitsfznQAPSS/2xE8z2HTwizfop2EDZgfVv6EhZZ9eSbdhYsWRugx4I0sgD6vGDlti/TFl/wEtrTWnJ9m9R+EDLcUXiyQts1Pi6x6ALbeHZoGUVJ8kwAF87qKq6juHr9ga2YNQj60qOGNIZ/2Gq4KFGPYVju4+CtDIPtkCR62wdReVC00en4BJhUbZujkXlqEwSLDQg+qrm2DOOCpQ6TMlmcDgTQNLDHOgOusHV0XSM7yLF9YmtAMcauy4kSRrY7cHFsNAo2KY8Prp2UNNbzzHSSWRtAxfwmcidBtFFlXH1J8KqvTFYTY2JobekdTzGF37wixjiiZxclaefCTtX10qokFxGryJfFOQLckhmrVKInjyCAP8Vp/vuJTtevhSnRFCzSHyCEL6U3g0d6bX54dS1nwhzjk3ohrBdrTdd6g/iAbLVnqlQ7S3zz19TXhaZ4qo4ULWWUifBUeldvo8WhEWiJUCYH8S/st0+sbnmCFSB3SNfCppt//TjTknRErYcHvD5q/i/rh4A4WXkAgF6APR/UMnXSpXFVWyNMgvikc8JN0yDQvyv7JFiKYbQwaqiQSp2mhbBPzc3027QOsRodkqoHgO4ES6QzJN+DnlSbbBX27BFva6R8Nv7+V8Iv/Uvp3UU25xbi7PTZQdaPRQOum1LFv8rpclrzAYV/Sz8Hp2S33z5RvJTPdnHJibhHjYhmTgULCM0q9hTxHwWaBeuOZeQqElOxxucyOGE4EukV6UsUYwsZEDJ/h6nOAqPhWnHjSyItF5AxBKtDnq4KWXtMWnJTHga9PyucBTj1+Mgij8T3BsJ3tTx9XGND16juO+UM8AVixws30aRkAj4KEsByBZBDmoO50RLmmwCfjQTqeQiBjz0cS8XUc28oMjoaFtE3esEyhzRfYtxJTYITwckHyx2Ra85M5e1t3NBTPJF1FWpNqkgeA6b3QV/Mf+O4TRZc37n96UKEBtOmbN8s1DCImA57b2o9BJL54Vh3/ivyGT4K/tLwxTEpVukfgkjqWO5phWuWuXdXgGL+qx37pj41o9al/AflCP+/RluyJ6UNeo3OImNMIhQHCAQ3dKoPVB4ORvqa3/ZpyRZKTexAauMa74Weq16d0QAmTGw6aCh2Oz0sFxIRrs7VFJZOdITnOnimy874S8QqSjmy7c0zrAZJMuG2FaCVL0RiubDcKIW+FyvR0LLGMiyauYXONU8PqWE23EEVqW1gxpscp3UInl3tqSRKBEZs35HXELBIEg4oC6figl6yf2ojvh+fR7vePGXoN6SAA/CKrORKa9ju3mTZC74a45EBzRCgt+CBHQkUZYnSSkjDHMLyPIWyMfm8NmAfsApApT3atLxkr998yUeG4kKtYBFyzdKwgj/vYROsXLZei8C8aG+HBjKMnlxsKdiBnHbPLh08pkYpOub5l12DjmxgHywDtCPbOTOmwcyospEV5NF+PMJZp8jSIq+O498XbFi9KL4uZM/K/XbqrBpP+rJqvODtAxB5Cjn2Mn8l3rG08r2i+Smne+paFTEZbRzm9EkGwIFTdT3Sli3ACDq8A0dXJ1Hj8QPI0/Xg/tpM/fXFVMBjhZuFeKoYlzzTFsRwZOMpNLyivRQf3EDdSvjHEhzi67PX99veYhulrIlp2c0QnCM5ykXt+tAFOtbqlubCnel0XyQ6whd3fVt73xgy6nw3EFG+hZk93Q4RTtsQ67OI8eabXmxJO1i/7nKoe/YoUhe9rqZ1dEa6mDEaUlGEwVYkCx8NOH2VHxaCuIVlZM8jDZ6D672/Dgi4hfuDwy3sIyGeNxFRgWecz/4SCvg4uxRlb6olsoz7NJiwbBV4MPKRubwdbPB9Pic6c8BBRWwHJac3snKuZxgi9Se+R06has6I1IM/ZgxdNtMVSMLboOuVY30Bdq4lMdJ2/zl53gF4Ata18tITIBzdfgMvXhbQn9gr4QIbEpWsQCB2NyPh3F46vVQIujPZ+TsTPi6N5Uju7nkXE0eFhF4TKSUgRlW6DOxKxCeGnQNRJmRl9bfm1n+5gTP6vPv0N4bT0hqmRBv24QKwurxQLY4qiDT4yR+ABNkQjR2yWgWRDT9Vjij8sBPYuWhk2VpPTx5Fqd66EBggQzqZmQOQ4gBCQBOAD5I590fzJlRTZESQcIUwtnVZXa8rcZcGPTX9ajAE2On5oIL/fSoccubzlNsHQhb03cK3tyfnrlMgms5OpAJkYdOOR53YpRWVlL1iUB+NRMfGA4+/qipsh511aEdN5mBTuJtBcoGD3RLOcWJcx2/WsHHslBAUrXLCSyD1AAkL6kLcn0tWh08FzItYfOn88mAzxbHMS9sDEzBe3UfMJGrQn4f5ptDQwRSKONsqOyjyDwa2WrPULrGo58jjj1CSNZW7NgYNmoQ8DDprB02eZHjGidMfi14Jo4II+pt9V0E9T9LOJ7G8tWx7nbihI8syq72r4v7TRVvCfOQrAqpvfiSuTI3kcClAZrCbEaWdOkIs+EU7EAuHK4+QULf8qukSWqpP3oHE+tBb2fPtsgB72d+1djFYMTu3XN36/qwimj4EP2FFiIXzYJm05Ch4ogEgyVmLdEqvTJQ/+sM5gRbg5G1V6dlOBm1bMAJ0FmUfp45v3OtEHkDqvdyi1KhhBdGOyvI6YULO9ZOj/kkVyJWixPcpHeue9czOx22CYDpT1BY+v6kaKKd/mQxv8XmS3G/X5EN29S8H7lv3OCMt71qUo7IEXtJC//DyreJqTChMqQajjktH+tfUNLdHrcIJLEB8dd6Dc+BOV0IT9MQICnGRNAouaINnEZ9HGCl1sb3orjLejZhyI893qZCB9Vmp0dEE7qzeV3Sutgta7nH+W7dNo3+z5GVpzPbJzNNgJyJc4/cdaTO785l5oVlU7TBEanf56TzxXT0P4Yj/if2HsdU8RQnDYV114v2z222kdnx+kHXxoTif3zTCf2jP6HE6iNxz+zyDzR6CpPj4Byy4/dHVzrZbA3PiNHBJ/J2V6u+1uefsA1C2BCjcLlJ8ED01HLu2ji1VlMmJlSfEjrOYLLeU3sHGiVPbrF191PVU6onc8UjhDAVRXo91anyDsIEWGHl6t03phX3DOjb5HvnAM6J8CsMazRUaXx+bqJvOteRD/PGZtXKGOLx2NWGUfsoDYny/VAhJ6XYuyKeoSsb3YjMLAVEILPl3r0TnR89lyIK3L1VkXEuiFz7jGxB194DQS/aoraVY24FSZFTLKnnxyc9zajc4cNOOZC0ITheYsfeuPpQUiGaPfxetisElFfgCgHHMadf9u3eThCNp28P8XoAIzuypTtVSTwK1Xj4bXIgEJBtK4RrjyfFkEBDL9ujY9FOB7epooZbIw2JzoXhVuWwzyV23ZJY2Eve6rtnG138mE/bFddSrNUTtbzvn1ETE9ueMu7S++3ujkFk60dU/A0oIBQ5QRi7JQb0F8jfMwA0UDpqOEB5gcZqJWwbNf1WAv9JWY5lg+7kXcZcq2m2E7sjM0uTikJSrS16NVhkTeFIkl+ATWh1VmlpUt1vHarr2IdEs6/VQXxFQ1/DiUcL9zEuQgljPqUZNocZwGQPnLlx3oTQbiS+5X5ijEqd6YyCB9L3H+psTZRgAHtXnhuTSf5+bU28HcXuj9AbHWU348hFuL0+8j7AFA2+Uy3HPIVO2aLQfZqNG3c05VlRe1ejwMDSGwEOTYDTT2XDAo9ZF/Dbtd8Bbm9UK1Y6j/3DhVZ0ftmaixJNFOFKLXwlOmdRVyInGLiRttYvJHswZrx8eoHg9DBPr3LQebkw9mhkzSu+sfS5nvJpCx0DR/flmv4cKw03xlv0tHJQn/AI9TISNTUgvqfTc+7Cm2rOVa2CuLT1eiaTKJVkqlmAvzXs62zsGITvX6cCDIQyUuSa+Qy/T1iLCOJUAwtS/8br6cieUJ0GjM+kS/3RAJfd7/snHg17sAaBehH2+d5UNA9YJGsc1PixjA27AoIKfhItV5uCGuHFXHkEf1BZi6hQINqHB55IPfmS+jX5O+3QMJkoDlRG2c2PTk0B8CHOB6+XjZ36W16m+FBfacwI2N6GDM2kBUdckyzfj88wMrCCeBniUlLNc+4E51OJS9Geg2XCVY2kfEWmfXKtwI8SsWBLO3uRunGytKGnoUjKj4I6DiF9N7CTpYn2grXBZscV/VjCAnp+isFy17t4kUdGBqxC/YJ41A2uxu5NcLSlWWbInquvf4TfImLwbbOAfNhnHEXLGazKOLmAMUhOSmSS5f23euAfcEV/R9uZRS/EqyNHP0IaejiwJVMRYosjrc/lG7FlR0txMsrILziWq9DUXtJJkSmgC2zeA1z2n77zCl0xQsP3D5cABzy6kTWvngRT0NJEDO13S0=
[2015-10-10 12:57:22] Phpr_PhpException: Trying to get property of non-object. In /Applications/MAMP/htdocs/fars/modules/fars/classes/fars_actions.php, line 27 Encoded details: mfB9QULRtN4k5RK2tgusZJ8PjqlGVzz8ITWZJpFa/InOcUiSdi86B+m9CTk9GUA03x0P6EgnvW2rCAUC0zNUa32u56Ie7BBaRgb9J4C6ElfMri9m+EgPBqA15Y3/d1IWBHNxun3hDjrOcyUe2q4Pmpz2ntpWAIzHJkMcg/vzwcxJRKqRd6l+33hOpc+7EHPSiFADebv7wMQeDSi2c0vmFVlLtJkwdvLK/jL/UbS/tY/OFcxGu4Z/6KiknEt1ySdh41sHPpUvCv0qC0/HyUA4g0ZapuSJVfVYZU/12qToU3NIlwqBCdoBK4hDDLgjCPuqwsgoCDawA4eJc1UA1l5F1WeFOIbNFK1JsTZV1aZTLPJtoxVtVbn5NejJy45YbkZun9NpVctbwu6nu9pHayVCxN4+ziTPjQAx7694eL5n3ZTeC0ACMKiXbUVObstEZj6CiqiAy0eEYqGqHRYSTqaLL0tJw4q6IljMgd0/e0UbeM+vp2q0Yi3++kjoO4rIkCjE8e2GFusWTAXIkhJyNgvfKO+MVYwcznp1RdsHuh97QBnsQir3FvaVu5v0aZpoXcIsyNY97TfdeRfkcfc9vbRXIhfYAg9/uwRcTLtn3zYb6Ok82ulWFpykSxbZKvHt+jab33t90c4BA8SRiVHHubG6kG8rLMRLORDYSdPH3uNpwZ4wN00JPvyXp30W5YE/d2a9NnNjXBdm+TOfAx2wm789/KFOCZAhR3gKmJxKRj4p/blgliZwqqZjW5GOgmN52X4GaDe1r5z4+/0v9FH84kAYfYsAFi8cK1GYUC3dKjb9gOdZgP4p+s+V70ce65fOqNH3s42ojaSKsZMRHyGXpiMLVchWar0W1QTOX3okYtSZEgrBl5pdp40DI/mxZcPgxM4kuDZeldpIos2IdKA/59wlT39MZTeQPSG9Y9SlS9dr5lU3YwZUEzJkZj9fpHqjpJoIHBRanbXJu27sf4Y9tZCIdJhnLD+Rrxf685Q1YOL/mnkv1qnAERpsrVJG+/MM8ICEENpJ6kd24SPawVD6fW46Vm2ZIUQmdWqcSwQ77+75Z30h+aS9BfW6kfLdyvXE+ZVNx35MVjBZ1l6sigFtj3hZnepUkM8NCTi5ZYYDq2bXdF8UMKS9HlF/iE617/2eST6gEal62vmvDGSjkJgE0XrVMPahRyHhGA8TvrgygoZjV/jRQx2TYEsaJzpxbQMgb6y2rpnj7VDAeRcpqF7ZHPSOGu+lEQHdXCSHnskYqCq/Ew4NHfOQKgp6seyEqhtcC2hbt76k3JhnSWgU2oQoB0Xk69s3yTmvPyjSbMC6yGuYDhZpyhjni35CLTzD6w/9JM1MMbfPiIawrkBkk9q/T0aYyGcbyepemTUqMZ2zJefQt0SoVY3H75QATEOK/Kj51xTN2kREfsrsvKAn95YoMPtuasgfJrCn2I4KDH8EAPy8hgKIRWsPWjeESayL9dVjp7/mib3Sb/jOaAUUqhVvKJVKlcr1KMhqPaS8oGw8QQubV9uwgnA3EgYRRqFSHcy1TwFY5Bl+dXVfBiDhsIbLMgQi8FZAl4YF3PEPhSzqEPFT6HvM0niFLS4gY829IsMdeT0Xc62Ktmnw2CW3YswgRU2togDVzUfkfctJBKi8RVRwUDL4UMByEgdp72doKvY9/E6U9KXenIsIc63MBchUxUNaeqeYCXNUgXoLh/5Nv3aWuYvHUeNsDem+o9OcX3GKET5nF33O5fH3OCem4pby40w+nXAQ5ifhMQDv2nkdoq2dETYvf4CChEYV8mWr641W2eGHtYFt6Bm4HLqyVCsj9Iilk6DFPNvB+I2S9EBcySq9x0e5jVMkNk1F27cQbWCqBePaWu3X6k1HqxX1yedBlBQ9q3dwLDzBDCnCM+tGoXFuwVF2gA84TutU6AtiRJp1l67bGDLYbJ6Q+oivwDG6jxJTjpzKIE3tmKmznIXr8ZkquI025Cj6M0go/kjRDlWlfgQzCXnsyH5NTfL2qFepyoSZNCQ2zPY+ofm1U9saWb/wT6EQkvuzEfqXfk7vZyQnA+8Q1rh5SpuNf8WkuV1uEDKS2kIYObm2m6x2ko/Mfxff5VIw44l3P/4oGiqemwpI3JKN5Guptk+Siz6qY9D2y0JHaZRFntn5SExrBKG4kRgCHUuJ8v71V5+9WhT8dqhvTSqJffeIeZTPXWBSYhXNy7TDFTCfrv4VfwbEbnpp3Q+DQjiKpIQN7vJMNqyeYrxsfStAyCd5MFuiAyCZcj8BvVVTNnisDT4ePil6Qq63sefny4ohr9d7xULekMe8qTGz2bFLsgLE6GR+V6ieAPRK0Q7Nn7Bv3Fve9Faj2h6IOXquuOXGcrqZMDaM1ZZYJxu/ie1mXXgduedXs72Q5KbH00YFC68CeXw0ER3+MlvtN7RUaY7yBQTB+X4iOfm9UtNt/wHP4kG/UpldbHHYC1RnJ+cGUJf2UeUTzUJRptOTOWMPis3AytKxcr4uXiQ1p/JOm4zzCjUAztGM7wg6SD3akDOvmzZE+RBbrOVxwoGLpdIxnz8dV+6fQVLlJNGEAoYexEntsAf9/Cg6ITcxV34KqpRbeEKc30+bSJdH4nR//fqw8ohvobmiUg/2wS00idVcNr3UglDotc1lTjjfPOhlgcsoDWV6vazzGo491CILCsBLdKhLdmvf0Oe2OiETNaN/T2PgFUOg7VIwddamz+hFbrLxrbNEtO+AhjjwgEUK6aNx6zhLjFwM/cLGOC4ORaX6cDgrnvFvWQTylPKHQGRaeUmDFUy+5HHU+b66GTmXHnBefTR6FkVIGWwaDlkPQyHR047G8GFwJnlpMgXLJS9R/PWSqsSD4fDJIsqGdczSJimTVKT+vsjc9RQX7eD6gcOVRWCSR01tFN60Zo9sLxfewH2ybonpKsL1pLi60shQLWVjMnGrnAwYDskaHd2RrDHMirZ1bFg7uCmQGBHIVNAZjtegB1AUhxXqAsH14Enw3FbqhZRIxcVGULJrMPU30AW2X7FFhzGH2EzquYlpCRc7QVI/8J9VVVuHfghNaj0GuzLkjPWz+9IpyIxThUNEOAMaRNFP72vH+qchIL3IOOeXakfxTj8fiJMC6Bpv+0p2/fDpgxwbScN88zJZcUIBCe3SNOtjP65iYh5bag8bX19DT+MqazMOtUoVaDG/EPyaUist5XLQc6QOnX7aFkR3I4bwTyowpwNToSGoCPM8OCBO57///nZLLfRj7+Sm+f3/2uR1bjihS3ILOdH0RVpyTE33pmnKjIikyJpmA2NO6JCVhQGbONhVJ55UEpvgMcDsi9Iz7MBZigQOXq2OBYlmDokPQlch0Mnz7imdlIB7HM4tFK018BvdpvRspwo9leHD6B4nPxlj/SS8yHKrvhbCrJBhZvuOU4fGH7fmjuLyk0yCNyz0f/fW5JWB/moymTH+laOMjxYbMBCHLeeTKJrD6IoMwuwgrM2LtRSLQGyQ+apNe/+Qea+a1noD1XilzU8F4uhW92qq3y27p+5PL1oUuhUAhv+WERQsWaJbZOdeYAsOnthKqzn9xlr/Zj9b6Ce6ay1V+bEowFtYgdOSEjpRfrfFkK/PNUR05PjzSrsWuCfQ985Jj0BfY6iDusjWMzErWNtNOWGtcTuHaQZmu6vP7rnUutX4D8yNVHhlCTDQz5nM9ymRJQ==
[2015-10-10 13:07:21] Phpr_PhpException: Undefined variable: validation. In /Applications/MAMP/htdocs/fars/modules/fars/classes/fars_actions.php, line 54 Encoded details: DIY3n0ZgHiMXdtkhI1e+6nkMVoZ+pJMK9nSOq6J416Cqv2SjlK6uDJcr3MjD70mHrmc2MBYLaMLhqOG23+pyea6O54T31iFvz+pCwNRnRcBHvQMsBeVgN8+R0aAIdTXZohhrCSrzetuQYB6h2U2QIDXymMLt4nupEWW5SBIxG9agW1568YE98Uv+lWx5IhIyx1JTu6gVWfWabEiq3hACdqYKyE7J+aDxzMp6xXtMgi76YBX6wyRTYxA7cWlyH0RPby76yLOj7fWhhx+lzorE8PwsCWY4oteB3eKHDg0xdOyTRj+XwX4d3Sy55DmP8+CiPjyWTtpgoR/6yorlmwu8aazOgg+ul4XcW0VZxrsQ7TBryHRtgCiChk9Zuq8xYbS+ElAda0kCmqlwxOTnO2nm6oBXWWzeBHTHX2mVv/jZf4Jjz87LfVBpUP3SFivgRzyATjcmGqNGuklQ8aJ18TIzD9NzMX/CyhBOwpo98Grsz9wmhTCgW4Sjeh1yjN6LMgyzWcvQFiWzD3OsLDYMHwPRvMRyMsLrG9ZyqR1gwJrtsaS/Q4DSbZ7cvePfgQiPFHESweMEWKI4iv4fE//DeTYN77Q3xFeX8Jg0Gv59Daz461fbF0SPbU+klAgQTZC/PF++nMagRQVAtm/jN+L4ZfWLV5VVy3gFcivqf5/cjB4H0ArL3O8JsdJLKxado06G7rzzi8Wq2vv/NrFWme3k5pjLZ0YPN153+9NazFZop64ZYAnR1V/Gpx2y8eGg2W9xHoJlRvEcVs3McoQ0mkOc2Bcav9lhq418++97NdjT2K4EGbVQdyw4VzZbn39HyDAF4bG9TO3uWuQd/R4OvRXWmZeCO10m2xCQ9FcVqUU8vA0CEsochcAW585PZ7tJzmvKyECGAVuHpt/PRVjfQckekybVUXBKaESW6Kdmds9y/ctI5ytZnOHkoYVkTnVLDILbQr/WYczj06oBvJHZnf+f5Xo1iyoNwS8x3jZPQUBdsLifD3qhM3J+JOJyTGB8WopKePzXHnqnk7/Iq6Wjz2scWilqrdzTv18SyihdCJSZtwrBYCleSPpujRKCeN/P2ia3wGdg7rIKdRrVaB1wgi/ttosZfN6JXfjpONI4LUcJCPbXXI1KD+/c2/PRn+U1+lKvJykm+1Wx1aug7tPi6ertDT4fUhhZtlKHI3PzEW4cswVwCe3dehPgDsm/Fedm0rBIkCWkg5SQ3XIGD3HAe/KWxY1pHp94T1DYbTyOU9fTqv1XFsJbbKoyzzUnPjf4gyFh5xRkjVjKKwDp1H+K2HuBD1YNxXwPViYoL0QsfApLcQveMGYkZ4W1EnoyFlzC9gnQrpCWiv3pbIliSXotdG9SvHnm5oFrVKFvmRhwcGSDM3XDej9CaS/yzGOZbm+oNJX7HQvriq2hEzTsKwoz4Amq0O4cTJ3dchzZTycCtHx8WrLkRhdnOt6ZV/P6vzHrVT6d9HmzTM/Y2JIsqbHkXA36fAkZXf5EpAMhjcGff8pgOqCLGH0XrSDgIPsGivsH7LHKAaC3pOzsD9kqGGGRslyTq43zpcJoFQttuO5oe4wvR/dz6ursZUJxsn7Lx/LXHJ+MEWHg2Hjylp5yLpkW25tfhWLQhh4s958eRBvxikQh1qV8CsQoj3WOGs0N0sz5BOv3M2nceC2tnyS64GttHRsLaabqt8IQcpDZ/IB1ZHRUafds5zuapT0UGcUvElrK5WxSHJHmcBd/GhXf1iHVqJCCkKFsYJIAzv4XP0hGWI4QOV8Vmi8uQR+sc2pPSOhpcrxK/WR/shzJ2pXTPXLHwAG+cBX47PFbDOYkTSYuCyTnKyRR6+eoKok3DLkT31dEwIOl7B/fSxvjhPvGYb6w3Jj+/bbPDX1qBMWFysR7+tnzcV08vN5fFlmbCFm5gtGKjLZSgK0jUKufCpBgHvyKN0/umSJ8eb1lYZj/WJKgBcDjaMHc/yIUB77TCbj5xjSGgBzMlWb87YK0i02AmnnOjc82pRP4ucf2s+cvXzNMlMvs70vFt13bJChMyGVoYUy6/J99tFttTkxsEI7J5MTCIvxK5YSmn+aeCnBb088M3QieHfdpHRfnFPxE1xiWHpVqSV9f3CH25pXuvfl1Yco/zsPt4gI6DbKYRZ33PokGfcqXWF2odqCn7bpXfb8rI6ohtoYf4TKql+n6rpmYpiPibT5iDk7hFT++Nj2YUAkEru7YEWFiZTYfVtzMwos7ElG3TTq/KyhI6wcqBf8CWfgHAfBorjK9sg5nG3yaiUz51OylrorSpburLWGPlGDAf2dWO0aR4B7sq4YVzGPSMYyCT0W2IygCICx7E+NxPYALpAokiToXCllm+iimkBEaNhoAa2tc4GreobrSHLmao9VdkaQ/ls7uv18HEJsBUNuB12uhdquZ5WWgrDOMaJ2qsWYAtnDDHH2syOF+kg3Aulmaya/NayPL9kzq5wRHE4eUfLITCdiPrlvdcRKHdnUlBeBeG0l+iEqBgWRjaF0FRopIhjU2jgj7PIIvYGV230HFVNgK8VNgF38UOloLYrBzjJ0SDC30XLkh0QA6encYXQ7Sz1VJLsuV8g3vDfJhB5UXdAHLVKJYwPc0svrc/a8jZGQRmrRSIgOorBJgFeQgBoxTHY73iPCURlK9We/22vcjYhIoE8TaUtYpgQBo30qjRSQU6/LAJBIkA1wfZ4HgqeurCbMbAUGoBydp/iU03GMFmLASbVASWDNcMpcgzth/B5dmczcFSeFvmDFu2BqXjLxVrfxJUVjOvTHP9tMduVrmMN3PDbxk9P0BEG7o34xYE+j8+rjscwIxnqii0ZVBiSBkXT+piFXagrWIBbryWuPGPKBIYJpLFZq/FmarECKOvT9tahJvhqWB/7ZqsRL2ptCR3tQt4V4peGbx0n/wymoYbTXffHCKLDOFCpev1X8hMGaTGl0y/APYAPf1dib1og+sVoTmozODA2SwGfSmt+LRF5N3m9uYUudTuhRr8dnSDD0Ph9oW0RsHZscgjMZshbCpb1SlmpWEwxVLw6oMjcQE910Alc5IWy/MNWf/EuTGZgSH08XHmbc0kwfpPwKOQG2BJm4lDp2OmgmMFXy4jVhTO7autcCZ0iQyNB33+rGTeaUTkstvEqVkTQogu1X71ifwIrO/m7jnhZj1ZojNUxCfICt3QUf/O4lvsT4LvF6Oi5lccYPRS0No1wjrolLPPWdvnkAM9IQ2ozXCR3mBg3TM7BgfGCv5BpmXFlXNVtndVsaipp8tlZog0t75xFszXx4nDQMgSZKf7vPV//G7X7QWVIgY/nsZrO9EslK7Jt2+3UqG190UTKfgQDl2KA+zyvlLh891R56gNY5q0+S77qRIuQn1oz4hPZHqo+SdcDNINYJ15P7XGHibFdfzRWsOlO6vUso3c1tezm7bb+0ZM/DH+7KASsXRvjTNsjVhwSm4oML+Utd8E1b21vWH4QSwgI+DIDn1Em5PvGAAGXKohOXFBUg3/M5rvV6/mfd8vbvRmQ5/SV0SYko4rub5/pk/psd6PzpxDC0s9zS7VRTa4/277sDJQWXOHF1ishRWmz4ynaByBHasivb1ZmY6Ao3pJjs64wjVlL22mF+SOeTyvV9sZ45Iobn6O5cxk74TZPp9AOgYXPhMYgNfWK4yDhE0eVTvfntoTKhUQzAJ7dbaRCpoANTW5+HxQ7HGWQvkf4EvUoBpEN+J4yMBAkv9BM8uWSg0DV/QVJ3QskY8tbJakE0tFuFWTA3U4XE=
[2015-10-10 13:09:00] Phpr_SystemException: Method x_fars_number is not defined in class Shop_Customer. In /Applications/MAMP/htdocs/fars/phproad/modules/phpr/classes/phpr_extensible.php, line 204 Encoded details: eVTUY7CiYyrFR0eYoZgOMI2J7wuZtoTOaoykPQXsf0gn8ElNXGu43Tadi1X70+1q6biLb9uTrF1RFXV7H5lYfQYXnrm210JQ6YYnIa6bRUZalEwju6mGQt8sOFVALqHxOkJ7aJurQVJcaXZCg274ubUPtHS7oT/A5peoXap5Khfw9+0FqzYiRH7z7BFuI3cgIVEkl2ROzPqMziv2/lClp0Gah7QO8AJMh/Cq7/IJaYNd9IPKkLBOlf/B6/PJ8veAFUFfVgp9eLleoJ+irwJh/R0jW5BXb2cVfhmwWldhG43eFdvaNHKd7Hh6fxNzNtbxDI79Atbd+XoFWzJlXQpNrZU/QNyoX7EA30AKJmnA3rpSomrHqtwXmdqcwpMeqZjE/Apjahc25KTCR6VHJYVl/CPlyoz87YPHUM2Uxav0Q3mYiw2tbDJNpTUKAyaLyboMznMmyhsirWzqbS/VA8OCIYdyCX/Sp9wFoEAyCmIJ+e12IcalqomDMKFG96OjfBjFgshtzxclxBy8tAxA7105RgRzvJ5R+HsuJ53qvGAlxJOpo1iQ5f0dAgYVzfF+/eJyVKpfTI0vFUD/Y7i5LI2mKhnXMm9/jA4Jjch2KjK68lIJddX3pGyIBvfC+B+fdp2RFV+aHJhaRpRFV9/7SUScaP7QYRJj6YKyIa6Er7EdosJ3Bue8a82x/HVgy3m1Egbu8tr+gOTKVuh3S8B3NmnPNJcM5JmclMIFTBRHG0QY1YxZ1e3xgMjzGDIn6TZ8ag3lM4+bpsINW+QYeJ/rVMii8E6WtyBayzLdPZ9NBEaIfDwLMT02n9PeeuN/hTrk8D6od8qqWnWE+PRLGsqcO/tz5gk2emYwdytbrsxI6pw7hXs+TyZquV5oYWfxtZJBmfr9572KsxMHlEQ1NwZCpQ4QKKx1n/URmgj8WlNUy7YxNcXt1+EXX5SEXnva0DvxrHXVpN52ZdLclFqPjTx9TNTiWgM/BIE5ZYqJeL12Wz+OAcLDk9Pqmw1Br9OS+fBq6honVEYjji+ALWxkbNOEDAt6PDpr0MLJpMV2/kRmIQdZe+OqKlveeT3QGH1EPk3DOk7r2Bv9KBgjaJ/lJ5vnokLywAPN4/itdaYjkmfUJZnWaxhAnUY9SsW06qiwK2/KlWbl3wBlgv686rJaPZ1ljZIhUQoVIUy7fdHfdQjxdwFrXsY2BAlj+j5E0VeDnZ/MBcMJxthSzUoOvFA7SV7X3KzBAWsdPjvBzQ0kqDX8eWJKwGcM9t/JGsZuZbE+kgK/nqZxX0Lm6D1tjuoqsnPtIHyeuhN9c2QPaB2/aEB/3TaTtchkp7oLKLNmPAS19BovYJFv8Kf9bYf+Mt4pRFslZOY4D1JPRxLVmS7MUQ+zMW91y8WjJYDKcQvSrQ/qHN5QA9yJKHdxy+xbHYqQ308iN89+c31q5177DcVi6DbqGyOwbUwGkQXeMYHDk1868b3fW/Uuj2s8/3Z7aS7FbAynY33mLci7dvLjJTwuOtSrrWcAoLhltuwdGHJPURongqzsXsJa1gfzT3zxxKyYJy6bMP32nxugHwYJcPkUmv2Cg+MWqHHF1CTbAxpUbCQYP/wSYVQYaWCwbPsVaLgGglPnEere4kQ8NxJW0dYk8Js1tOR7NyvE6zO4hKYCTZtSuyT2XsaRY1U+qb7R/CzAcbORkQJHoL/wXxnAWSQpBRSEpK9/vWPowwKhwbtj6d0FrxnCB9nsZhiRhRWbG1ItLyuowU//Iz5T+XUhbIY3gCbHBtkv6klsBkE9KUZm/R2Qx1O8Yx5dZfRPnebE8MN47uaj2mzVDJ51Sd4jeTbyflCMl75Or8GfqxsHwtIB86zs0yQRs//9Y4Rxt3ogOJPE3k7o14w8GfNgDJX3b/uBbn7C0fN7XEE+FwgQb9vi71K8z4Q/v9JklioDl+wRPCoUasA82UqMwCvc6sqW215ll/RBIEi270DOxKXvkNX3TUoEI4vszrkQTlNMarwa1k9p2UfWnJ4A1ILeXVvzNe5IiYBzA88yZOcRzbxAtLRzO6230XW6pmKyPMYBu+pyLrEDShSfdHfhRIfTRPX/0GA24YWEupnrhSPNWutHHciGElILLlcM9R+j2IbGZK1vKVSw07ERuWEnUyDS+K32t8iZmdMlkfXNKhgL7I4HyqZdslfjHN5GC/GdwbMwzFCfVR+reZTXjXtUBZ2MlFBrrLf8sQEQiVorzGucMAwJbNQhcFmZ0y8zeM0eScmsO02z+GB/H9pAfLPBcae8IbAk7kJx2O9t90ZPFon0+mEXlqdIDerlVQGSv9xaDNxexJNR5RpPzRi04rsB/lgYY9ex3G+cM1R0bY4IBODF318uT7LTrIZvdAnbE3asPCUb9pzg+EdM6SvzQajkDtmkg36Co4DPm/w/mkXJyqdtrOGYAACTlDKl7P49dIh9Epnhhus69QSM0C6FG16Db8ETxjvEfXqdFSwMpAtEvDBEOVoFGwyMuBxRGLhDoieVSctgkGOcpuL6pwYOHOhjQozIrb8AQiZcN4SLEEMwYwwXLVbXSWVXAxpg7Gpo8ywK2XS0QlP+AnhRX/aC3DDosVoNwHm2nUoDiJ+cu+9Bye0rau+ftP4Z8kmgWn4V/EJH9tnA64JOBKFb5nWuInMHY7qkREAbV554I71AgA0VKgyTEmUym1W0w8sJBYj5Dp4PpHLIKq4eDIYAvr2vCUNgsuznY4TT/1kdcJo0OW52RdxmHFhAkn4Hlnyu0V+jEDo+1TIpeL9gzZEMfkK6Ma9+1rdg3uogvonrPvTbxsq2ZdansZGB+lqhjx17XEiaNpnz81oR1TkHZA5eDbZCszkI/+iHrM7X1cVT+c++K8WQWiQINfuTwiRQp3jge09K5CnZUeVbjof4EPCzX9YNZLfYFD2KBhhukxC8Fdy0tnz6qqWBBZsc6NY3dWMWiyR81Fi8pC1TsiCcJbs6pn24XXdsyYd81cxlj1rwXPItonSwQRYOSUqialP7xgg/CP4To+TcIGOnRJBC3rLAQn4IieWVidtuRcQGJpzNQITge4DL19VzEY1u6Sf1dD5BcgjRLW9bJ2Rm8jyuT1A7LM+E9opa5nwDnw37M0bwskM1TCH2G3R2FkKu9MS7X1PEypN/tGMp/AQPgXuRlvd0L+CzPho3N4CXxYqBly2bJUWqFhkvIpd9CFQxhPmqJ4flPSDwjYM5EGF072a7fvt1DbzvF3E2dCFRTzAizoMcMb2FHfWX2o8Na+LAh1V2Xh9jkVYJrD0O4jursdDp2C6Wz7aBcih5+Lu84fY0bPexpyMt6xqFu9Uq6egmPym8z2t4uPigdkjB8L42Kncu8I/9vSAz6xnTcnhzqFXo5tcUNn9Y9MxFoTahzqryf1eYHsJOPwvHBdSbPErPvZvhtEngomm7YzahNAsjRtsgCke8F1OEu0mnzOlIevGtZAcO9VVBfLuUDa8Wu+9r27hNK26hosRGJxXgNog4CeLbbdW67N9lkEIKMbyJzEIvjYNs6X1avBlzDiwPa8QYiTjXYaM04ZmWMEdXKdESRJTR8TYw7tKkJ07V7J9KBqrMCJ2YWQZuRy7c2O61sVOhZNqUT/B/cP5RxqCBOnltqxapUQsc8UvMiFtCkFKtAAYoqlxy3qqXBPnB6p94ttx2giTRmAEV2BmTL68/BFxw/L1XOWCbTX0oIPwJvEQkYclSWxmu9TfUNwMi3izwFSdEp69eDjSxrD0J/6MzeHwwMHgB0jHGn7AHW6A9frdOeTc6kNCpKUB/Rb3tv+9lv3XJFz6+LTUM0bbZkVYzgKoB6OKH5kn3+j3VG0Zshf89qCDu42aIf37jCc7FF0Q13A1gTELBC/JygueYjn6nzIBra7f9zyWTjxZnJ+2j51R/9PAmnCTwG0d6noSr+9yQoetxh7okuECBEbG+1Td07knjbFBoFQ9LWMDQPf8yCkC1UZimpdR4wRBPoyzFQfUawKxsZesubK6faJPZn8+hXzWzNHNcaD3S3l15p0zLBZcotUDWxEoy8fw+IciiTu1o/ImHlI8fCuV/zEyE5q5P3MsUoEv9YDkMDwAg0HkprptRMMDWClAV2nrbmwuJdpzdfJ+5mFeLcEFYFofqo1/ya48TQ40J+p4bw8QgMAwLMhbH6UDcHmbibGxROVX/fKasSKgApyVApVPSlVTa/laiY5vqd9rijeTmeNue/SiIw1/y8Yvs+wx5PIottmLBM3jTcC1TmtQfFOe0//aTyGVOEtUI/EzhKw1gx9cRmj6AFJs18RgaMcBqQuXj5f+6leKWDfDyYuaLj0stpNXI3tPja76WvuPgQCSihZyUA4rydy7X9ao0RiMFwkFHp+sChOoBltEFp7dFX5jRKmK0guHifSqEEvgonrLAkwT1Bkt6Ub1AUSCYoHdQFyu5AOqd/8InccxP1uGqK5+pWslQZGCrFHF65vAk1mXF+ejlNXOtWgQ81aR2+U5YpZ1hyszEKcPmQSUfPtxcbiWyCC531WeLEM7CbRB06opzMAPh2a6V3OA8WC33oHqMHvjchuWLFSYnmwE5FBcDSI47kWxYQA5rR5A2PBOUSRQw39frOT0wY3nSdw0ZW3C0G50BfRWp3aeHTQ/1CnovXOIgcrmAtjSGchEw/C4pLkOetLOE9V1UzK2X4hAS3dpgT4hLzrSSqD4a657RAiL5k70q8UkDxALUbqPcsd6xDhSIki0ePCiJ9UzzCtYt6fjWahT0flnvk8YIiLmGR4Cb8DAYQhM7bpTZyxwiBRM6FQ8bls8aUOmU+yo=
[2015-10-10 13:14:24] Phpr_SystemException: Method x_fars_number is not defined in class Shop_Customer. In /Applications/MAMP/htdocs/fars/phproad/modules/phpr/classes/phpr_extensible.php, line 204 Encoded details: cqHBKlx7uF/cpqSQGUoBPFDprRqLu8pMKk5WVHjJ5Xkx5MAwOLCx1p6qt5MuHaTtdgfw4ymmxhehwlIgU/RcREWJOdemFiCfGmygiLXQi1NEkmnq6zYo0+te/BuyeL7w+ZNN2KEFAzrSMHEh0yiKcebhXYiNXO4b5D/kpvYNetejSv6j6I3EHlaBd36CgNvqQ89Mb7b41Pf7vJLM+RJwK8CKVoYQSABa7WIe1gALy4lxzeMMNOuDfD199ZnodP39vN/jZypmlehEo104nk4M4qT6BaJUEuYg2U60p2+IDMSKf/75e+yC58XcPPltll3V4bKlKPx29gz123n/y94TNbKmaqYWcH+WvZ81P8YU1FdNip9VrVcWZJMA27uv6qsqCu7mPkql4fupl5tvYWX0a6rciWesyZ2fj3GTq1mFlV+JtJR7ikJsnggx2cGG/QhpfXga5Tdw0NHFdALisYGLOlnM+SGbLjb9hm76yD4YvX3kHPWyyPwfhIE0xABN/K+hGBU/dcc0leS4x73TbTj9rsjRqiz3InrapvEL8jv+3du6QFxmKBYqhFG8o5AfcR24Tu+w/42YDqQYvK+MGEBOhT9m9fGq3/VN9ZKIYj0lA46WcWZeW2wfdYz/oKKG7pU8UirPp9KQWVxQHxMGTUci/dbnTyyBSPZLMywRDZb+29BvlJNht8BjwAppCWJTMpuXhryARV8426uuIikpJovgNlR839zweRxK3Roawi2xFJ8NOwzh61UWcc1s759kLKgAre8FneVGADh8F6EGC4sYjRMVPnCRyxbIxftjXNaLU9EtP3CW8xHu3/il2Q44gPKQajRVA2ttM6V12JoCo14m8Oh0pNkeU6pXQG9lcT9zPI/GmioA/uRfk4pmOO6LR/IWQI5uVNCcf8LERtKFmWvjXyudOmr01Sc1dGdrutQGP3fH/LBNk7B91WLd1O6QEOBD+yJEOq3UpVvw3NaB7TqRQbOUjWy+wSFL70yJ7cNHMi4x961UbBjA0mIHITsJeIRkp6Dc67WXl4If8MeVJcWEdgQwMtjA/Iuz7lBvd0ZF0CuoxMBC2z5vvXZrOmjtlMak7RExGIII4rJ2VNUiIdBpxnxgDTskzmGu71+e/6A1elby8n+uDNWO1f7wGSsbPXZ3OjkxaCr2lINp3j5IkmOA+mHjmdkvsrtpOKtg8yJ08L09dgmTZUaZvIztzX0Ph+2KbBoxebS1LGC0klcILmd7rSAMQGr40IyM95DL0PKWYVqLDq6qhyN5mnZT/Kx5QYTT2nLJiBhnP4niHlrsoElEmsSpRNXoiaOUVBlV7JrI7nF4oVH2Jdr4BQKTe/7KOvwvGMhyn2kNtDYnxxGeZTkHw25j79TkjQALn5bsIFTCa7Vf4xywGl4SBvM6fVm2JshCfkPVCPDhce7VfkLkLRxxSQQHZ8aQadUFBhqPxCRBOzvUI3ka4IvjGJPSfPcn/IB90g/MoyTpSVrqpDJ+pFIErbMUW/u8kbTAStInIR1vpqlBp2EZ/NfHrZSI78DUQ43TrGiLm/iKvhEiuGm/Kc8dHw6RmZV+VqPCLMpeuvi11c34aQCaI13tbpljiAHzRKyxOiqGysGdrqQ1x8rlzv0YxUqpg8bnAxJw37ZfwhKs2MwpIrEfC8REUcSpJXa9wd80Z61kEJ+PldhOOJECu4J2HTMWpMhWh21/FQbtuJWcOhF6s4t3sz+LBsQN5DgzZFDruaUblVd6qyt5fRDgoxjomyljwRGjPIyFJD+JpBBwPRUG89nvU/gVSAYdGQVUCnWHJCBbKL2r/BgplVlk+M/9LUvBTnQ+hB/ye2ilF2hykaWaQjym4/Lw46CyKOW9b7zgzoLqL0RYPKq8BaYlP29kO1zhBcrK/LG6yhocbnfIUYRPUer5WTR85paLEJSoinToGvBZu08gpQYf8zfSdD3rfp0LjmQVb/BjUFoCbI680PE8QtCvX/HdjvlBqC898XFFwmfSUSlQT7Tnbo3x0bQV8w2qID38t7YiObxRMcaN+IF+DVSGJKGTy402XPCd53D7GQ5nZvHn84nUGT45HxaQiJYrcuKFgChJxSJM+9F1mYY4Wn8plCP3JpspJCZIynyBNS10TledtWULnlXZ3UNedlNDVfIyFEN0NigRTNsOcCw6Nj1ZErxPBHbeHX4QdMoVdsrQY+dwt2YuQ8k5O5GVk3i80sYhEiQQ6Z35L+HOKt5y4z4ketrIe/uFwHZbiFzimwfA2GM+vnQMIQlvA6fgH8qQnAR6oM4NPd1KWWTwPrMhGHj7io2XhDYE/rO5eB22WJXw+3kyG/0g06WhemaW2olt1PZ0Hymj3gMTnV80yeInHzfNkep3GtwzYkVyQucLOzb6eUyrjAHema3RFfIuD+GSdzM8KBMCgnqjpMA3MM1kyWDPMagswlbVV26DZ3/+KfwW1psao60q/BYhQRqQEt+oXnvcTtLl3/j3y1HD/RcFn8lOF8H9l1TH2Bp4E84vgqjGiGaKmxYdt8sP4UwPMUEqeVDmOy/w0olaoLg8MrfsKUZXjkrAt10gCnjfi30maYNy1+BUn8O6YA+h3nYoCtQ77FYV5bPfHjLfNGgNdpo4921nNYe6W7RtpYIpC7aKuPJSCpjMfAFLDR3LIduQTDsxBDhUNRs60fmTEVsP+5xagPNtInOHoDdTYHNGqkKqVUInzU5C9cR/i9T9exuR4TzWBTyc8RjT0IM/sEyPhvBXCc4ULWLvJAVgE7vLwwFFMDUjDc4g+NgloItWxRZNJhtwWOo+yz+24pQe0nWEx6mWoZljr880QmXQ9efo36d0jPkeJ4nSsZhlvW9OQWJHrifsvq+3c/1ENoAc0f0bFnHLvdD6U2LPf+DqG7jSUxWfO+HWeop9MUUKZbmQOTzbWxBJHleZ8RPZy19zjOwc/GCoMmJbU2JTpqM16Mw+eUPFfs/dGyE+3TMI72y1mVMmwz8FbEzJitemLYvFGqBsc3XLXhh5v9fPgAg1gsHAkZgcS2ZrEMaeUhYqyRQ3VakRskGFbHY0r3oGrJF4P/RgiC29QfJNRXn8cDzla0SNJ3ktERX7/oWEvo+RjFdg6PhChWmzEYBNHYD2dA/X0GeD5yOPbiU3/UdqXQepxdsBrJ0VnMVXJ1EV+/20yruTGPm0ZE4bXfdtbZkoQFwFywYALVQ2+k0Gn4N1ovofQ4LIp0RrOVNueZGy9S6x4KUHSPKFNAjLy5H5BcoyUlmLvfvPvrGn9gqlAK14YRCErTKFlDSfkisrSkfnOaamAzno5wM7I7QKApN/5dpyGNflJPRwfKO2ryT6VKbY1CzKvR1k7JyhNUPhtWNvUpbzfJif7ygUpuKa6xowQlWyYb/vVj5zfl7HBjT1sa1hovZg+Pci888Mwf+g0oqKAvhuSWmEcLhsERq5ebxVkT2tq2IMK6TtIAzWamEakB0Rlqi3Arn3ZaMZ8yxjn8CWJCcqKpuvfWPDVbvc/vPK2oO/Tso4E+Y66Wvq4Pm/iPd7Na6JGzHaII7umhA97H19VItR/EOvmhm18l1ufp+ysIG6EO/iGZohc76b91AZ2NOmcGI6BEXywwmCfhkG9LlvB2Jnk1EKwcvyumdhc8WRggbZYmqbPyi5jsXT9BrNyZnjTCbbNk7CnG6P5g2CXmf1C0PuinOVEtH8/z8VymTX5GmhMHL0LUS42AcGIFQ8kfkgMoUQ2P3pmpLK+RRjJ0tXtD1agx9tB5rmqCCMwbOlNYCb64/WY7cNvbfBfqfirdJQNQi5hgZkB8CWAaqty6EOxVpEWq2aKpaOQ7q9SzikP/7ViBXRU780Z2mOh45w6FV+BkdKC5rmcYMZElp9AnvL7HbgEsC8Sd2VyKBu4lZfkcymwotONZ25HjQY+VVPsxyz66liG+kf2ZzIo0Z1N/Muryg45Oh0hfSkITYSfFdxkmx/mvjaN9q/ibTeYjTYYKj+6XmHzry2qP00/sMmEPxfpQeOKr22y/gDdisZy4PbjtV495oM8rWYKL+iIxr0pN0+OAGP/vehJFxI7xwBmULc6U6cROlew/JEi9Pe1doQsaryojwfR4Zu5tVzv93wfsHZsqD0F330B8jvMa3rHE924vNqWkATKaThAoNXT6Jkr1nwDfj6LeIJS74VKXDqMRh5V2eFbxNtzxv5/Lpdhik4d/g8WcgkuprUbdYGTaCN1o5wn3DYQGEszP5C+VTsFHqDLEErbRgT6dMhd9Cl7dyVipc7EIPytjUhWWEGbyD1onD3+bLKu+n1RrjphL77HlbtBFsTTgrxvX78gmbyoH4Td0F6bC+11c2IavL0beCw3+fMYePQ5HBxpP6326rryNQDY+Spd6W11JlmtTT+jco+aReMHdPQhkDSmd53N2jG0l7ZYsabWNGlzV6OBpnREhA3w76liGFs+dg7nzmAtQ93C9ivG12z55A/Yp914Qd1lbraRIwYO1aS5+VCOjWwVT2HJayFGsrFAuldP7omm5YhzkQirrDleJIN231GUwijmow0bz7Y4Fm4K9MWgIEd1L3HWGdkoeKGep3qVCrDOt9RdeP+z8XNPaf2/gufsso3LCUFeum1KR1W1zE6v0rxb6sP3qUJGO0IQ0YaF2ubOy3CaWqGXNKrMG15vrO8/s66keIVpwAbNO7TEvCg8wDMCc83ui6dE4FG7+IJzb64qxpyjB+CfF/1kA95ygFbErDf9hywVNloZUkXpsBax1U3ytznJm4Sz4L6Z0003EJzeiYBagcBisnn/t8sMRrUJxF0SI3HnmNPp4I3K1Y=
[2015-10-10 13:17:11] Phpr_SystemException: Method x_fars_number is not defined in class Shop_Customer. In /Applications/MAMP/htdocs/fars/phproad/modules/phpr/classes/phpr_extensible.php, line 204 Encoded details: knWbKQsWGNOuPMwa6bWgy9sFLZjfXHS6hQuTmQegG5uttRM576rZM8d6CLdty9Ui9Op4YL6VwxAIwQ8WV0mE6T5Fd9Yh9nsIpKqkRfXQQn1kTVGCJtmvwCFhRfx/3n89QZRZpgfGMAonbpwnHMGU3BTZ0oxkxr4DYKG3NyRKCaMz8exj0BfZ6eZN1kViJ9Wu1ZydpD36QTGwVElm4ja+y64L5qubS/ofNtj1VA3Hw6+cZnV3eua90xYgqJcYLqTEintGMVSHbXCudGEljZTB4KdWgwFq/cbAJRp/cfzRFziQwe9+FfLYqiDMfoFsanBDRqeL16/XG/BFUGvwn3jVsL+k8vnsVwL0+UaKQ05SaBLvxPnkvF0vlq25axgv6BS9WOOygg8pejfavAq/47dEJRv0tB08LiHgN+qNdBD5R/XjymhjB/IOCRk/jnLrnh/YU9GVhg6jXKLnZrZahmTshYM06myKPXLWoQc7dJ1dvbOiVvHcXV4OOY1lAgakcBTei6ermPbWB3VRztpedPpXQ14sAh+25PKfiTdXP7OIO5+moSWMsjLGrtoVQ+d3y0b4lkw2w8OnJtSiKwj3wkYXc3JO+4vC5u19ymGPsv8+nh4mA+xdIlfWMfhJHEh9johJ82z/F4qhLPsK3hnGEev3zeRlalq3KvLXZ7C09DhaIJ73ZSKvRMUfe5YQLl8y+LSXvd+saBC2gZP+KLMpguC/GfJbDbqfZlkcmY5vlnsdBA3QmBR5XxsLWJc2Xstl7229Bg82uEXn0FGiKI/t+5FEg/MPv19rBJ5Mn4NqSB9QqoBuJKUMqsS2b/IdwTwAhS9dJYzBAm3dt29Fk5J/IUslxakjtkzYyb/4eDqoG4N+CQP/XwbYzDsJ1NQYW/pBGj0c9BEX2HVlFrnUJoTVVYhSPzoRIK3x/Q7HL65iniMwiYql13M/qubdRMHSL7ptxlUIqdbuRe6SQgQxVTEVfkPrMNWM6I3VOOo1Ku/DaqzigFDsVR6AVT9Vkzm+iqQ+CunCmOVJk+GRLX5JbJn1j1czgs8DkfpXBKlniI4IHFyeE5eUHhMPk8P10hj5uU320c3GQFb42oPwsQOG9gW5rIH2Yu62MzzNPWDFBLix4KHM7U/GBEwAbwwRKviyni3VeqHJfu4jczNjCJx/EOphU87mqITJnVLn7CGfZUVY1KWpqFAjbTnKic+O4iROPfKKhG1f+p80QxSIWAoXjDbuwCXnAnh1dfW3osDpwMmuFm7V/lNCUGnzmRbmtUHZwKvcc3Cywcke1zFJtTQTXxBvPVtA1L1q3GaoNfaGuwB/wGHIwuOAnJeOMxGNnCPsEu9atFIQ/WT3Nr70GQ6dx3UBQXVVnydDuEnISaUyAOMF+KQtkD7/Z8gPrL92CeUf+pEOjhTw37Ak75eSppex3fAEs+LZb3A09qSHAv6LAYTGu66xTCsGxmZxpeVTVBS2ZHfNVtrRhxO+Vds3YZ5rWoNzvqwvYMXPQ4JFn0WGskco2Ke33BoZ3FF+2CMAfNTY17BNsDD0KV4Apzv26JcbW+L3qrHM7qLiRT7CO/Iq6PP432Anc0EsT2BlpCydN5/R5asPLveWrTQ+f0Pdb8Zd3CH/sK+qXuJuKNukFukm/uo0D5ODR6/ys5bc0dON0sI1ceuvvGIA854tAszjkGKKulJ8W/5aHlYOAFLYLrLhlji9ZNmSg0CaF7Pu4luWBQ4v5QNWnH3gJWZNErwysBYptJBIbWyBDdZzb3XSX3TFXi/PefNuRioNjpTNd4/0KqHWsbmFr/HNv53BoxWtcwC+57lAZ726EJyLuZS1HI++seKfb9fRCKNnxvFfv6oXSSNiUjTLQbSbjxg6/TnQRQ4feSs2D66WgFnBnc9xsSLdTptpHgUPxDM5Cdf0nj4unq+/s6FrYLVeB45nPVs/rKW955rIU0TxF9JxAimCZYTPe6Dn2gRVhzefUiN/k97p36yK7jStaIqh70X/pHPa4v+f5lNn2H4H5Pt5/3sb46lLIh3OoXe+j0cxwqWRx7mXWi9J4lBjSTs4721r9i/s60o3Hz2AZ4oT15ywHxu39vFOFOCb5/6GIASR7Om/iCTr2ThNWrE/0DkBXWEURkZvUavi6a5gGdcavNw/NvWmkPZSJ2bAJKyqGq9RBuzHzHoBWZQPmH5lhPTKWbdXDSdPs3xtOozOaQP2FAGQwcIYvKmdWTiMr9JAjz8XJMhQ66eoigWFvmDajCcM0Byza2yAxIkQT7/gdpD6I1BFTN/Qrqag+kPFxheILQQVr/j7gIXiir7Wx2n4uujRfgeYxeCIcV4e7A2IiGb6wfXcaXe3HiTHTsxzFcIPp0KsWLLpdyi/49H3phWuOnqXMz//rGuZ+dhUbfYaFI9X/h+AemrVX6m5dckTPqBtP4HIeJl/xP5D41FufbwsfQ8KeN/BPBZ3fG9Coww6uLNmtTrUYboakjTTV34kB6cQibOkZHmSTfJMDsPmCydG2QOHtJkxfjKgP0wrN7OvZjEo9f3i7vQqUENle0hqfCBuHmjn38e/7B1v9wf7Sf40gtwBSl8pfYR3DXfRYsR/V0fKqGTulZVjJ2RmtwH8zFu86cQaiEJtxTGIcoSVQQZ+rXa8g4Ojg4wSEEyErrxiPOn0X+FA2yfeXYTh3lrZPMvWi9/zujbHsy2Qjpi/AK+yIClVrtJQHecLRdgr6hE0+28fgskdj1GwwUPh+sNVQ1xKDrxmFwvgHXoUSDwBvh0VFIwYMmSBBgtv4WjZZF/HFKz5Ksm42LwVQ8i2tRreFGOiL1AVvNMP0TCPKD3d11KN7HF0qmJiSwZMQOWzURD9ewXtDDwuxNtuF3nWxgfgs63JjlN2vwg93V9TbGYa/hv8q+qcFf6Nfhkllag0MTjJr2T8n1RNMrXypp8B+D/TpS3db10/qM6SvOqzTThuAk8dssIi/HjCbCDG2xtvThtNUogyCHHB4rRBVzwDWjpgjsa5AE0S99xeCK/9dIVio9XlFBty1z+h8oOfvZ5PHZrNfDwmbCF4RHTH6i4N+fOBFT2bfmMgMi0v/30Kw6uGitZCSwvB9wbPuGx5t2mvLmnNGMK2OWWcQ310l1axv575rYaQ6pBCltL/sw6f/5wm879mnOSJqjdvwtLl8w5wDoS5acldpvasnghibWTcnjWprhjRWNH0z/TttNWouOG+K5lwdGVCjsRALkaS+pqFp8AmgvSkI2g5BxxY2pfVoOKRO00P845v39BbLWXo1Q5uoBOnzJCcjnB4rZ68L3lYAlLcAiGr3tQw57vFTuuN6dUFrZtpzGUwWhCbnuTUf+vE3zoSSlLdUP6UzXNC0oXqezcStIsFHImjvFxSrvBRLFqwVEX/expXqtFqUIRzebGmaQcawHLxYl+n4yVs/W76kR3SNBsP1D9t3xQa+YQMgCJsyjBDPi2IHQbvtMSdT4CkFdCkDLmJ7QWVCAecMBmKgxElb7gYgT44FoMSs33hqXw7CM8kAL4pgmCOuejPCP1SgjaFY8yhFNo3HDzSbRKEIhBVf0DuFcG7hYHzpPWbYfkow5P4RwsPK4b6QAG36pkmkjHK9sewyGtyQZtKy9XE/By29O2QPljywkpWSoTQZsB1XZAIxCXIgBW+9gYvwLhHN924ESIfrdxpeIQV507Xxp2LOy5UkIP5HM6kEQCUoIlJ9HtwA1YnyPkXGmYsFD2exUUrQaBrlDRIRH6jLgl7BBoIwt8kOmFRGzx2MUhtlY6bvTUBKwJSkaR9g8X2MEcmwb9P9CNk+ze6RvEaba2El2ugddWfEObnI4iFPUhIPCL050Msu7ZZiFGcBcx1jdXmZC4743mrxMfui7ev+rai6s07Tvg4r3oqyEDx3Z4YrFIAi4Yk+BMZI6gGdXuBkmqJhBzZVpShKgm5gq4FAFkg/GOC08h8AfGX1P6tNNu2V5ELe4eabdmAJeAumFRK4RhiwS89ixUoHRRb+vre05W21P1aBrutqYZZo24PudvPgvuxy39oVndnXyfkADwjtHnFJSKUnI+5OOVvVP1xaUsodoabonEMIb26WhPR36iZFJswKkMZoeIrAe7IhHEo9Z3PD2nVT175UbJUQxpcm5tDfq2ZCA2G40s7ppwhuqflKjQBKnSab4zQewFmJTsTAf0b4vm7FyEWAS9FfFFpT+AUIUMZvfy6TFdWEwopjV/V1JJphEFFoQk+Id+NrVn8ZxAXYNNlywPZ1UOGpi76L4OYYmCiieKDlkbI+plNCDjZFGvRLoXPkrj/GywXKi2+uz8nnT/TE61QdyZRD2OV4v7RdIRStp4W6TXOGJFHh6DtgKI6KQUs+YvhgqlVMyxzgpEf1P2QDkOLkBO7Z4v4POfV8xg3+D9+JiqsEdcZevqEnk0/beabkOQ3HD9Tc1UY9N5R1nRiujJ4NAlzDm8zcGJeHeywbPu4/yoJtHEXEw4WJX+DPAcnBsGkCLoIDx9Mf3E+bd3hFR3Mq+vz8jf5Wmn4wsEI4/Sa7plAON6+0aR6HaKCbTF3gPlHXMPsU/masU8dkT08QaD1R9R2NnJ+BCcl9fDXqxfGXLS9Zzn/+BMLM9MKmkC+KmpX5U5L6WzPUhE9ybalgYwLyYHg2hjWeSh4m+GrZmD0cNgpSkudfLejM0taHueG6wBZQi5nyhkPtc1YIgok+dWo3ZBZoeXrp0aRSed4ZY3lJQ5xL4JNNDU1mY6gvmaXIapakZ+zEUkzmWs7/R17diAxBzjJ6sWrk1n7UdO+0ZB9X7MKBq4ob8MyknNyBDrVp9w=
[2015-10-10 13:19:53] Phpr_SystemException: Method x_fars_number is not defined in class Shop_Customer. In /Applications/MAMP/htdocs/fars/phproad/modules/phpr/classes/phpr_extensible.php, line 204 Encoded details: GGtnaHVP1Zt8tZQV9bSEAzavZeF0rSGXGMpGttOVuOPtZlrcvk16FKLmMUfXWaDhpRwlPyhqe14AmOttoZitTtjOcyciE7v86sUJkc05ScBvGhlNEOATHmREi2gL38/gKqF/Zg6egew10ChfROt8AV/2Pl26kkMWFxf8jidPxDYduL0EZeo46YOuGB6RqScnLt3aUW9/0+9JTJmvl+aMwp8A2tV7LB7vX/bqGwLipkbs+oNWyrH+ab+wVEEXY0vuaJ0VL8vMDUkZAXA5bnpfsF8UtU8iScWtmdB/gUixkvrLmoTitTFb9ml5kZ5mfGoZQgb/oNugFPQ6Ktx1eWQkrX4N+xjsDi1bcFb7KCkbQqSQ+gQN3NKlRRMBDmUdhZWswiLtNNgm/yR5Ehd9oHxRP0kUy+OCtBrItNRhvcRpAR9EhRnL7q1JxXAenpdwD3oA/UqiKggGz46UuBWFb4LuoIcg5mK/FwqJ/YuyfBlpIJlCeZIBfrGVLnJyABQix1zXcPL0XD0lLFtZkWXXG+ijv+yLIgfHqRYtNdbv7vWTG6RbAMB5qe4gJWdx6CTYzTm7MC2bLbOyhZXbOhrn3ymfJowkXPPacnfUkbnwj3JYmoQEonOTZJHdQ/uEI1s7B8wisySglunvAAFj3UcHs+CUu88R2DXYEL+xC+HP4h1jfvJcZ5HywOHjnqFM4LtmKzMzpJuREhqkD8C/qhsDAOi/1MXF6QOenS+ovS93opipvBXKKAZNT+YahPeXjWdIEqQLLixzTaMAuYXqnwge6ZzAQV5yQGcGq+qsc+Yhz+rlt3eCU8lB+kXRJ/lkCk4rBJGhwqpgwAJcWO8kBmCZTl5G/oVsuMoPrx3b0Yt/YajHUigpGC0sWtafppXCj5HAmLgrP1ZzZNaC/zQFTgJRrGthSSQ80LJPAUjE28hD2rVTHzn1SUpGpyR9/H6exkG8ToxfwNg2H3rcZw85yChlDwpIVtiI427vdVspfYJYIQ1QWnbbevMLI+MBz2Qyhg+k7No4d9jd8A7oPAllnpyvdlEFJ4rC1WTkBdiXbnvcG6LMIdc35TVFnNamElhrSFwb41C+V1VoYweUHwQLMnRPRzfXWFBxUNqS+ZD0hLdR3wMsxVwXcE69q4NPa5rCd7BBke/F40PWk4UADqHVhJJ7ivv51Wy2agkTD1n1gxpXwxeXX2hzvuBRW51PP94BoFICxwiTpl5OEHM1zRKCsHPhmw7me0kKMzxRs7pp41R6lwYl/2oZa2B50+Igsy3IZbZEkN5PGkMnL/rI3IuS2Dxh/Gc4iUELyKm9c/DeFFaXbofAFOgKid+1+DmQcbhANehGLZh9w8cedYX1OF9JCUlcgSgNb4ViB8qOX5cDZx6GfNYxaL3xo2Gz5Od6wBM9pKGTQeYqx3dsYNx0contfelbRzlNNDZKGlKjyDt3Nx52RFdfJJPNtTbSWj26nmZsGJHE4RBh7pdffoKdsDuG4OCi1nrHMt5nJDtIqIg1cSWwoN3qSsOI2o+jytePehMLVRgwzZCEoqyMF0bn+NuNbHsHMh3mJFHwfAYKJT5HChu+WFpCVwA6zDGLP5U/x/HDhLfXjSZgMo+wQTYLDgFyQ1/cAL8GxfNWcrf0h2LDsnIh279aziIK7FnikKeeySTTT/syt52gxkY0cUfpL/R3Zasl2w+eovI6/KbsI0dsQCm9tJaFteYPve+xyaM2hvA8qoZIFxkNt6bDoqx8ciIkkOIB2JrTiG6m+KgKiKgVSPwhQM8O1znyXQRYo/Ap4UiJS2+56uwjhNZlJpQQgm8KonwQHj82v7B9GWBvMwiJz2kYIQ7Bnl+ISY3oMXT5XhhaHGDH8tvSc+YjGyBWHFz6j1rqhmAkGe9TmLFeectfcP2GGSLrG65zQmC6wY81V5CZwcD2OAuc9B9ra6BxnJx0UNqlx1jZpa5ejRNqCei3t2OmxxojZLYm367T7lGUp4170wqGrVX399DFHBgefztFASOOaPNnPqd+wcmf+Fl4zgVoG07UOxgLBKsxqprcCfkAaCILYVfbvzppWtRLJVRFdjjClpbtBlmyROFMOjtCYahhfLRk6vyKvZyqKletRZhWiRETZgJL6J4xSI0LaN2JB9VBRTexeZq1OSad9qFdpHDVrkTzOZKB+PSxSTLneY96tHU1MgjTeVM3pwYR55Wa/xCXZknLzdHHa0o7AnNYk4eNZVkfSuB4Mvl0Y8hlERe8X1aYOQHzQQ03riuCa96N2NftEIhYN9+RQD4eH2GgWX885F1rOkdH2PHYryZ2RLfzBXuXheJyycg6YySeKad2WYY5LQvBIcXv2zWjXEiqSFuP0R4QWyT1ZzIYB/s8kVxXtexX5tJqsUZROYlOgUzZD1Cuo1hccqI/ViWURs80dRJw5zsUhLEY22QYlof4DU23kXeWX4IHqKBec3xycvnOdkf4Dq6V/nKrzAxRMiLfwy2cnWW10+Jd6q4a6XQZdJ8GScolUW6qBBp1mwzkc/uwHEE/E6r74YjFtu/+zwcZzEJKDbfCdUUHBm6LJfNFI63zXEDM/UT5SvZ8lfXFOYGaggLmd0scV9Gh9/T0K5whaS+8ci2oL69prASh2YJ7ThAhaczuxIC9tNfOs+xnfQKRWK35ys8JPIba+dG1NBOkxZPHasnVYFt0590EOtsuKePPnhGQmDVdm320k8z6SO3LOhqJrAyZlL+O8NsYsQXBwUazIlmsv3GP54/FaYwN7BYKtRzOIWYJXPLqk1peBOnCvNe2TNXMRTTWq9tbs5TFirwiyOH2NoAv7dn/+pTLtebNkfiWKZsajPAOBNxLY8lUQSQHkOStVZeVPthlnG6JZoOG2isdrc9yqvwoIKxvvb95y+8o7wYyT8ZH/WAFOChwVlUd2s+qnl6d2UAcXeqG5m/Y4RXphPB3v3hdD6dLhYRoNT1O/MaZbEIS4vz9FIbtpUK+tRoBbuu4UMc2bGWOsxMnrkew5XufFMKxuvPu6n2vT/BZQdqs9JDiN7KG/MzUW6P2EKIFy0Z7fHBPP5qx1e5Wf7VYxwNP/7P8UDdpxTKyDbteTYaeViLPO8spcMr7kxdcmLqNottzUv7ZS8yqubX6x/jtpXrK523RkfwhZsO/wp6abb1oyrci7RRB2tMIF19zQs2ENCWN4Nh6+PmIEwpEI5yOlv9Teb/OmTEOGurtSolvcERF0nPHj9VxM9nOh8EO8qV5YIN13YXT0Dybz8zo0RdZwFDy3w9MuxETNj6vjCP06Wy6sNuDCkGfHq/wTANiYkJCtsZ8R5LQoKmYHbWbrs26zFvg50RTnhUp4oJl122MjdT19lfGKcJBz4VHon/Hhw9q3zq3GttVYH+0UfF8gIeMLBGC/2s07S3VX8mrm+d9y2v9wD/aidgObnn3GxFdYeFzJEw86iDmMyAwfArQscBgm1Ck83EkBvMAvNtnYqyzx8zZWFUKFHGW3Kxwa5rNYb+Um9mNvdD909r1ZHWJC0AKBs5myyGSiajGj2m4r6QQmoJ2TisW0w3+W0YZQXfVBHnMlWa9acMSxsVjGCtxZ7OBooF/vum3tRPzOVDuCoR/OyhYOVhLICRYDMnYKzC9bV6VE1N8cMVURm6ISJWX57JDvVkUfzLzYX2Ft5vljbYJv+Z0gZG/dLb4QRyApyi0RgkmVISBkWRWwsC1qcgVMfJdPioBhAYKiOilzNjjPdb/7g/BJw2aBSH5JsaxMs/LhSh+Z0p0N1GHPkjoZfVs+Hg1XUKY0qu3WalkcXvPlDTubmnkmXH8oT4tKhLhHKbJ31om2nNlg1Z7Mqh/JgvPcdI/F62a0FSlp2+bwcKWIfLcpWjdLQv0aN6LpoaBHtwIWdKBC2G5CfG3TiYbKBNIbd19Bl5h5bk17vmqv+eoTl8PoFqqDajPxOEOGaWBBrdcEmuW5AjHmmWrplWtqWu9mRWIBeA0fmvYUzo/OeD0F4cerOyEZ3UIs0dzfdzl0c/bZq1E82Gk1+vJVk+zmPg4cSR11E0dfnRzK0av7DbhKZuAeG2CYA+eC7ZaMh3hrApUl7IVYV5wl2W6jBeaq13OqvMi/VXbPvD/p0TOLg3ZYWRRve9GN6RchhPXVBIYB3dmDRbBjrbcU3OUNl0/7GfIUakTdvB3nN1Xzt+hBaGQps7oUwMWj2K2MLXMzwZdHycgcrZPR5u8eHAny1GEjMlLv2/E55L0ITnHOVkY8ZNUOJYgCvxkZsKvTSF3BB/i9xwBuzNwO/C3bVcHQUFXwW5nfcSjrLCXmtlcmfiVoyOEkcjSsOAY6XqGhUv6oTAEi6diHiGNWWgbvcWUOaLVjlFbBY7CUyVFPGoYy01GF1TGxuD6JVFNYzwcP97EyAOCzR1U22rtxiw8yjc+wtcJ7UhkoGSts+2O8zxTWu6Dx2g9VTXYrlhaB7tea6Bkdi6sKw5jz414EMwEGVvwixfJ9uy2vA/R24SPHsicgJA0NyNAdH3y3QXTx/6uckqeywkpt7L61I15V8W6DL2n1h1w6Ym+uc0P0kPEXI3wczeSqhxWY5nkWArv0jX799eKKrISD8E12IwHN7jTm9uhB8zw99VXQwFvIwxib1gXbA95+Rt93m7ar8006xbC2DU/U09eFvuxT8MS8/km3yY5RChm7mrWKDs4vP58GF+f//29+tABCVZmzTKhihaRY88LryeXR2bnRIHzuWGnKW8ATdlUpJuVDPkmIOD1vLZxhiWct9uuqKPomOVxeoZke4eTCGGu/rJayh8WTXwUauUUQ5Gfuj1Vt9341XQ=
[2015-10-10 13:26:46] Phpr_SystemException: Method x_fars_number is not defined in class Shop_Customer. In /Applications/MAMP/htdocs/fars/phproad/modules/phpr/classes/phpr_extensible.php, line 204 Encoded details: B0bY6ia4HMITUizzI7Mmm/b+NeSCezUNzBi1seIp9VARR3WER3JMZB9aXGF3/BaYuBzTIuf/qQiX6HzJfwR9vLIlyFs+PULfUk8GCKGr1Fvc/NfLVI3xtC2QjuRrjdlddHxidkMbjwyCzwg+WnsPMjRAHen6fnX6ezBqkfISiW7/ZN+gzG7VJ2xh/xvX8TmprsgyDN881bbz7pQq6ZSqYdUi96JCCSY41Bive6C7HM2XHE7nkCGB45DXyDRw088b890KuzmRMkRqn4w9IKHHT0YrwLVDON2zjyKeOkS6Kww9ogQZalIUSRkYcklJjQR4AmEuPK1J08r5145bPFN2ptF/lByGVEznRn7IRSO/3yequPmSxEl2e14AEMa9fWS+dfmAn0gBf+cwfbzIgLK17m0XZ9GElQaoiySVdL8kZnXkBXGQLj9pbikdd88+LN1CmWTB82m/Lc/Ek4u7qBVWtoXVuvyDS/qqcsABThnJ6GSykr2GFPFCjnCeLHtIBqkuYTFiP39D5vLqGPQN6mp3tw/aKsx1hwNaVv2cfnzrRQ1IgKMy+gKlYPFfc/3HTzIJMlbuxaGAe0DujkJKCYgWOxe3QD6uGRSQC4O0GmCzUTiPa4fmWndCJ/BztWRK6BMWNW/axj8Vyl5ui4n5cuEKUdb2/s+ILqjEyaC+iE4xmE7oD5ezBjDQ6YAATeEdqNEGGNU0XKhW+qYnjFz50nFMWhV5nT7VZ1MSM3oNm+QQlT0+6OMwGSc6IgCCt+fWVJp9JP6Ch/Yr73TG0T7BEd0shtjWQzoah47/GFn1OXMN0eWeBnC64uaPKsTAnuGQXx/IvRz69OG3ddGC553qjk9XvfvQpopP/DkccAxW6bNEUiMs0KaadlJqLiCvXnp4QXZTOP9dMZjI1H/q6FPMlr2WZO+H/s8/Jbn1xOx6eCDgGvY7kbpE+A/VRzC9DSUlPfxomk0Fi1agAq4IuajSwRo0QQuzbE22TmE4N1li+dPqqW3+02ToXAb5/Nrc3lNaOABuxrDjRHufnyHMiKwHHYoqBjQPnKrIi7KUyk0tfA/osnFeNUY6h2f685AqGjmzLXrVL3L5QI2J9OXuSPz7c1+JppDth+mHPzOaCglvudrO8VCD5iodniB7hiVF95yvZCjTkJ03SpSmi2c1v+xgIUhuXcq9W9H4hapnx8FOeII4o9OXWuyOmp25SspuWcRw2JB84g4E4cFEg5EIhgdOaJB5tWhsEnHCNXFn31HJkMUEyRN5tHFVGYWTzYqUQXMXLuEC4r6rf81M3CfCtX5a8ttgsrXtmi8DZ36oDm/y/J0hNOeO+dq2HjrQcuN5sDyYrMQLpsUqp0/RWELmpWeSXJF4mv1MbmjNRidW9WJFbfjajbVtbQ1fnJ7AopQ/m+aV08nP8YWYj/VwHmQBx+lqjlI+Z084PlW1+GAoNNsRQqeAgCZPtlRKL7OO3TzGzV28VsO8+CSSZZRwGXqIhmmD+xT4gGFD+LWzE5WhFGtd2EuQ/MVUIBP7/S7QZyNo1dN5nC8jouDFJp4TISx31wPau2+HH2dtA7citYRJTOlRY6Vrbn5giYe+NoNlPTuFVDf+x4cp7oXG9pi/54hrBT63HQ43+GVpbfjX4ZHTUU+PM0qW21GT6t9ezgh9E8kRoewntXl4IPqvW8c0p048KtMejz8A+3fBzMZY1UTRz0g8xeB9wnm9JOsq/KxO4Us0F5fJXyyr/QzAoz3t3hZ4LNrxvLO43UnD58GLMYofomk0k/VAgag0UOhwQnwz/M0nBBAP2E766qQkaeNrq7xNb9o8OlvVo69Rf/LKPdwRFRtp6JX03XiH3PYY535aInW0zvgSRaUZ4ruw7b/VVNjMaIa0GiOx82nyqBU2jltmTLwlU7mnKAQXClA1y/SsvGmGnVTAVEgU+kdJSoIB7g2dfJ4azKl1arP7POJTQ2mTeVQNAPVORyD2/vDjESz/jlvJE0066ygx3/ydOIhSzUXniMqkv5RJ2J+nHqRV1D5Zhdf15XGQ7UdGU2rZqoeoj6tJQt53M5MCk/m5rikq/dLUEgJZ/SCXRhfeVHkmN4a5ruY7R4qmHIOK0FbdXu7gik4SxevavNpFz0iuQ68Y4HiV3/AOQ0y+ZzXXU5zi3XSUC7INaSz0PUMnKfyykWBxfNjHXRScBrnrbcsDbi5gXWr3nUOYNw4dfP+C84+QYXRLd3soDhN1SLLb97v69KW63/kKwhwUEUeBe38qelu30V0Hd5R6I1lyqxZsfYhIN8NnNOgbwTPJmPwva7wktrJQSDqvL2AyQZytSps2+NRl4bNy/svjgUF2nTl5effN79Fo2FXN/6gg5JCdpkJtgwE6nVqdtEVYa1O2o2xGSJwSJJz8FTuP9ulVlKlHjVmz/DlOP8/Rm9rzIILk5yEa6tQT/uH7Wr0xwYHMGZO66E4nUYpPaoVSjL2hTxS1XuthV4Ahx/X79fiFmFzMVz3/kuAv8XW0VqBHBv7kY+8jsPZEPQmxM3D9JxVLN1tWdNvkF6S4eLzBgzHT4qVDr+FBrriVJ56daLU1+v64D5Vh7ZL+NNNIDHNSDwSqy9NVx/GhaTE7yOo6c2zufoov9Vj/IlcKh57kWlEpawKo2jsGhe1YA5ajsDKQJlNLoQrHKwbOd3eifS84kzORqp34yBVaaflNYMaTW/HLx0xkdtnAHKVbQwT/MxTrw5DqBlHO8ClUhcP327jyT1S6hAgE6HxzFKMQnoh5DdCZH6kqe61/RDmPdLABgCCxhIZs8EDbL+SkObrRf2snJd9GuV1vC9B7ntJdJwrIU3OrP6IZ6PSj/1tAfsuqR5gYq/rM0qj8BEkGSJZCe1HLx/eRwui7mLkvrBVMoFG/aeb38M8qh8lmbBORfskZ2zs+Hcs70Lx5EYDhy/ZzO37T/pSt1qQ3ZkF7S6145n/X2BcIAHZs0Q/uCsFABkAsCNYikirnpV/gE2b4t/U5fjmKfBK8tJFYVUwlC4d6RnljAYTupU06eggVZRKZSGj9+gCupfEJtFGDlXqtKAX+a6QRkdvINd2WGSyjL/d+/fCBCVSQtooyj96NTLHMjljVc9FdV7ZwG0e/NAj5JH1xYYvNrF05d4PwJzRvuwJaZYCyk8wwepNqUfU8JYdFzEO34TXCeRxnI/jGs+BAh66PY+P7pedpBo7ltwbuWE64CNJq9LtPuTYsMhJORtAmV7EpQDprbZicg1Yc0kWCV98sR3e1S/28XNdUWv+uE0WrLVvNBXB+pmKUQt78fjdIJwJPhUHl6KeiSVEiz+JvKVcY9kRF9xMoaKy1VsfKWoxM5S3j/w5wN0xIEBSTIw5m7LLpa62xVxAnNaQ/WHdixWMsWwMfvgbExwCns5nNkgSdPpmxoOn/wQpVI6S7te1OnB8It/ajblO6P0VRYoy7HuQSU9aEu/dtLpOSNeRT42HJKnzNDSxeZOa6QBa8VptvajB8KNHPUWvK+LwBC1/uLA9e5LkSYtQOTjhhQ0gC6e70edkM/+BssbHN++cVIUNG+33yp7lbUesbx0m2cOA74P/LWLjCijLXcOOAHyj+p178NH/K9zkztxRy/Kh79L0COFcqqCH4zpOLbIkhtrC/FtqURs3XlRNVExlLAK9Aa28HaDlK9f3cuy68oZnZ5Fb3J3VNajgITbIPeCiy+B3n8beuTWq0ytWswyHM/3bMnX14/TOfkBXdhxyrCpSroD3RlDPDtpnsycf7Zamw52BVxXwTAQ7NZ4uhzuvKMkmv0jfcMzK8AGWvWeK21ZNZz85jqTeySzIp/jtXWMVY93M83n2u7DptPXRrGw5BpMsVn5rKgsSD9iE8BZswENjtwlPsqXnJZpXTrYdsVKEjLXeV92OrAFsWm/023Ca68+56X51U7KX3aQN94B7gIw6QtUjhTRTy+eEbp6c64y6WWG3IvlvOIfQYifk+zQEdmLQ8DBc846jdnSqV80kQBm+KMi7CLbtByqzGjk4zvXi7ari2eiK8RGu/tN32sNNo9bMZQ86BaEISiLkYyRBcYJqFRdZkP6QnY6M+tQD74t+wjEzIOsICK7UNc/iP0x4w73JEf5Jg2JAQbLEtG4uhXyFQdEmbZQjhoN8gj5zRAr+6qMWlZbfKeed8or5137NZZKgitd/WZH2ssVo5zHoW+jUFzk0XMvb2/3hQTbnkyw2vt8zKrSKcbG90OGP8ulEr0V77ZiLoeq7Sl7greuCgvqjKCaHWzforScyJtu1XZN6XS2JEELj4gaEB5i+4D1Uo3BUAkyX3HqKZwWRtS4pcgOKet1cYSpR8T2cufUg7F3PTqCvrAYUOIHx6mzTBA8CJBevglYhcIf6eyjHPIVhGOmRkpGpxLfLk9b9vt/WROZDBTHuvge+2vv4G+i9EQ4xQIdQTteKS/pOMLhjP+hnQd/q4MyOHF/FuBvwsdhqGrOp9d6RBFLFsFuaTqbjwhz2tfg+l9G8R6dwDAk//771nAkLmMApV6ibh+7zNqjIaDjpY1FQIPqRQDMCjfcB9MwealPZD2gMKmR/Z3aMuiS7MhlazfSf7HyluqoE0vyUpAi9hMpwlGPaM4q2gJcfhwCtHKwZz0tQS4QGuRzKU4Doh547GNqT3w+2FyPGG+1mJIu5tDZ3uD8muGD5Sg00B9zrZu3LWJWZ98I95jSfvy1MvclSa6Qm5zX8Lr+Hi7/lyLwhDTbfr117JYThA8IVGGvgeZAo53CgDJPXeQ5e0HOp63En2VdpDhuOxJOTjnEsa3RbOZHMl7kmwamj+3cIDMmo=
[2015-10-10 13:30:16] Phpr_DatabaseException: MySQL error executing query: Duplicate column name 'x_fars_number'. In /Applications/MAMP/htdocs/fars/phproad/modules/db/classes/db_mysqlidriver.php, line 101 Encoded details: VsOn896s957yOXT/XXDTv+XmFwvjMRmjXLRd8XbG55Wf5+BEDJPTS0Tf3slHwERdAu/YWy4Fs4+juXu+9faqZHPtINc8O4mn9TeSHFiWqCrjfTlE6XYDziRMM8QRUKc2/3KSQnIidY8fDXyLgwqc5On7cqX6T3e/2PqdO7kguKeabJaJmLxTv10tdCLrtwuCog81XzysORhogmNeDNgvUIzSnatlXGCXohhBbvOufPKeZF5DYFz6ux6z1/4ONlKmUpJDufrsgr4SlfjcHRb4iHm6JEWjIjg72gpp8L1AvkRJamr8qLgxCMzvgx/TQ00FjQzkMQ4Yt3w8XcbZ+Lp3WY74BZrYg0MMUbcv8SqDL0Fuip/aqQgv6Cr3+1uXa4MeOZOTbXWB43KkaHt6j4i6b6vsIIe/nBSz0EvUJypq1e4TRPNHWcjB8bU1whs4tO3rXFk1ld94L0PWGD+wEJzMrTT4cy7DBA6CcCOWPpXrsfc8xcDnrD81txn76ieeLJDdx7Ltgkytfr4IPVx4/rp3DDwGsOZtYLKM8Eg6c2aqgU4cdqftMmqzVIwd96CepZnIli1wA8vIIhna/df5TNuB9AAZb4YjROkqzi5YPQxAUlB2v8ddzhxdkP/b8ClGjscgjsXx4m6F6Bx40cxPc+Dxq8QWzbYWjii7XWZe45kojxgGhtfXo+upYDKD+cc22zrRYg2+ZwohHN2nBBDkkdtal6aBM3qx/lSVqRdtRJ7fnUpvyEAzvsOpFdqPP72FAsnLdli5muHdsdczv9IXCWJbx/FNpsr6se/NHtljWvFJxoFQ62LxHboRBY5/iaD9F3VmekckjTEhV4WoXu3t1YswVq82tD1vFipKYwSOXNNuvXWZnHkCywbaEZrDLy5x2ZAlQpC7Y3eCvN4Lo7m8pqY8VZIxY0s0fnt8Mo5cIdhXzhTZtIHY3ugjD0ohn0PoUznTWFPqDNvclH45bZ2x4zwZrSZ/iMBbwMTZ1OZ2vzXtGLSRcpu9KiwOB3hW3RJJZ9zxMOw14S/8LwEGIdHlxSqLtSJqHOfeb/HQMWNgFrnnWnFTxy8nf/DLD39tAyY62ogCJ0Y2ZqnAKrWLKeZSDXmSq/Q46cdHYyBYMA1ojUfov+OR6UJJVpxTZZ2cAUXQQ8YKUZ5Q14t9cCwEFP0RrwMvz7J7qk957hqg25k8j6rCKpPyNP4Q8XjKGDJiBnBP4JpdnDzhKoWxg7QFtIy3MXO316ihA7ontV+V7GmbzE/BEHtjwK/YjUMj5VzNnOOk1Ti7dmr5DNZuB2hnf54dhw910oZH1zDulFcy2W7yiwzanotFw8Pa8/MkwM1ThDAGqmZPXI2/zzNzpMmhfkv3rB02TIgC+rNBoAHz0yOxHrFpKnxDmA7m2hPJUpXDOFJ0NHl1H+5DsDmZ6tx3R+rsj/SKhaWXKiK1TwN0mcXiapCehWZNra2fXzU6CqID7rClxIbbZvCgiJBWughxtGYgwjnA2xGIuN4I1FokWYNglkF+MT0/uQk13iKwT7ZcALJ3e3PiFLOI+Ss7LNhG6Nv+b0Io7EukJ3wHN2f8K0PcpZvCQ47cTTAkQzApJovSnGGY/3XPx2H1oKUYN7XE4UzbLXnACkdqW6xNOsQh20WsP4haHNJr1tj1My6aAZ+hHYQ0Qf4leFPGGPLM7+v2U/eXzlpCCMXYgnnAMCNfK/g3xT7BGPOzzKwT+Y+N2dujhdZTY2SkLAH9qCbLFKC37YRYDktKNtMBZObCeiX249e7AMwNb8yFADEjoMYvNRf176pJgxApv1HZA03FrDHdR3xzDffQU22XkmX1VjY5y2wV6B4qBARgmOcSjrAgh3eDNF56ozgra1yltCx0gj3mY3HYhjgo3gpeG7rh5stXnZSU0vYaKw0NUgCuu/jP4yzydrSS7jdtvqdxefi8Frkuzh1T1JYK7rkcKNghdFvEaipuY317N7dba91IuP8mO9f5024KLYvut5RaSfW7wBV2x6P6/ImPRyAMVR+zTBW9jffiK2bZpVJ6EKJ+yfETmGt+XJBodXC775VFD8lnUhQ0mQMOa3U1OS0p4Fy/R9rDCayGHGuzt9bx6AlzMnqaApJqYlyjXAeW9lJt7fH1vflvroI9aj+i+Ayd5g2LDfZDIJ4M/GS6ICOvu4LoyutMdnjMpr5oX5h2X5jKeHC/lwEwzyJcYJ3Ff7bWhw0+IsaY1FxmXyr3oHpsSBXjd+huL74QAHA3O7gLmmwTOfEFxfq5MhdeW1ls2Gf2l2yhqeO3KAPQo77D9yuI/5KPPhs0QrSe32y89VPHbfPTIWVYX8kuPH8DwEPycs+ztffcmqZMfwFk14cWFyIBUGlkxBEzv7Me7gRZZYleYQ5Nw+MTTnRlNrpYe4KJLY3MWFcLRrommlv3VZhPWpJo9YKR1bsRR9ComixlJQchVewpSNZBrl87f+6oYlLP9ov1TfGiWK+QI392Tgqh3j/N2DDkyHGP31EEe1qmH9IhqVt2UJWMkJi8O3J+GNJKCeoHAvfaRIodXAnawR16F5wMvxKDdBXqrjM8YDtOrkiilw2j9mbPX6hr5bx7bKx26ChIb7N1tD8I0WWusakDwz8wacxOArNbY+sB2IfK6b6rLsaPrIM7eUG2Wj2VA1DD9XPJ0xdV6ClA40E5pQ/fE1nTQYD+NBsNEiI5/xiPJoycRYQpjbVDIO9/vfewOGFN1H/4dJM5GJ9sLQ70jLx912w0d1XDHkEHtLANE5uDdXwPv5oYGPMvk1RmSfLnuYGC3hVCn/u3E1K4DNlDauT7ZZts45lxlUYK1qP3xo/bgRT1X/gdiQd7JgsXAB+PRdpa6EYTlnvQ0ub3U9ZBIC2V639X/EbGH0bGGVZeNqth6HPrP0Oc5eoAazAtgJ9kbUelDFS7l6cIQt2cVKAgnq788dtUcnwqsea5W5sUb2aocDV2treZKRAd5/MeES+ANdPdK/PIakd4TFOp+MDIaUOaUFyeKmsFthiJt652orM8CLnzJdhZrPRW5k/lt2O06a6JIMv1jnuifE7VZlLsSRW05zdi4727q/2Fzv3tI8hJT3jGsd4qJP5kp0r8LFSHPjK+7lvpNwCPinxbwqKQriwV84uC44KWzDjBL8/yRvcNRRlCABfTtNf66q2Wc9aix640aStUQv+1qK+LJltL05HpfRdqN/zrqs+GwQEk9shKvTdF4XS5m0O1HaSdZUhYQGHkwykB2LVc+xsErGqyH96ftxqbqZU9VZQfdZRIUFrwKGEeQAphSE7xZWI9jfgEHZ7kYfWnJl9REYqmEN+cKK1cCzMGSpVFhCf3rrwJPw+Y85FOsD6ts7GEfQ9QzuPbLRuHbKEOhagHqFCToimnHrhSAMgIJXZqJc70g//oLDO1Qr5MInN4TE4eiuzt8sNB4WQY08nnPU54q/zfvgAseQuFQ6Jm5/do5wGHHefLH5p5CjkAVqanbu/nQOmiBNx+sviPzw1jDEhftUjh4Gry+t9Y440iqSsV/6Cp4gdhs7mgihQ8YxIedT37WPQZMZ33e+DhbnYmMQiT6aqXf9BmsBKBOhB6HJX5rEmE6oYwF+WVFKaguGc+oP/QvZBSAXok5g6TZm24zjpFl4A1j/bbbdvxEk6jh7oU3SBH/yT/mwQvJicOs5XGhpPdmbhZG9xFY3N9Q9gACCm7i08sWJpi5Q6lyDrVDMenxq8kEVljwPZmv58f8DdlrH0F3dLv/P5ocRgsa178gW53vQmFf/wQAAV8bEj15F2KcFoE/o+jGnn+OFgao5FaokXiPAehD/IXrTYhRumwS2LxZl5vcqSX1B3V2UxsYrbMj9/g9DqbCILRm+zdQBZgdwZJa/TPSCXA67vNAzI0ccsywtlWgTFVD4fMZYGFbx57BKz9aWDrzsqycNzH91YOXN8HK2HFa+E2+HLr8gQlNOtu2kLMTjy9USjkcRhZS/C5Roo2EYFjUSJK5UrXNVi3jUxkSkSB79M1IQHJj93ZPRCxtKJ/GOD2F7O2IiRqqHk4/tuBWVCADovw5Qelam5vBwVqQncldHNZgaEgzJ0NtRo5iVAK0UsFWbDahes4qx2fDpm7Nx3kg0oeD8tievYgbMzORw6u1jQY21c7yCrV9mu3P36vBqvi3aNLkQN7p8njE/RPxNs/Z7lEC0nC76U7AcppRwK7F1As0xlJhOLdDWNha6d9FwsEl6mrGvcqTXU91yRBSOTkwHtINhqQyLFcVtXGOPWeYvs4UkUBWT3xemVbd0XE14CUWlfNtGDFOddjQeRMbpXYdrADPWD2uGL6/7cDv48xSEOsilMb3WLY3bHcuq9M9LXZUniYwKFVhmXK/S8pjxvydWZk5YEGFRqqhBJehozfbesxSbEFFHQiG5viEHcruORTm7By71cNKWDozNoVRTOO2323wRI3vIaD14FnzrJyJ9g+/vUHyUIhEvCumzQ2JRk9Jj+sgCB7UDzPv4pQwuLZR3q+TqR245AzW9OC8QmQSwpktWNjSSkijTwQbcpCMkTCI+YPNcjF9yEHKOtQApiB0sX40bY+2SBqbhaTMd6R03APFHpG3TaotXMvba5Api67pXh2v0TJQleSLdQ6dHXgvWrSRdh0eKiHhJlklF0mrlX9DyXKxEItSzNsshagf2970zIhwybHWmSEDBVqoM4KcZCsWe81elBSJaO2Xu/YGMyZnNBjG67cc3tqWuceTUnjUSerCKkWROURto2WNzWnWoxn02YkuFUFX52vNP34/kyux0lwwRZL6ge/PG38UhHdiIHqKWSBIevAWBsJNmy/Mj4NxUNs1XSMoFTnJPuyfV1zuz+2lg==
[2015-10-10 13:31:17] Phpr_SystemException: Method x_fars_number is not defined in class Shop_Customer. In /Applications/MAMP/htdocs/fars/phproad/modules/phpr/classes/phpr_extensible.php, line 204 Encoded details: OhfUoW2u0m590eLdtsjSuhwUJLWpP7UdFqf/C5amD8y/F1zvgMrDDoqVhqizdaEZC2Ed7aegBj5LzP92ASVJws8BBdKaRYBVh8stgfBIn7jkhThzarni1NxY/d2f7JvArogruwIU5gPh9pELpqS+JJrRJ6l7grLo3WNxyCzuriHIVbLfvmaTdeDYk+NUP+OX5n6pfu23YeuoCrdjDBqUK5dlHkyPGFEx73WPCldI9mSbAIr3g8umFlol23r1b3fa7GDgFByViT6oXJqBV+Ub33rV8unRDyWuF58z5SJ98z+G0SnYUShwWj2Bx09GYHR2ddHrGcAUVKEL3h0aDykdt5+78+PslpWFO5yZJyjH8DJ9xtlIYgN+kGBPK15mESlpi97KtF/phCvsd2i/3/raX4zzH+9VyxCWTxi7J8HuPK8I9tNHGd829ttM+fvpdaoMrYPgNjq0Ax7Sl3wC1RCfptWkECuAtjj4MXD41jCDhbfD4qYqHQI2qAYwivki/suPUW0JsVWMcuEs8AgEXhBCKwzrylbUxQBU5aNcUlRn0Z3BQrj2hOT2ORUu+fNMG4OdZGJ+cC9y7xEh0tbfm+IEOTrWVqeTvrnV7iubpDTCNzy+aXcQVy8ySRXlJmuqMv1eP48SpY78oL0nBMNNuBAfLZSjGwH868qU2JzIU8lmVKDatSaziBdbasv18U2rWQj6e3iXPIv9ifkuWx+M//YdbP0yIAVY72nMSYwB4bXP1DziJkIVWRZBOXCwsk+6uHq1XfrClXNv2zJCcwaAmt8bVn0npwrWmTuH4p+O4kxjznSY5eaZJUxPq54iuS8KFvZwBS0Di5gxh+ns3SHV5Z2ToXCnOb6eJWjLYbS5l5aLNXFVbxOXjJtzG4HGj+lhjvdSE3inYCU78bmVfkpG1W0k2mmfvi/uQHvVKlENtwofshMPXuH/n389sCbleKqE9HpQr4UHXu+37rhqGtqj75jkmpEaoigQSGopmm9VPDF7guj5buQc15i3bHvc0TOXLix3ZP96IQ+ughdTPdQbkcvtIe8EZi1symPMpL5V2nMG4hADu+osnukhH04Hf+M1d1YJW2c+jw2tHuFDU4r4q98A/jC7MElI7d8JTKmZFLwFygbcghVVvlfFsmEHPjKLh2PQQDSRM9v9q1ew21wWNVpHE4Clz6cpQ3Zruav9grzK6l5Jvb0VTD6D/9zww/9x94ieWIrxEHCVOD/3aj/RBAe4SjpYkZjw9I1DlYX8YEYODwISZ1/lLiNgZHcli6nvmAgDCZWpFQ9FIErPi6KQWJprfy890Cm/MDyckb6rFefs7vDUydQmsmoKfZBxG6qqw9mnmV1Dt0DSqe/1r9lxDhanqJ1hVdiEnPpaWMcFmgO/K/bBhRp+sZZyqYLLtuNerAi/T+8+V24Utc+6ukzBi98Cc3X3tfeaOo0Ro9S3WqVF72nraal3UqIigH3RxQix+XDgpM6RX1v8cuFp1eYt7SMIkqlpI418cdOMV8/0wmW3I+6YzNGGDiVgeL77VTuGQcr+vL5UFxaE428E+D4dMQjF0IZ67BGOiceYamWLwnLznEU9UL/TVISIXxufNGmebDOEB6Im3FUDDgwzT+PJnGSfv1SIBxhtbbWh4eZT6VmXRKAzvqqVJqwZrKacXBQ+DjAYpXW7r5J01Qa7aWyfFXzo+X2Qlt8IOPPEHkXrRYH3zjyJNI4VAAg0FEedK8t+k1VKeFIdEzcqNlAgDahLMLZWFzppUcwRFCxVuObJYu2q1uyQAVRJlrkezpMgWGVlAycgnyyFOQx8pyVysLDA3XXaBQAMLBB/FruQap02Paqjxf0ptaOV/uPrLT13+LeP2OEPsyUG8XKgqYx2o84rAQA2kOrHftYkEHKGJEqMEd+HPofJJZJ5PoMi4Q0txlUx3OXQGJcH3S68ngHtiHKWBlCvm29KT97DqtBwCuSaCX1DACS6JGECdYIYXiHXofsFlOB3bK94D2l3WsR52zfbmhPCa7wAWTQq4V+jO49605Bg9qot2oZ6ENRmeoTtSO+5EMwsCwiW1b1IcrXBCVPyP66GxJa0VSaDN8xVcCrn1Zp6ALOmKvbzTvcwiK4ZgTv5Yx+BlEoiZWJAA0zDcy1GzHlC/2H+EW5VbRPxMcSPchxhKYGJJeEwFCvea+OkybStFwmKhy6ZVocoia0JUIQVCWO3zikq8KpDmLsyvNMtfhQvptaxodOSWogIP6F3gul6pAlZnh3QyQ4C7A54+HBIAqUiSoOtdwYaDhZTooQsOhoayTLx4k4zERsp9Guh23lC3fD/7lWGsu2GcVn9GilUULgVU/MZRHxohrK1FvQ7qZ6PwvinNJGfJ0GCO7puk1bwQQkLWBszCUlLlgbDvShIrY2qD/+ijFgtiO/LrK36NlDiuZW2w9W/TvUpiq6SI5z+X+rd5zYXdx1fvwTvlpPbdPW764E2+e2B29qWtka0WOoHDTO2V+MBISZ8vQ+L/dGXpvXvWDSrROq2aJBKFG2L7W+P/9ZO3yoqhYWraMcpn7wtCMk+ingEUpbr8pxE79+qTYGeKCWfJK3Nlpco28n03seFhGgawySpUs58P2UMmDoHDgDB98HIdYAigE8TnYCf8tnTi6A7boPzwfZV61nrpTgchjaH5fFvKa4iPTfI5BEvQijTz1CzpoKf8cG46sB1J9LTiw4gmHK7Kw/EcqV0kOWkvuAm3bpoocEbxCwCVeHEQHjCLz/mGqCzo0nlbybd+1NwcYf6pLaqiACXgl5iosG8FH2dA/oDIfqSvdY9GFfw0Cx6ZtBW0KtpAoUg2gPOrnieSGiwZw90jROr2oWWpBPRe+UFt7RE6b/DxJm/R6rHNua0/C0NPhc4hpcSUlFHjQ2TZTn2JJNJt4EkF5DU26mU+k6z/ihUu41Aq8M5gR+j7yW39rQS5OPz41JIRE29WTPzYzE9qV4uBSLkCGogmeVBYwo6+dQNIWq4eDwpeaQIt3z508E66aP0sMAp02PRlllHesQBzktYgEnMmfd2h2fN2iPC4K2saAcbjig+L8spygIb8s/WgCDJpsq3G6w24kTYxol+IDifVlzbfEaMzJjltde59hZhD+hBfjIgoZSPZd+ZWwZ9/dT3EoYCYEwrBa6DX4bfV0PUvnMFmkQ4n/RzxyB6pFRn+lbQ00VSUXu8IOhmYjaSEGJgKZm6PHSzl0UkW76luvA8jLiCCaPOCAc0D1C/dZXneWrCPxy6eW8BSvwGxWZvae4+Ztzs4SBE/BVK9N5WQWuj7fLVDnnE+VnSaxybJYKJXloL2RGimXvk1USta9V1yluJRJ/tHqXNCaQOKLkJFkhYQo3UQh90Wd8vjT8slsSEKpETHhFtW8r1vSMsNYIsdArPYHrqZyOxWD8ya6wBd4m+HSHnZPdlLzYm3samqvx03enidm98qHntSrtwgWQYqmRij/63ryXmSLgkmda87gPSZs94LmK9hc6bhdffbbteDSit2S+NhfnL566eGJzEwSfUcB+VWIsOFL6lqtH1nR3WrYEwa3xoWB/+wkFpwVWgYUtZtWehx3LZlFedA6EkbnfC7XI7QgPdRD2jh+cy1mQRkQQhGWx6FJkFvhWz5arUjGVWrqcspE9dNM9kjvMhzhodc3sf6EBMxxuIi1HreeCF/bRQBoQh3zNTy8Da7O82ZZCqUNECFyRVcw1E3ryeo/zteztkZjUV+TpYN04ZGYsoZWPGcdzaridbeY1qOd/8TOXGhLGhhApyUSxrfuiMXq760YJMihYQ/FtePwifbhs5VuwHfg70bG82QJ73BOzvo794JjD4K/Yqhwk8R2UkOTf9TNqE9yW7tok7hG1JT+xagT6cFJoES2bOtU5cyIXIdZPeTw+BK6YgZovSPWZpJ0kKD72GaI8i547t5+0QJgOiqih0/NkYokC8BfZmgH6T0JH52HQwuWCNqL7k04KSh35T01GVKHA+kBeUFPK/AY+ou7PK0flRjHLqi0Kr9brhYVhbogikKjRAVegGosdc5wtb0l342M/gIukZmv0E7ZptuvuIWlHrU/Yg5ttezJ3zMa4wwebIxh17/5QBg9ATT2VrlUoCqMRJ37Xlz+Wum5YmgtVsYc1NAxMyalL9gSQMJ4hEFMXMZ8kANjbPURAw9flNgj3NMpg+xxtdOlkC2+2T7fwY/lHCSTdbyJNbUkUgrHC/tnE8C0RLUWrydhvpuObC4IXc5vakY1omxKBCiW1RZcpv/0ujC3z0U9nYnM6aAeNPGFQFmuG1HWdauW/B4JXukKiEVP2b7Qbqq008/tzxg3oi/Cwqr0vAZyAB6DINdllFwJ1H0HiUEa/Bg14qLWq9KTfCllsLutpTSErLsd7CWQtAKDFxMqHo5UDCveeq3xRtF/OcobAwxB5FqOzLgnrqF2hHrl8BlxtcW4VCJUZbVfOM/MW/xnguFr0uw6qlj9H5UMX9+6NTdcA2cf/Su2f0LgJJ2S5BnY7HYu/NshqR9OW5R7ieQruC2cjlGO//x9CTfqkV6oGk1Cz3uRaGaOxAxMyQJTYHJNtlPWVO7Y75EctnL7bMQL6g+Xrk+aLC+a4Il9i9I/BqALJzTsDBjpmSLWRmPtDbHnrUmc0mdf0RjLGIDjm6l7jXk8exHf8cMfAIDqhexy3JW10YdBkQW4X6svmthv7eY7TcQl8cPC8xxUZ92ujoerzVtHYJlGrIKGuPwW+CycygjS4ehoozmsJvJ7V+8KpJSYMkSAkaCvGD+QWEVwD2dXL/PdjAX+Tqgf6UWjC6BwuUs/M=
[2015-10-10 14:08:14] Phpr_SystemException: Error defining reference "state". Relation state is not found in model Events_Event. In /Applications/MAMP/htdocs/fars/phproad/modules/db/classes/db_columndefinition.php, line 494 Encoded details: y5I+b8ZtuZ5q4L7WPFwoxTJiifRPMar5vowTSWFIBY8lSXS7F7KJ2KV2zLXXAf43Xi5IVpVtKKVHDbtjDBb4veMDv+oYg+59vQiQhxj/xIDDiKm4o/+NWGgpcEraIxHtfpP1RvuIUcCJvuuiys3WJ9f0ntyJimHbJ+sKPH64kiGlEi1E7FtTFaMAtr3Uxpk+RkVvZsDW+NxOJyAMsw81eSExyaVf5koUduIMZxsBXKK5k0wTxMWnWVgIRp6FmK59HPUN4bfuApb0UxkdPwxFUvC90QGxzVuWVX9L+gLCTJyquSJXd591cfmFwHKMN9zWxXSF3lKeYUZNrnQg7yuHEpYk2r87v3KeaDx192wvuO+Vsk+4OukDQt7HIsZPkaBpS+l1ct0V5CcA4zIkJADAhASMQvJER5UlFJIjtHhItw7/ZYTlogH2WBj2FfLujsBfjp9XTyv4mgOy6liLD9TSpeG/zOMABCw8VYYjapJpOsBUPRfyUPA0v84tvlqlScbcGoOHQoxryrp4QRu1vCMiXFQPwfCOgthe+Lt/zd2xX9e8R1HrU6R52US39uheaDJ3uw8kOTbjqIyORCVch6oDVD+D9KXXv56L8eOnBZjvges8DQnl5vRjpE91UklPe0h4RPU3pQyAWtyZc6LowDVYIyuG30eXh7tdZBmuGJsKI87a+GxQIkdprW+iFNGVGxioyeRX+UDfY5J0Dur4fbJoNNupHZo9l8wJOiXYH/6KkofZL8WmSSzjtJ1admBrEYmJBsRkBT+SvRvnxZ28DVmVVC7UB16Dt0k+P0XPL7YV0zWXeHyc7IaK9ovBdHd0Q+c/IUvKUtXB+DDgb3A1yw0bOQsSzwbZxrc6I79zWaoH4WY3DAB/49Yx3aNCxblSP+wxaHM3ldlSpp9+mkDBgqCOKoQ1RsraRgo6+6yWr/NG+wges+SfD0jG9dWxjzIwey2ol9Kb1sz+eY1jLHugL6OA4xld/srNkLZaOZSzB3P6Wxt3poZ2DtBRHkQJ2MuZBm6pDRGrm8R8WyhF0zPXrkq9e3xsno5Wb2CLlCX9+Yz/ikuNtEGRfh5runmwRgfG+fEBuxFp1pu205fnmnzw+bXuCVeeU8Ns2ThNISEjqlqd61Ap4Q7Uc+JbRkSFfLBlVXtzD/vO6bMxch1h72E+eEHjMIM6FRCdlPR9kCclsszt4ZN1R8JOByalImPI4NumqRMLoED9Tmy8PnslKoYck1HwrGOQPxukrR2Ee3bZTv/1z8oR+lSjAniV8npPKWnJPGnkefvz7PJcd2kPlZv1e6c7ODhrrniO3mrWoX53ZmY5Ds63M0lC531P7LAT89FxEedMsu3Q90RhgFXJnurx1ZGXrIMeV/Uxq/5T04L7YqYFV0jWe5EhEfLgZeS9q3My0Sx5xNgj5YEMAXNaCqv40ecLmkqnv9UILK7nm6PJVzXm6LxPSWgTGj633wf2dNxR9msTZxwEzFCm30aPCE/gbm5hc5NvucRaLppMCvKqZpKzrVzj21fkXQ2Vg6yCHqzbe5kGQc/nf2TZStfgZ/3qVcSLUGI8OzSpHmvozHAYGktP5p+yr4JTVIbuBimzsmE7mzF/xzULlnwUu2QPwP79PYieiqE3aQGoYdH6n4BiQKqVscvAMeVkYnYlTz4c8xJEofXEHINQhWJgTTSGLT17g5VAP1kLXUbwIaT1uMx2lCJYBDcgIXUCX+R3Cu2ZvQOETSMMOWNw0r9yf3qL5Gm6UeKycwYciAvO6EpBTZtA0KoATKkNlMLx41NFy1XoMhvU27KdAUEUGU7dNYMUgbCdR5BlKwhc7iIEHNdMHKM9G0lxH1gp9MvsryrnwyyxZbPQKxhaSI+7Ef9NusOcAHcfqd0YV1UyL7wyauFq1a1YR9D7PAHgaZnFyw/seqYEkM/j+auTF1N6y5m7vkj/ykz4Ab1I6sohZqBqoLNfnrsuk6L4kpRem1C102ogkNF3upiQ45Gju4WjH4EmAbPOsX9UMqDvNxTK/cdCt3U2bm0XTEGnLVxsBBdcdjKG8R+75WV6GnukE+2kkk0D4wfUnaEHjRXrIfBByztJ6h9HG1bkShXZciKImH8tOqiNRgQl6X7okV6cTD6l4Sp8+4c7sOncmc/mjuqTDTkEAIEuZGYUTb6vjZ0owTygqArRZXNEskEcQkPWAf6te30v3LjWTk4sA1zm2U51m6KxO6lVPB/iRsoIzGnczTsowb9glk7jSxccM73tKCsxP2GuRPOyS2nOEMgSWUN2tkxVZdvRFJGL6iWif6yt+uhL50t1pLdCj0stFlLS5/Ufge4i70z31Q84WjQS6Pm1qCcabGJpxVqatXPInhDemhDzJdkFCxZJVsxG/+uv+Q2aCEHQjPhc6fmdioEeu6IjNx/2Z7dFNVGdAHt7N5lQBxxSmV6Bkcn+M+ezkersvKgvKY4V4yfmqiQzepzyak1lE2fHqlByCv3XjVcCySlevRAxUTqGtFtDjrnKSLRIGhvE3HqPpU1VvGJdX3V56SBcfEU+2PzGo/lQLD2GV1hX8jOTLKKTTUwWFQkkoPbERw1GUaequVZn4LQFSZmHHJwVbf7PoihkFZWjMF+fZeoSGxLkA5+AeG5d0qNGV3dnImeQ0gD8UcJUjfYKJowX8x29+ZtrCiFGp9VHXqKFcoLaGeKnrTUTyIXLgV4sTB7Vf53CshTt2fjst2z12SkemgAXlCfcBO4CJAjIvY/DVURI+SxztQPNRC9pRA0iy4IERvd4LSx1fKBgECso7QnPcRm1DJTXwvEjRxR2F0WOhNs9VHllA4aFKENjBY7I40A44IpcQ+fSOCj+pKymTFYOW2ZG8MiQHJ/OlGNJj/Ay1TznBR+8YO8n0cwiSAIn4K2Ki+98x4z95xU4L7Pg9EeAiX19g1o6vKAf+NOn6JSvX0ZVFsvsGE7ASmC16N15YW32jgEnN91JzmwKxupmYhWI/Q7U19rlbtXCwkPGkbR/1edZXxmOnA/5HPKAzbbIBX5jNp23W2/Aj9WAGWMfySU0zk+LKNLBatAE07BAFjCoLlRQhtU+8WzZVSJjy0UGB4wi6NCJ8uGPGE11STuXNulbrnUvUfhA8O4STgMtGNEbY4eKnJBL/Nr7EfMxr9Sd6Sq0l/CqjJy/LU/tt478kBQxNWsFgaMeler3KAVhrTdINyW2X4ReckBUWoYWUyzDRMURJEmB0WxPG3GhYhmFnAcsCAUB7wOBXC8nE4rCSJGWukRW3LSuI04Y/SCmhJC2uNLr5UlS1nWEzaE738K2dnosG0idE/ev9RQ+XhPnDDvYTK3KjwJEcU07CAQL0N0uaqbK9Yep9iESG+jGiU+nZBvnrZNiEU7U3qwX0Img//wpGaDe/uSQQju10T8dY90/Cakp6VKTYLy0Ed+CPPpGRGb/W4HtD9vQPFzRWF47UVy2ruB9BOfJHXT2DRl5j/gQXIjH4OULDqqdrPKkS2KWKOvaOGED80H890IB1VRG1TiQUk6tVqi9uNdsBj/UrzhQHTqevs4j6A4ug7BEMJJ6ipj6qqzlzLOeztXNxF1OjzX69zOrL3D1iJaf3OPbX4gjI+ff7YWoTvsZAhTIggDZ8UtQ6zbEf8RK3tRUuvHVyV5rzHNQQJue63S+/vE6HRyZWyK03EHRqNYGBIMTg3lEgiPoBGaE2VBCIIwGA/ffX24CZHNA5WrWrmcrXiXhQYfwdzfWMEzTHF5HzfFuZxwwnYtFg2xCJPeqx2Djyw7FZY96ZiKJ6+K6VRutJW7GpYCCKL4W2BNuyEJqcMwEaHarZSSU51pGp9yIU3xYGouZenaPapumsjUDvAYuEO18k+AQ7QglKPXg2teuUFXWRR0dzJcBYZtNpviFgFMUlNeN5aHLZ23iBdvq3XxzrBqCqFtMTEE2dRipaEFleowVEEz4CnYhzQZF7agsjdR19Pw2oD+QEyaN3L1dK8xwnICH7fbypK7bSxuXJXZIQx73YriQgx3ZoCf2+hZY+yaQAetAIVMi9nJqU5Gcp5IC6TBzmil6C9QnXU0YITI65sksJ2g1PLZ3JE/pV96FuLMAs1DmhGv28CgoOnQpHwTiR6oSpiWAw7hQgv+Ivq7NK/83hxbz3l42xfSjoxIccRTwZ7YVbtlld7NTdZeA+VEf+DKo8QjSTjvAs5gPCnTMkY0xfxpyKwy3JEB1GzXRyLDK2pWjDAX5OrdoFVsAeV6rsrvDVgW/V8B2nRmfoxA3NHoTG0Paci99Vv+fXNegy16rQeRZ4JaNI1Ix5HDDS+O5NxpwEvEvOdTQ6BA/ueztBnqVInXj0AzARZ9TblmHnKhiqewJQE214g7PWOlKqKiiEtj/QLQ2z6CbngbYHhozxdf/iafAVpc0yvfaDcGNm5Pq1fz0cqux+y9GwQK8HqYYe7V8q/sWHunLsyhkMBuEMoZXHmO8Ezxa4WebNqQC96sx9Wraafa1Wn2WynvUNLKOTX9ZZXSXiEmvCRcmswYOi0s0V6+Cblqm40vP5Wx8kEKPaL6uKWHeZFllOuZ4jnvPmVroDJ1rssHY1qWgEIfIfFhoNbth01tclDgLNUVOw0ZcAQBuSfeUlPHZI1coDy92Ve/q0VMxG7PfvPDW1mghnneE+etBpP6ayfj/zJ9u3TkujN4160OJxDekjHxXvMCcxZVzi65C4Zl0rZDml7c5Kuui5Dseb6lsN0SBr/moJ1Libp5vMKAfp0ViMvH+qFMqJfEbLAn9tQ6ChRcG/b/zyKDrNuCqC4iuhPrWe4VH1r1d93bDIPc5nO2dxBpV7VRi+C77SxTF2G/jCbjr+rZYXcCbAPBodufy1CPg1nW/zM4XyA+LYpDfduD0Q1JSqdD5TNTE1WrhH57ksk16nyDERjARWygwDo7BRYm/xuUrcXObs49UD1J3GWr0qtITyl3Z75cPVazGrBSoXVE0o3OWTrZEmI4BIAklLaNdykQY6g/RRpEIcnvr3FkeBlWQHl/NX16DguQmH2yWKN65HXJY2boyTeiPezU5bVhPFsPMauEk2ZFoIkYvQQA7+BnFmF8PPztfryOaG4s3H9rh/hpXMOSlZvwXyMZitAWnCGPLw5Ff2PYzR3/8ie2zUple9kxp7950YLUbS6POZuw/Fyla9qKX/JNhslm3eEFOXm7xfCF5BtR2xgbjvMQd7ccRHuYUhSyIFrMQpYgY2tjSEIZBXqU2kA4Zpp1w2txbocVK0ZNzM7oUSgW7R9fUkoIL2RV+HuR5gvGbI0WRGkj+JAhU6Gny9F25YuKJNmvYsMVjji+6Y1ZajirrbFfKzMIeHBNLFSrxsj5ofzTH2FWs4P0JQZ4C1zg94hMr1nS5hSCl6AK4dOeXmiWKuRxlfaoUrxuklc91ukbYFzstncyXnDFUxSrzH3GB6lkeHQIgKswluS0ced9oLzf2Dg17TxoxULaA9HwGfjr+EkUAmF6D0ypNWdV7iOVpITUo2fIgABXibZ3zEuT+Qe0clZ4BjKsmVH+JnACgW9hfLi+CwdTPpCop1X7LUR78UH0llooTVhWgs1GfmMAYEog4VAS5BkPpOZrnNxKshjAri0Js/UJkNJ3qzr1K/TEMCu5locjbhHrSE01e4rpd1nxb8yILx71zxwNS4ma9ac3nfxRxx1yvYGEXIqv3JV2A285OmfC16RHuQzRFe3958rpadGMHp8b+sf8rsrkg739uvBMti2M49HmrtOUe4W4GaUw3KDqt406faa1rt0Gjb45ERgxzJDHLlWPbSSxKGKwAyVI5i6ErslvNfcC3Reju5Ra9tUJefgaUD4E0oPGBmic3UdzkRuBlf53kHpabnUPZ+BtVJrsGjhrDM00YkVwyH4T+QmRo2IXqbKfch2CqvKEHjQDnQ28lVss7lBFv7/cSdDUJd1bFpMRQElT7qlFklo+l6X1+R5sskJxBTPRc58kAEXuC5tnF7bXpeg6//NFpj4jDRoNkTga3tNPqFKvD8Btgg94BJ0mwFQCd5bBPn42cbk4H+QaDXpbNIfMY86kCyU4aEHxhVzaeidCnuVISJFt+W93gQJkwXDLDpVgYTLY71NYFjhIxyOTJB2ekB4YT/q5hCnvFoLo3NhXHLYr7PkoL+HkUhWue2okTSlDcN97kGzKKfDANoEw66NLIAys8Lb1CwZxdkjzxwGM+mogrxFzwFrX76sUtfxqLNWymRXvee58VP4zne/us5SBz2KvNKSmjZYz1nHMlKRlMxIIKKDO61Htsp0uqViXEjA2mZpKQ1PThMJvEyCvaHgfZq0j6eqHoa05kNNzMjJ9GPW4fEM4wDbCCSJHwMlSRNRF8LTIJ8XSLsZhMu5ruHfC4wT0THjFmAbb6OTu25CDuhw+WPsqVXZTJTQGtCuht3RjgmpGwoQgLMjZmPXLmk7vT6wn5oKTi3dZ4VS6bM6xjh+xhexngfd/i8mXgrJ8iEu3P20d7SLM=
[2015-10-10 14:22:40] Phpr_PhpException: chmod(): Operation not permitted. In /Applications/MAMP/htdocs/fars/modules/cms/classes/cms_object.php, line 86 Encoded details: OE2shropRbseTtEfj47pB8ZBo+Uhh0sgd57rhR+ce+U07PRKzCnKddoGfXZPTtQsoRffZJ9L3PZ5Se8h1JfQX9lp3o6bG+k3+lLbL7MHgnftlMH1JSrUBXzoK95Cz81j8tl2hRgaKtAcbLHmB2pRzj2F96Ba2NIMiHwMiLaIweGmo8/GFex1EbfLMpiSIDZ729L7ZrEgp1JGVZ6OslGeeyVEeoSew+YjYASBPzNlWeRw2JmMrNMJI4l3fNcjpr3imQo3p0GK37vrV+zEb0zLMO3/fgMN06VtMjQQEwivn/AnI2aDE4NJIuT5pPreUolI7XBFdJP4PCST2hQ0Kd/qgj9/UeYn5ffzX+A2twqJKjKDIBNSLLZvxp9O8cs6PPCx5HxvNWSfV3215Ox3fABZTZjr7CR88JkFUvHV4Zo+5yMuLESMR553Cq3tYkdwxqWGvL82TECUGqfRFNED158P9xIXR3wm7blQBnZX1lumWjufq8blyLU0gtxyYj1jXg8oJCyrJuUarnM7EIZCac4oUIaVYfTf4sKkPZm3pOxV9jyZvw/OvwUAmCRtX8yWYzOiM59hq2VtDjmta54hXdnFllnq3D0Koht5HATRJvmGNM3ufK/DbJ84q0hNqUHHp1sblAJYyCT2OSMdGRvufwwf2jZkCOS9OtAWCNYqWxlAeFhqAVQsL0ZHRYJ1+0MsYUM7dynd25jh2UbuWIsw9mIjFvqI1SB+qRSGdmKRBSGWSUsgWAQujRH28IN953GXu6Mt/v620s8YPlUeYMKWok1KUaW69s2bFwXlX5YL8M2AhxHu+WzrQU+9kyT3xV8Gvediy/rnJHRD2Q+W4+y6mzHjWpfkAXPI6TzZcD8vjzCyLhAQVj3YKKL2brRSY4L3yzyjMdYUeezy6SdLyXnB/81vCugz1P2Z4C/yWqxiReXh2VQ1JgJv/ocY6kdWSEOZE2ptY0UFHjnGIUXrh256kH0NPQCYaSd9UNbrAUagrqP6pyST7vn8qpYSPmycR45G9qPJ5r39c1FkKf9AKPuK19QOis7wi7jOau9Hg6POSl3nrOUXkob7R80o+Qai7xubkK2Tk2f3/VBnUqs0JyDrX2ZHi6lYi6mOsM7X4fTpQ4LtVjAWJiiHojXo5V5zTa7TQ6Pq+ARoLo5U8mtlo6esH9jv1gj4WxC4SlsHQ89QjH52nDbcgar1QkY3nD+3a/OiRQ6fGC4C4xK/KwM//tSBQY1UtGOvShYOG8yJESLI7mLcFL5G2MMQqSMMIkZEQUXmRQ1mcdmwKCOac2mR4Adkz+SQujLJD1nAWwEqGF+vCFU9SupjvtSvs9ACmHkUKgHl+YBQKqFAGtS9TtNIjaY0VADeKpQU2qXzRjSZnYSgY6Y3i2RTusyvZakTJvdbfSgrY4JVycfQRTgckShTpQoacpB1loqMoms2uLXeDhedb0iEbK6iFsB7+HQYWq3ly/suFLYc2AZngRhVtIgphjtQsSqhKvR6bCQdFvHr9P/cTASEp0BMbzxx+/bP+OThz6qJ08Er3c8D32d3n65lTgxyd/A0F6ittQdsV4yDh/Td9ALANTKU7rdqm6aKiQmS4LUlaSov25e+C/qohxRMXIYUbfEe/PaY6jptIQCnOibX2VySplayj0mj6pa8icsZ0LKFEVlRIPWBzX0YYZeN7idtyuWMjNsgAHzgs/4pQ4Yq1KxwTGH5Cqq40YxROzyArHrp1plwEkQN4gmu86hRixQ0G/Wsa3wJLo61uHGbq3aAiSybNZ7Fw8GpzUhWCzavwR6F2EDJUv/Og6/7aT7qDBlmjJ7FmPdNR6d1oKdjILgsHmkTui83hx4ahFkmO3Y4bpaWwDpbDy06EmVcOLpXMNzpHBPnSdjr/A/5y3l0o5sUjhlcWioh4c6ONKbYzdXBTtCT6ck35blr3mgq/8iFnspJLp2DviR9gW6zJFnlO4DjeWmTkz2/+NSR9K4+8wdVNlwrlmlQeeAwlMtVeSAnl2pfPJiYy5gmWCf65Z+g8aW44YYAoVbICeN0BuhQ8GwnspQUEaNp7lZq5Zu6ku0IozFejo8KUIx8trEgyM8+hS+JA/SVFImgjFC+mxUOThN9Oy28CEOFvTKLzysWv3yGPPH/q9JnDjZAs8tVITfwS6xFDbhV3xFpn+hkI6CQKcK7/w2O1+Ou1mG28+4DETcvwWsyM8eXceQ+oxZkXZaG4+3t24pegU346KJefhf3HgT1tLIKso5+b1fAlr2M9oa1JYxiFkh/hS3KXdmA9K6e8n1jIbXG5m6ZFLA6KqrlQi5ll9nwTAO8ePWhKWyptV/5LjvUsfPAJpQRipQBF/Qv/HSmv2bqxjW13YtAtTjTLElsucHTJYxuHmihwEGh9MtayUpVM/Sz9CEBxc3XL5oHHBjTIKugolTETzF4y8Ec0xOWveTNVjkQHbE9a8nWV+EU6uSJdw0+VETjeQ1UBygKw6Q02tNrFADXfffAuNbCtlaFUgICZk7OzrYuejbjju5mCqMrd50daL768OYaT/hpR0+xe3TWAT0+43kthLF6vEpj5ugf54hkbbHx6Gdyf1/T5yMG2Mus6WzKXoXXXcdEEkJUaDQ4zxvjFsGqtiY+Q2ruPIjWYUvZsfYxcs0LYAibn7WFUyxvkPxAlZGG4BbHs0GZ0LC7ZUyZIMPVYOPzqaCQX0IoIP51kE+WT7hZ05n6GYnxU6fq8/0YQrY9E1MPmG5jY/BKaI4PRIzPEJK1iDB112B4ZBcwL76Jw3iqk/O2C05xxdv9v9kA77qx5DRGUuHrqSGEkLHj2AAk0WW7mOgNXNpMYcDN5WZGYYmjCzfYjZAV7ByIgCyATxRhaOB+S4p8u5LYYz4FWCY0cpjKx75G+Q6vlERPF+iiAL749f6IKDnsjsVtWG4SLdKkALpBYi47GR5fd8oC7Wp41oTPdHEzxUbmk7WyvYR3qwi7zxATJ5CNhJ3/vyfDcItY4LCrcs3Aw4wff7Hnz7lzX5AnvMuq6hXGxCWn1DOSw8C+VUE3JhdSB1LfVqZyvyY/7f+6RY4mP3iNNey4wFqGDTiiJJk6I1NZG00pBE8DXCA14Q6c68BKMbNQE+dAIS7JhFMzsJWX4Kt4c5qvCifp1lNZHsUks2nWjrknmEhOkZj2GQgWKJQxcgF/2PRkzqsXuFcUnR8NWa3eKSTwdEr8y+8+CDz6LqUttS9q7fyEcRsF5NMrgTBbT64Pcox1aK9FsZBMWkXjYJiqh7wVIDdwSwgvjqva1ppOa/myuPVKVIbF9OPsXX6uszOziESXXREtAB8un0dzQQ1CCuhX9Q4nDqgdeMybwga5MOXwG9l4S4lMZ+TCSDz8k5ilM7G5ys7bopK+eWfHQLKxAdfdyvF62E5eOLmnN6G8IxrlgdQAe3vF0GmE10OWQauaoN7E+D8yMgpD+RqAAfYigbb8+GpoKbMUkCT/Xja0jSAP6Eca5efKrL2CwQnW4lYT15gFKIFsgurJiE4WiutKtB2klxphccsB3DkGfkSch50fkwbXMOi5u36O0TUw/uHWWVCguIsQVFuOiS5bhGpKiv1weOqCMBT70NkacvLzv2YRdTRtcT/WNwNjXL4bLSXMU1fgLAzTs0JEaT/sybLnw1E+oZQqw+ci7LAUWyo+iVxWiKo0YmqoyZ4Q6MYCH9u+XKwS7ry/ugyvBo6VuDyl0ixSvNmkcJ8yZQ84JThEAkTvsDYCR14HFpNih1KZFc/4xa66DY6bmIHxP7WqMnx3aioEPiSTjJXk6ZJU181buNsWiyIMCCl1VcFphqvums1rxboJgfSL5kcX5H+RGtIXbjSCCtEP6kQ8wOD0/I/ZNH8+i+xMBzDpMn35U5F1kgHoCCBo9GK85EckAJigPUx7+jZ2G7INpvc8PMriz6iafxkbuJxoqk1q9hQpELNeJMZlmw3d4SIC838v0CF9p7r9LgWNwwtYhlPE+DJvLRlfQF8jqndQ1WT9ETJOEElNwH3SvhMXfht1Q3QNC32H0qMC1epqge5MD9+GynNdOi8dSGsOeMSyn4udfbMpsjjYbw83bB+oo4pX66r2hWCRO2R08Pnn16qUm+A072MTPGBzFTTKmeX7FjQ1t7r/sbSFavpwku2nHfxWKf83MVlYxH0mirtt1XgWIw8zubTEgwIFCV+QfLgDB618rd9cAlDHlsGHZJ/LeTwCr13zVznJWdTuyorT1N1VMK9n6sLUHQrQv7gScRATCR9QRX2OoiDA3Gs173FZBZzE4V7427huOPuTZ1iuNsRGqkG8WfQgTJP9EABK7CF9wLUJ9PONkmQBPXgoU/5BWmPbnMecl40FY+qR3dhJvrPRBixKHSRlR213BujqnKVLaqOMzVjZcU/sx4Ji9ssFpyLXANZ9LNap7nDpwqVF0WXT6RxKOJ74OvaJ3e03fYmQ3xf2mTmFFQg8ut/52qskONuocXMt/y6rPCwIqlf78RXEKrTTUTnczhYNwobGy+Lrb4aDcxhCtM/FW8j4Esw5cdyBB+fnVvowlNAv/KP9dkmRNBqAeQPacy+gNC9ZkeVRFa1tpCNZ6ajgTrPG9QfA7mbeOAJZ4XY86j2/HSnOmlQjQJKrgidV2IpPeK7FfwhyXTEVnE4ZWV2MO3F2JBy9WpVxInTQ+SrRBAzxBMHBhvC0lvJMJW8mLLMnswiBGPy53QosArPBHluUHEK1B4I2y+P+B3wiFZOoPJUwdOVWFMfCXT5w7YaWSjOsyT9oXb8pJwOz6ctdXYte6uimBwJ/WHNFsLMJTRQy6yBM/PQ1K4tkD1rdR9z6m2uOJo9W353/DzrU1LmrQ5uf23GJu7V/1kWWTXCMHd4TUyQY3HzFc6NOeytuB64Pex7tZNYkIUUaORsDx5sc/z8vakX3y0hZuSzOBg8qu95Vlxc+G0sTERs8xipEl+642/fHyqVn++KaW77p0Y/4HXoE+df0PWu6k5KteC+DSGFz1hgTELeMhMnqfOaiRav8l9iRlUWwRQvlIhZ/2gReC2jH7ixjTSA7E/x8II1hkqeywf6wHRn9MQpLHJK0pGwCFMCGfJbTgLa24hMZSCxDG/H4xglo38zXRQLppI4feb5XyLMmi7WzxFxZcuc0TtTaF++ThtAXD+h1083wJCLB9S6HHykYQHY6p6I35nL6QH8bcU2jm8YpC//oGvvD8YiD5GrBa6JgBBEZwkFbjthEszyxfXOHqrExvcdIWmq1moTYFEK4Yfi+Q464KQPE/kIoGy9jK0Uy5PbC/I4cnDOyWa20t9b3FF6ZPFtZ6Z8XN/yZ3DRuZLrZ8QwEzXLNoE/Ex+h8qvn615rhP5exgiWUTfJjHC0zfElA2qluzcwylN7eMr1G8bqbyM27dHjL1GyIv0PWHAoEGEzmcgvWwoDiAehNZ70QWMJ4OBHbFJ79WCn2H7xaUcwLdy1bfI4wh4VJ/VqTB0YLJAcwiN4Zcoko/2aPRGe/aaRK8Kdn1rnvFb173bUwbOOlZqEVOAtqbgHdEwZR+ngYFNGiIGHVZEfCG7t//JqnLUDq6r42iakgrIJc/nWeSb2kxGD0xk7Rk46o/wrdUFuPwClR1Z7yvOWuzjaQ4fkQXGdFHstf1D4QsAX3col448iWmsADzy1Oxu+1VZ12cvhUJjN3b6JlxUBhXK8a+orl+xcQCTRjsz7qCfRMUBr9r/CIChoLyfpDlInfR+6yLjrRCasWdKvAIzlL4EZLKRGE5qtdSqOEqVmA6LG540Dla8bjVZkSp0r2WUrH9QiTOLyUvMM+JVMoCVmeWtBeZez/nj3mZrscIiKnlsdP3/yWlyOj0aODy4fmcJO2I4OFr4n309g2KTOHQQR5iPkQ45um/pmhNPvGNMaNF9zjqyTtWmoLmhqfOYH8VMMxdHjZomoEqlTHDHiq2BgfMl5Q0oDBksiQXrRs6s/Q2BuEBdnndxitCLT7Lwc407Sy9jxCv+lBoAAEqtiZ3fNBdnp3oAaCvNfnduKA+jhtK7VmV3vOrc1hA4eT7qMytG/eyPc9DGemUOaMA12Ba9N4RKqz2lEzfxuN538xIZFkl/izsv/Fb11tcf4f1c/ooU0luVHdojhy1/Pz3zRY46FTLkS++yc7wVKwBy0C9Y3Vq2Ge++te9sUx0CODZzJum4I3Weos2LEDiDPjClOknj7ED8ipnOEzr23fXcqz1zm87mO09CucXpOjhDh2uqtJpF5VBs4uycVubd3fSwo189hR3YcasWDA7mnVSqx93e5BQQVfRF+d0WN518dtrp/k/0DngGq0EhxWSDLnysPc9sHeYTPms5reg+6G4GiFDrJkJy6NelfghoKvg77Vi6FEw8USGeAYNnd5I2pQYD/tc8ddBXfshaUfl/0WYdIl7PtsBQYOGzYQUp9Z0HdQdsgnJ9xG61o8WM5K4IqfkHuP/WZ3EoZD9plF+E7bEVcjnd8N4503eIIR+bPlGJKuq8/QWXL3c3wl8y5IUAgoXcldn+DuPDiYUrfi3by0GpptQsLrQa24EYfRfJUPskvFB/W4v8ppVdHOfH0IgEdvdC6Tg9QHZaGeFn0BUh2MO0QW9GVpDd1oiUXVaCEw1uzX9DK5mGLo1/gRMbmcTwCviu7Ok6ZixwgBwOspuaslTsw3u4zMaOcwn0nJYPKj/hYX0Zi+dCU8dK+tgfwbuFsgd+zLsJ3RdDzzaxouhuGBxaBUBVmUeRxFDRQ+rdvOLwOufrjySG/QSa8Q/CPqbgIOTnZBLzMp9gw9l/jwW5/qkSrDPjHevqsrgMNKCQfhtaGic5K7RetvVajbmKfRPCdPXeJsjk80J3QKJ/5AzdXQ74UaI0pbPfkEjzVJbTGPalT1Dk2NTVmUcJ/xCbplCeXVqsbfA38YxYr1pWHbQuO1hl9Lq8OFMOTBwDcEGF0XJWC40E4w3VITDkEAN4cw9XxdlTsqvLvrXv/WgR7qHnUgJoCcH06HVn/d/CaMEVwuY0Fo4jws8knA5cT6V5Tvn7UboPeO0/ka5h/RsgSOhnrOW6kFjN67mQhRfDVu6o8fuZtVszLGzmYvJn/DBiCk+Bim8RiWrZlNPTuNIfWytGzo3IfPoUqUbiA55p12rSwR3t9NGSYLvxuTWdf1NVjfHOpOAKuh7mQqNIN2mT66skyrKHodW+PBGzHxxko2+HSvnikA4Huy0l0gSuBN7YnkqPqlWs06zy3gVGsbVDKtpXmHSH5zdPDax+JUqCjQsOudTXZ7L9v+DePG0dH9dW+mZbID8PxdnDJIn5cgNSyaXqimhQ5XERqx7aw1GqTUfNwRuh161upnEb++BgFGgUCNVY4ZDUkRGZR4OFyCduPcIipd8CshToCl3v+QBArDJnKJhWqVrKOr2UKpEIDk6NrIDVc6okfNLdbhVNzJVikF7KTjRMCDOMTc3ro+wbfrV5y6VzrhugDRK673+ibHrt1vmFYb7oI2TK2UwOELP7AsbV9+1ynEyyYpyM6Q8Za6nqkS8LLQDGbX9qDs4+u1avBJPYX5jqyRAsGKRi5NW4G/10IbjFmzS+OvWV58ZmeAcudu19rNfswQqd99Tmip1mqW/7TaFNuwWvC6s3NG/bfXjyANm5hkHHMYZ2a4GZ6S54MqvJhTZz1XHNDGsBsCFOW/ZSTlJyPQP9Dm3gLm4Td0TDNe1XIusQw2tNu3mITUqXgfquyRoovDJNDnOajAKiDmra9J+hxkXgtbtShZ8+ymN7/uQjiuGKFzeHRCLbK1Xy5hLtBSl6JbjFY4Eu8pK0ZQ/g4g5VuQwwIH2XDFQ46CeFgbyLpdLTS1Pk8ccmBIkJBoDD2Bfpe8cBPwSfF1SOHIe2vDPE0i5ss9RVhJKYDY8HhZmggGXnQoiUr55mG/W1hcbuWZT/MevnOzzRX5ZDi5Vu/d0CPC4mFkzu8SZ0bFWxq3qHGtitbIKNng6B1fMVwqUYgHBGB5ktzloQ9DcFUT0FFkXBsNRvPzgsXKvhakwwMb4ibNR8PZQzsolWqy5OE+1LyjuTqJyJklHU78yawutce65UhWYQVqS5GWuub59OU7UfPxFJx+9valvJ9Vpf4mYgYgLJYi6d+l4uE6ZiCGFjBR+p0YmcQZixS52erGnKwBVY3qVQiq81zyg6cNb1cgbepM0nPruBwCQh/lk5KyUhOBnBCIbmJ0qCs6EDIKbUoOL9Jf4ba2sdIhbptcqsdTRATEAmnSlDaLeAaRBmWeYwiPnSYE4MMTE5STJAp41XxUJ5F1X8KsWszKVsiR+oPif4f5YLlENWTA0xkDWw1QdVWCecGP3nx7JJS+n0hOuCUXos6MPiS5PRW4Qo+jgCyj92C3AopABNlHv9ZrjyCZG5DBAiixVFcBG35Jr1ryj/V/w+vOmA2QlEdtwmBLzEJkCg3M9dxu69k+y7u3pBEZmoH9TmGTN7+uvtvOfSXZWZlIF+dn35dbQHTFmgPbih02u5Omdz37fNNlbIUquB3tWOU4qPhH5pQyTqD83V1dv6aECi4gu1CdiqXiSzGAvojoRTxzHnq55p0XmwpCeYc82/s9J/6LathWXOqMxiDDTH9ISmm5eGLxAFq1FvnP90Iy7jQQwVA2B4hUN3sirNXi6ZX129EkFfi4C1a/TTpAu4Qy8Ouur9f5MPV9SAdYK8ji987rJ8IdLKmRmG5dGNTSwzwJk98MTQVjYo0QiioDz/ZFEs/TooZNo+ZkPsfCEpkYm+AT58YW+DnveADQS8dNfA6KK6UmEUQx6+PxwTLoGWs/mSKHapjvkJ94/UZ/1CZeCPLohrUoScoc+t2AUak5viJC9u5skVuPbAJjiFcpiXJNVWyIc1CK1oElOJ08zt9Uz+M5YR2uo4GYwu2qMGDvttnrX3F+CYfAT11aku+IKZg9EmJe8z7mTHcuYodXcmX8YMMEz4A+8p6UpZRhLnBtrwENo5lES7SThP0Q/S3JIXrJD6y8Ub3FqJRTEuhccMWh+Orf/bvwoOwkoi2h2Km/MD1Hdyxz9+wgtOmkpUiUriXorz7ykLyGw59zjoqRVNdegZsc2n85JWJ7O9C7HuzoDnlqzOxfoDR2X1wBCGgc7aC2VNE6Xhb+fcJAYBljzD6LCKDfyzJ29zHCjldp0L1yAmX/E9BdtL6XeV+WA/cTX2wQn9/zNmtYW6NXOiaX16TcmK4mzhRu9YdV2M4nYAo6T3Eru/kcQ0BQwNrH8ZHAxZabd2C8dCYr0xbCrzgT+RvJGBoJH0Z3pJdeUkZMVN+Nhoal3g6Ugzxd0if+EwyFibrdgMx/J+u3q8X7f+hV0Q084rgn4+cs0sh4ht2QWczaFCaZPxZQQHCdK5v+Een+RGfwow96KzUZqiMUItCM+8v4Fzj3+3TBu/9HNdTcUnA7GMmQ+Bk7wb1vqC9bZ7dNHhG+22H4BBnOyhxPiS4eT0OccAZJ7rd1nkZQZutnYwhUZXe6KHBKNP/UQy2eUugGsdQ91eCGwG0Q1X7IEzk90ce/naFDkPMZsrWGcEV44bwLbqL27zwbHdHWJm12Ddd38xj/szbUoow0UfgJcsLmdfdUp3JEdFneUBKP4OI7Jvhf3Dytkz/MdNkCPsX83IVoErIP9iNVkHAwS/0Jgnt0B5GJY/2k9bMbs/MgN2d1G3/kwWW7Ldxn30biDJ7QosOUQR9Rsn7agoKoQPp/455PEC/ysd3Ks0+I1Zt+4iDaI20g7vOwt3T4JDe8dBjgd3sL8WBOnAK+rnV+tbZYNw2RNr9/I++TIQR2FfLkaJyWcq4Vw5ymFYD9O4R3YBV3241pmpOWVkvuxj880bt9cTpiFdjP5dUBynXQ1NRS77PpeRX2k6i30XEN5qG4tsVLQ3CneJxOqIhhx2FiNpTmyiGTWzXq/PCG7KGbqlnR/btm+5Hm4CBGJbbpmxsJ7XeHTAg7m6kZ3o+67XSbnSj1g0l/cuGbAi5IdCLWqVYzwEcI/6nP+mGyomBUGLfMKw1U+Ldnoiyy4FnzjUjbM+s18sVBOX7gtbTdRsql2o8IQcdbNgMDS/CKSlSDtWVxaBgFiKBGdZJVvgkS45h4rj2Un5yc324ZD8cV7JSXUt4U3nbRCfQ/M2rXlZSKi757rJdhGW7Hg4bTZuiDO8sUle//iD7qP2/ad8yI5Ndyy2Pe2LxVbMfWCM8kiEztevNP6csAi7r36fMAW81eVrEg8RDxg40YUowmWNtkEpQJR7vVVPhkRS9hrzfgJfmIZAmPkkCqNqslMB5gb0LeqnTnicZ5i9kIQu5wXh6Fds826c9Ia3df4pmb9paiRxejddmVcXUG406rfqf3+xK8lDVuWQZoyHd5BscTMydDWNt0Wd6OC6D5Nm+G9fmq6/WTYPU1HjoAJVz0nGjS0bMffhbwhJAGtmBfaQA4AWimMftwM/JjVb8y4E0uelV4g5jO3Q04tDXjWoxMzq/UwP3Yc0n6/LQ1ilBkfRVG1SnAsQydsiWPnnBAnd4RiaLsIcIuvfYyJi4orsHmWHl4ylPPAfm2/Ib+UjSHv5RSuycM29IM/r6uVR4u4e8VUKFitxa29RU/l5I2sG66r5HtrOrB2N2iJ3B5GJMwvwQ+bfb3NsABndcfD0ubmpzlHMHz+JMnoso3At+CtPc98oYgRgx96bpEpwwhNMxSQIA2VqZOt0vpzOgS3RGyoC/eL4tiMh26NFODhIukoAa31TisFKegRoD3GRu9HsWjUOQoRoc4yg39XMOa8afdac69QB0nFm+hGst7v3l0q5g6TLJDmsCVMsyx/blO3K0eXt06smDSH2krqVorg4cUQJ09FIhma1ZRyK6Dc9Nwv6JcNaTLYRntbLtn0BrnV+BidhWT9GuJtlJOXZsMkh3CYZoZ8lGxhx0csDOewP+g69R3eRnKr7YobxiyZtSgRhiIBi3V4MW8bbNnswv0pl3Yfto4FWllZwb2iLIiXufrhomdcIO4zAOHR1ZIyeEdHEXXwds6siReuSVxcwvp01JCrF745SVO89fgAd/f8W0X2GgTUtl0/oEiTTB3QNkyWzrO0TnIhSAsjLMstsqXYZvEjJTYT1trnCCu2q07Gdszl+TuGhfeyVvqMVVU+0yh/qEjv6+Ph9DGUQ/Bv/hZ/SHpEn6KE4CQcWraAlw1Cid/Uddw4hPhipGaNQsT7BxomUXQnP6R13DZtNW6Vn5asFJthEBGEqMwCYC1f9MkPw8Ggk4VRrQFL5AqHY4LN5kNCstkUVs3NQj4vXpfeEPSe08n4iwt/X2Yp6NwOvfT+/zT6HKLLXkvnC7Gxfjwnz0+Gy01pbyfEhpH8hheiWSjb8IhYipjItKdJ9dvUgK5+tEffLSChwt+hsHThzKI7xVdYwyhTNlycTrKfddovkMfQv1+pZ384PaK12alASjwI980tEvM+vfShJ4n9EdplEMIOYUGDoSINdGr85UpTZa0wDyK2W8nkxg4Rw+4jFytgWjLiaYG3y5o8vBq6apMOgFE2PP7GkVkRL2DPrcyyd0owPF/v5ZoOWtOhbUxbhokLdts4L38nsiLV8/kaR1+brbjnotJ0p5WkHLjBkrjDM73+LDfVcSGTuuPI5RkP5VZ88iEJHtleQakiIBqGsElCglg9tiTHE2Yp2gPKE8M4NJ5uG8kNoQdQWD8wlvDfUfBKL+qZlSE3CgJp3Tssz2MeA0RJaylIUqakcTvl5LfQTSDQ/4b30dECKPnQAXrMmZdDARXBmQumJcLO+t2Jww2iM6BoGGVfLImmDhw5A9C7YAkRMzVsCruev4IW5Wgw2Woo10P0B2Z2PvxkOiIJpOc/nS0d/pc8PRAiSqfHwqEOQBXzo2972TVz4WLlb+Ybg+CrQPTsAuVP+/Wr+sKNRMsis8Ckun5ocH2JA4oTATgAyF/H3w4GpVs2ieNzGzC1Ny+RL7M/tMFgkGeII9HqH57dRMRHUlomIJaq15U45vGF/4yFPCJngmE5/ngQS2onJtaaCu9LmV1UOQ7ypAeIj87nEuJEJaiKbWDBuaQZAazy2U2H6aCU88z5KBQok6QEp8ZIAiIiYIiWIlcfjzoxgoMfUPX10ATMxA5suLYtdgSCdy3dHy4Ovx9V+wazKJFDOmK2wOXey22pjkvViXQe7VoVD4VCDjmTnXvJEilcBm4Djut78lWQwxxXJfWEm5D9t2blfMczJhKbh6qLcYG9GKrUOE89MyMtTlQencZ5DIDVKFTVLIZCQB3wo7kU22DKcHVk7FZ3JNDT2NjmTp4ubuCm/AoVNvr8O0bMZAYEBXmLVtKz+v5ILr1m7+V2NkhSL9GaTd+N3Be+qkz+oPfuNw68Xa4iXWKLmSY7SGWqVptDwxxpMvwFQfVyiup7DXDyW8/d75xRkib7OmrzhHyV4BJptDvShJximxmhukQCkVIOkatZtU6Mn0wDbDc0mJQqPPYErGM/NElopVeoxw+BgU6PV2StUEXVIFQLDq2S+GHhW1Q/uurMtti2lhVVDXL9HolbXntpr63Mcctk0izvYCZx7zbPFkpd1RWLZxSz+2eL2992gQv4+pQ3ZDOnl72sPLvVHpOgrxmMCsRmhn8z+TzbLBZDkrrUxEu1+qcvraVrBlk6gS+K3yUJREKNFd373nnI5O/3HXznOywbNvB9BA9mNgfTjq03DuAYTmiyN8/u12EWuHucYQ+OgYoZ47hPG8KIo0CP6Hzrx32wi26oy7xs2l+j/DQ5t8r7F8Yv6GJ/SRH3H2h6E/NZboE9jl8jYxPW4drUAngr2FMB9I6qU15Okn4FwHd8tBwlD8Ek5EIddZeeYZ5XD5yt0XPfPnHWw5V/+6QtSY5P5I8WOC3sZ8xOwId3V7qOXn/0smVuDxJA4NYUUhYBP1rIU1OKTQI37kDIL+cIr+X4qxyQhVD+H5I51tv55j/5kwpWOvVMrE1K7XFjz/Oe8FXGj+tokqLnpS7swiwLdYrmEeXC6mEAfY5v7MTslw3VWLSSUZoyhqcdYKctAvWWlIrVR07YdoWQTgeL9IvXSjqVU9GxQFDsR5TnJcD6SPmwA5HediAeMyABAL4RjeJ5NCq28dqYr4x5sV31/IYp5WpO3bnEwqKzhCyMaluPMSe9XagdxKDNddOF9+plsNdtUa3PcQdOK1wCVPgC9zrJYZAc2X0nJ/SFZq5yxYBCtQOzK97f1l2gjaWy3nlZ5OGbKzZZcCJPwu480UCI6fQDcNWtGLhXdhqCIc18fZpCK141+o64/kMP6+MM4/KBmDyjd4R0ohEN/2KLiiswsLQqyd1+bCOw7DKgB/uC2ZywFTn5ORjQASl8TKRIbI16mwSW/TRBDXeGHHB8C47QzgLXB2A67qw32cVu+kCKHFP2djnWvlFNDJ/j+Uq3j0Z6/bY35uQ4sEO7txH5iK383LoA8YD8VDTuzLteIaXa7oEtEc3pryh3WUOJ7FohPFeMQHjkCXWLWvTc8ocYXhnaGdpybwMDgDmDR214y4AlJkX7qZuzjB2hwYPWM7BE2PIEj58oPXPD7iFjxKHWVihyKlramkJndpP5v1wMhUeHjoApko25xUARQfEQTcHpj9MXkqgMzdVc20SSlSoq0vDLqe5TuSC8g==
[2015-10-10 18:16:57] Cms_ExecutionException:   syntax error, unexpected 'endif' (T_ENDIF) . In "Home page" (CMS page), line 4 Encoded details: Ey03Ov9Yi2n6XInGncMxugmzYx+6kg9b4KZZF3iwvAv2+w1YY7Oes+xv+vf/Zle1Hb35qRCv+rNAbR/ILSNQNN7qoeVvMFx2KEIy6vKjnOsxJdpvOPdohnxCcNySw1O7IpuhuK6NXIcrbJZk47UU2lO5H9NIGsWimMJf3QSGnxm7SywQWBziK45n2/zEEYMwJErU6RRUaRSZCcwLU8UUGgOcB5qyfzQNqHq3WI9pUgumc6+qhxcqQIPVWwSTUZwESf+PvqzJZrce49Bt/+O/MZsPcgqD54EzsuTTqTJrt8zEEOOIezg99ZC07iKo00J7CuwA3RxGvIiAW1mybff+/woyz5TNGz4hyspi/L7ZJsbu1dGBKNQqSotrMm1clCNwqtc8UOstcfiHVuNtrcs3EEkhCU9LdXL6yZk0K6DBF4fLOkEpY6jwOvHalJVj92umIOpcV3yd46kvwprlvcy11kHzdaFbGfyYx26sdaDuG3qTkfR/2Hm4g9PdbrC0tw0qS5YPbd7SUZkKiSCfUV5SBTKhcz4OOsYtwSD21lRvq5GbnUQSBfNVA84CBtFaN1SgdyB/kF2wYjpHf1S6w4iYQJxBJDD1aMSTsNdU1E11CErLlLsgdY9s9A5yBVw1MCcS64bbQmzkwiZNIX70rEuigCdBwAvH+1ZgtHWswbogP23CIuZSZx5HHXvAKULEA2Rp8rINEjnWnjlor/992zAI0g==
[2015-10-10 18:17:52] Phpr_PhpException: chmod(): Operation not permitted. In /Applications/MAMP/htdocs/fars/modules/cms/classes/cms_object.php, line 86 Encoded details: 5MDXCGnuuGXkbuWQYxTcBCG/yx9zoJ8O6BjBo3PZ2A6mZmRLhCK3FGZtyB739IpSwh/onE8bSRyNrIadZdbCMOlKUMREk9bGpVanBHvLoeqxQ5LRR0DJp1pdLf4JV+gTBlpxcd7fjSVJCJjfHbVvajpM2RaHlIoLQO+Oe4SaLb4MOx2PhtDPp+tahZVRRBiQhKjoU0CpHN0iD/bwsJjzKCvS3IEU6jkxVsmmxdeCuYoGdjspD5rQ2XlHcHNPjFAcP/6Cn7Xt93EOI8uk4yFP2oWd5nz/XrfBVfBlE30An0UHsW7vCK1H3LW3Dn99sPQ+0vTdhWRXGYRpNF+2YkE/GHuhCeATKjeqyIi/1VVrlv21xvKWTNWLSpxcjgJSjT1azkwjIlJVt0Ea588xdAB2uRHrUYV87lOsxXtwzDv4CudEyNqTyqzahBoq3l6UouppELeI8qxrPBJHc+fUspf7l0jUAlk0npTanuPLDYyXjDzdA+6Clrabuj6wNHIVMtTiRiGE245mpIFcM8sGojPFmiBkC9CKtl96LpR/CG5HOoOqZwnh9eLQKkcmz+6hVHg8bBysYsL0QEQouPFgQ2c5w8iqYKPeamPbxKfVgaqeCc1LfOyM1kZcWgZt0mnobfu4c0QT/CpeJPHptKO0FL4p39XeAAus36/BjhIP4L+FCQC8c4uUt1vZ9JDoPPqwN10xLwJSjuXEXbgNjhNuX5IoB5xWXdg1hO0bgCEMP2mSoJND/Pgel1fJR2Cp30SuS17tVLda5xooaU/2W5T/ZhIvz58wAiZQ+qVYVadAayQQsYw+WAQRWUW/WtgtuoK+tN+0O31BKXig7Us0oABWDx8Rm+1Xc14Qe9Qx57ytRpJ5FdxDX1OhvKJW4YCnc2YF/b8tZ9Hh+dHGMBRnIueXcHq0GLbu+ALEhmMOlLEaMo7FQRtaPu4ZxGA3A+gNswgeAFwcH3fnKRLw+MuDR3zkKGpyb2uQrIQpTAmNEOvVKT7DpTmFQnhjpJwcvSRxb6mho0MQ0WfSPGYgxt14OAdXMXXopqYR2D1epIuv1v+Haql0N6pi5G/ZN3fJZ4pZ1njklYfewZIZNhG5MO14Xg7r2rvlxwviOvDaiHy/hLkcoGyj6VRwAMHYl+sWqkvDlyoeDJGEzMpvukSGy2sxCkzE9rXHqFkYw2gTS+z/6a3IOQuXIs2RACSA02j1AbTwwEzkBXO54yBoUl98/PBxp+BhbWj4xpLHlRSTXUgs0Ph/SolvAKeWFdfv4nT09Nkdn01mVvja+k+2/HtqvR1+Np3yUAJNmUWuJ0Aw/n9eJBm8e5lQi6ldmtCdVmV8JMWYT2SxWpfGVjPj6v4XZAb3liEqMUIElnxJNkzkmaOJ5tTnorhbNJtABChDEGs6Gbn54deEroS034EX8EnqRmj2UtOelf4kEUeda2TUY95zCtieTZRGIsXlcXNTewbxBX8XXuftudM+HmlLWxiyF6l9qblq8wL+xzqCgV6CQCysWqzIGuyoBxsHC8JO7LElM7HUU8+/ySpiZzV/6ySc0vAgTaKqDeKB+xd69DKHGH3AoVW5o8fVatWSWDxSBnHXbrlxtYLeVHIb7AGsmt/qD1ZZXHQZ+po62SVFetDaBLiZWwOhSLkX/aPUWy+r6ok3Ta2xql7Xb+4BGJDg2NqZdldy/oQsQUZGfxabbPFr/qN2DHO4H/TzGJrM/uGvGNTbiz5mA+UJjMtZWUhtrEBlLlTccgdACdXYhVM604/xVVjja7nr1m3BdrSmChkzVu1L1kLJoqYHuRVRRr+QCCTeppPO/ACU5RttHnrVU3cwH79OSiLc6vI8GvLB56wzMDPrVX2WDbRp87aO5BBj9hIVvxiG8SFMTzJPKHHkkapznLfd0pBLmay1zYHrgsOSEXKuNz8VOL4nu5Ggvtk82Itnp1KCGWUa4qPqWuDM1Xqi0zxco8KPWDFxczQHEOiQVoM9BEvWPXbhdGUOrvPm45gzSNjTxpKasqWaRjM4RJIL24iqWFYrDRLzZclN7IToK64I5fWdprYm+0e5y98xfhQV+V+IZSwysvm83JM3E8TOWHdSosYaaeJSO/Mjr2QYVyG0CqstlkM0ps/zf8LsigiRjGYDDQ3MmbEPNlVzEnh++bZguO82sbjI5X8Ff7OnBvJov23oHi5ozk1daWHkvQovGu8pEUxTjVJ404V+sUEKIhTWGje0fIi1t+R6TyNBRB4yCAdr4v9OU+1ppLNjgBW0eOjWln6kmRkh12jcYo6fag6JSmDTFUbWpsZHpZX/CMlSsU+d3o6yQFaMqcfz2Njm9oklHgptKHEH97iSG7dSfpw15Qr5xzl4kt1Zffd8m1X8kcdxpKENzcUOJCP/e/wKtV8f7QvATPG1QprFC8xh3oHXUToTrIdBRV5mneXXGeBqPFIb83D3Ef+7Td9k4kopiLCzUX1HIuG6MGaE4wq1Lk0hYjxPi1jfakEGxDxzE1JpyFz5HZybMQ36qMOLhrREY2PN5/Q/x6XEJkY1s38Mi2b3aP+Rvq9GLDOhPj3QmsrK2aCry1lc/M+wj6ByCRmZQ8XECNe9BiwDezxk07TWWLEXWyF7pTGeTrjJLx+LgIIcuNgh0Y99ARdPkR/YKm7sKmtpVgxToL3wUc/efOpGERSEw8hTImUCfUVtDRUs02Pc/zbWi4Y4+inPZStWzQ2cgZvocA1CHGcQpfTMUz+bbupcCgk7QdEKVSy1njJsnoxy2YwSnP8hbnCef2Iq/2YHw0zvDeJ1mSq2XhzKzz/zPBJMWHSIz0jIdut23ND36NQmh8zuP1GGk966rDtGtAF/RQnVyptyQG5nbxJOwAzcVNx06HT9D++hQ2ucukaZaJnZTYRveTTdYbxxmMJ6LhXrUk4BtlBP2mFH1VvaIMgTcQ/algxNVQHw+zD6rE5w/ClPswZ11wf2zT3tDxmnrq0Re6krMrN11aY8fncBZfvFtDE8Rm/grxrOVpDZSCUbXHDIxrw4t8Yhbu1gj4mOGftfq+bJ4nRRDeLNMC3O90kDPfIANfXbZ1hoxrieAOwWmyISUpynhk1mXSNYNlLUmbAkpwiMLfppM0XWlevqw4GwnESgZiwViiNzeEEgVVL589P13GfFcbmT7frddzqoug+mfOpW2x9IO3HqdEgU/9rLJaPXe0/eR95ci43azcgoSqtrNURAK4zSRIgr7sn3D98l8WX9YNwIOcATY8BkUi1dJ93iwYKGsqND8fLMh8YBKGRmMSJp4sKO4DS2IQXYoOmgY8ka0y4wWOCXLQmNKDih9A51Q5+9cneBkIp+fL08bO1I3nEMbBxKkLB3mfGWnq2aBlDOLAmOXzVxCEKIcrvTBeg7St9ps8vUtn50NFq0suoBQH9fTSZUj5suMgg73B3egXyXNGunVPpjqXuddkIVNDfzxycALPur0JVpmhwEOK1r0yDE8yb7+ILagt5hUpUlPYybOKReCjtgntInO9+4faWk04+0DBG1BEkiKqiPdhYocLsRrmkTZe0RMubRE56chYIIBIFGCiE0TOPDGWTk75WhWb1eTjb/YWvdgAzjhoUiMTy/13FWCop8fgsHwpTvRD4iz6wdOe8dRM9skCW7kK0YixdWWJ0LN/fSqQuP58ElvWFiA2NsYjWs1uRRplxIHCHWehd2nEOQKlf2n20EZKSyLAFXw9SjYOo7ObEuVJj5zXBnCzI4E5Vb+LdaJsn5tLjihlNIXNC+HQFi+wis/24hHfA965lbAFIKeXowsB8pEYfAF+CNZL+45VzOvUnXdKu/+f1Cu0twTLriHOHuvn//STtC1W3fsDxKPCsZBbFtxN9mUC8O7nqyr3zgXmLHHlqs+lFTWK7uiP7Gg4Mu/g0m+0rO5I4m1EOyJ66ivJ2R7Rh7yxZVkIK5RL4YoAC4PK57Xt9uRLo+zWuId6QUUD9xaSrUInHzQhxX/BSMPwkY/wX2jTOvTIWFGUlP21rP6KMPkIVsUGWNwntuTkmHSpv1+zAaWDuU1UysvihCkQyXiIsz74Ul46N/Z1FgyOMdDHGJDOPg6K6ze3zLFBhKRIGeFFuSrZC4Ed5xguf/rjtlaMg9m7eQ5k/bKctaycEUJFxa2IP/xbZcP00ppdmAtolKUaZVQlgEBDRneWjGZv6I4WKlv2z5u2zAIC8Hcca/V3zf4T8icK/su8d/PjBcd1qNTXkzcxD2SW6QlBBzLHMrk89RlO6BBQYky3Rs/eeZ6lHCTDt58XEj5ug8Z32w7RdOClBZarTFfneo3cwMhZaJTmfw1SDC012zJqgyeTpYbUablFaLxg35yu7oV/6Zr0C+Px7ken4pKhHr7w/ENz+nLXOmta7fvcyUUtKYeoGQTAV7SurL64ab7ISydGz1B/AWvgsI2s7yA/SfUYYr5zXlXGfrLz3k30fupmCObnlR3IaaUXPT8TOUAJNel0rM+HzfgnVmBB1/rmUGCjn8H6yS8twuSjgLXfjpxWlzr1Cv9czhtv1ZvxyP6HhSOlpPuQeRemQta0R7rSVzX0j4AkvjCSV4Bmi8LcNQA4T3lWlgxBTTwjLcwB98RrE32g117aKQHwID80604bqTn2YqwtgMz8s3UGx1BIFAddebkvCs+9gPzdYfzJ/jgAlG26drycJQrCa87i6lBTpn4P9Ja/sJC22JRqlcCUCIi3L0yB/qlglexZt8Okr5180cS9UA2PWR2LPAJHMkObP6IgyFBuD75w7hiKqNmzTUucxpsBsEx4XlRTbqiJv0i8uzgAVk28op5D8p+BCVvtw0dBcOpa3Da6ba1TUh7qeYTOouhf8PFY33TV6/73G0kbrHyW4/eOaDVtxrPQYTWNNA76GxWpuZL6Lj61/91tCf9m4/OVxHJiOaTB/SKRtefgRCmiZgsum4ePLn3OIP8EzIyVd4cgiAcWBwWT63x+qBVLsUXMUahynu3dOvwsvVyvX3WYh4YVSpsJW8kNza8do9bX2ickOoWBcyq5SMJO9SHNToxnnY5DYJDmXuNnTU0O20G3r6gnFChXW33ryIyUJ4/mVtLr0n1oLzuQmTxlyhKynjJntANzqHNDe/Jwf7Bnw6M4BgsjjB4JhBPmbtfSPP9HrMIye6KhXlDcj8pgfF4Hirq+D4JU5LbxtwJzNJPvU3NNYhdlxqwXHrkp46pC0T5aCYhhrXukXywnGSUpNFFu+n7hWXGyeLkAFHDbcAfFfFuSIcSABu13mXYfkQl2Q6TfKd5sOUfbziCD0nkvXyaA/icy1SXdTd4kelR0+kVp7+AuLyoPs2wzslzM7Jd2gUN4Gz73VX2e3v4qnCZSzkgzsNe+bLvUJuoq2CtQHY0gtsxDJSQSAfvbwssIp1pTd5ON6PXm5xbJniL6OFUlXZ4S7LP1aO+SkafPhBnAXiNcvr4FWXpoiZeXz6Bv73tnEHjGz4rXFuxq3Zz7y0BlahGFjR/qYdKl3Or5u9IYuuOA8Rk8d+O5mwtnDga0fzWqFXwNkkhhUlbBBS4ysPirgDHKgtaiUE2rn1PSQklNnPTVin+5rczyd6o0mJ5PBB+EpDz2sOj0D+/WqpHC8yAouTcTMYRtllngCKhDgm4vKvM18Rj+ArvvnN0tmNDsxdHad0GzzsUSuszry+j3MW+0at/sjjzwv7J8TfXuoZXq3amViTLN8qzXOr9xqdMMSB9m46MUvHYKF6YYCoqCYGrZvhXnKA0lTxbv9xgZtvClWh3umQuxhSF+/BgvazAJxrENisO4l7ccbW05uuzi4bqsc5RQXMH1vuLQi7lCR25gQVK5FAMKN55mzGUVQ7lDRbD3+kZswphZhOcVneoMyH1+JSZT/WW8HwqHAVRkBEx/WtOGsBpclPcSvXp61cyuIC+EseL27SliZtx2qO81BN3e3F2fLZeL+oTNcDOki6j0uNWjgfZeDLCwa6I9CwBDTZXp4Ykt7nJRakxW/4UDiRImeUP9MAaGcl0hOOUVgdsW2PxOZ6DjpW+AFRFjJX+/5+ICp2oVUr+r0B+O1riHby5NnisktYLwHU+s0WKNANJ7iiYdadJY2z6nuKNLc+2k5y3QPTTRmxoVGJ6cQ3F80phiew1Q2ADqxY2+VVVTfhTDJmx9PBU6PWvqDv/7uU0HhDhpQZ24SN4/bb1DDVvlD2s4I7VNurP+ShctMo/u0Oe6vTBmMp1SYo3lt2yB0npzOuzgvkBsD1XRGTrxiRaQ1H0E7eW/RIdmMgKIvGzs1y/tHyXrRCIzsolvScsqZwnp58oDTm1u7RgFHOfad2nxeJM1QLgDvUacOYnmQ3PHXtnunZcAZE6DCnB3ZwiG1jg7Mn/zzaegRMGZf2n1NIW/cnQv0DUiDpJ6dm9uhYe7H28toAAP4F4xKX+6Jg5GXqg5ZJJVELyRyO2wL6tPnYDn4LC0dMjFpnX8bj0HSKsvcHdU+UCy12HBopgijzS05BNmzWCooAaVi3GBiZt94oObGN+0DjX+StbAy726HXe1/QJlLQvC7Z7bmTLr+Gb3F4bXGv1o+A+H+HfqXiBP6Gf+MTKQQI6N8r7sbRWKLDdSQw7e0cKx/TMGECI7RQFi4D4Pm7Upl8Nw9mma6Q9vfWTOE3A+zKYje8BCZ8JxNZ69dCRP7rEjPuU+SoQ5b925hP1LBV0EnyFKjzqI9ewmKyhbHQqK1Ec6GXQQ+MIOM8JN6lEhMX//Lq8CKlIUjjrlLNodTFTkiahXAKjHiM+5V2cJ1q4rNq/OyoE0iN31Z0YeZ6/5KQGEM497yMSGE0DZuq5Pqt6ZMNHOJ1P3xqDyuDoSgoYbAoinEdtOcYThJynYYNQu7FXLeGT3l4uxwJgy8Ar4I8uJkK5wlS3LI8OQ6exvj5m10UOsJHOrQhHmfd7V16KdAtYgmIodFg1NcfjBYtPYJxAm4dsZ283Cl+l7tgb6sfUVcAIcf9RYM8UJe9d/yTVFqINHRkLaZgHw7Xcps+D7itOl7uHiZP3zLnZY+b9eVC6yLk9t/QX2cEmvVPq6MdQ2THiLzAfczuWvAvZXi5xPY5EoRt5EBrN4L4SItFxQYYV9ykqUgLWDmcntYOQgsU88AnPGK+MTo6cvdEa9TlLrtpRgM+wktWOCNu6jZN0qgAbUgO6CooGZ9y9ONZm4eZAlb7VnDv+Daorfz3SDcXDDQDmXw2H+YUs45xliXTJa3dxsl6FvnCj80It0QCIQIcHHatMaEUlxkzs2OwFHtIRIw8V8+r07Nji274zyPZelZKJRM+IZQNm9Qfqfh2+mKPPzCHse87i+Ow4cM5xBp7e1waMnv0mFXJju+mazklMDB6N2HLEnsGw4KPPB2c/C+dHKJ9Zjj4dKy+xJTqSLkTaNlg3RSLicIvAbG6rP4IAXvOi7Nwi54ZLgWa7Ut/NSN1MhrWw52L45euw0efSeRTY7tFNF3hz2ZAI+gpFLYs68TKcc/taFoTBARhr5jT1hG1nSkByYmca4BQdjuKGgxs4DbjXfiP4Q9VHmw/ig9iqeJaXQ4TGjQ6n9LviiS2fKxN78Jv8JN+85n7zCypw/q++j6KxZUt2jXQ0Opg5Dwpm68W8Qaa2zay+1CRlzihd39oxx+hLzcg+c7JzI8QRz/YvJ3YdKzRLRDjOWR6lqhXhySoW15eJsnFp+SXWf5pVGAzBmLYRf67OOVU/HqsxC7FuLitzWvs3yBbrTAGupx8iksveZ6qeYAJO9eI/GtncVDmAF5lhP4q7F6WWLy4V87ahpaAibtTEQ1J3yhaElzApbpm9iLF4E6vbaIIpsql3/WFMamG8knrOmQ822XJCUtf6IA9UzfjK1YCKfEHVy4AX4bGybQHMT4oSZurYDI8OnBOLXojM5UUqu3Wa1VBstbXRH9L9NVBSMNGOVkL5GleIiiuRwpjUvrdgXIXEaCtSv0x9ihdMO8Jd2clPRiMUxK3GzUAXEJQxB6WclhFGw4l2qbBhBS49Zg3veK62odsqlIFWacBxPEls7qN/uMPAR0x7DxnVjZf4NOXir9m+f8SufohK+1MX11l0d+jay8lMSG5KL79o6XYdImSCSRlJN/qHzabIaQMU+tabYQc6ziexwuYTGAedlDZBPBHd9a0TNr7e4KgsPbWJ+VTZyrLfJkPqJmccIhIRUMzkvwPZCV4oVFd2i9jJSvxtQPDUUEl8kAvtyzWRdXrxxFGK7kwStglBbzLwfhdoCrYaL54pBZ7fgTGJ+hNzuZfEOK9LyiWOdQsWcNOE28C/aiKuBYFcle4e80NjaXEOrXbk+MS7jHEb8t2baBOK0Oumh2fNR4xr8Vk160jxJ7zmxd0iZefqqSwrgrkSaCZ4FAczHl0PqDJMKbXpAHcMnSpflbSJcrHU6kP56Us+Xgv5P0p5mixnkiKdAG38mGNgOlzIGr2sa4o3cX9kVFEyOnrEoi7nkzbfWno5V+Tfeg84iSMbu7/eaJoxmJu+ryf+YPUmTnqE1uwuMAduPeMffs0s4pzilPMxOuGKTd1UzsKtW5Kglug30bPH9LoBDZkl07Y05C3o+C0rNRe5jYd97BFXAdmCyhS2k3xd522m0cQQEtGDm4iZhnlD6Td9l67C54JV2iBW1hNR6ThDmPB95Oq50jCJ1cqE0KIJY0h2ktfG3ad3Dx+r+/gw8Q2obEicjcpzNucOnphaPaUNq2+7qRkRpATdbBv9UEwfuuEirrALOzGW79foRV5o2WO0IcwlNo22LoWpjmluXkf2qDuPmb1ffEtn/6Cx9WdtGWhUopRkLbDEzpkCDTJ+6dmVzCvIJkSAtFNJn/GCIRfdiMlGyBoeZQDCFBXx65gjMpSFsM5gj9Ze4OHZgf6e772DFkF2luRbZaGEhqnWID1I24biuk65EY2cJ/iv74WjvhzUOi+UDSMrZBVJLAaxX7I9xFxppNdG///0JDzbz/UmeSz98UQGhhx6D8EO/+zcXVtbeGes03DgRI/IMELT82s+QLE9df5y8PV5otSDlMV7yBZ9yR0bpNn5GEpYmJ1IwrjKncu3cDVAHno7jSUt4Eqh9m5tezbPd6tvoQxCtSVzmviZcNjdSdooJhfOJY0B3UUhq5LuqAo3yx4CFdCzy+8zRNezcwcHLIqu3UJ5Y6l73b8eTPCsPmdBUXHhcfeFxCFkchVZUS8CPudU+Z8HVQ9uDIL8jM6ujX+CWdgIGszP7/GCXVXa33I6dZhvlb1On5aePiEL06dEW8JYBFTiJRBsQRYf7vcmy32cy/bJIVVQ54jaAGC4HEBKFK3vIWL3SWRBtX8e5mV6LuKf8Tkk10MV2gahV0XIN/GbnUpHnuDMhZwZi3eW6+J++G1e3x6wzaP93DmhehhNAzJ3IlTCCLH3rtahdjTLqZ+DhNGrPvjkgS28vdWuEPcJrI6/57t2bZGiiT3d7Gccc3RhZaiAJQuOllyF5MtTcv3QPGk/vDh9VcJmGciOZQSBeSXs1dx76EYMlOLX9qmNSuqCqNl5S6TdpDPeGr+0KiFuIAHETjcQ0WHumvx+wUvT9JSORbSJlVPQ++HH7ziURuirayV14W7F5hv++yvuZe4JT9tyVrX9+6FOMe6S/x7LTS9QzN5pDb/Ua8xZsv41XpXUZVaWKgbj74J1rd96yPI9WiOtIkqD9zAl9pISw1GXUBNBZ1AnikQeodrtpHm9AwF9iuW+RVJPlKyjLuc7zrVC8YKrXHk0xKvXtkMvbUYCWJ7jrHrvPOXeGDEWZnfZNdX1HzAxGlhZHs75TqIWZ48ovfSH5giJZu08mx+L0yCgrk8lv2sWQfHXllyMPrR6gtjG9hXUzbmjPKYbmYZByn7Vi4d/vTBSCWlwLeXewRLxkuwpWSTNcGRGM2NlNeZ+12EX9VBJyzDK2/RcpRjLfx0rQCuccwYehY6UnRH6HJgn+4dqCygwDkDv/kaGOq85cAnP8FqABs2rLAc/HoX//ktRXL4eQQkPrGx6xhcsdvBWYDlg0dQl1bKLpUBrn2DC5IY0GftX/7I88tsNKKk5q8pLmq8DzodEPVAOAqldwa51ZG4A1VGW8y77W9zrGgpKa9dwbneYivkOAnhwk5PQp5IHpRl4Ym9IwZz9zRq7TlnmYviXh5bIrh9gzyEejf7frFNqOvX5msS0KjVoTF7PB1YK7SJA/lKWEPQO4X9++i1f7EzG831Ow2BhqtbqC5g36L8EmtS8huralYXvmiCQG6WcBm+REDsKKxdXvY3jjPPPyLYd1kArD0K3rsM3OuqE0uF6Wbq3AwnHk75TFETBOFUajewyU2dJx1OkTsOVXvfAV5SWh+jZ52omujDwn2771hSsAzV/fPe7OGfPlhArp98f7niL7/3IyDz3dCSrteSbSX5oIYbhxX6DxxO7KAm4UWCw1bkIZkF3QEBs1bAejaaoA6rJ4kFhmQmcFMIYGF3kTgQZ3oaZT7em47TYqpfcPHihsAzIKYYEDHoElGxef9sTwODlJtN4P0o5xq9MUqI5ZpnOKQGfTWufZDxKSwx59L6mVdx9lq8o+gbkQHBRq1JR3dTsytNlqRBTXkI6mqYV8hsrkL+5JdbXKdDoNytSlMD+zZqERKp21trbsD87IZ9ziigRVUQ5+s7vJUTQk6ogqUf+uyEdOKnUQtqXeaYo4U9dPxl4d10tFgjdgblyGBh6+QXhS5/iXAA7uB/ynJsi73jGsffvpo2ofJg/NpRe+1cXO5yfO9pbeYRBUt8cnk9BJgH+LCLB4r4L7gXsBFLmU1k17Ad6OAt+1bgHiPcRWgKPLVixuKRdCaBibsdiE6PZWkY+ZdPaFOqdDcMgSNM+TzsO7vJ+uAZnW7nQnP4TJT5Dk/VJ+uLD12jL8ku8kUeOmmdi93T4i9OMbShVkOuhJw3K9u6S6yT7pPWFlZqgTkxuP7fkvb9J7LLnelMiKcvxaWHoqn/8DMuemje3k4X64aNz2yeXtw2ArGauFxLRfXi1dDNbYYdt1G4JuUwytRMxXIZC4htMee9VX+4byS2GEqyOpuztJ9EmaXnvDxQ1FFv3N6ZIGw0fWb5xNnuPavc3PIe/w7QrotEuIpKEll01HBdXgDxTQl66r8LEEBNVaZYaexe0Jv7TjD1+WN/d8Dy8w6LKNvOX7aZCyPTTfJgtsO8GQd2Dg9GN6naMRBMZT5F8D61dkb2nnGcO5g5Q67hr+42b1tdBsVPxw7wjumFFGtx2tPrWM7QovtVbFotw+TsnLW54J0lQ9Jd/nL3kBpRFJMaEt/MbzeJOfmd0vZ/O1joRuynKQwEpLvejqx0jBIQUqNGSTLb0Puu7WIEFT9aMdDu/C+l8UqVls2xhI7BiWuG32tsJyMDHRrMPX2Q33lP2qheKwatDASPYlzOxcqerx4Ps+4SJOR+7xqvp2gnnFMzUPLgh3x9kICL9HHiSSUgpupbSOmSg6zf9nVcFjtqjiBSw9TJ5dGFz6bqpwkwc4BE5qqy22kxtbn4BrcpnherH6gzZtIxH/ZDkPQbTVK0DEX9XhXwZSY1r+IFK2SMcQpbSC6YeS5wh9pOWb2AiCC2qmkJvoi3F1XsrttaAHIOZYjX6TCs54XsPVmD3i0VWv/GxEqDGCkg4OCjxHQdZDOew58zVOVO+gdfAweVjP0Pvw2UrI/JvmacCINInA5F9UMvAZ80yFIErNgf0v78pwys5xzKHp+UVcnmayNJqx3+nMVv2IKpsqS8q04DnrsFhDbts5OYt3WitHQxTbD54o8X+caaqdnr+/t/2+TVxl7EP/N3NBrBD9FTZEK9l5+v7tBgfSPI48t/RnyZvsbVueDzwoFSwhnAkVnSrURLVrbNRfNVSEsKijllRrPiCETvDwC5jTEY1llv0JOnqwhOuhPjwYZebJvcfRBwcI7KXtXl85ugI/mcHuBhTbGGfRplUbYpoNfg7oiGX4HDEjC/vNvtf3rTNaPkzAEbDINls3AEiwo5GK8dxX98DCTY3cWpHqa1CBWAfSnlVpKW+yQ9I79sL7V9O3MhyA01VyBFKSjq8/vDvVSA4QJ59hx1WJGAR2AW3RRtcQ3R9K9U7Mx4LLv6JHJy5HEAPUNL4THx+scxsHfsSsUeqFc5uyJI/94QAjKjxLg+EsU/UfyWSf5ohwW7npvCRyjriLwG0J36EggNWF45WqgMUGIr8fcBCIizHICc7JWOL6lI4/dQoREtxkFyqWfLrdfIahiBeioXHBdnIfaM7t1vIbJnaGdpFFw5ejEWWBYgnuyCEP47gKsF4k8q5VwmkoTZm/rrQzKuE55LVcF3MGe0Pf7nD4UawCWsyi6CMY6PAUMIKXTo494cw8Qoekl/Z82zgYegzWH7T8guf5HA3yb0Sz66Zn9eposOI0x/SLrCsSYKgN1OZB34P6qJFoPHSK49OtZ79Sk5pCIBuZN63Y79nBwEEtgQAc+4VI/dokLUI+ytgUPyL+mMtBZUYDvn+sW5eRE+HaNTiWyw93Tv9YmGoe8Oz1uIHNolsxWTd/sbsTfsm6zR9tnqqpY7M/jKGTmaqnsPZzgMVpHWylRH7hVMFo8XRMHp7bpiE1F0qTvpzkDG2QUfAEkEyh/L8LDg+2gOxeB80OYivrt32FfOBSozc0u+e6AKq15mCC+beQG83F+XVw+D6BnUMWh+Kxd/G0CFb3Mt1fuCDlM3ormbIWzSVGdlTUCglcIfSCUba+1AH2B44s29P7qL+/Ux0usob7UhaCevdsJLyaHFKD/azIA+ZtEZvrnn8+/Y9AxI8T3+izJjVf0DvN5bXwRz8zvvZsl/0RmonDag42gR9xgW/0IDgZJ4a0mTbbDrF5Ef2/FQwZzkfbE0H/78jQf+hnCbgfi0HCGbmX6bL04u2ygF2L84+SZZItHdZMqw0a4eO8RqsGl0zDz0ZpuasAEeZ2soK3sN5tUhejgoMM5l492BBrLL+5s1fV/FH1ZtfSHJM8jZ9lHDKcTAhKS63iM6OOzOQfLZr3QLZqbn9NQBk57NYQf1L7zoQyFsvh6Jbg6gWfVkUIB+mLsDtFusm5k14xfLhEwyN125e7gYcIPh9XT+ubMbWLNZWKALZjRBm25/ROfMrHT1qmQkavLzKC/IZSMYaNQupfZUrU1vc7geJNbOZjCgFPMtOVCqm+va6x8vqM/NTSvYtkZpz+Fivbkol0XJ9px5jiWoYVHPgv+saBprFi+oDaguO2YdGEv1pORqHTf2/QqNz7k6PUhaf3EMLwAJpBkA68m8beGznXvp81y3WJXGl9a0h4UFdkApdk+4EE9Y3Kzc6x79NRdiLshXNjM+8kv2ED/4xx4uPOI6Y/5C7LW3woO+GcqFbh3dIH4Hpfpg94A+WAmkz3fnHRqSy7F9mdFG94KbJV9uU3CZJneA/Q4iYVBAy9SK81uwmN+blEXfUkPbOmoUlkeFdTG+zxIQVk4TjDrFwfOsbrIGRsflp2nne18qUZT7uAFsb2uyN8CF9XS3p4sP1nubVINQ1JfoXp456nEgeP9/NuB6s0PI/VI8lnEoUQ/OnUV5tnLq8pNlBCAm+I/ZA5aSID+LPIxdUXRuId+gk0+fxATBvWgqLzJDciuHZWer7W4fye1njr+aFU/n+dmcCYLmwRC435Xgz5cwSC/iJ5H2bm0hcscJNn2zO+R9i1LG4WBAIiPvfRUfejbXsTX0d6L4rzGIcmvJ1+PmzjUdEHEokramaOtJkneywHo4ArbUaDy/IC+AQ/n634p0pGSAR86VwQpp56pz1rmaxtMVjmIOMFUiWfqC/zNVRxMtOEb8ybAy2sCX/+8J9OmqK2J5zt8ALerIZm5/8BWUtIvh8Pw1bV0QSVVKWfzuJHsEBe6vqqi+vxxee0srN49Qk46U6UrMbKpD4tcWHvPIxUdFcXRQwmL8NIq3qix2/WrL6qP56+b+4o8AWqjV33A9JKspkTqCMahnt4WYLGoLvNmL4svxY6mcCs4xgmn3Xw2ZYVViUpXPj/MNBZgeDHxqwAKM6iFCP7+G2DmKGVPw6i+MdyzCKMB/uv1az2TyV2m5pnMp1MW423Wd97SnHnRLU6ZLfgksvwlFusZTcrCQzytxZlXaKPowz0jB4CHvwEJhwai0BmRvOR39CRcdauG8UB5fUSalCvVLrz5HrhoSiTwse//ASGH8TkxeOSpOEtYQNAn6SS7XZ6T5ybJW2PqVQ/sbH0wXVLzXUmQ33UdL5QZcUwcnisCz1dCEVkygEDYd3zL6D3mmXf0WdjFqwxUa+BCU9UPEUYSBLBF+/e8PyiLxlpo/fmt/L1w0OGO8ZWkpqNpcJuN0r5G7evxTy3lHhYM8ICasIZHksRW76vGreKAZc3QtbCzS6v+RXLXXR/DGARl9mCpRsMcr7cO8ryF7xqINQIAf6tWHqmAF5zeYDUEPSrsrmPFwLp/DPbyz0DB4bZmaSEookM6w4VathuYcO4BsQ+sLO4LGsw+qB2WgKTxCylZMfn826uBTzc5BbnOO35jOatWq3V4r7JeScdDe43gL6jxY44AZk/RSXOvXlk89Y/4rcghdXFcAv+5F725BSj+jo5FrbPXQBSCz5PL9tNLOtfbSZFQ7aa/lcrBn5wanVHfnzR3inOObvVg+9vi4juuRqXolFRCOdOuTS8rUO5XZc4CvYdQ7VhSgYY79Utj7UNXqhNE/dT7rqzNF9tRWRn+m468kRW0xa59b+wq7op+CfHgRcu/cjyecC6KddK5mpXKRXGEaLdEJkiWHX3CHfh6UXlAe21uUmntyeBqi6GffNx/mkMs66JDHic/ZUwtMwHA2yMq8UnrxqVmAKciGw0JKIu1Ektg/wcv4G7pyiK2doR7lRMaWPhJD8wxnrsIyQEzfB2MmEITy5eacz4akkl2431+u3TbPnWBKzmcRkrRIbBkTwjmB6kuWhN9Tdb7qP7J9uCCoKBFbA6QzMkqr3Ml6qV1wV6CC+C9zvY84NU8K/1YBhpy9tNRyqx5GTFzqJrfqZOm6Dm6SYyEWxT9xp0c181XDJA+/pw1DAr4km2aLUGfeY1igMypWTPc5qbrv3Xmo5mC6at560I7aHzVFEW0DNkTKXg6zL1v/rewA5gnPl2LByvbDn2lr4pWHbp9B0TqSMZtSnfZBX9MqmZd2yb1+WTHPTWixlUQrDHgYa1aU6luh4fRhbj78DzxQP5LYF/SKj4US0fXDVfAW7uXhzj/6jLB+hZjq/3uO5aqytHCRzQ8zsFKsdXdE6bL1rLiN1QULLHI2ZSgFQn3GVcovsSCVjHeoejcWCE68mW9bmGrpwdw4DEEhYkoquKlYLJDi1436lPIMsoRVVwXLUktIRSNvCIu8B5zFlXYcRB+Qov7+nHdYzQp6FAxj8pIjKB6DBHm5gGSh74XYFYdpsioRIMEGZBK19h7TUToH7iTr/CDt7zqGDBrGmJMYt4/zjo0jgXzrRPdxsVzK2kZqnTjt/yvbw8Cvx2KBi/vad5jQ2sFStXEUPTzlbTuNX25VzS5Qq3ozCKpAkQtc82vEQMOvhHS86PJp57IYALuxbOYIOaRBIeYxWVWIMeavGSnFoyDXMND3EHOGzwHfdTt2QlO8D/oFGrCjkCrhYR9/FlalXmH5LQLBXBqpvFbK4PsKiIKWen22nE3zZnLfVn77vmb8V5SxVkUjZlDPVwcZOcuufq6N3Y843wc8yFne3TOe62LT3Zb8qhRCiyshmHBPZ/JhuDfKpSR2+IGu9FEm5SRQoGgEaZxJ/b9jzrZ+TqArZzK73ZSaHog7oft/0AzZWxpv2SxzLB6s4KIM/9I7PSLTbWk9ctH+J1oS6l/ownlhYqxtPeqDNc5sNrQJI/y0IBUZPBbEAx0fRF3hbx/1B6Hfk61gWq2HoiQGHUrT2eL1wI0WfHUpSaRh+mjnRRbvs9/g+3MU60w92gf48YuMV9h0xCD58LwmTZPlpII1scboU0620WDNG0zMu0luhXu2JhkZD4rtUiv6kGxSQM34sd25ypnLW5plOCqZXG1+CA2Is/KqsjqHE1craWITZjq9Yj2KlHxOdJgQnzCd2tOzxDsuZO/4f6coaodb7sKfVp8eUOp6+9voZcYlmWnpRbpONQ7N3JraroIlIKlQXY40M3h7n7zj/XfELTyxcBsv9RiNA7X2GwGsoJhK7Md2zRP0hFGQQdam2gQ82/E9+wZQQ5SAgEtKLK9M6ONU3McXg9GWV2tqLGE6Bsm6VIGlB0A3GqfiH3oBrtCsL7OR1vE7/7y9EbBwsGGm+H4OABUhLX9cOAQ4dgXCj69CE9C14GuwSiBZ0JXXkw6An1/8+yJC44bSVr4t2sB/a6mYfv+ZvowKSMI1AqPK+4IYFgsHhoO613w27lSb1YSpLHTSbSlwXm6Os4ujX06d8MMTuTCP0+RrCZOnj9wQaVMybNUgagswcND2CpbrP2rgMJnl1/u43ssgf0REyMUsC+8t8ysTKLB7CS+WG9jea1/FTWwp3b9+ge57a1j3wSS09AraRbmH+IcD8AZz18fyQOnN4lsgKSvUHu6eVkLxAan4Dc5WlsZoyIEuAjpjzwvzgp82iFF3RKyHRSBpAcvnAi/izdlw1O9bNbFXmNk5qufdo/xP2IMR8A3lHFKKN+aMYbgi5FFqdBX2cTxXzrh+vIScsbHN6+TbcXbJI2RhIb0wOqKcIzMP0R2SCq9ihIIZx53Fu4C1cfHOuWEdBbp9XjaBvDtPUePtD5ZxAc8HaUKZf/4DFYZD7tiVXMamThTG2KVVLwfZhnmzK6DFen5Ow+RUew2bRLzHresoCkEIUxz2YnhnMchiwfS4a7R07uQuaSU3+QvRQznXuGFFbDTrxPu3wt7Fkstghsh0/NlaBuoCceoZ1xdOSlcPwzJHTi0HwRc0PiCOnBnovQTlSLG0Fi30YIhEZuSiLXsUgOK/dSMQKdqXH8pvD78w2V6jDV1kE3U4HjTmDWmEcNaGj/dALnb8G44OzF5rF0beZXGx7yJRAhggwoggyRqkhWg2qZ6Qrrb7k8DJDFkarWHWTzr8Ufwwaje3ggN9xVu+ZcFjVF66Uew1Oh4fbTzPpFZMBV7MIT5xotPi+G2mt7TJS6ZAcKWq81imKVlPG+t+RCpGT/QwHQU6Blob9bOMWdxbgPQyaR2LZsrzgjWS1opxec6kHFB99IibYMfK3gw9X3a/+Tocn5Nxq6X/4IkYYsJp1oDKR1zVJyRw8tHRp/d0VKSwQliEXoC+8FZiHZCwfYNozRUHVYMXOTbgS4WsXEwPt3DRiXU/rHP3Dy/zhnjfTH31w90iZKC0qBzxu0DGj6vCpU+0FZ7tRzLXfZDBGMNqF2FUusl8f/dak33OAfFR8e6pGsId1CIReyIb5J86GOa4AWKRJrUe/pMM8zFQf6CbfxERvQPzpxdCkoCdxTMJY4Ea0PR1/oQHmxbzMPaQ68f4DNafqR/6ZpoV9o+Ycreoz8+SvuH2HLUXPJ7ch7ghqR58kI0Yat0iBYw4Y8rhObKjz0Qpz0DHHCflOlRgU66vKQJ0ztymc8thyvDfbET73GsOqxZgr3VCjH7uUglrrbt3WLms6A62cc9/wguoX06GSfSU21qfiO+3irZLDvwcZxuxyuqV9Ps0PbiRy1TZP6yh+INm8jY1Km9w1o13ki4MQ8pWNlXxLEiCNi96MEvfmbEihKnXRzSc4wqBgOWegvv5iCKdzbq91h1ovHMhFpzgqnr9ZIAb8VpRkRHbkkAMyVHXabNpZsER0QnOj9KgUA2sIWj2x+3ic4trhaCGe4t3rRXsax/ymzPLKmW6OsxWhLGxA71sJ4+e2kXi2RmlqlXt8TNiFZcZ/IaCisUeeuEb4ouyy6YQLPawYg9bXB+D6ch8Iz8417bVB3LD67mrTcaNYWHa2u+4wYjERlJQ4WjM2/JLxrIO3tuSo9vb/FUWICQX9EK2yF5ZzlAiObY6/kNYOgi6pEz5lyz9XF9QKKRArg0nYDE8zCdULGWTgA==
[2015-10-10 18:26:44] Phpr_PhpException: chmod(): Operation not permitted. In /Applications/MAMP/htdocs/fars/modules/cms/classes/cms_object.php, line 86 Encoded details: yDUYFlLgw+c4RnMOZ+WW3lgKAQvYuD4nVsQjOrg4iORc8z/3WYT8eF1EyANuh/urw00eDgQyfJE2TXmlJZO9c3D/ANhZXFhTXlwzfqfbn2dAbuzqgaHaRNPH6D80khrVsBEPQhnGwJfDKMvt6zfqcm6OrmZMqYC2Ooh/mgTmloX5AFjaeUct/Nzg6HilpXOVBYchLUp9u4MZmRQb2c9vZ2VNoJVgkTq21GGwsNeWcf3aonYE3qmPHNL26y96J94DrmKWvXRFXUouWpvhuaGpRsoMNboH1OpNxRU/xnzhPxHvap/Iy1ZcR75acQKG15OIUSD4FSiKnvSnsR0v4h7u5ipG/4Fcdiacd8Eywj10zTfSsmGOyd144aPpO6dmDxkDHXqKBqmpukbu4GR5JKYeErGgxk3xKhsbnMbocMllesAZJFG9sDZzwjeM1cLG8iGIuksS0AZkygDNLt6f2qx+TZujIRd8GHHCyr/twWXwO/t9X9ab/JuFYfAwAiaQ2Iysc74IRNRoBmc6myQ9MlMHoQGdScjcGTFCWCsxs5prfTuWBsTcgLbstA+9KAGA3+393NcZRDV0geD4D2a4XD2zfFMoAz0jS1DKX1A9uTz2c+KgyeSBSmlmFWeBpVNNKJd9H2xlhIZgMdu5FM/Z7ZAe41S0vgTFIiX9v7KzXY6OM5zdk1b02Eu4UYVxbrLP2lCdTvcVc3r0X32X8U4XapOLqTB+SzpGiJGOMyI7Gim9hSSmK/MwBezXWlnDrquH0/bpFJTT403pUCWkB/obd2I8D8tZUoeBwqvfXT33+ESckf58ofaI9B1ARi1Vj5DWJjcfoF4qjM3Bef0uZhpwbWMrYnBKY9I21rg68sMn7HKyAoa+9iHYahTqD/u+f7ejmnrSxL+6x0z2vC4Hbhqdngk66hEsEzFb6uDVbbjUyCzNptU2PBeMoNUZ2p0Lar+YoFd1UukCiUZpgsCQwodamdzRVWvT8j6b26p0BpRWKjYGAF4MWaG9YIo6b12JgjJqnwIMuItuxCThNp6criPQL33df0Bw0XcBunFalyrwL49iPA+dR0RvFKqUEy3xMHEDEOUfpCpcFSYSEDNNtb9GU+hO8/iYnGyvsnWWulRsZ21uOjjBMGfT++NyaIDUesFjeAt7eO+if0yIZaT54poQ6e3SjTD6W1mvvGFHkg2UWMIHeoxZDrfPrnfZMLLcUQvEtnOJMjmOIV/2vRNiDngjb1vzlR+ZMbTIY5m6WLYnDxn5kFaDRn618Ux7BjBa/EDJl2SFabbVKwPe+2cMaieAyZGAtYGWnpocZbvywNbdlWv8erqvK7bALGLlQlIRegb4XjsgcyoOGhZTAEJST1A4ts1BdliK7NZ+gh1zXhG/mHCFoVZbichFGAMugmvUOTJP7abP2seCiQHUNLPGPdG+jmfgCvMHmR2OlxyESK/ihVt1D6VTwZIPGIVasGiw4MeND0nVJX8fJJrN6GVrH+LYmY+tytUNrU4bhkEOilqfo5cHtbSYH02+JuT2ounn6MlybTMbDFDC2/f9V4P0rq91e7N2KmZ1Q8HcZ/UYOHdh5bH9Dh2Er7pbpPERtMuFpnrvJ8dbnRG/L95KU3O/ECuibIgNZXUvZ3en9d7646GC6lmxgw8+Z2XNMy6Y7aYBo6B7kXptq+t7r2W/VpGo5N3cciyL3sHzxnGHyF1vN79osO6/8oohlIWGYyf66f2k54kyb6hxFFlXlzwQ93H6hKOzUqOa2b5Yno7wYrUAGuGiB6ms/SJbPavclIjaxl+SHEQ3P8oeuUisNuUv3V/WA6ebEJas6n0It2NVeeU3lcF+D9O0oHxHB0NLoVmbdNLRyrFzPH6rm/6XMdo6qcMuyHAli++tJTx4sQayg2O41ePf/ZxlTA9udQEokJiA8MEdoIWA8JBJatoj3hjnzPInyNOvX3c1aeOf4X2V9MYMYRKJT/ipgNnR2mgXPuMyqSbvYaliv6uk8DocFEkh6iqERLfBZoqVpO70HLw7pWSb1aT89nl8O9uVOdL8oHsrqCCSDEF6ztCBV8khHdM/4mtBboiKXVrqN/1j0yGFKVVaPTzw3+1q3LOt2w9DUOYo9Ec0ywd3EjVfA87APuhe6SaupvOPrSKiJ/IJegcppL3NMOpNxS1JaRjXOEHLr8PO0o3HaefOpR5HCdXFGaoXHX3AVbwk4K/GKGWlbPUsNyZFJMTJ1vGmM1oFFQbViDR+JTPdzGVM1zx/3AdK6gk6AB2NUhjTcwHpkwK7cfgVieYFB4TYJmKZ3iDu3IT6xC0qjOsZjN26oHLNyJjyA6WVCZpxGFSupof3HDm/EgGrjy4nSb+7Qw8GmD7Sj4BDJBYSJyrPavxYhW1WJKDnpnK15yAt2fFxzmmxlMJv8eI9Pp/ZGvtxCgYOhUYA7mu3KHWQO9YCdi/39rZznfZdqqSLRltRYTZeCtfn+ep+yFyHb/HRjNbcEwk3yTYujEBWgd+gIx8ZKwn112liVWIOPJqvX+I4HfXcjnmICGqC8ZzwX3bBI6goFSfbqEfmz0elFClti6/Vet2v+IgpBmt7AkSAx/0wRLG31dBZGYhpsymTofyAoIPWde8+oH8sxP5VmKLJwwivfQ5W+I6982XCO29rJqRsyRXj7EAQW8PNvF7riH2lixqk8vO9+4Jum+FpHH2Rm7vMGvB6mW2Hj3wCwQH01ipJ16g75jepfoz0dzHTEjtql81OdKclAsT4vNjPJae6AgZS7yFIHQuJO8tSx7XimLHJLV5l7PPiPgEPzcsxpBOfpaClD1mLQAfSDy0uy4JwqzD86EjncPG9LKPnh2sGGOQ50/UxfkZsA0SlecbeHIjMWGKhUemHmSgxM/jja9jQkWtEhZnjlDUwh+aM7s4ygCK+2Icf2PKcCQLhyNgpEwHA3y5u9KJP4WQUSuoJPw7mbDjb0IibiaVskamy9DBWsFe+M/MkKNVYmC6F8iZEqkFZ9KGjL2mbr3iHtnMXmbLKWb3BOTA6mH2NDiIxr187zP0cRr5a3Q3w/BFrrHOQM9aa/a6UrY2QmFlPC6dq4sRP0rMzo29RofWbx9I2gc1qJmpDCCwahCBl/bN0j3rtnfOGozVPcfm2yqvwGey7v38FGLd0rhZmjApkCRLg8Y/aL3z3Zjnq0GUsOLsMphCRXPUQ8H+VnMgi+uO9UA9UOrAzSRivV+WxNxtD5PpkMzjupwlB0oZdImqxRy0MxIi0OBvYzRVLmWHVSXKs7ixr9Td6/wQ4s6Dwz+C0UboZfrVa9l1rdyoSp2CvqWI9w8mHXyO1zVUeuQrKq0LhrvIr2nnG4ikmHVt2iiCo0JMrrynaC/vebfO0ql56CL7psDzOJU2lYoQRWIVDbJgGS2HO1UAcUSKMIh9HG3uE6jJfLrp/5rGioMP1TIiWVCAw3MM30clHmOQI3DtGKxmfxUkSo1drBU3To1+vCyn5tZ+0miFd6nHeymMTSBqHrTLr5OsYN08hq9odSVW4yLmORqZ2y7SSP9RbaMMBQCMkpWJnvWb0wPUWAsREJdUNa1quf/rm0X90oC2cPEfEzo2kurDhKwXiDvryXRLBaKsogQm+dSMtK0cs0Hb49iJEyVbT8YXUK3/n4ClNhXROsDsVGpxDlofHfvp05/TZwh3PvFI12dQ7COjapb/2hZT5/T0vs985WXvjN5OUgQrOicO8lzjJuZyNPJXkcr9IUZ0d+zFuRRAS5we/Y8m3TkjUFMIVXo2XYEvztFqk4mEOrvbE9F1njpwT75toc2sNZ3kIiEC/tRCEtsOrWptP5+sArOqymfT/HpcUkh/QTG+SMX4pFrPsEIvW+jdNmmZ/jqC/n9LMF7gLQ+ujOiqhm+ayk33wSSa+fpSKEDsOFeyJYvAYgdJs5U2KFh6TeCamnBNFrYJAjJ2T4bzdQBvyhd2k6cZDbWwnL73s7mYdfvCWgg10XoMYCHuec0ylqyBT6cxIX3flehtJCTPrfLu+PX8QJD1LXI7urWw28DgU1AL7VvHe6lTX4Ol4iRptu8KylNKM33DxOg/H3gultL012ln97e+zRVedLutQ9u7xlzRP1guBqkmFEMFsYxbSbkUPAT78F8NUgPeP6+RL7I3riLi3tR2CF7x31dFPy6mQeyP2tvVNqoeVSUuyk0WDgK82wz69aGmkBgze2bqkM1SWttbbGMMt+S9Eiy8uurIeYKId4gywuD2DWLw6DiSkbewxC/x9y4GhOppYlHeM+xRAtS+BQ7e8B8ArKfqZZfT5WTkpnmA4gLKUwRC/UJSyzkSGKvaNcaK/X61adZlN3XKsP+iC5SYKAcqa+8xs4mtFyTIY4p+fM2sor0H8OfqvGq631FnUAWqRolRzQnhuoZLfDl2WqDKnOue5bJwofiN70aqM3PUAqT+kIswUw/wzhZdfJ09WpPBQe37kHqSkv3IaOeZLZcK8n2CchpkY+3m/ao2pwjOGps4qskURMXSarBIEXciGthqQnZdKHbz59MWxWVDd41kuWAAuST8fdnzGXNp9H37ly4hAIx4u6Nq1G+3i/+bXZXlCsyR1zx88mJXlpD1gBojvQYbmqkMPml99a89qy+w0aN4uNe2hyFTg2oC2Z/sTUK6u4T7kxxK+KiKwI/B0cenlF8Dspce8xyWb20zUoNdYSI2W9S7Ui7g2o9k2yeb7yovuH0aFoj7bDUzPGFsPvA8l5VcsGTyleVIMV3XV/W5mhdRwXTJIgC8mUbdQ0dvz/E8y2AvLHANWjI/O5/xNCZu4BQLB4vgabyekW0vvENz0F9sB5sD373md6h9gspC3CcTXkg/8cx5Hh5s57y9zZPklU3BMfSlNQwQTxMQSbzUYa5iracIyfs5Au0nxbStMiSkuUK+5KdCJxxMPZ0jlwUKCjCJ5FUkoYkowEaVV8kfctiE5qW2sVPRWfV8Kc1BzSzwOcgjPwDnrXTsgXtUl0y821fhBcYB8bULAIta/4p91LFuu1qxoafdPXHuTo1Q20Y0reLE/b30Rl61TOQQXGGvsWwGOGuMwQ9b3D5DGE086cD6E8OfMikjJOK1/32R3RM1m1QxL8dkTeaGhY4+ABmNWqhtt5juTAqERR1XayJk7iZRxipzQfTOIuSuaFvK8lk7qNsr9y4qrnlqeCQeqBp2aBYaxic6oukmFUb6ryBDJxmbvSlbmfssc9ov1SCsIHiPhleCDoz4Jo/yIfVq7Xgz6nna4foS9yS9p8eyMTSNqn+UPTaQ41X/Dm8qdAjTw4aYQEJh9UsDFGLefmXGVQArVh4D2Kex0nZXG4EHKK1UN6PDCvhJV7SsFy8goV6a84dCqiMLjaNd0BGt7pEaR3JS1jye2/FpdlzpVI8rY4kuhGrRKXqRUHBAxerz71QYJofXNPGr2k8nrm+/8c7Exz+2yT9VyVV1MmiNXO4ylVQKb2nJjUWx817yzGnXctXXogEm79vGh4ys+zTB7r07thdkUwvgo4+DcHvyNO4tF0JCPvTEaO9b4Rrrsf5V7e+UZtq5xln97Tehjbt739gdTl8dDBu6vF7gh3Cir5ACkb5xSCqqSYlMvqfMUsuyIGcuAwCaPEHjt5fIqgRHDpgSDMNleudAJzFpq6opgbFTrSzwclbFsxNY1PPLFC8hwDq7yxVHIMVluZv7LBYWBjYqi55bgAMv96Puqi9HvVTPmHwVP5uf68DHWdGTaZHzrxX56wQUyxY26KnNku2I19SOz9L9ZYGJCNS/u33Tevy0QckOyqiiT7P1gK3HtT2ZMhaljlaCB8V9RjUNYA/DbeuJPu/2tMUaMWFrlbpH3kGyDrLoQQMVAJI9yRYDGJtlZHDsAQm8dxGyMXI6MHcyFI5Ke0NNp6g5MJNZwr078+2Rjp4PBHYbWW88kxN9RwhAsv8+ZFJuYdZTX04uWi/hgpae0fW4JMUc8W5LzsfCQ0donwyVxK2VrXlLhdLQzGJU0yZd3jUi8SSDg8iu/FtkdFw7cQgDXnEIlhdw6GqqxqrceZ8H154u4RqeJInZZt/VrTntFpQRo+Z9k+06RpaYfXfNbkw0PIe/kIvCUYpckBvW+nEuDdYbhFOg6GukCcwkeikEp5dWo2/ZvN2YOxVNafVKd4dnI74qrWNOqY0y5QDa2Os7tJYXNmegBkO/FYBIGfUuZ02cS375GrFjgc/T7ke2IYxfUVsQT9D7VFE50FI+opveiBp+I0HuPASd2yyvIpRUDiZqOUoVo6WnGRPi2f3rUQ8xpnCwP2Spt3mL8TX08wgjb1w9+iMJhuuAlrSHork6K/cfK68U2jj90r89lgP5rtvwgnw4rPMxmIByVQoayk7ZFTI73K3tSZq8UugHqdyF66LPF1MRFFU7IZMBFRb3qqnyvb247UpGHIonDQj3vFw5JUxQsfdejAVLgmv6lBQWH2H49heHp5pnoJEmN+sUJ4dySN5NgAXcJTeRO4OPEPfn2DzYwr44dzdweaIfUvSk41avhPMc4ABu3Iny3VS+rB8n9ac9RvGFn3D7yo398tFG4TOPv+GuuLSg4q0J2ijT0c2Dx8W6o3pC4CupGstwVSZIJ3PFeqVsbDd1Zj5eqGDmko5ghu5qVyLgfmh+8gzI8PrA4rYoBGghsYeYFbhCEAeAx/1rWpDn6Y4X4rIQEUrt3d6AHFYWsfB3q2r5okmbTEzhh+gGITZcvBviwP0SZt/yZfYR4yQf24fvHB7dpV3EysTA9UVub4wJXe/bmx8aze6Kt/WIos9r/1iSz4EOAqaO3SA4Kkd8G54uUzF5fjcABOVvUMpfZEqLcAl7h2t+utoK1kpNl29MhiqOZbaNUDzMDivTGf8alUDPFu3WHhr1PxUjAV20kaeCZgTZi2EMXDQzF3JBemnZXk9RihuJti0eLcM4m6oaXglzX4TPC8GV5t1epqDzLa1GEBf63PRhb5Fi+cAgMOSZEnX/IDrnF/JmtmZvuiGONDsHcqqFji4czPBQtPJLwlM9HSdweiULd8cEBgN5uKn7gOzKB70R9N0ezwdtbvBcBIb2wVG3wkhAJg5F262rB7eTs9H/71N85HzYQjttBaPmhMMTdMECHjyVmE2uCTQbPfmafa7xaPiDpJXr75nmfze1q13el4uf0F1ekVYCw0vQsgpf6ngz9Fg==
[2015-10-10 18:26:44] Phpr_PhpException: chmod(): Operation not permitted. In /Applications/MAMP/htdocs/fars/modules/cms/classes/cms_object.php, line 86 Encoded details: wU0UqTZBgVvkQn1qYYRLUhLWfYnIezWBlqzfmYQOokvdl5Oddf3hFBetHjNAeHVR6FYz5KhF+zxQ7lSBUmtiHzy/KZWQWujLlp+xn5S6wT+Jl254/XsPPWJVBwx72ec3jdnOs0N9y5H5+3SW2EONML7scLSTm8V2MZAvXWGGoNaqDVMA7petlZL6DlgDzAtxhl/Eue7Xko7XayVEZyLqG2UsXrg0MUrFBe6vRJybrUFdXpmLmqgGJXUmfG2X7HEQlkZCU3R6QGLprhQxUEpN9iuEItZYgbjHGqoBIlHnAR0scMe8bin1MQQFfEw0mVwcI9WaPq6ydk7BObYb/Kxu2M0ARWKfufAOWHa2uLM+LDj6h4s4a/emHyFion7cqjhx6Kp+APHxGR7Yquliq0v+cSp/r4ZnbW6s78ZG0oaft4TGnHK9Tr6p0epJbypflwTBM9rnMfHn31pdXNGJ0K7R0JhBQnRGvpuns/pQI2l/g6+m6eYuq61ux/22U/pmlUF9O9yArqjD2zRl8RQD6ICXZhZ/p7TjZMbs92V8DU3lapCTK6aXBJ2mBFlpPe35KzTRQm2Rl2S4XmgcRbzJWtFL9jilG5VzGmbuIdrfQdNwltZa+Rz5vb4XpClrkWvIMQ7rbsv6Wl612ODSaASz10n1YbG7n3yxQaS7ipVmpX2QQY73ycl1p/tQgEbEr9P+hObjDeq4UGVZSBwmnlxJhyU09wyNDOKSsxlS1B68fvE32noO/NxXKSiFmKLE5xTyMyAuOCu5jqV9S7rw88R4MC8VhQpxPeQbZMNo0nlObbG9oB36bDUaW45EW5MIqQdssoohF4MSU06MLTO/dhWpOda1rCpDK4vVycffGQBpBzL0ocBLoTSueXkgV//riPA37Vc0wVvK2wBf246kw1ORZHhhMLdry6QGcGkK3J/8LbGt0lp0xDXezKj26DpK70IM1DHW4mSiv8+v3ZFAXbPe5ZmuQI3mPZ8AtOXeu//UHwf316w5UhhTCksY1lcvOSU7RPY/wZAp8XZ/Pl/4Lb9JskQ1C0kgsD999x1yz+vJfege4HDFaKzQfh352i2LsYye20/PO9FVXkyqqMobi0kyh10y9tyoJtn/4bwGbINwJsIS0HbMSVjEZ6Z/6D3u7aWwVOH+U5q9zRBxQOfrvn2YrwBL13a6E7ZB+3AXr8IBO3D7ZnucHidSeVvREkptmzUFcQ9JcQWfDyXbNVUNFMbl4rfmUOA1aKgMwVW47z3xzIx7uR0lpCATCQXOESY33rY/1GFZb4JFdtyoNF6YXpZ+y6LgpTJYFIQ0xaakBPmf95upXJ3Wkxml/umG1qx/DshUARudq77BQfV9ZHSbppIwqQan95s5tQoAkHLgwY+q3w08qVFEEfKLp6RHKjEMqUIda4oeoskOR8NIB/G4BOCpVy4EOKQV63hKcbifAPpgfODetS6nITlr8vSVTas9YnBl4ziynkHFpEF7q0j0eg57rsAwTtS/H1zTYn0+AspFwrNiHg1vqq32/lgXP1cTgA6OLyDFuLbBkyre6v/qGMkAUCLmicG7cmE083nZmVBMhA8zFa3a7J9+j/22jD6t3GtmBRpvn2WCFdPNLXAPllb+PBiHypJbsS31xyuxyindg/P3VHRPd/6WzQy8S+MhmFz8CJiY0AgIRWDTo/KH0oUTvXV824RvDNsSPCZ3C0FUQ7UolDnOKcagCjqrfOfkXtcUdz6AdwBLmX7fSUAmC4bmNBzcOL6IQBVfa5ujuwhGiiyL//vQsxdb81jAqOFt1oWDOPIYhrO0RzjPshBeZhuW4YI0Shef+r3rvOYnXjrgN+yJFHKZLWLu4y4bcc4d/dIe0v1d8XxAtGgoZgEv6Z/7vlFxZ2oz+QxaAQGRQGekbNY7kfwqn3B7PfOQgAjLVmyi6eVW5b1P7BrkXVJqLRCaWvYMZ80D+BRFZKR/RCE25sea37RSJPk/eRDn9ykAuL1nilbqNsZpNrS5ZOQeq2LjZX6DW/xB/EHOypZeX2wqNZ+dnNK1oXOWvCfaJSsrNOXFE5VGkiYjtWmoi0Tg/lSbbLEmepc2nKcmk50EDXbR4GTvZhASVldP5RQYf4AJc1ik2K7SPXbJM0P84EtSFre1hVghHtymXVR0T3juORsT9P6pIsMkGLnKs/i7KQ+c6VdNecE7bFC+/sb63vm+ThKO0weJ6Sv5lkN7mn2eruRLkId8jdihGvEZW+ulKsmaNOwDlK053D/RyLOF8tXHhszAL8n692iBzjRw94ikEdMepF4a699safy07soxt1BY2ZTVMdOR1TS230ei63TtKkAWHkPO6+SzJ17D7B5tX5iWErxK5qKW3u/EHPQL3Z6ohgUfJbG4C/94ofabWmEiKVzcVacPDgYe7Zw/L9hrgg9HFLnWJY1mDdTWP5XF4OPUUntZyneazJ6PA+SvxY/v9SNanhpF2ZR6+ahK9U966CoykPMZdMW4QSsY06Z9CCYxbal0wYRo4/2deIPbThkp2YzEA8LSRCIED/WH2M/rmJjc7IvbQk4+Cu5QDYeb8kNWp0J/7wrx2yQcfibBFAQ9gHPqPsDpWOO5+mf9QQExIyKNMLtYaGYk48odzsx2diE0Aoi1tv38xjnoytxy3cYH59wxfTlHmCrolXt9Rh1oEumEQx+v3p5AdiAQRaNUwRmZel4WDg2ciSTrUQ/iRdeYKMt94Y3R+vvzWRE1NVinTK9dLnOMQgB+snbDHbZ1u9NAYcHmYgustwXk8+mCE9xBSGAI7RfnsQ4QASvENYzxeAYez5q0hjBWHQKxN47qWw7zoAjLb9TE7bBVnQQF9Si/Bi9xvu1WQpbb2n66giqgQaxL0Gi+fjfX7ZRf4WWwptTR4vltKDvO3+tT3SUbGgC9Te0bU5Yg+/YB+UXK8yGFv7iJGMnGvYvv0fCV5zV3nrlmewpWSxif/qxXDhkoWQMsUXwBqe0Q9zByHCgXRV5q8okIJXQhZPhYU+6dzB92n9q1lszgfS+yzbYWC9hUZabxL4WjA1kwRVETtARhf9sKNOIrym5mb9PdOFOyjaO9EAEZUKQeJ6XTc2gQSyTU1m9pi6LUM+qu8coqrn+aOg6lQ0ZKzMX6m17XKmhOHBAstNzmOZVgbdXvCnVYU9Kf3+w3vA5jN1N13lRVtCMtRPL5NISxU2ITq/mONNmh7cSN8RhP1R+C6MyNeCU2v5gECOj+JYOoyILk7/qbV5VPavJ0Xzf1dvMstsPCSebivZhGPP/0iiSavy4Hp2NWbsWJB/ylwhGUICMISV23A9OOfQC1iRSCUvFilWLtvpc8zyTh1y0bBy6CIiYLLSf1YJ4aq9kouVXRlr+rdKHAor5xlLOo9luTFMAr77Or7oVQaiInRFhnxgvMpwIGeoi3l1P8QWgKmnwtRsZWiomsW+2upWwfqY4tekFSgf1Kym00/N0fhUCvw6NiijL7crfMs7i68pYDRRboUVLpNjSx06lU05T4Vt+2XbUgkKzWuGQC2rJxGXMkaxCSwUy9VMQ3o8B8egB76o3v82tth+3z617kTBFmZIZpOCWvqRw81F+Hx2xQJl8Mt2mVbBYLQiekCC6Mj0vmk2tVosfK9pxQ4SHqeXPGuIz62wzEDzWOBn2nEUEjkDz9oovUYKt+4CVfeAY7U+G4KBL3BANk8BHyxlT0t+owbLWLIusstyYx7naDlAKqOMarxf13e9cE6PiaBybA2rzjB6TZxBm+eUGPf99OtPt5ot1Faab72efuCr8X8UQWUTQTbWiMLa4HKZy+WpMMmAksEV1I0/qryZA/0ac+kGyGvcP3scWwqZ3TEc3i9FsL4zjRhlL6oX5avdCVPo+Atv6eAl+Eg+g+8NqcEJGDy9UHnY8Ri6z1EfMZ90gwgnOBUpi5Gbk6/kBoCE89BQ4dp24DfmJ60osW+nxmD5TTOChTFnHSMYOFFdcAxW1ttEwS1Cn+JoYXdEBCyZ3k+zhOP5KxuKZ8kmyvqiMITrBStPQk2oAfpORmgUdo0R9RnwhkmLEBzUSvosiBCYqqZe7Wu7kYjQ+5xrKyxs9OugBRFW8j+4nNsB2QkgkobrXW+6wnQ6orhGWubf8h7Na1aQX+9eh/PMippC+mnrpjl0Cr1UUM7KrjGJDAohWNZlFz6DA439NBNU/RAoLdf2kF2bmbnXWGQcHhUWoUsAdVAPYF7006xxbwsLENZjV4Ov7WxMjrYLvbsEpMP0StC6WcX83WUZhQGvI/wlCBN0zScKVXpjyEq/cNY6pA1mxnlrSjWEZg3z+5fGE2Ybweo27klA/taSiaTETnislE8hKHoI2Fnx3Tp95yIpWhISG+jK4rG3Yo+C9VfXnwBFFHTk1OIWwVlIgZ5huQ6iYojoaMDeUUBtQfzOLYP5RRt8cR9qDrIQ0OT6APOeGd9PQ6ow+LVwehrITEKSwvoAhqqMCcZE5mMNmENEi3G3obHEl+c7IrY+/cdcYt/T58qh1MvHPOemrV+oh88Pb33Ehjo7wZRyth0YijMmY77CHH8A+krIYxrb0iiIpVWeAJpI7tbhi9K1MqMrNmXBDyizv4DC1etYonLhWW7NLgdFgcyRhQWHhlAEGpeCHM30SBDjjKIKUGC7mdUl79An8wF19lZGt4BoX+GChb/bjjVzdB43JnG/kVonGKGfyqE19moe+OPCVgFwg9UMs5KGuGXXpiCFpQ3PWWVBtYp7yMTZ5EMRqaqfHEQ/kGBgeZJenG9d3SuifUSXgnKOUrRmVdrF4ySb7j7pJqunk8ETMO1p/74iofaxBIaexeE7l9mAMRSXJ1L+H2XQCyQCAxQRd0V+RACrFZWibY0Sl7W24pH3Z3a1Xi9IFWidfcSPIlG0SxYv3SPO6tyBZbJsj84tsIBbPUKHwQxnNBfz0NZ1LT0N8Qz9+zFMKlGoe3cn8rAlIFRSNlYnuPaf2+lASs1p6FKKrmiLf9sxLxw8KgwapUKa9PqDLkTnKKiRXdpuJpwEhdwL7bXIsfdTZvmLc+0ffMlXbisuHRHptGQDecaFwcnnRca2Ze/NY0+1UBRZmOK6xdC+Ujgd1OWbenkpE/gjBGLbOD1Mae3svPY1CNcttNS2zWIlRXc2zcotwmUV+Vr0dmf3IpqZEZdy88OxTx3BL0hlYeu05nEbmpZAjfEd4WPw75fih7EuuK3N/xEyQ+yaYT+x/z4Zbnwk2mCLIe+Bk5ckLGt5jeVXkvg+s6jqNLh5mttzmzULAEF5I6+roBv9cCxdJP0bi36b1R83dcIdAyisodT9wrNOdCpiCPtwVOkyYnWbKnWn0hWpVKD/0LIeoLKL4qeB9R87BImmErxlr2fbo9FaCqc7R2XbhS0IIGMVk9zd8Nnybqry8gHYUeGQ/d0YUdXCviZ1OMYdaULs4FNStbZvzwG0VxTwezWxVNRWwZbsVFqddtaoPwuEQeP/7Seje5i1rxaAcNY10/qlXqFZWXnO0J+8ZDFsSEnvkjY0ovG6SLrZ+YCo4kvI8r/jKuztU/ZqG8HCtL5LR/WgmrlZuFhPzD4c5HGsT5kD4U/gv/REtW0SxlIUCnAZfe6urjTE3KwKAlBNXxFZMr4RyIrOGahJm18NFlGQBO0xWQgeZ4i6raTLIqwK96HFHd0C4Z4klWKQCu42+qE9zx2o+9zgUk6l1a3sW3l3cHqsTo9HtUuwz7R8c8kZYepaFbjkE7eWUuvvdpm4QDQ1evU4c2WCfqYtwrMGOUITbZvisdM34SWiY75Qq+o9ba2a6RReXWLLRK9SROzgpyOjZX+VwxteRoYd6Z2xsyCaWQQfbl7u8u1QyOydc6QzdT3hRujzUUsTG/k5/gH8lKaNPa1i5vKxNk78tZgDZT1QTQ59m0o84hy+GjPxHGaRii9lR3DuDCQv1dgOr90vb/Ns8WWaURaNyjovcBPXPJoAApGer1QLUuub843iAT855vgimCFBbIfNX4ebvqDbTiJxKzBk9EMMImgcrp15oIbbi8IKMUI/M+BxDqq5UNojTFLVmD0HtpPjyGlpCQzv4mUfHq+rc9sO9dOUus8TiwDF/8NwZsG5kgQJuUo1+tiEZnHw+/aVZ/zCZdamOBJHv2HTVVhWDq0PY62U2tWnQleWyT4JnWIv8fdX1prv1aBTq9E8Jk5+r57sspj27kilcJ6gf4JD5CQ3aZgkkBq3UfHoVvB3ojF4COWj9QcFLJyMrwBcp9zTRvTfXqlCdb0LCM2Slk/ox3kcLfREr7jL3an1h9jW1FLQqzEHgWbIGx1jI1yNn4/Idjm6dX5+t19UfYv1DiRzCalb2BGjUXlNThu4iqdzoVxUzZv0f2QqcFji5dxbWxlb8mMtImClDND6QOwtoArCBI3f25E6IQg1tM5js8ZlWvuaqmnkwBHJ9JTo81TTdRxFT/y+1k7vkEPkS+Yb2kjpaZ049mDg2Mhj83NDwC1iMqDak4ZaVhQoO2vm99jIK5obzOTISfBNr5Uwt+obch1MSDsBxGXHuBEsXBoufvhNr9F7NO6lWjvkd87meEpHkKL9fnYQ4Rj0n120LTyM3XW+5awcAFafMX6RHL76UjPjzPpNzZCfe18A1xvZsWmmtmL8lXCBlALqjxfbm5AkKoxSWdWUOaw0FtUVWAn6hf4unC12NxckUDVFQGKshLxvvcR4Ye7eGxhhgOG7sbFyklD1pwx1dxvOcg+n6PHlIEtZmT5xhcTJcGHoV5k7mdCQCV+FaigJ8L4h8SexO1qDMKwkEQVhieGJLUuKnC1M8wPJTevqjQmAgnC9qOQLklDgygBKQq0wHQXmD9v8guQObjM9/ECFyoTBroIzn8ED13MOVDFVuPrNYJ5NcP/yJOs4cd/fv370FUUTTVONi6+tY+N63T1thCPzWhuMHRix/SthryGuSl2zc17751uIli3rdOppHV/veraPHNL2VXzS9MWcHXSIGEZV94CuaVv9YnO9w89evwwrJULLH0xgT8FWrK2ZZDehyNpDbjLu2P3t5wHMF9vBnw1A==
[2015-10-10 18:26:44] Phpr_PhpException: chmod(): Operation not permitted. In /Applications/MAMP/htdocs/fars/modules/cms/classes/cms_object.php, line 86 Encoded details: BdxoNy8ZkY+8RnYYaddGnzt4gpQMJQP3Zikg9gr+Rv/1Sxs2ryOs7vJrRYztxj+OlLndqb/Fxk+WLLkj8MnmqgCnh1/kWlnwovWXRJP/bPU0p0rTjuLfmp4GZ1BC4TQBJ8PYZHWT4cSwhyiXRTseaVwr/xdz0p8PcSqWOSJOYnohcKlx3fnJ8Vnq+r7STYJ65lz2c3NJOjZqXoQkl77Xp+H5F099psgey6Lq2Hf0xV3o9kPoutqVLZuoWMerOONYEPrHBdUw6TjvkJ7fnL+45c3JxZ+kCVk4gsAVc65QYut9UFuL2o+naX9/zCpZedVuwzHJvKeUgsg14+ExoaJtQhN88PFTYmsgcoybRt+Lo9fVQA12PUnHVX9TzjZSUlYlEBjy/vCkEqaorETrPshs3+Ho/YZ9w8p4WKd9c+423XREP2+n3Yf6lMehR8gXvxYc1AhV1w6+8c7sxyAM7T/qy+7EMPRCwX0R3xL6jFrw7/OOzgz9AKTBZhc/wvE9ENEMnr5bHwHgeKZ3y+tlsdPAmsXNTTY1S8VBjT8tld0UzR1b1x6w7i5plOPVNRd1xjskQRT7VjgHC5rPopb07ML3eo8c+EtcBH+YvsqYNVkA8XYTjTXiqcDbdEXqPazhkpWMRaUs95V5ZstEwM7mK0vjbercDQvsorO4xcGCqdqDgmByJTUjXLKQ+ZRXgpeoWe04A2k+TGuQucYsgCIGDj0Ag403wXrco0uKwQ15DiKafUcD4pxu76aMAx/xfwKsvPn2CLnfoIVT1UVp4EVN8ApT84vqUmCh9Wi4+BozXeVDrEzrOVtd0CI29mdQM0lsRt0I4kUCezfonWd+U+dtC1wveYJnqVctkw6q2g9kHHfbmLJur26W8fon7INEnWNBP2eiZrLMVEVk7zaNajAeRiZW1MTYf0U4coIBjNp0RTzdxPhW1MpqBNxU3+CbM0/dBphtia11Zik0p1rO6HJPPJIm8EeSE4+akGc3PHU+10wpClXLhMl4+e/Ato/23j1RFFbVRljmLC8eMidsLsugqYFifpGUO98uW8wQoZRqN+QbntGCfMVqEHcK/8s6HJW12E2HvpXZU4j3uBTg4fAWTlRzkYnS7v0jon1itFaWOMRdtUGLjW+yrB5IdFsZNoVyx9FPdHHp36XHJzjx8S7r19Qhm4i5DpJKEIJOOoHoIA4iG5YTdcau7DjmUGF1j1c39Uv5aMWMNmeunaNZMv9uZiTPz14Y9dIGZcet3+85yBbCIfFUE7Izb6CYk4TZgAMS6I9GEzkqpGe+54wY6Jl4UA3b8IwubU7Agef2GivSzG+Bzs3IhR9HtJPP+UlG5w06m4O0yy1dDe/D0ydcpdVWrylUMzeEaSADSO5vKb97FDueXuPkZJ/Y3ZJCHytjRMVA8RAvjaoSEVRpMhlxPuysna1NmOTuWByrDNvEnM6YrdZlKoBwqJRyjgwvssCmSDGp8mOyYZwV+hNSiGgp/zRds5MczHW03UrT0hzwOeXQnjYv2eKZhoGIC83LhagMwywuppDfBRAWgg2qHWeyM7ywt1utzshuSRzvQWnAgCJJFtuvc7FOOpUoXc+yUECvjAoGcVmIu7ZTm2nP15nD0GTVt1xmwoGYEVxMoyowiz+rKPm7t9WsMxD1Rnwwwwh6UEoMLxLjeGPYo7G0+ZSli0SL1nG0VTeraowCnx1XJxZhe5scLRswdvtVGUz7gtL++90i5xtp+/mwWB7ZirdS0r05YaMz0dbxeiB8E9JYdIZHWCwcm5tw2uyPNwM2jiH5FBojpWfW/MpB1PYxhaNM8nb1Yo/MLb0vzoyPplln0EIc0F4vU9gmPNyGjkZte6GlsBfH69AK37Ay48+ofc+BxB+oWe0DcAJkV11DTynWoG2E3yqsFXUzsVxskXYbdbARgR4/LNaaaRVWMgZpfTEYM346DCXrNCSd08N/9riYZZh19gJJ+g2In7YqDYN3a0AB7K5ywkXVs4FVxVPpJmuPPuVqc0oC0SCUoXuiDQ1vXIKXm2N+erme7VuZP+C8xpy9aplRklctTuLdZAuQ4FPNRISIntFtCj4tuOa4FLGuQ5spj2tmvutA5s1DWwAG6MkSLdSoLbdRDhX4oMhPAqTA8mQiLKhJTTh6fT2eqjhxtjqLsC89kuOBcFUA76m2+u0LjGDVtiLBaNOGnzRyUvOyx1wFL/kytDEobocijms4cp+dBxtiTSbMos/az0AgqtiKs2vgFasqVPaSsyiTfz5mBjxy6KJse6DdNrRV6I9KxzXseP1AT4WCy5UODKOMfFQjjMiKS6Kfn5oGaVyRiQjcOdK0HME57mB1++hn1sbEbL/LEuwkBrOGMuGh92rYC+BHko6/cSwYXf3NpPGleEjJ7+nGSEpgljCNwUNtQTj4hjmIUoRjIsU0wrh+FwYYVl1kI5wdLm9qtRQ9R16AEKF7o0UCqsMkJSpgI530eSeMyCVqxkfcauGeg9hHipB3k95RvkQpHd3hnVzfT6RJalvoOeztzyZZxTS5RLipN+PDM4PGMWmiiC7zpE3Bpmk6Dq0iElg3B3p1W/chd1RU5SE/5BT97jO/CmyzR05njtb8BKJITbcNe7BT2oEktJJ1+iuD+f0kW+x1kwnGjLL/U7TOImbJfaq2Cs2VUYUcKVsgg7rFOxR4vlhKU0n7abWRVBZJ5qYWMk6OzUEjTtessB4bT4ZQC3JSrU9MzyKgun9FKsiMt3VZhNZt+JfEUC8d42vZl8EbwHifQ4P5hn2xWASVsHrA3VDM2Fmr6oRy1NvoJt7VHAxzdXgR7EJ36+l3mxrH7WtLgWlyo8cfB9rjfsM4Jy4ykme2BQJog7zRmEawUuZ/GjKhWJ7Y4Gmz711n5vyOlrKjY5cPisHiHQ0HmkpRTtFsqJSqXZKMhlBUDjSkaEEZb+1481qqtAz3pB3q5eJhsY4oC12TxSUPY6HTbvPUH38Fnlz0BgSreyfaxvgjwXcuTHr/SBA8PBYZ+4LQN3u2lr91wob+VBKUt7hHLTwBIgCxC0ImzkHaYGP8DC81h59OpJtxJvxceFy1AqQcxUkgGFPnt7zSRWI7sGTboFahneIR1DndntvBUNZBHPc5zN7T5BNbmhdevXxjn6NBqFzOuxLENDboRf3oonht3bJ93oZzZWOcDoFEm5xhEcKrUvqObEUAys6HI7+N+7mMtMaNvuVCwXIFwrhWif47JB/IuXPwTFhNFj+M1r7ty6Au17yCJ/zYC5DHhcS7R8G5OjiWHX3oqOwFdI0U0XvI3mE3I/uQ178XzF+fIv+9FNOjzX9uNTE148JKbFWJSjMLtpOPrtgXfjdEzvHQfUqlamdi+VWdUbf3HYqJJK4ahUKrWTz9zUuceSd9y612nCXiv4YFkVGiK/YWfdGBAmZQMHQF3kcKXJ58qAyx2dtMrC3zZZQekKRpjTGbk2LL4OBeWSXNOwqnThQOOUkSYrMEPCw56jORh3JgrA9t7pbAM/fpab552ap2XFEMdfxVrQrhNZ6EITpP3Lw5+grIhTZo6O4D7rDfPEl6o4hgP79sj+SREBEEHxGc/NBPSMQ+crrWE+JIo9SvvtloqyG/rTOG3qnVsyZELQMNM8TIAm4KI/S3rkGzwQK6R2fHpI2koSyfyYXI+6TACP8TnNrsfWufE4jCQRhBqx89bzuuXXP2/U4W8/ovPqgDdyfyxwgplN/slyBHQBA5z+fkkcEvT6v6gyzh22lLaUZQ0V2wkpm6os2+kbHHHS0ZQOqCm0dqKObgtnsAKWGoeQOVc57GtAitAZmioOZ5A5opPWparVThvo4Ukx91+SZ98RZ6DUj2R7JKzSiDBrq0OeThHRX7xxF2fqlQ7wAsN9DtdOMuZqRupvj94hbPQpXy/ikJQcqk6fBeqV0mIJqeKrkkxCTJ+f6mdWGjN9tcBSS1107WM12rzuXJWe9FTsN2y/tc12BoA40m3JM+gztpknEXIAGr7RgQyYumB8g+VVyJeczp+/+N7a+i/fGZ1yN3XV0PtUObWFmXgEnrYEAF+hVseqpZuE5TMJUNAbHDIfE8FGwVOyEFhmT2PW4ScC7sPTuk/siXrmolbILA6KAfvEQq4+7f54IxYZrQpI8WLxPLCR2QrAi4JlfJ4tCk3qjFUq25t+gTdkJUApMrYgwIqQu5rrwxmv9qB62PLzDjPEcFDTPLrie3AQVaLwGGtiAhWlE33zyhc/DH26YWAsgE7Eg+dR+5kRWRXLFFR0CJu3/queqlUiXrTT6I0wGq8UtB1sChncCFnIIg8P6QXPZdRAs9XDVAk57qNPrM3X/f3HfOm3BiyXvi4uB5Ns4cHlmzNVVzOM+JVVLZDLtToP4785H4+uqGjMcXy/WMI8sXQpeY2oO8ACE2qSUxUNeFuhnHLszu42ZrqMfhl5c4zsUrDiQY5V3ZBxh34RD3EBXk/s2M5ESEya7BOgU7IxIFhE+diddKOr/iXAy+PrC+0iJAzxq0/ldxeTrnlsvsjEOfgLOrdzyNvxvntuqFXZnDVv37yQjbPWVlTS4sT6ps8GmbNUPCmvw88ptrmoTSNVmKs1Ux0mb4tHjnuy1wb/8CoJtlQciiNjlnZa0yTL4KA9T5yJcmFDVHVSXXENoBRI3yHX+WP/SYl32s6yZS75epR9nGoCyBynUfT2YIfirU3NesrsDalK8bHedCnEQev7f9mnUw1LEJ4JZs369aDTh4lk+4FPZ0b6MULsBX2+A3qCQgK82sjjTsPpq41cbnUX0A2RQCltEvcosOANh5BdcjoM73kFxQ3EQ7/dt0SOJF7MuReoaOuy5dWbzeBbiTz6qV9OcY62+iZj3KaqiEYABk/VSQrTNUFVoQBnvyz0SyPVIx8Vjx+EtiOutvAyg0cnIO8rD+rQZgNw8T5vhWeuDIV7mzNfJKlGfjNKJNAjcxZcoHAaNnF6R22i2UxOEsnfi2ItZqYBvtvSjlghpsBBLpOSaDwihGyBtwHpXiyki/HNkp98yDJ2lUm0sPj5B5XRONExOonfLBT4Ji7wtoI48vd/ViOC0quByEGappZdRSTXEaNamU32PGHrLhkkGobFyUhQncCUz6K8dUXQ333tVs0DU6XkjKrhaKJPQA/5KfZ4orpzyx2prUKyUXAr66hvh5R5r+qJNl86nNGDYiOnosIh8+2kXimC6pb4jq1au+Djdv9BDPbjFIJ3I8xjjALzngLdnxPpU4HmzubOOLGBNSjR35h2oxrvNCkpUWWxQ1wkp4i+wwPsma0EUcJGPCl/J/UvUJ8b+jDF3kydbp1tkk0P8mN4z18jYBqDmymP/an9/AWiWn/CRQ2divYYrHWR2rUVL/ksmb8Wn4hlhw6MR4QOs2vUgRpB2CigJbES6oBHKYhP4y2OilLgZoEA+9eoKPJ2UFXrFCDhLgoehcJjy0jzBGa440sNxDeLKNdAB5P1miw0fLfARftFhfbeR3+4ROB65E/YUUJ0MbTU8KtRpigMHu8Frk3X4WTi9ponWf9cU1k94rZLgzRcWS4RXcQ2uuWMh98G5zHAACfgwjOmTQxD6+vNEBKLxm+wd73cbcX9tZb0WXCzkSGS/LJO3HZhwW37bT/c7aFXbhUfYNeQ0T4iXArukx2kOwtuVIA7O9BX+bNlJcNEws4lQF3hvXB/XdIPjhJcUl6v+V++7kOikmiYqX7xhcFU6keEwali/gGnCfG6Hh4HnrCHBd3byqxtzpzVmymP6TDsAtIoQqlOxJ8gZLk6+d5nSSOQtK6NapcCwFcq3VcIlhr4eaO25RE8ohlvZvsZuVaB111ynX8IT5ZjnHOLVKPSHtPI7b/uuWYavcEGWfCsMVgGGKSXdRzPWmj7keU4lepbO8xxCzwVgh3WY4X7fxoUYebpC5zBS1GlVSTi4hMeAp7qamQyQkVJ8boa0/jOL+/lQrfdphgtEVs4+iOMr83+VTIMdGObSQkJ324KYSA/X5iFrQ1ykiKPXBqKy434SbAjeyAkG3niVgPBxPTTKX0ev7FXnlDo0jHCWrcp/wPGYrP1EvhlkIuusdSiEAkPmYqNZFgsq6iPXHEsPY+/EPeeF/lcuQ9DZAn7FZNKMcap74981zke15mrRdG23eUGInfuo8AbHVEPTjg6TvEWrQUVKRPczi5l6E3Xn3uLN59utq8nfgF7PlBdY3jytH+S9bE43AdvTdqT4RAaAEU3xA7/kzCE7jllmb20jFkbUCQHLuXd5XVi1lkNYIuN9lbIIAwM0CczUcVLQxRVfzdcXisYVH64hKYWN7LCjuj0aYq84cCs0KGhaKaT3lOBINOz6/GCxuJnoSPjppdXS3u7IOjJKgIMMuDDpe2XZvuyVoIYCVxc2kn1rS2j1hvs4F8hjx8Kve14lem8UaP7V4mGYS8MosqAPEE23lHqFBuMXgDbaymUu2l4299OIirz7COqt+JMjIbCtBoEuPSoTP/9nC4TPbMXfH2GoYRncHZSBZ0xuewx7i8z8ytYy4sCUb5p0DNZrKl63Ijjaae1CHShqYJ8+GpRV1aK18D6Bz0yyLykhPu1Dpc0pXYgkbh8koMk8aYN2lq6BBvvsY19j6V8Y0yj463+RixXncx4uDbPXp+m3fzl9VBHAtqNrjvOaa3yL99PQ7h1b0Sju5e9htg+j3BaMWJBEXNKdyDr/yFZhLYpa+iCDnkre0uGW+GjOAAMW0CYNNROn9GcKh3tMgnCP3YaofyGP3A6lDy6mVwQNfmRT4kIO4KFCMfeSmuIWocbryiirMRyY8PdVEdOmZfgaB0elmP8ehZmA6WwiK68bXrDz7siwttwrCt6ZcExgKMHKh9rEhS4E2XlZpNupL9gbBikFFCHZQhUbIXNCpmhA249ktZHvwEaD2nu9smQySoyOimow1Rzf+vi8PyiHN5fqSi0MU8vxOGf4t+F5kSMKuFZCs8uigCFl3e5C4Jjn72zuPvbR91+f0h06sM7Xkvt0jnfuIxLMDK/cSt07QmsEiGocMdpnj5B0aRoh+u0OCUQ==
[2015-10-10 18:26:44] Phpr_PhpException: chmod(): Operation not permitted. In /Applications/MAMP/htdocs/fars/modules/cms/classes/cms_object.php, line 86 Encoded details: 0gwhDhTUKiSG4xt7XiMD3+7k5lUqO8OucElOdZ/WC/UlZu5yPbzD9NJwPwE6jQNnnqM9zYgVfu4botpLcEoj57I1oTbWy9qbDimMM5UCVlhBWyDrNeklZO/thaAemElZwnu19v5CVf609cE7tOeLng5o7eiqPO7/n3d9ByRDYlapRflrKUX+sMFyyLV4bXFkobSVADmXIws+ouCNKGws+4hwUuKJ6rNhcRWO1UDGsFe+rzs7gKOG/hqcRSrU+1dhrA/YyuZJr/U6rC718BlJdGHIJ2INWwr6+cvRW1oyvkz/RwXXXP3X1tzycMv6NLaOhQGcE2ebgYQh3RLZvDdAOZrxT0p6RuBSVQpR4+FIk1IJ2W4ev/8k+WTfh0re0TSMr9bAnC30oa23T6Fl/GQ9h0BWeVClhr/UELJUmdiqtARZrCzoFlokI8/WccXun7wYtGb+Oi0aHBDaU6u6Eg4rERr12lHE4VHbj/xLVEwr3NHwOMOIaO/MAgwTWF7WyDE2mShP+zycrgZYr8I798nFVfZUkTy7qc1KLqu8WMUrW3RCOfJG54+U3v1Wf3sSXghOVEN4kfminGMPifEO+0LTs0jtEURAuei8kbWT/xmieUpAOPigsclYpGynJhAVMgpbsiRmBqqCRr7AVE+MYXXGNNqdj07OPAw7zrodvWqPhdpknSJCIlJXd21PS77EvvTER25AoJzMAbKoWopfF2zbi38J1sQ4ddCwwtIEEqJKV+mLjK0+yTSaU19NnSA9GEe47IttwLOSAo6vGyYZqVTrzVZUHUs30J9+pAVCty1O34Pn8gBwztl4gjZGhUM4lFK3A7Zr3xIBqrl/sY3V54PW03GxEvL6pJyrU4T2dwXCpsItp8XHryfRGjznzp/ggM7XclR6lMAYBv3gmcM3cg/zpnQvYAZl0jWmkE4QXMxKMFbc1YaKLhf+l6TUihir1w6QGzmQ8CC8DaOb8w4OAo8Os8i8fS5pbQDB2hBXDUCGhoa85chqaYTShxE2RWSkomSdc8Ln9JHyFxAO6oE/B3SoZvuGUdrwzj1ZDxe+00MnZ2S0fj6gfndlqdY6TkDSDJlqkwEjFaR+3br9c6+dk/lxY2JIGHJytPpJpAXsnB6AopaH2GMcpmyQmzEV3s+5CSMDHcouLSoziYKu5ATuHjGZIPoMinfRVApMQ+VoiiGYTAlRSYdCaiDuu9u2yxd+aBrGJZvrqjbpC0U9aUKTog7wdw39d+mMZNVx9RlI8vI2oeSufe8cRDqHa9XqK6K3Gve7NvpPgwRRlNNevHOaW4VkdmQNXx2dUIzrJz8NrIGzIyEJIPvGtFENW4lmqlAvcKnK83vcPpiri7bjam6Q42Dc0RuVFmE+a98LD1tqR7aNX4zmfp/AIRszcYlfqo1xqYbeJU4B7hY/s7vgKqH+5NKJfjEOjqZefjbQ08gvwGcnvyY6ef27tM5plR0HeokwByHJauaQjXF1OYS5279ZGqNm4BYxZdNpRV3rLSJ8UVWF7hA6DOotLVtTMkUL6qRiy/0VGJBcpe28wEFlu73uTWO3bIW5j5LKUodZArZz5kDzl+yWNub5sxO/WY7lNviuFgnJ/Gq/Gxxbyyg5a1otiwJUHWmQ6NLiIYuNZ0+oBF8PxDViW9wCX67Hn8hqhdGqTh8k1OoZK7orkWDUz3VANdHN/hBkam7W66B7M8xbL63Jj3WhScGG0at+zdgTiI6mQRlpkExdLziy4VvzMKqcoBFC3bBYhPMqM8hu47uEtmnf/0KddsUfn6ZZzXXuCohN2m2g5whDRyPFhv1LcHPJbYYFs9Wi5HvTRwCq+26iSauXlSWPTi1AgdUUKCez3VverZM8FpgFI6Epd6DvOqlKfuw62x7st97YmFClaTpbZXilSop2mCgl8thGvHcERXr0xJiJZcn+meReGWwwCG/q+jVBFQa7mXcEbTv+DvtLniV9LEyx74mLuufoawtHa7kb4ddM6g3acbocNPmaiG8u6bdAUkxeJh0bRHBgZNmw5C7H4m3WWzsZ5noIwTq6UgtV0/A0WQjAfsLScjmNbIGeRk5TcAOOKt0tWOauV3gGzZjSqtebPzhgZLtxGGvbXy7nHcoY6lsYS5o7wqLfIjTg6UT99fpGbwbEwTMOvHQrqXwPsi/uPrqMKVVwk4UaUCQSCKA5QTNEFecFujGtpJM9+fHd+TOA8yw7di3T1CF+i/bu7cvv4obLR7H+1PO32NrDW5hkQ1QKgOpiOB9gSOQsNfbwGXEBeF2/FgquKfsMvRSXqEuobcBEuqr2YecEU5Sojc+6SbaznVTZRRWxikAair2mBlXQUBhnvAHWZ6JimnaUB7S/GpXr6X4Me4IuVmkdHs6xbKpOBjv7embnSzerBOoE+5v/a3fgPxlIZthKH+EkCLzRC46ZLKBjN+9Fp6mvoCztHC62NUjKjXKRMw8nJq5tcWmXUd6SzaJ9Z1RdlxqERlKNQMJIvSLb7QJM3ow3h7JAmU3TPzUUnLvt5fCuudf6UmbMRIy9a1KmzkgSMlpAef7Hrm6ir50ows4VxR2RoO+ovwr98NGZjJ3CN7K0hkJri1ckIQQamiuaR3QOuh5wapTQpnFZTSi/m+4C3sfqU0TifcbTdnclsLM2A5HYWCMR7J/vtxXhF6g6gBJT7oXLnsEX1sTkT42MsGVoCJUPjiW36BlI3U+svhDtPsB66ss2AOlQSEsVvsLdmC3NPgYSWKDCpQkQffHZKQcCq8UrQRR15E3qWulPVldMv8AcElOn1UxrHy5OwMbuTuWgwipe9Iytk2DPIVBrJDZr/TqBYU+bPm34CXzxLl58OWv8/oPvqsIU3453zc7UJ/Ds8kUQkfFGcyomFk6UOM4nuxpfqRFK8Z/lnPT4WFH1HwGaT+yfGQjXA9iHv51ECUG7h+OfQFMkIEH+v4BPNo2D71TqGqYQZK4ukd1SA+VCkh/bNPUhbHCY5qlyicYiG/+Hdh3l86JG5Cb7pKjfCBYTLM9DaaOZfrUIpyjvYuRS92cavQG6LK4684uMT/CJUwg7FVMCbVK4IPe4LDp8TvRm/VWZwI+l20BCotn394k0IiVFRo4DwWWw+G4XDWsfeEAasoqOtjDkJ+tIeXp2j8l/ROhVe+BiCPPPqq5ZeBqXKvLbbIZSa507yb+ZUSD9J/+c+m8fKpD6YLfZm3mD0SwDBdBfpXCXA50KGuuWt0zjzPmYelnerrOzK5/UCq5q1jLamBpTNaZWuKfb17rqVRVt64hGvltbC2VrC9Res685d+liGi9w9sf6UdR4V4efh7zGMAdJ3MUrN2ywORiBUuQBytRHnIj69V0N45nGKU18UmqHPq7aKoH47ru+EXOyS6URdGJISQ6puye5SAveEFRblXu/qWUHy8/zqL0Aou7m+7mqodTVQZx+u5gihlLItC9scdbqUM1x2Fi0V7aPULKTtaA6NMYyhjfxrky2ppGYu5eWcDk/Hmkcp/ax0tBJyXm4B2dYU03fp7EF1uU27R12PZkv5F/OZg0FDFSQ/YX196U2w5M/ndRzW4PN6q/G3bjnO+UBsd5520xM3342TsClIM1Ju12iJUgYDG/Y0XLBE0F8/7pUUShv+w1z+Nju3eBJhbi9SUhPCkRt8t2b23Yb5ks07tZXY3g+ht/nvV/OJUhZx06uhIsLd8iWVGpoR4Hg8AaFD/ChpwRrGeoLUHAVzzX7COFlqYTwLZs5edZiMe8y2YalpUL2S75XJFaGQ1P7cCkaj8p1knUOy8/3pZS19dMRhPf0gRgzqrVnF2ate+37qIxV9+AlDi0e8Bski+2dhBONMBqDOHy5MyTYgO66AqpdBLj5D29e5OIHJJgJ72i6nQB2zILPaxJbNDLAhJpPK2iSqdaSh7QC1JRmXBp2JGIqVAe4R8Gb/oUsmPLEgvPebzY4N/GweYlVwSboeQr4mCc/BW0gBuGc8rm41CmP48R2WMQr9mo6hCEM07H0srUpXDGoW9P7LL20iG1FjuhqStsGngd1cC+k7XbWWTd1ik2cy2DxX9Xrsfdn2r5kxFvZyUsnH6sjw+6Ptnc6Gcw7jbHwjKeVhhhyHFlF7MJijwwZ1pmhvlfuO+DCKAoPERswgVCUQY7D6LZfACaghPqPAB/+FWeonBi/N4xelLfqawHEDIe4dkwlDNXSCQFYbVl0a0BFRX326NbjkTfMIa6WmFwPg9F//M5MFNOHlikCmEKepRJomYwbL5VnPYeHEif+EYC9PLuxOYmu4iOsNr2H53pHnsX5gmtvSn9o8A60BJQ0bH05KoUPzLx6D5SNTZSAiiP9Iue0m5W3adS5oCRjnlgW7RdLRMxeU7ELVXV1jC/biiwICNxgs/MykVAOnSVIlwV1bqfD/2eRwKV4AnrY7iZ3/zKb8bDcxUN0EFqH2wNYVU75fiYSxttpj6/aup1hXSuPdUN/iuhF7JFYE5UZ+UDFFabXDxyIW3xOfPPwwX9+QDj4uYzHAldERpO4fpOZWwwF8IpYaG2v8DZFKrGvJwHMkOF90zh2nOQZRm0X3VcULSmBh6rW3Q4n2V6ZWyoisjPdaH+lUHCmkAoxqlfWqYSsxyqOwbuM3ay/QyfhXFT3xIbPdw/D1w9uO539Jd6CeM4arbYDbGlQLr9/fJXfEvNXqlZbbgeGh9GxAs3zPM+nERmIOXUzL06/w017KFK6CekcfH6tr0fRpPH73NJdXX9u/RnQmTBnYBHAHELO4MwXsX7ixK/Q4ZFBy1eJypPrcX53vmuY6GyZLPUA06Zl0uZeEmTGBy7YatHqUxJucIAjvUMNYWuSSPBYp+uktwBMDiUTqC5u/AAWF6+Wd3DYBJ277gVOgkHqvWekD7mhatWWYtp4t4w0KKZXYi1ROw21NLHE1JHuSrsHD/xQ81rbmTLmcNt4J0f9BDQ9KTbJENCInhwp6XzX7C+9dvzlvgwHmt0n3vGdIZIG1v8WPoyM9EqP2NTPmYW1gZe0YdqYWF797Fz4q9CHkTnOjIryorenBnzuYa4vTkLl/WROmfivsINr2oMfgmqrAYy0fyk68aDlnBv9sr5VweJABEcVojotrlIoY+PH1y1ZTrfw0Vo1G/7rvA0icwH14H3bpD5dKUH355l8jk1eRpL0bCfkpzhnaiM/YRecErvUWceEq1HWTOXmNSetz7Y5XIZ2i20SaMEdg/fJ03Q2yojRknTYMFvS+acPTP9rX7gep205s8YboyK8lvONrlRe66fVUtIwb0rT93NjRdf3zrCPhpD1GgwCewfr2LIh/LAXOBTr+p3Kfzc0dfsFFZzlyXsV1DotsO8dSJy9B08Eo1hQ6fde3zbbpYpDpq9eYqbAVBdk9/bQpI/rJ0b38MtEfklg4ukfOSffWiI4IxHlOP5P4pMt95s9DblhvdhDpsK/KSzQjEXBMkQzFOnNtgW3G3Xf2nDEyygqwOPEPMt9+ZS3ZCyHVEwsfJD76Pkyt8KgomMjnC7qINOTrRiRB60B+nbWG4P1JNC4oUAfdny9fq7jiT7vPHIo1rxWrl1j0vyMIBGcDc/fr2WC5DL4Nrp7xEXYtDXAwmLzC1H6woWUxEIY1JiD9EFXnDbheDxFhIdARpdm8Pu8Ds0/vAr78/W4EsoOg+pjsKyxTHo2UheD44LfbR/nUw8DViEDi22vBYNuILVVW/wH3PvVm01+6TN6hjTMGny9JEk7WIf635Nssif9cdIoxzilNwLJTMcR7FCXSnrN5TuUOy/Cyjqb2O/WEx1RSOjRp9ofb/L0D0Rg9eVSCS1ljddf8751cPqkVYez7JZHlBCdn1z+Dr68fELj/TOVPHcDsXAwcb6n9ZgXyoIyy7NI/cAa912m/I/RlE/3+GmmouEw7aiaLBdvfOWEb9Z+Vac9o3KpHMXcmshElmZwlpYeL9n2CnlHmDww+4pvf+WZrPd0u8kcfJpP6fLx0etgg/xaDq+u9GeYbUUnOSqJrlj0mqV37fBpdY2T23mBjsMM25OzshP9u+QVKpUMl0tkqkZ4Y2vyotp3QFsgxipZuJudhSkoJu3V/Gz2MACX49kBLw8u7NFWUxGYZR63BLEFZrI/57a5kExFGv18l+e7aNi+ejSlGVfCcmLr5cTJvN4cqflOV/Ardm3VPqp/p2glJSlLCzr7IGUOlRXQErM3FP3owuWv3BCejjWlUErxC4l0Kv4lqPfsYDwjUDfruLUfZpwSey/vEYOhS5yXbcOa5n5qLXmnl3SPvqwOh9F/fjYYS36ovQB0HOMOwBZ7Z0cknfBbHlyIST8x3ZRbZQsNlkhFPHp7mXgLZkFvJUU5CdAwgXq+zFaEu1PnZ16YGacTfWbmggGISgW/iL4NrYGCnGMX3r7Rdp/1CdyeMrDYRZ5sdOaJ71Vgeb+JZvvXi8K8gS0KccvyMzHMZ/KzJxHLmDjtGGpNf1zhAkYB2sJvu1hNBsHJlg6i21BCMWMtoPSgFK5CmR44tyiqYh9DN++e8MhROT8knSG+3P77m2AETdblsxKYsD/KkTRRTfq9R6HfS4efdPBzrzNbZkwkeP3mA8tfs70Vjh2hsZUfd/jpaLWfTSwsJ/1W5stCYstp0H/Srx9O9CwA+uEkHzjeKOqgP8L0nwHMzy4jW+u82v9c//VkVmVI4q/Al/MgbHOz/8nJZvSAmBs3+cdS8Ax4R+aXBqj2G3fBT6b3ciyNStoAoE0aD+hGazNs5VmQeIgV/OHLD7TmOpxRgarohUQ734cxe2L1dD1tSjaHoEYQwypTaK2Ujy6qGbCsm5AMZkXfEx2CalrNtdyjoFn5kEONwRm3ip7bh5xj3M1xuNUGAI71pYoK+5gwhMcjeRVrhVcfF6GCCo86K1AMYC1Tmk6qDuRxS8+mgcgBLKRt19lYUuGnBE9I/e/D8vAjwz9bav6ZWZYLUdqUM5QxnFd3EFI02stLp/uQJ5+nOvrMbTAwrqOJMpHrLOYm4y1VFLACZ7RoD5/aE9RlwA2G5yH+PiqgH/F0TM1Ae6f1uHyF1w==
[2015-10-10 18:26:44] Phpr_PhpException: chmod(): Operation not permitted. In /Applications/MAMP/htdocs/fars/modules/cms/classes/cms_object.php, line 86 Encoded details: 3amCInzp41gOLXu43BpLDBfUzOKCgDRZn2yiVlG0ROyA5ET//y3H3WNW3mo7p8IDQJfAU6Nuicq8aRv/o7YsjjPwOgcZSKVMR4VNSkhReoh2cEPw7cF07ZB9+VX8twBvYFdSxiA8M3lUF9CbwjobcMTatHZ1ue1VjS/a+kdsin9sbdoUURvOg0FDVVuzb6qLdP0Bhocpnsfcpwp5CdRqVq4dRyquzU+GnbYvELPPtdJizyik2LDuBn4ca89nqDSfIHwLeVvEo/rcjD/ajX+n39WXzVZzO6oWwWfS2bE8mgA/uyV4xTFMoJHrFczztHUPpLnaDnQlrQYlFnxrawlIiuUsYCBG9R4sXqeKwGkDdwpIzzaWbU3LKRKPzOH1kItyRzUPk+1lUomlOxLQMJlWbNYuqHMvMi04Y7QQmgsQ0H1YHG5F2BpTHgGe6xpA0JlW5v9Np50CqKgpgiM+D4IQTIe7mnF06reY3WNO54eqg0v05Hka9KWWEAXgvJs519Is2y8iNmLXU5LV5u0qWKAH9J6e/OH7sfU3IRVPTzgwESJLrYzDqlO6u3hxa0x3IMvNk18gZmNE/nVA2n+AmPkzwwaxw5GgnO5btEt87fFo48V6akc4qOfH3CI3gus41+X2RdjzesevMGnWpI5c1MryG/XoiVHf4488jiBR1przSiiDCHES4TpQUAy7BvnHn0aL4emNTL3TqqqxdRn0XJgnxWq19UMfZeQETUgDBgcjjMRYUpfjxlssbNKSILx6ykMsuMCsPHYnAwSffJt5n4C1pVEuv7O6L0UfYpFyzvElTM0W6fBf43N0yqyZERRmMXLMOtlqRXXFrD+9t2v+QfhuzSW4MMQhuQphcjeD5rjvjmvffQZKh7TzHZ7DSAm0/qZpJXRfBxtSjBvTGIXIPMhf5tBnVQ5DQDp8+D4aGfk3qP4MOKsMRKZFJtjtoD4VSfxnjPkjjniOXMnQSWA6jFEjK9yCM2csAYEqfYPCb9sPiqThHZ6HtFKo22Jtbj/KERvwP/mBpGeuVRZIrAE+Rrmn6PyOPeGtgZWifmDSInGkFVGzVIJ6G91iKhvgJmXa0H0hIrODFuZhxk4jE/cFSluDJ1JQ97Ih4dJ4kKB2mf6mOGScNrAhR5wAsLncVHYgkjPDOY71rP9ZUQjbjdba9H12L/c/miA5oXB+c7WvooacPZfR7ta0A0dVHPV/VQsM2cCc89vAzd+vRLQl3yhQWQiqxaaaBTbrAp/GjwyfJ9pOCoB7S1KA0owGkEPW/TK5jbtm6ffxodIxGGYpw93SUT5BIww+/5+rPG9Gz9jcAKvxOrDBz6g1z7TXowqE1/7h3r3OhwIPOkoW5PihtgBAHphu59Crt+rMFbLxRh3qzwQj/V019UFvp3fQSoq/hOevxpH5GwEiuNMZKXrvd1gZWFEo3I5u3QngRqT7ymwN51RfDhV+RrAXhTzuCPIfvnopSsObct9ouH9szVZ3LlIQ/ox7QbdXfWYOdkeBT4dtjByDzNYqsu+b0Pz+++ODj8/kG0twfjVHTUE9mTyutebYU8FH8oTshZCWShbAkzRgnnXEXIG7xrXVUaD1EF13D7uXuZMjdX83Qu6aJg58bmsB+pLCZK675bFHd0HdeTQdLYUaCEpm26wuPLVa/LU/OlEV9RDR5SaGO1McNkLOF6arJSgXPbUVy7ENTNnDhwKiGkTDs3TvS5UBzPKmubCYWww4rv9MfPifBpHk21Z84y2B8ZU9A/VfDuOZBnvqjnt+bhneUSk9HwcYquzKWArxBzsl9uc5RgQzEgOHtI/M53xEAim930/Lzx8PhXKhAUAp94oM52gFRWPnEICpHzhe007s/IXz1+OFkeVmOOTeow+hkW+4W2F0mB6oDEfJaOz/Am8fliueMIWgvl+ZW0638/vO1IYYW2p2K5tfdv2+7nXlDzkwNkF5Dhsu1ourpuPrhMio/HAFTggObi4G4lW/TXocsX9r9ChUHk1szVQVRiS1E/OCVuuAKWfSM7Euq8jk1/H7vXRdoyf2V6sDLMXqIwQd7NUqbgf0jR4Ge3ixhiPMu9U7cpqgSkmirf154H9g7+8esOF6CWsMjebjOfcYn9GFuXBA3LfjCSmWK+frbO033F3LiPp5Y4OFUkYvEa/BHvSWTdcXuhmhTIzrkuekfDmU3mHYpBf7/OubQ5XOeoxnJAPo/LMqgKz6fgeFDtArL/w0mcjIbFhYFHk2rp53I+/9wIaLrUlemEGHJqoo22n/iT+5QW8HPwhFDAXH2aagYex8sVgybXno56A5NnlQohoCsTpeDJKzwe9Eu+9SRCktFDmIiD8ZctzuoGzf8RSE3/zKvyY6FrDqnOCvnHfSnGyoCJ5vdQsfqGIDMLpiTj1BS88ZQJMzWj+I9JplSsH5alXRPoruT3hfHLfWfjZIJjRcIucPQlmPnMxFeTLFN4RkW9RmCKecjwTZ1QCzrwUSm+aKhLlZh211pBnQ2Ouk4F2KmoxHnfxU+jR44EZhIPnH671Z/AK8gYym3m7/heJub3aUO8rUo87olhzZqtxs315iL5Db2OlwI5tj2vbGCzRxb1mMPx/e9OxgpJYsMJsq1G7yuJElWDipMe8tr4Ilggpe8DvBgCyxj/1oCLWpL5Z3q2zDrunqOo3d6KQLzj6mMxq4ypAEr317g+6dFstVYJgirAfNgPAwtUoo8NxIoM7FH9WRkbJB+VoEx27ha22unk487mMDbr7Bmi83pNflIkEEDu0zKpO32wFwGgLHdq9NSrUz74TYvCkRlrqXVahpdA64HIQyh++cxjxbspIGn4pIBYF1QpUVZiB2TXOJUFpACoJZc1l7p1UyqgIGAHrPMrp6Y9Xkf3WW0uessDi+94Hvi/UH3QHS5LnFE47A+gFThPOKh9Bazjkcq6nmbuk6trKYGrLwdOKkLOQTUYoWDEuVhqmLDTGlFxJpkMMQDsaPZ+juORAFv3n5CuMxdpo5qFlUx3VHkIiK/ggSbj6/T3QbeK4hqkgYR7xujuOjeVTkKwGnCM8ElJukPTFuFa3yg/P1f3Wx7H4hCKpTWrZVwKooH+p0CEsQJSguvt3uf3Dif4km9xAaTzbxiVLJ1r9urkmVu3yUIYhHZUv5jigZB6CJBYq9e2q8SQGjCSSoYu/6Ud5s29oNhuTb2pQs+VJZWwc10ohabBwrTFX9/TOIx3wPp6ubHcgWAA4AGAhE/NfpiJMyuxAEl6zSMLUTc4owWUsGVn5qMu66ubWqovw0+BomrUouLn3ncfOfeHRH/8o9WgaepXdYvXeLYcOUanffVsPv2mzxigb/XkLL1YFvmM1l8N6ebN4VeoZ6ZfA2aNDwb4i0kpA01GaOvdEdd9fJ2DiCIkhHXiUdWFSlDuWPI3R1pQVclQeAdfoOyej4NzAS0Hzame45v+PW4D7ZqOv0+7qt12pF11YVItoTcb1zUJ5W8K7aJy3ERBsmbHmLLuyAcGrPiQoApXRO5KDcjhx38z8sCcvJPnJIPh9QFpeG8K8Y+DppqAFpsiYbzf/0VVDFdfnAQGiLBF259IQUYu+IteKkdtkXgLgER64Nw/ursY7rivqxALgqudsOFqsR529Vzu4MJuRQYJ4GX9wDjNziOZbeSXrc0Ru3ZHuU7UOHXHZV/Vz/l04OM1W7Y9RdoYp9rwtwUSc5fY+r8kum6oWe2XJ+sK20KQdMhpI5tkboo8DUNAMZN3Wf7E5td0C+ga1BNnNDYm/DcbdlS6bOQ97si2s6N1+F7OWHdd45fas/pqqBNIsHlZXHfo3psbM0ACPSe0y6tTtbKKjMj26qtS/7sBtvsj9TSF+71GsToSMG8WnxgW8eakRpWoAZm5o1aveltiFoTvlkr371BUvJI3Lc+0rPBDDHAeK4hxhBKN4pf/v+xcEb7xPisTNSh4mhDQDca96dBhW2zvIcDEnEz0Ldu7L3tyf0qnXAbja+L1EAI+dvbdSl2l2015HfOcwk4gEdQhQCPrnjlnKORyKRFM4NlI0yRk8yoeUrpNYSzVFZ/Ydfur0aAV1/omVMRmifaznOy7m2/4CAu9HeScuxGiZejyv9Ij2qaflaZ0FjrssdZ7dTxGdo+Zip6cUCv+JmO36WdGf+iCOm+zRroZPHwLA+5+teqDf3gmoQT3lS2rEZ1p/XpgIU//jmtcF+VsNnDadb+kCoIsGAuzZ0NnK84DVfIdjf6RRyA65820+6TX2gAzgFQvpA0eWtaUPILNXI/PL6A50Le7pkCgvcp4xxkdaaI7ctOGQvQTLW0x9Vctal6jJ7U+g6OciBTgIR2No+lXqJOArMXSlpACNzVG/bWlW/B3oaQhP3J94T5fhSzQtrH8qcRlYnxrMXLRZr0FbITMf6yhhpU8hhDJT0hRqMwvreJ57AI7hWCzsdoFQTxaGU0RnOwVn91d/7MFMOKyAs9HWbf3DnrksYylpjIoxjACyCaZvGkwj8VOnv0KjsJXdCU3gTlZqG2mZzmPdb8D6rF3Sag0yTRuvsGewNsTiPO+EOk1S3iKNfRF0f+PS4bzjt1V51pOFJMIlQMIOYl+GrzEeIu8sxjZskmOu99NdoaffvyO/VPoU9cpEVW8uuHD19VtOvgyYfVbTW0ihRylLBetTbzbcs3ltMFw/yMHesyvKgAMcT8wwYPIiaLmgM1br6ayNE4F1axlDilzLKS6KCC1F9Y+NHcKKTBQBrMYu0aXKMNtMo6ZSfM3u3WhCDNVrlee96WcnirG36RG9tsrnDAMGm9Zc4mmy8Y7kVzizM066IAsqsQ0JhqeXu7YISg3v3fMdkeVPVntb/Sq4p4F/ZH4DXiU+xaktKuzy1VVC3wwVtwAG6qeefLiXFdj6nd1ubVOZxjAxCrBVVJjT5KCx3C0/MxbQeN/1cqeZEYfdyBKQy4FDndgdj01lGNx9+DQfsgsC0FV+Cox+Uamizl6B6Ex8uu5WpCalSujaWqz9kkRwyPYWkf6wQ7Zn3YbkbsW7V818iFZlA1ms3oden/gA5YYPu/ASKx2pw0wyp6OR/NA7FhCkczSUoJtJ81GayK96vPcRDEwiOwKDNO9X/d1XdA+8HVV/c+cTIC92WF/sD0vdMXsnl6m3LTE6IwHcRuRIzBUDWLJzZlPdGFgMhKR8RFrjtNqL75XwPGKhhNv15RyNWV/ONSKMNRXMAoRPD/5Ul0mHqRockXeOHZmrknPV7DEgA/alhfcWtaSuoQv843CJbUsbPKUAJwFUAP9LvXDyjcqjaMm5kl3adAwJl8T4wPFgHTkj/FNcWHEOXwUozrm9C7YDCA5bemxTs3t5QDvOD59v39+FuR38rTay8rQEQKkEw1S4V3SIdTakpjlMDtu4dmCQ45BDZbZKQeoUqezckijZFjT1WqADeP9NzKXnoV8T9vwcCfQDMnwBKw7tQ2ubKBk0GUEgJKynV2Qmahv4H+xTQ7iD1nJRh0OpVtMfEuHUCkPuxx5rQzttbve8gyngrYK+vQMpDKiYLGHj9Y4/9v+BaAKDcrUmFCQTW4+SxKrWQfOsqrJutv4nevODncCe2Uz6FpodYQR+SIVOfGnSzX8qy7uF0Asm3tGyDNtz8YB35LbQB6hICKvJIPuArD8YeviC2jshd85Zj/iOXPAMAG0I3Ak6mBLbbZutkDBLFNWxwPBish6oU+cvfYrIaO83XBa67BEx+xN0E4vGW0nIoPZY8RuQZPEOunTUMl2VVjpsXh9tTMv3Mx2Lhc0/rMrscklZxASizk2qifuz1s/quxFEVEMlO8Gy9fFbiBv+mn0AYpYv7Mha3CZXfKJSBDbCLLZt0tAcwwwsGewQsxkbTZSI7fJu79fxG/BLpg3wiNknoHiUXZnjAzV4aCUSAYR0UiHEYMMnYE2DdmKcBF3km3VMEaSBL5iGM9zWLWgUX1zGKlO+XaiXaeXpxp/Nvo1qPA6LpHWoJVnjAfDhEkV2leD5Zxvgsftn75Y/tTvqQAOHtLbWjJE2i2Y5TsioKLPk8DV6GVR27ckVgo7g60/kHSlaPwgdls5XJ+/FmafzhbUsbdEUj7h7AU8NWDfpuz6pxZzxlFSVSQ7M3zxtyCzXnkDmqT59KblkGiqysVZcPhuX64ryyywDv2fKF2DSW9rp++WBQhHyjcASAkHLzDlV8ej+DRqtPJ2U58lJ1alXyDU6iAVpFwSAloRU39m1G2svqsenMjg5kdHRS/tFkPucB/nd/zjxDIjJevN7+ttvcBbbihqH6e7m4n1AackQ8QkxWeo33fPvTYj7sovrnGBesL1sxB5mqkfnvPj6m5mUW6o9T7viLvCIZlx9cqLZUcF1i1IbK10NPH+dZ7N6tdOzfSdSuqV+grYKG9yffQtBZQr63K5RPcAyu/bcZj/QtBmj0376HlJvTZh5BhL1h4lepsQbvks11DetoXyDwKLHKO6w6D3Qv2hs59bW4e5j8h4DefDFfUzw6iErd6IlBV6sETlQF0BOR9xo4nXbgCW/prYnx13nKNUPY4Vwez+51xrRCCtgPJG+kHDUWmtiDH8rEj4J1sbxZJgzuW6wVwb5dfvRyFlwqvRn1d6oNoxJa4OXgCFM6FR1egxzUOPrewkbB4xLX46XZylAK0yEcAwKeK/Q70ZELknL+q1oBPwqYnq6doGmmmxzIRrqDhgxYFYtl3Riz+hRs83j2/ZobOD8URL5EJAWu+8zWEy4b1DvnEJWxsUTUSDavmXarkp1hmDJge+UqAX7u90bDSCS7AZgUedTkff6h/zIXyIpLP/0DnSc6WV4GSZ4to/ApuztqcNVk1l4Qud2FfIzxTc0gXjOo2spC5l4gDJvMUFhArN3JxXTFsJ4RYmOgxcJdWAM/Eoev/nwWEghd13d65CTFhQN8n1a9EcXj4ZdpG4yztqvN6eYowHWO8ABuRGuBs7iDMf/jd9K0r/FR7vYimowOvPszVzmYbNHgVklEDGb57pFSumsyZ4ldwPoBLwCfQkbCT0MrasM8uEPyElUzWw6cvu8F2hyOebfg1XxwZvyDPEUyJocQisxVMhoziCCHaBS2Rcfd2Pbe0h2F
[2015-10-24 12:29:44] Phpr_PhpException: chmod(): Operation not permitted. In /Applications/MAMP/htdocs/fars/modules/cms/classes/cms_object.php, line 86 Encoded details: V8a2M+R3JDOeck+CW7PZhA/tcCGEIkv0dV1VWHMGqVaU8AbrOcFVXtqzyOVJHaq/V/z8lLkBTk2u7rvFeCQnDzB/d/0fH4uqvjWjzxdyYbrnaHJnvGgXp8M/PWZVDsw8UWyGW9EiCJKM4yKDT8jfli6jRzEnH+Jjpdx4A86cNshUv4WdPv+DiKrCV8YqUMnuxMN2q3IpYj3tP+VMwcPeDV1yPXDIrTLEej5wHnJ/HvmarKM209uC+2IClVV/O+gB4lKEVONHfAA1mjEMsLYsOjUBPcRRijKWX4Aw15r/rz7Mu0rpIdfHUTti7kf9OE2qGuY/sCJ24JRjLnkwtFlDuvHP4Udf6tX+26Zo1VkqefeiON9i80Ts3uk5MTd7C4p1uvf/G1CSRcRACMOZDpjNizfCp/AVaWlRno8yC09/1AtzfWDW+6H4s5OBlNXNmp7D2yKYLBOywoFkljQcK+G1mpa0AR2gVCglcb9O7M1p9lXP6QEzxPRwAQ+B4JHrdCG+vLsLGq6XCuEhi+7s5qJus4lTU/y08JJnH1y3Py/ZwFxRyK5DiBnsRkvImg7bOio0IllUX60iBNYiVxbJZ0ROnL0sBEjZ/WIU7Gyb5p3Gipj9Nbrp4OTvOwWoBfVKzzQZubd9gqVB/N7r8BwUnF83hXXT8VJfDWDDSw/UzA579WPi2z6nxGNf6rg8xb2Yw3DNxB7UG2u3pW0yMN7FX2J+9vE+uLEe8jlJREYdAUHBMvKzXwQp+MgD1YQ9h/EKUAAw0ge0fRaf0oGnf+GP8oNPKC2IuwmQHyZM4RzUhnYdeQXDZq+7IbZYvUBQeauB9kgXVv3p9fh8dQuj7xL4fpcVL5Tidr/EvfbrLGO9BOa2QC4+arRyUVmg/+YMlHVpJMuDJlnx/Sg7zvXGcxmw2uB5bCo9IC9vL7/fzl6U2VbhJa5ne9c+NM/+xXOLnrysM2V1QAqxop8649C0L9cPvMCOtksp2QxMY7HBpPPeC3gKTFblLRTpYZMWMFbMw4PHsXGctyCL93yNv27hxyIbfat0QaB3IBu2Nooq9GYjACCccvoHBQxeXc6ETj7W/lLLEeeevS8wQIbtz4vG9VwitcwqIOBDU8L/2P6JDiMheMnHL2fTvLFAUTU4KRKTV287eXioVFVSyMQvwpdb0KPtLokGWymH1zvhQZ4Vxwd8Sx4IOY7G/tPcuyakBLk+OxdpWMRidT5lKBheslbKM/CKwMLci43t6hyL90Jn39j2pybrbkuKE3/+SVEfMnEl1UXbN/KZHUdGeqhdiZMEEvqFDXsdG3cN0+Ke9LF2QFKBEmOw8ZDirL8rIakZ6KZF6ZD+L0dKyggSzn5poAEYyKBPp3aHj0LSy04y9gG7X4XZGL6klHey6R2hizF0hxcDEAgl7sCei9whfmFTKreNMn51Vaf+d3vCrKgMXOMFU61MSSd5E7uji222m/Y5jtcHiMihVlvhkMJAMn6qpUjpGkVknE6fDEGRd5U36OILoycu0lCmXK8DhLZkY6KQT5Up15ohbcdf7L7H5SQroKnaQooIO0bfr0hsJN2ceOkx1msH5aj3tIhBW0h9zDCzRBDfpvtteNB+3t5ETYRCmC0a76srVrhnqD2s5eARqtYH7DeolVAcIjweW50q5kTKYfLnAXYevMWREGbxzpVEg1dkGZ2/zyH4nfGmUc/3BnKsetKnuIzwiszhTMNceAgf0HNAKKoQuejBq9FmqqKrEXFEvODzi+ZeziqGRxETQ2rEEUfTJdxgYmrzoN/FkEX7+RO4hxXj31uFtRC+IVO0R8WOw7aOaDvlSc8tPkV9I18dlqBWUt1zv/nB1Z/+OT7u01le737z/YNhThHu9agFekVMnaVfxdJAs9aB9gvD2O3m1CZV96YoGzuxv8RzyqIqSmU2JA1jTN96oSRjZ8h/Vis7EdBgFvMMNlJt++Dq9lS67m5+see/kzpjswE/iM1RL54HShpLLQ6A8vVuoQT1qHMnMqoeIYkwzhk3+N5izWJ28XfQu5fN6JVnsQ9zF3Jsb5mJMnQviV86kLU2/1BR6nakiWlBiaPSsT1emcpyrwF5TZ8TfeH4jfA2ShNk1GyJBK27Wn21kSDk+VY44XA2kyifHDNspbRjKeGGSCDXg6euW3CqR4AP8ggKAsqJfiSGVhyzTuUyn1R4Nie70awlJwzokPAtFJx19k8obe7flzWR9OfvsDHQydY6PBRv2K6fufPfhxQod/53gpOTWuc5L0VExGc4YfbToTnc1gY0QA9hYv3GgW2ol+mIgFHg5TI5shBKURofnHRDzOe6zvjYktTSSDp6k7mFnEJ2Y3CRHaEcZLM+3foePtgakfp+EEqrpzNXH6GtOs49nFVpLj31xKu5r85Sv1ePlS1eppOWc7CPLuIvNdtSVl7bxTgjLqYOz6a9tsmjNjbhw5q/5fuePOWe2YG7feL1Sxq2+gnSRITcAl2MOuDb8ODm7GIJ9xuEf3jcPk6Fo4UgrERjasiMMnndNP7jIGwk73/DiPZPEX9SOiMSJxTnK5arBhfZROtT02Xlio8Z0vk/OCkYY4UzdN6yoJvTqOPuA6iAMXSoOfUidsgiGstwLMrQu2rcd6jnE7IkLOm5N/taYf0lgWxIb/d7kdVO7UXMKl+p8cdo/riblTazcOgCvK7CIezyTGmK59JDdtuMKPQzUq6XyRytuqOfTd++00nU9knPOWm7NAJCST4E/JDxOIvgJqz9oqghH/UF+bFqCznvofhxFOx0iKmSkf3ovMspEcNo9HOkwmHIMxyViRh8nJJjPcG2wJTsyUNtuao4BSBRK1n4KuI8jHb26Z/Y0OECGs+Cms+ThhTtlIalJ8vsnjZfhCatc2UvUohjB5unrxlYkvzTOYG+KPG58OMsSLjyRKhosi2XZMTG4LA2tecQki1ECopPrXozuoi2AGroAuWU1jzP9HdwzWVylGkLPnNWElaV4OeGKrf9GT3ugZjGmCTQiIQteBwyN6wcK4F/1dbVi3hwBbp6msjGL1CpYqot00d9Nvk6CiGXX8ZuTbjBp8kgZJ5SfalUngqgFX49QfwyknzukzqWz/26sM6WKZlYFFxHAwBI4SRoL17mVdHfIS+7OhNY8QZdoCBnNc4BKQPyXvGaSJFPjBSkni6EScnc68aXYMCiMHHKLYkmZnLDBQfuAyAnKTt4RkSu9YXSS24bUG9BoGImn/eKMNTIBwBYkPEKRHeFQbowBrOlJ5RvZbD7OPGEFgtjySlHnABuif7HKJ6O1gsBQWp4Y6XQRvsGJfZ+P6oQYnibDzcIn92N2VZuIbden+lfDg2eI3/ZKfhQw7A8rCYFWY2EEol0471PhENfPcR+n2OMSrzyXFnP8wbWzXcp6ExhujdcTdub6gaSae1KCpBV1GEBkor6QN8bOA2rIK0Gu2dzqZQvH+xkHu6byXB8joJ76IOPrQDhdm4w4pPhKKnDTOV3skOitwS8cXmswnrdjKP/9IRdOkej4nEg5GRPGwwDxBaHphTRaMgniyAGTrhL+L7y8h7GyP1fjqsmJ51FIM3TraonrsZBRiWUUskaOSBtwDsbgJaRqMpPlDg/0dFOzgYAaFrSnFBpCv3zPfi/PHCX73HO2atyt+Rp0MMfc/+nLWlPTLCML7gzR6pz0OzodeSLOhC4pNSC4M019AI32gXDeRgrA242PIeQ+cf59WSUZ3AuLd1MRs+lt+R6JX1YF1goxtqg0fRv1ssja5iWP4gQhhdZGEoOWvdlacrkEoqurbAoQpTYHINUuTnrqZlJHOF0lB5xaIFyiDfMGs59FeHNVzvWllYhVPGSBnhbbLcScmg5blNNLlgz7OPWMZYJuemNve4DEXqcgz+67rI5lRSQIZxorXVdy5pAfUaByQFyS4gO3sVttX15ibKbRDwvEthiwEew258LJPG2DDyNHdibz/EWON50+HPBXObqlm3h689jwia31Ibp2I2lfF7JaKHNHTFlzjTeVZ4uAzm2UoLpbgv69x0V07D+EaiTqaPsehtKTzQbz+xxqcFkfDe4K1XJw/v2Xkr36RNGOvPsad27kUEFOropzsJXIOMYC8cv/Z7/MfpwCqUIzf7+/9n5t3cfEoWW84NdVnrtssbx9iTn7kIVAUMjpDRJBUjNcDBaOmTVp/A0HdOJhB37BmyuNEnDklkPyRL5lnXpYYRoRn0syzuraueHe8Ga5bKLUrCFRMRxNmW03qkaS7Ohnvr3iDz4MgGtjML0Ucjl52448D2eJJkCW3GdfxXFF4LcKdAyYiZQudBQdnEmS/dDS0dfYZAe5ueh80+J6b1iy7kmCbIjEC3huwh9oN2y3Nb04GVSrP1nExTfpEgqvKD/6PbuX7h0RSpjje/r3qiJ3jCfq/HTUfG7bfm7y8b3q5vh+WscSKFJhzbQWoFKwsMIXXkOtkil5Tar9xZrMXLYGsP7XO0qUUUHhpYxpCB5erd0W0I4vJ0V/XVRFAmnLjpUIU/l3O/SkgNKaWQjbduI0S8slQ8hGXZJPxI3h5AUc7QJ09TfPun57Djb7R5TVa1SiMjCh+v4/G0En6nAVBkSzYYQLW8D3yyqDZN0aMYT7Nv5a0bnEjtfYTHYTXVTC33Emxq0iYfClYVWb5oLIxRTOAo3V1a6Ib9TZbFbx3OTP81yEDHKloeCR+T74wV9mB3lZ7rZNM7XoGhVCBacdkz1SinPXuVfunQ9E6kqyanuVjVuuOXjoLIFtdrvsStqu0AkY7Qx4/ObYW/G7TDYyQehj4ou2jMFDS5mNz3KwuRGYM8vYBdbLcYpTfFgJVNf8WVLJNsnCKiBXpjVvdGrKF34e5hCoYNlkvmwxofXiq4EdHRNjqvT871mWeotGVEhQNhIXeqyyFeY1WwTfR0R5oyr8JptL/+GHUi+VYobyFxmCZkM6r5ZSpLz6Wa30vevSlEswQwma2FoqpmO1cx9fRjVIeip87YUbItraOiLzS3CzAFkQVXHwg7ax3r3w+Ru2WSyEv6s0CySdvwkUPo6QEd3Wgg61pA7tyNnhfoW9r/BmvvlYkc8XMKStMnLF0zrxP44NW69bxNvGQJDlZhrxr+4mbe7va16zilosBsVQYcaEphboGQM6FP70rJmTrPa/tMc4MyWjMZfaWOwBxj0M2Hlez0TR/iCvcdxy/DV8RXb3kujY5zIaE+vZSdUJSPtEMjBGlyaek87GbiQcQzzNtAAZ9ScnBpMFTZfRjt6TTy06fUxW+6obJ1vjQWRWMq6VvZLpwdN7K4vZn2upiPGf06E9Pexw9uCvjBnczxQk78Jqef3MV7cI5hU+hk0A/aFtNGaWVjXrk7++d8JO3CcmYJnWuAlrO7bpPXqHBcXJCsXy83NBCzmj9Ov+/rPlw8abUc6AeeZoz1E7yGEVpBmfP2vJHlzl+5SUVmebP3xp4Ut0U7LCoTLaqP5f/OiQk7E9NzXXwhVC4aPrR6OMYisxW8JmhN43NeSVyCLrGQxigbiqNKf3FIpnxbX1TaNMRKeHUTbK3mJCAmKdl4S7b2s0h0qgTooDD1a/amwp3REbYfZysG5TaQu8OANnxLmhkbdzBYh1We0kUvdS/OSJukVmADMRynSVMenOHZPrbN8cBM6cbCHacKJ3+9fjBaejHeQWFYoroHOa4Ulov4o8MHBYhE4MU+CSXJwMAbSi6IMP7i200nqo+UxUXya5taJrGFKnLdDTlKJ33REtnikwO8Ip3Up/INeWyIDXNngsZephYCzFf3TGk1f4j+AFo+fr0saxzBwAxZKm6R4+gKMEFB07IgOmM/F4kBzGtHdQn1/meytmdjxoU55BaDFOQeJ3uKksSg7N96z2i53OhJBh//F1Qli+5RbBuNEpMbxb90A3lp9ZocmuKxpX/RdtXq471OyI1N2oIo1WKrfu+URrf7al6A21rED4rPE/VP0ebFDKPUagPMeNfAZBwkqQYDunbf8i+44x3J9tJb1JzoHbykNJOMGv1n811gFIfSpYprSJuebeW9D4cFVP2Aa9EV2kny2BUtD2MBwengfcWwRg0NYiu4djicB0WGOGfbgC0UVEPe1vRf0h3w5YjbQiMhsDmWiTxrOP8ENAhDcHE8GZamekkXaqXeSYhXbzpe09UyDQPztuGYBPkHXbPEvZZgtwzpFKrzvI4pZAO/La3EajBxGlD5LuAM1dY6RM+bTmJtpPL02aAhea+y+J9gQBBlQowBgmTJ3pmmjbgkX1V8pss+p55efHXI4KdiecIz+eFSDwd7r3SihzberTYhbulZ9hg3rfAfC5Y72gX6cvcFxmh5PvwZLyxFxWXyzLkG/zDfBurZPmqsJprt/JIWvHaQPIv8GjGSUlWG1p9QufyNWY+iS7MUQAuWlHky4eR1NpRpFsT3iT5hDHjeq3UUsAIQYxCh42tKb4+bLdYbTxg7fwUlIwTzRIFGqz5fwCbg4j6eiG6dhrCMNg4KoCh9UXEqzIIZQdtziJuUXnEff5eVoCr/39TGqif68LGYJczJA6Hgko83DYkWuhx/8X0UkgZBJrWQ1YFwglDygMrI9PniBSRRehucCpC20dXkUlEbOZes4a19pk/PlH+ViQNpcHfqiSw8QQuF9mqLrZ6GX1asgy7cq5dYP69hVYCgghWw8Yz89Rc77kyNIiRCFn7/i1iXG6Qgmuw9q7pDIIrRazbgzuH3ZnmUT1m6MG8S9FlEPif0nzM8Qz70k4CTH5DXNnOBW2EtKssyldXToxI6x+uCMGofsyw==
[2015-10-24 12:33:57] Phpr_PhpException: chmod(): Operation not permitted. In /Applications/MAMP/htdocs/fars/modules/cms/classes/cms_object.php, line 86 Encoded details: hs8FAb0xDVi0bP0yvbout8paAGxgjBDoSp621NWqireQWZGRC2soH5ld0d0dTAgDEBnRuSx3EG5uGGdaeoKUKm/meaDmYQM1X3wBTxfujgIhaReVqB1i2WCUTjjA8r9UoYZhYe2d8JuRNwlhcHVKs5/q4F3Bo3NPO8dbNlVwfqk8xL7O0VL7/n67j0ysdJr/PLAxYPH6+O8YJtxKRc/36+vUJo3MsDXvAPoUhw/O4X96dFZrJ2W44A1W2uBwTe0EJ+CM7xR3XFjINqkyYAtO7qi9IG/hhblJrUcOR+b5DURM/HgjCAsOUjjJyfev/XmmOiB/sfyyAzKxfLtnvJbrufBBeujt0XinCA4E+p9TNAgm8XGl0E1eOjnYf8ib2C00ZNIQrSOzHVWclZOjg1K8BB5rFpqIy2KKLMLK6ahcOMD1NdGwaxLaP5QX5Q6cFKQJ8yJ2d0zTPBdtXyrNP1Y8+QD0xuiFZDxX5rPV1X30AOLsDua4k7NiI220wpbq38hghKQQ2S+bYnWH+luAGfNLv3pA7YfHxuWqRPbCChW84hzBRDBY3Nx5DmzdzxYtwllryh89crTkxteBPMb5CrVpkoh4Uhc+aXZ6ikfKeuHfXJ5osYeG+6KRMKaYDwD570M3wF9kS1+x03UlNHAaMDMfhpC18gPlIiO7DwTr91H1FVfdMwepwhniNKB96NIxYahV4a4rgAGTjDC+9Ho/8OJi9YnFPpxItg8ob4eytY5m+roCzTHbUNvf/s6JiXTrvd6HNcMsoFINN62OLNCvL4DXIq6DiIw/GOPCdZNnQ832nkd4Lok+96U70mONI1yTSBgp+LhRpTOyvwzLJBQmzUH/BQZpo+QeTL6eueGpkjR3iRmYLswOo933VnoqfQThMMJSSKD8MN8cbDhcRD5Vwn9xipb2+UZWaOQsbLJu51aSBvT4syya93ZZO10VGVG1bEPG0kqo4ONUVbGO36UbiVz4a6oApbBh/6LfBkcAjrcbXrG7nY2V8Swx+HE7NYCodh6/7iJPBkbeSTNMlqrHoxP20sDLqjV70Nr8jqgN9UB8+dMmEmraCvA27scQGWgGetzHkcgHfEG30j8X3tSDPuSw2FsLd3XJ6JwHU+eKUICYP7E3pdEPG5CM4rZOjSk1cg2iJtVfDf9szFuJMC53mmH26bfm0MqLSZcwS7M961rVUVO/Uk4bGzIUXRBcukw3vTvXL9POt68LWEOi8b6tcb1Fu40huY6UdghforFzIY7hPdvYgYg0GUk5QDoMmkihfvV6oXPDVnHpoO530IZF091kwMIWMJe5DwM5cBjSqsP+oLF18GBnZQnltfVvSbVsVe3bxT6hq8gP9tcyJWspLdgcByvwqUtw0LPI8xjsTG8mC63P2TGUwJsrhA3Zi/8Khrz4MiTZ2ATr6tD2tEBOisrIMRGOiFDeoIv9zwD4piK6IRGGRZPJK7pFzI3nV1MN6QuuOsdNhMD2sdxfBHv+xpKOrupqfNGV6K6BpabAhyagztVy5U5RK+IpzAqhrGYD/6yoZO1BzXXOCynp+m8fFImH3SrEpO70r9y0W7aGOobe2jZJnyqnoSv1pMvL7znFGhWw1g2Xze3VESKHPYZLBWhyvl+LslUlPeivGxaNNpZnNpsww/xCQ3G848HWz+WyGfKa5M35MMl5Aol1nJzlyLflkRVa3JSBHpj34hE2XsFbb2e+/l41OPAiM/NS28UIpuBMCzEy6p0nTzpNqMzGgu9ahdWy5mje1Dfl1xFCjEGmA5BzW/bbWQM7aAs1O6SNDQN6+kZc2e33Nf4aL75hAtiJC48i+e5lglho7qSZMYT5IoORLBOSZM5sotoGSBkiCFq1hf+Kn5bUd30xboeBE7Xw1Pro0/xnaazRrmr+HSM++/4lOCQjBn4Qr6XWDKe/5hbosP/f1g+Q3ly7ZsUMuBA7+seVpxi208S0xaTPlgr4xKpnxc+Hp2d3qIOUL+WpVqvv6vna40QcbSj2JaGYaGJAe29cgEqQQnxv3YBXmAu1/oN4tCEfQRwSsZem4MnPNtgyP/0NE7mysFvp6JR0LR/HG2u7eMrTyncSFl7CvK3uG72CHLPK0/ty3+TyUdTSBn8/Xk+GttRPTxK2qM75j2jZlC7lg+4rccDq0lXHJrcmPc7M3sCIfg2nZHT2MDsnkB/imjirgRUGYVt4rgcFPAtD4wmf3wr8v67fAVNdE1+jY+XppILnRbb+Vml0NHfX5wXDPZOJm3yQmELlB2w9E9+Y/A0QwumTt7UTym0y9+CG5YmzDRijJ6aa5QQi83ezV863LiEuP16fzYk4RRi/TbXHOby85Bo7uJWwBHHxcfIG6lT5qDrbP4UamCm3n+hcd9hrWUfxfnrgULGUTjyZpI8sVFe49I8Iyecuz38m8WQHGo8hsn+cyWA9ThUpUxwEFbnfa6IA8hA2MpDpR6I2qXb7DoBmLFe477o++FHpOiyixruTp5C10pEeQGWSQ2UUqL6tuc3seX3vTBmlYyrK9x1/8P17xULOuS8jlZMNi2zI7ZrvJ4D7ZZoFQtRTvcz/U0fXpkCyyD7CGLnNAFJG4lUTCTD6j2HBcDbkKXeJwBif/N0qP0MhtSg/uieEy8jCoK70WT4da8365mPSug1kW76P11zbRepeIDfv7e5nqToiZj1IZme9U+M10dch5FRgyrWrhb09Bgs01PZ1uC170fCywgnDIDxdNW9oTEUo17XIfpKqc+3rCZhq5f7ABSKAhoLAryUk6l7UimMifPBFTi/xQv1NVQln5Rndn6UKG0BOFs8xy2agQ3dmAefHCLCiY8n5Ijfes5rEX/X+DfP3S0tCzASUIA8sHyA2pIYRiKCtXPxkSFyjPrGPAwQ88uV1aXWtacQ72fz6w0PeHDy200TZ/sS12NCkIKufcidOXEjifGuD+3jjaCtOjXxtgkQUt/kYTz9yR/tOW+P/diPrBFXr885gc59B8xNlqiI8lmGW3G8qJYesFj65HXnJwSRchoRbwNmTp7pwaESt82XAo3lFYkGSIiAd3ECx9PQbpqYSsyJYUGpInAS94i7E6X56OZB7qYbdJmBJRrzam5KyzHWr/Pbl3e/x+FNOS5IQbWc0ZSWwy87PkUqEjO/CLBlQwumj5iNlfgB9d20mnr79lp3NTMu4TTip+y11Hxrinq8CUC/HOeDD4sY6FkoRMYt45K8vspc6jQFedoIAD2Ify2T6NllYcHxCkqXxyhrthNk5BFsydemub2AguwqWSwb+T3pVR4YB+ywli2oRCXdF2bS+lwDnGvFiwu319uUmc3qXurd3LE2gYmLqsXwNZhu2X9jbvMkElqrzJdES+UQ9xh7V6DuW8jzfsfeLENGAkWeoGGgNub22svblLsw2+EZmUepFQcv4PXohZXrcfJCzZHtyBnSh2q1HGwkpOWy848gC0oN8gfqCQM5aaggf2n323PUtJKpi/lcHuP+pacwEbvbKRAyWVXuU0u2oiSI8s/rE93014p8FBga6lF9jEDLS8uN6N4LFwomNHnMibx6AiA/MNNbSJ7dPPKiEsR5BCIUPouhuGgnfNuYZSC6PMG23D/x2Ud+eNbuqu/jCfyh8EgkuSDRHfUBpu9CWafBaPT9546Ppm2/6z/GTOaHJaySh85B4SIhfU7P5p25hQy5rx3CPx72lV1/ugzMYUIypw96xwF18CbWAjVl/K//gD9ytNMf2nkldd+odsciCXMs8y3+4jEkpdcfAblZO7D4JIlPFHCxMx5zcLZOBDBCWF9Xe/gxnXrvlSS63SdUapklUmY9gxbL+voJ0WxaZZR9247afauHVV/29JJkTMK4yqUda1i/V11TzdZTSDQFC/hRoJaIpkZ2271ylIdLuARmAnpB6VIZ1KlGNpGEHTck2Os0pL/dPpnPNLkXJU1vvTnuN1pr1vXHblyEsUWWPTbT4Lckpv366MnrLpgUusDWhcDHfzf1fKuoYJh6UNZPVDaW9p1l6ghwJH87fGQEBslbNgz6Ol4KfTyA3sM04LeJ/UJv6FogAiznmQ4DJaci4BuiPeuPjOQuEcO0m3X70Xjl7NxvNMMZ0g5VCdRtS8bG6RTSnkswInYgfe6z95n/XavHJwH5qu1sOPQEFnxdB1aIjSJIsybWp+8i5iark0/6Psni3VZXsvImdxfSNZC1qsRPZER7hlSKJqB5q6XAEbdQF2vmiV7Vc+oUrgtFGC5xL44CCnmzNXNepA18vRVWrxLOxFqRWBW8oC5BVGRw9UsN0pFwgMOABQQeI2bETSioUgvqTjvgTHzQsjxHQF5l4MoJb2cxCR6bQIkSYxZo8H9KnVg7eq6Pzoyijm2rsUpKi7yD1vtKP5IGJ8R11aaBMLZQKwTq5Zzy6r+FZZIW70HLlG9fmE1dFp9Bkns+rVk5om+eS/F0QRm/9YrnACsWJrw3w4a3gS5vLBuaeCgDp4rS938Qk6adsi0uOcG7syCRD+Q1YsxocVTornwJGNf6L3oHPQ5Z3ZXKepSAj9cu3BqYuBYgRWUXlHj0EFlEWuq0Fggixq+dC2vhOS3vCgUlnU/awgFCro07TT7wREfm5VUwz99dlXWd6DFoajgZdUyHZN9aDC874NMwakzSnHbvrwknPXJgObVR0dO+Sytixl1H9hYtScj2+BMinjPGMqt0/zO7e3r3VD2BzDR3AgzQ1dhIYbi+Iey3ZGtCei7fybcDRQBLD+1JmnJHPR0idnAOb0JLWjX2eVMAKM1KJoCChaul2Nw8wzBCK1oPKElYMNbtNrwin0cTBiXS2yxbVCRTfvqFGfGW/JhRP4UbXkgYcU7gYtCJEbtSWe/jZxWPS01nipy72g5mjkEHdTkN0WPAqmIOiUZSV63NAgQn39tNqXSBFrXPserJQPrmK/ScDfz9uUGFTD9bELWIM7VHnfrr2+/SiTyPt5IH6zfVAJexDTFx7ttHuwHdcXf+ahecQ33gAjxFCYL0fw8ehbMBFqfxSdc9E17GZVGCxSFYIWkYsOQCNFW0TwKc8hltmo7Hjfr60XO9W9es1nGv8kkNl5Om480Np1FgiUEOLKUBVdy7de5tEAJydOe5tdOXGYwD9Ir5IPXtvDshI7d1/oWO0XJG3aurOY2/RI/O/XPHcKHsyd7KHi4X/6+ORfrMrYzMRGeYDZWTbKDiF5MuIJfTU2MSu9MOSS68NiNBPix7Y853N3DrI4/I9lW2lOUvBC+wxmBHiLwWhYs9bZgZXrQzGVVi5ET6zR1jxy6gWUV4F4Ch45SwTQRAAt9Hlp7+IsYby3Rak1mOb3dVgVEafm8iNpmxzQa/0GxCis714yLfDMTDVSi8nlFfES0wFp5I6UJz6PqCBKzLpQSiYsq6HTEwR82m13yGzGjZyNbKvB+6cpmOIyK07gTYqoI3S+yBEOsiTTcRgNtdKLOb4avKiKpRL0PEw9CkFWxgYzsH/+AQiBe4f0U1YOJwG+1IR0MR2G7gtuAwba9t235hnqLmK8JkJ33IrjG0ZLu+L/K5DvtyPjhWgob7gRQBoiVTgJGDwmrkvuA8yH3PtOQ64iiKAhzFcv7ZY5mrRJ2soEFgCiFwvH6LwE2fAJc2XPZECexMFwsJfU3ZwgY1YBiul/Zx7tz0bb7JENnE6TpFNJaT2RRB5qS7kkK19G7gqPkq1k8CVKyEQC6J6i0zLMIyNwEhB9Jqs+6KNdBHKbCV5Smy4aA2WkoNfhPys2kdTeFda+XVS6rosclD8WUo+/5VIx/hsNgM/X/XIxg683/U8a3ElmBWRlZUDA0OO8AvIbaAoxdoemtTra0L96OsWaDk5u72heF42WMZ3QlaXNKiSTAcBqLvzXv3sNbg/W51C4Vo8WzCiWMqfuhfDowNi4+rt7EfSlzgHgzikN1Sa/0W2dE2o8U9V1YtjbF9K0setPJwhWaI0dj46/OmVxdrv81TdyDhCQWkWGDQ7CEizgnqGdam76lmjRpBxMEm8Txvl0+DO1zBR/PR1MXlSjSjxxUt3eV+huybZ0TofssKFZ+ZodERlz/IoE9hT/JBJ6uvx9P6Fs4pg684fuQSWEgPgLVZcXWc5JhzlUqtDf0T414x/8HYbeURX4gY86JiwXw5zgr12CwKCEVDcozC7abfBLEVhy4GC/Ph/2vdgfI7BnrzGOejLnXx2P+XvuoDabNHB2hynlpKmV5brgPl7cs3itFWl84zrdRREjJ9xmMYVQSJ+H/ojsSc39SaoUN4am6yBBIeNGY3H/KI8xyoJcPfaFPjGyMJ8nQ+w/XStQ7sHe/jbCxJS/cXuElcdfAwqS6JuTMrEPQSOz0TFalby3zRu+HEMrUDYSJHkI9Jv3zUee9TL1Au/PAMOHHtGSa9Uby9z6A8SfvFlYEmRJi82qKZL0I9Qq75aMAkutvjK+pYl6b8+8vxkhngaCbdudfacog/qq6QST0Jkf9zCa/NNrxUHtp/13IsSQn+WDrvstPKWc7HEoMsaVSx1mOR8bkUD5qwdOImsO4ei5K+fTIssTYZ8dTAKnoBhjhcvLtJNiS9Gx7kPyTfKwIuEn+Ak4Rp8iFyXVs2q2KVtFXT05NdT5KckYXut+5PrJzi/nVR65O4rsdGwjSswKxX+gkPzOHcT29B1DhNH1hLfX1M7xMuyJUcp/N2GqeEKBOs02xGfUxveBsdwvRTm+WP2wjua9E5qQMkHcQVVO1pTEWk5Kov4DunqZyWLbaai0gt84INK9jD/9riwLxYLPXOybAed+LSJeESfnw==
[2015-10-24 13:31:43] Phpr_PhpException: chmod(): Operation not permitted. In /Applications/MAMP/htdocs/fars/modules/cms/classes/cms_object.php, line 86 Encoded details: qUQO/ca2uTOSGlIuCVI/345F8rCiEP/F1pHMJk20pd6BSULjeZr6saiejCRcGrAnVjcfnQ8Hy18ulyNZo6bZbsy4XWrojeQgAzvPsiWQY2bp0o3mLWYYBtKID6H5ch+phlrNjmmKDVc/7aqeImnq3S7s7Z2b6WM0ItfQKttiC3fgNE65xibwLJyj41/kIhP1ywRbGQ8Zb+esX5/YUl6RshSNcz4vBB5TseZuRdy4cTSfHHgdlyHCmW5jqgPPb87EX5iU/2KVxFmTAmypZExtGFVif0ZymwSvD7iAF/9VCLDPQuyX+g6Qb68soXVwiWmAqTMsiBlSFsbEU7G0SncynxU9jGNF1jNmJPgrmJtzI1FswKYp4qcmoqFwdUiApuEXdtsvFwbsQuN4NKPBvl90gr0/prPOS3ZdE0R22v8rxXQFZUHScD6TVI8vQ/ScyJFlNJc7WeY+mcujh3BVxrkMFdJNAJIy2eUpGsvwnyqR6LoRMAu2naJBLR8V0rt5KJNKefmAkBZUz0/8pIjhEjiLxsEofjBf8ch3OR1rpPacy3Q+lTbp8yNOrQXLpemcv4sLK+8554isoo4GqCqY+EN63TgE83Y5dBEyNrJI55Ma35aJIhmrqSJfDkMSThqmQ/KKjOEhAnT15WZX6YRtpX2g2iPEYHPGahXahteRCG/LsiiVpQh09LFZVlGDiS//PI7SET/KPsYrtunjfvqLheyPSLto+Gc4pbL7kX53bwXdc/OC09Vp5rY5jeIBJTvlgoyS3RzDzIUmafsQFXiGEtd1HIyb8MGc9h/kX/5OUy3sjm7XWx/qdBLT5yXoKNy6ReP/TrP8skQRDkKNMIldHM2hWAFdYELiwF2/FdbNGZw71x3Zu80/ZkUJM7o7N+hqHDA7hadOPkZgF9h2IS3E6r5eO/j1aKkaEsmoL2TagLOrj2YFXv9EB1yKllMrEKaieWuWzlXJ3m+IJuik0+yHIMmmi6u4yazD729M9oxpEMH6qcYJzwd8p4+1oDtz/z2QjSgVfvwoq61TQueU8B/ZZJuyK9/jhJbJjCuhQykE41iWwgnnCCaaHXeWuKXADgu++2/bmNN3JZJeRQoZBaw3/Vl+RDJXSiaYAhs6Jitq4N7qNY0zPDZU0rCcdTWxQ5TaGXmM5w0NkQVgQZXNZhrNLWLB5/Gd0EJR9lKY81adSDd1PLj+Qq7amTy9B3klktr8j8OnIrOBfFX5H/S6RVodXN5s84wS5wFAAxMAb3cEFh4AgVCUbx2icD6TQ/XWIdK9AHgZpu5TK3wwpgqw/1S/KodHCd0dNtND3NXofXK9MnbiIctSzalplaQOx/TkAHqZF38UZA7m3dyzBiBoMvc85Ff+vJOWgtIDIObuAn9rBNEqBUqXrp5IbCsVCp6zB0Cqyk6jDwlmAs5l6pTO+iJZdKpomt2BB/x1L1VlXcljyeoyN+oqe5zHAdvMjvDTzZwJLpfNlTjv+wbPQBgV9TVs13zfCevJuEm1FKb4Z7RMNevWp8+P+2Km9L4TaxpGCUAbh7dRcXBkxBW6Fvk8woAByOgGNaePpxoWHA0bdZ9YmYRvdrrh9++7b8wPHX5kvhCsvG1HgdpYVJ/reYIRvfn+iHadEw+2n728R8b4YXVsPQxMjNkOAhi//pAuwHsj41sbxcNIsN3+YShY+ddlyGUowD54q1SycEMiBe/xsPONoJsOu0D+LJhFGB3reN61fuYQfx3zpfLQ8ONbMT9K91hzYO56XX7rbU0UW2hfUO2taAPdNFmN1U0pWTYAwneMGTmjSskEK1BlAmJ2BOFmjiAeU5EF8vJzCZ29D6Kqp5P8JHObTUwf0WrYK+bLzXMXsUdk6MIsB+pp0ef0l6ijDJ9EFo4AoURSXLLLJcBkX9JxpZ1zGN40+NiB5IGiJvhM+mP/EZiVIhY2w6s8g/nGFmyR/FW7bzP7q8reMSzXQzf8+jS8/sc8SP0VG1ABHyGzVLYc+pb/HwlJ6tYH9AUXwmaW3Jn9YZgt5Ilwg/rIMu870P+U8MJgcd24/xThJnv7b1pkWl5HjXPow6Dm4846FIKX8/D74ZGfcnYHD2ryTgGzvR3CYv9DrAl/8QXZ4Xy3+YqFe/y0xWUVLaGHSvcoryllmvt1NG7T6qqDcMSO07yN4gTuINMzvJgde2KkwEupOPWgFfXK1e6IRyCC467furNoSiOvbxj1JQqbqiNpM1KTWwr8L5aXmX4BtXOScxDTG509dEHVtzsRYAG+36jSN4HThtSsEyTX5JihpPgUfTxWmRH2gkx5dvSFP9XKfaGst7LBczOqrXlYrO5H7DllustDpGZRM6yzS793I6pwwXF1JOdCZ+vCdYQ+imE7Sabl2UEkD79v2fp7bZBmSiaeM+UElRcp8DMOCXkcre2m7smKC1ImWyFEa7Xvk0wEMrRRsIjLz6ziUtIuTMdMAHbqYvt49H53VmIgMQV6A8XrYjKQQ/IO7sJxvt1hYfIvFZDdNmspTVPsNizp7GYfExkZE7J2xJBq6CMNLm/rZcfSRVk8W9LcCuOXE75Qy0R5IbbQPyVq3YpaJyv2WoK1GrV2GvLWsg8u/JfhIYM/QcAjr8LoMIChprPR/wcxXxdpJM4L18rRhoBT/QEBuG3IE0F8RYn//+LEuL7QLXIq/YI187ON4MwPB6NFstsuxOSOGDUz+dmOC0f6gyemE4by1L1QVJ9TvnpXOoLgBQ1rse/HeMEpt8ZxVlGp8/vzBLVErmZd0Ee0L3qBzDkxpD5oc1k8Fe8vAINK8us4juq/IBUXgK88SdauNjiHS5p8ne0uTlMW/EJxP/7E43rG3ZewQYVoxwLMy+O2JOrs5lGyb6ApJ6yuscNQ5ntvpfp3v7FzvDwZ74INF1gnZfVil2UlUr8hevD0WuODLRpG8gTCprk6/1LNiliJNUg1MGtSj6HVcJXaul/5BVVN9gBHagKbUd3D1ods9kQ0i4M4ge9qFBFq6gye82dQS091qSwT4mxbAIwKC4Nh4nFWv/GrEOWG5K2E4pN9oaPSZfERSO8uAvDZ66NY4JkcoxSo9clLYF1J0XznOGXbESWi2JmHHeCZpQXBgsRuMopafTSH11JGtOAsO1PfabFDsv+MhEoMz+0/YT3UQHSPJ71eLezImoXDfbEVRokqocI+P8Sfw+Fql+5upqdbkce0m6PHUrm4oZVf7VMI3zmA0OAE86QP2u6Y/R6Mlu472KpRDSb4J8lLH6XJRvyWPyzEw4t0f7ho+aWj0ScGq3937viHdJlST81h0SpYn4p/juTmGZWhzQ1njkWWRmnAzjJKlYr040as5MbZliXwgMICpXiy1U8e5OcJhofF69seEvckBy4TTxN/VcCP80p0sZ3vERMnnhsxpanjRTmNyDTA76VbsFEShlTv5c/vYBkKdsKFjl59TBlHuO5Fy7pluqt/+tVP+Z3qbAaThfjgu+z+BWnQonuV/BTu3N5ygYQRU074CR56iWxhDHK9Qo+blPdeO0TuIP3hFowwnssrOGgErSuZITSAOBkr6f7Ok59NBHZ1U7HdpycnExXRBWHOG+g1olO20CWQqhZdJ+Q4aTN2ZUwxOvRW2sf+zKAfT9g4bgVtrrr+2+mIUH7tcLWJkqbzSNy2bJ+sHa0t2pX/1szTB8NlxCDShnXbLPB/5c9I3forsMGkc6KHJG8NpideomPjKzCmYLTHuXy21YWF9nQh1hRO10kOd50bvxz0F5aZwr/lOuYW5bdi+ptqd/5k4Z6pijsiT+ESoXBSPyWf6yz1aSvuFDRbkmrcZHUGE1cl8mUBphhXfhzeCB3fWzafHho/iTr8HvtB8rdRRpeGsIYQe4iWhEG5q8Db7MbBgiC6wus1OkJyD6lluDtD2dIJp/rbJ+FkkNXlZdGNezb9lFw2tVPVK9fDhD9zA8FNVSEMBsSXY6wvPiZQ/7khig/EWQ6pqs9N95j+pvydoiODWW12pgzqDD4ZI2yJyqDp1GkznYeOd5stuVYzH2HvU9GR4KAH2WdJJL8ym1MCsigZcAKZzEbr7amo3fNz/7ZRezpsbG+zKPbv+ZNdCfQNiM55qnd0e5AhN/R3ZtbcIvYmQk9IYe5AR15YIwuUuEmmbv6Cu3j7U+SO0OAqtHDNsAZAZ3trggchDkJ32ufFlNkt3gNXis/FVd2rCR0QnYkrXympQajSvXyXsj5xwMF9YIfxg0lKK7xYSsPeR+9BHedQQxNcQB5RrII8jnsrOI9LuoUhzSf5c6XrdV2NNm05p4xdQT1Ec6Zu4gl/yHAGmW7HCNFKNCuP6TO7/2GlwdAGa6zALmUV1jRlz14buykVYTf0mPaf1LditQq4Cj0Q1YmVW6pAuD0NBCNqHQ6QiEzdeyeaOmbgvW5F/G1qLSv7PIrK0UajwBgq3csJRBRS7wxe+Vo4Ob8oi2ESfhAcuwRiNXySLDKGRp06xo6oU1ldDafyX6LBpV3o+6X/A3uMTO5Z2Bau0cJ8ZV21Nu1WHuk7IIpDSOoO4dk/y77DyHo5tN5f+DDUtqxsXpxvA5twakFFY40LUBM/xHFlFPFXcHas7fZZruqSH6H4X2OkfnNNdGdWp8lTdQBUmWYeecCErkkNvbEvzZCqMzGZQCPOKnOdvo0YLFbziKJL++uCDEJVbWCyFV+67iJJXfwq+nnDXLfGMAg9zLs7dAzubv3lQ1bq/VDrz+aWFuv/A8e1rTKZ4uABT9xpvVYfcHj9aSlJ4fXXVNpzpGncwFmFnlxksyXvJ/mvzR2SqN7z4fQ2ORJs9ALJWw3pgScVQEPHq6bJL8WM6R504qdlCC0rPtRNJnYaE7jOiUA7eVH+gkghTEwXBp9gCxpFnWSYcYJSLEw+I8jO/pNl+MTdiEaTHcCP2teeB2lbRbzeSZYue5kYt3NMjA3uNdWXHFpVVc/4XKnsVrEFBaNKmO9O63Pzx+HVHPxKDY+rukGbRGXPLQX1uA9jxLpHLyupKjrgq082sIkd1GTD7UehB7trCMs4jn2ndz+EjY2BIyuthmG7ua6Nb2eo1QV/5Wdc0G37llGLkSt5OIGZolNOWPeZSa70fNUmxERwXr5sUCShS/AeYMd3LoJ9gXsbCt5fh5hTsr8wP8JK4EuGbf+awaIYdyoeHRTNecpQ82//bhDKISaGOn0BijFgOSd5zpyCk5yDcCrq0mbrPx4rJ+L4zme6bXOcyvhJG4tL3vK9a3UoEvxoLnS0p8nIbEfQp74DQf9R/DBKiUjhTpQ2jokQZQGK2WkR5IZGeBW4c8Ktd+vYylSJ8wzvAwVbuKFAEErEvGkgHGwIAi201h79aFgZFXbmc7+rkGNoXrimRqvEXdPvh1tCFMkBcUpH3ZSL9dL6asConlf3eV5yyvD6JT1ujyzqgKaGpUatibMvad67ZRJsKChuVt+fKqorNz6d3136JmC5p5oCe3z0qSb4li+w+dsStMNYYxaFCvuM4ZqXdhWoVO1SnhfYbRvYe2cpiYekwASdz2+hFSmwB4rEXUam0wfrmXT1V1Z+5t6qkFqkoh/YJx4uVkovj9qSJgW2D8i+0JMLcY0vG+Ov+XVY7QRzM2lXu0OPZKA3ya93Hvz1NcGtocVjY0fla2eyIGfSVH38NmxdJWQ9ssbkf+JXemXbeve2uMFmTTQqFpp6HGXMnuW7M70/lbIgOKAx38+UZb1+IlLXgGW1BNbivDsBoGIDkThXAagBkXF+UQ7kONB+CBZ3Z2cp9EmoA1ItdGmCU4O1FUsh4eq7GLKQNiL0BPxv+X1/Rayo4zPGTCuFsQrwtTqtHgFRT4uhuCG9BIh/cACzg1bra4dAgiE2JqJG5aL18eaY5Ex7Gw7dCoUG+hT57J95duZVQdwW6tg78HykJoOHdjkLv1IeYlvYDb5YOPY941vmeQUIYv+ufolvWnhoZNs4ylSu8/81MBt9+7WKAiL/go5RoPYPRj79cqdXPx7L2J58V/DMwGtVJlAaTxowl8oNyYonHum0dwJ32y+Np0wvrEzRWxvpXf6QhrHim1B3E2kP3mtIjbMIuNTkxn3f9jNpk7G5PVC0UCtod4k9IY3EppesFliAmyp0lwLkr4BsNvIkR0xMcYdJbUTPMVW/UrCfzJu0IlFeCkCPY1W2P/W208myZUTbYrKTR5u7AY/SX1zBYTfw1/d1So8nMWy8SZwg9GZkU8ccWwZgf3uq66Al0uImI3p9HqzGiCo+E5x5WQQxOdTlRzFGauLS2k5jLjBii/YfFEUlbr2BPrvK6lU0gwwAO4ng97RgbuRajizAcfGhwZseCsmuwzgNAOEdX/ymSAhFERVFZC39bXPBeUboIpBotCAA1GjSBrEtaFvyzsvo4d1LrcqeTuXGlfFp593S9BmNbNl/JCtaEflb59Cmt/hmcRpdcIATFwiKrC2x1ZTfciDn998c3lNdTYKoiCG+is/SRQvDWs9wLwScYXjc4uYDiOabinOIVnUHltBX3nQRRUnrKYfyhPsKvS9RYtPSj+ALKmOShS+HsOhyP3UWRBh6J/qF4MlS3ZBfRGL+KPqTW/9OuoLZCak3dgiRarfzLenfoiN2IqEQx1FceLVEwIOB1Cx5dPD3VojBuc3o7SLDo+4v8wAERC2Mm6h/dvyYpuhzy/4fe+eCct9En2Dd7OICnkCjr0F218ssJtfa1liMM7o6BX+IFCyq0gZhaxpM83Oh5XiEBjr9ud94mLC7hbb5z13yIiOpmfSydxN7yfEs/CEpPymrcs725c3gGVXvig==
[2015-10-24 18:49:42] Phpr_SystemException: Error loading options for x_userlevel field. Please define method get_x_userlevel_options in the model.. In /Applications/MAMP/htdocs/fars/phproad/modules/db/behaviors/db_formbehavior.php, line 639 Encoded details: 2kXpFdXQZFRkwzRjCTS9YDTukLAFAdQV2mQSst2ZGPdGUS21AmCD8xM4DPbjH7ZQELdfoBrXqVgUUm2nL9V5MAAQkbJ2wKr61nZAUT9Edy14a1d1Hw+TF/eBgrbewUSz4lYc6MOfjxp4yH3fGXUMxStSF/yvWTVhsOVJcNd567L7+ngIobvmhEb0ioDwh4BGrfjeMFdsgAS02jIJYkYqWUbCqHcNaCEp9M7IjoWgpkgDH0UYt8NvD/MHzqz/LL4CfdOGb9FoZ3acWPPCO2a1nWqFNaSgPv2W9bseNa3upN7Y05M5BQ8RGdxpKn03prOUTU5F77nClNpET2qr57FXuzm48UilbIzPvtAB9opfXssNJu33Z9/P4DBMSL5qJ214HqQcQ4Lk1Dme95Ku/kjQ2VIWIIb9kYsfAZDt9eHHo+PrjG94p/VKQDQoSDgeBhLsWtF3AeZkySL9hZfUvyASvPb4RgKEnYeVzW60HE21U8Uw6CcNKvjIQMBdF7UtK4j5qMmQfe1NUr6BzQfsLB12mXTl6w6GFNF8UDgv2vINkW5Y0lnmSnHJUP/01hzZ/q75vY/s5oztOmPKliYQ6TFgIFeaFvD7K10/OC0Iw6MaX0MpPDDTDicD07YJoxTBaXE0yoZdRZLB4x867k1mJPai2PsgGPYtvO0JhAOTJA+Y/UkUlkURUs2m0R5p9oXGjckUOer12i5StW++/iTVSnCtsiRQappiJFO4FhL+23xR2iuL1+RBzlZJuSMBgk4EzkIaDNX+7ugvO+7UsJvzieP9x0rPtttcDQ6R4QbLnjm4WkYchFMUGtn7Gny1WZU99PzFTQespoOT2o8qqyfeNk4gPW0DKDab6OTMJKCGvTyKrM9Yh3nVa8WJpGxHselE1f+94VUALrq+NLcmVNdMt4HLwQ1qxn6Rl86XUR/YH5vLwEPTwn9DCm7Tz2RZ/Aae0RgzOS44fAFy3f6npahhSYHIiFBJg50kwVjtrT56o6qq+NpQiJMPEGKZXht0fP/xMN4VAVjMq0s2hG1yqTD2ZjEby3ALCPgYgeCkK64I2TKfSVLy9ksrr3N1OV3On7RtjH5TcuMzr0a59v42bK6acjjF6S2005vpHolVhYTO3Sxl+tGQUQ3+2fRj5ZoJriM6cSg1cRXAdQlZtxIIvXSqOz6hKIPT6KJNR1L/Do2XACHOaPhbP7YQ23ewaOizHE0x7v0QQkIfGmSwJjlm9cxqRqO/Mlp38GpUY8GP6lCPnMS0NpxkuZ8nIze4j1x9G0zUmd7Y+folEMdinzXI87d1dZJwH1MqInTsR1byy/mEnmqN76K5510cKAuN6YsAVVS251459XMWNSj1b+fcwln2KVQieHKT+OuOvcNLUtWGCtauvGxs38E2IbIr7fXvPPAHeSZDmVAhwE53cti8iGse9TZzT6Ouv3Dhbx9Z4YP2a43jC/g8iOICOC60IhD5gYLMlzV9d00RgCEz5UD8dojo5XoM7+iSTP1aHWNm4RmpWKyRDmONrLdqoxlG9tTK34jVIaT6wTroOVXcxaaezZ44H2U0pvAbfN4v2UO3mayk0iMVDM5Zli3gsYpjtPKconaknWC5qdnSB5SQaPdbpAAY1oqDs0O+exunpI/NnWL5NmC2BtEUgU+d70HMWvD0YFk+3YsofrYwUXua59pkcvOhjw7uvHEGEFE8c+dxgvzwsOEVU5TWXD9Rdz6kmuHyZfK9ihIU0QKNJxSDDg1eU4o0/ysC5bOnyQqhkwrUlHUU/FRNwYp0FSfMneoQlMply/+pxt7KCkpxCGReNNDng7xAr1SKOJIrnfIQYyr4xrOWNtDnxZqUwItR9gUsjFoHqDIkG7qmmLwTni++iM+fhwxE9Ld/U7iQiG1eVKnXhQ6bigpzzyh+/S2fMHMMdoz3BO2PO3UFaZHT5VFWikJTaL/2WZdQdxs+CtA+a9nv+grkTq+hTaH2Ye2I4BkosMLJM9hvBADZqY9KPF6hEDizALJgEijCUHFFVOMuEGYvMlaaMwig9pT80Hd6qoqfiKPywtWrOjfmSfzo8sp5VAvr35/Z3AZY79m44cP4YJbw208ultu1Es0CGxO1ZDX2db5eVEqYVNS5HSbCiUG+eMX1WRGmPDHKx6JG/ymTuv8UCwPpDek0Nh62p9FwPgoOFrldFX1Nr/E6chGSTyF4SPKVyRhn9sTJnKIwrkahGIdQ/krVoIcb2UlcX7+49mxiul4EO9eRUvBBItsQqrgYl3UQ5v1W74x3+/eMmMZX9GjOCnk/2ykofI5JEa0I6jNZNFhhhliFx1K+tBkDr8V4beBJ+LqnPkgmQkZUqx8gJYiqYmMniPI1CcG85CdrN4biBUEuuF0G31bM2gsp6l6FCqQXFyCU7OnfXp6gSlYZlE+FlcjE/vYGTUee7TciErOhIrROVXGCUq6iRdWottIW/UlsWhDQQxpgjiVBCIjWcHUczt8duBo9b7bsXW+8EZxrVmA+VwehxPg+aCKUq0QjCpdR+QrjRwegGlk9SAlSXj2c++pfP36NK54unWbL4MN44zLl8Cm45GEbcnjDovCrN4l1BEFgwmFSoTrBljyu3FcRvsdFT6ceISQ6C4vmPKFYaXLNzx2E8IsBsxQa4LfqZLZhgPuXz2I/foXoaEOWz6jdfWhKzPkXnQYhsCpQYcKGAITLY+bzf5/uRpI+d+VJCvVTobU6JrRup31Rlb0bgmrk0Mb8RWNI/MStBTsVLfVmUdjzV9SxQHHupK0BLk6/Et9Tdd9MEdQg2i46emuCFy2hfOQMlgxcSL1L4Obf8/AFg9l/7WHLFiPfaUBDyR6XH3rQAlpJqcBmjtRANk+xVH7papRQqwa5tD/Q0FT/3eAdkJJJo3TTZCoJNvSG5Gs3yHTtOm1E1mgp1vMOXkGfGxk2hL6JtruTeKoXVrS8IZ3Bc8VgkFu9uDfgx5mzhzxU0nyabGEKJMgGLy0ycJBiBFtVQU9dcwj/PzQhc4UoSW7YsjNmYB8xyIH3E4WXhudx7Uo2pRCu835c6fL5BuNA+jtYmdyhpk3YReJ3HehZnQ+qC0KArX4hBC2bJ20YdFd5k1yYozqMP58Unu9qfseP0/zBwhASGjfQJhw9mzty/3qpHhq//ceKQ0H3TeFvTagO4H+/wdOOsv0H6a/8Ebk4NA7oRRjHILgZRVhYrCXaF/pSZAe3e23ySfnxAy4hDFZtVzMRZdly4CDUcOriPb95LsGHXJdJgngXSXoLCcQI40mU7zw1WER29DKfpZv1tUud/W7WRjKD/pgH60UssBugKUm5OJ5LYns/tefstZqk1FsvXOeFGU7Kv0oOmLU43xzm9sAZz8QikwtXWmp0cdGBlINuu/QMk9llQG44P5SbGRvxQwGQWKV8ESD3kCjOBTmx8ZsDRiFyjbO8UzaTPSH3AVDvWFzqwpfwJpV3Qnvc6xXokwKn0tv4dBd8+gpTAFPRt3nNg6BILgLEmVduR0cd+c4zDKe7DiiO0sJ9Rqy+zfSa1G3Rf6ExEAhNlq+t/Q7cHSLKv3Y0S8emc7Ekm9RYLL2dWSTbPjg5V64fkGi3WgoNMglfAMQ3V1VUuDbz/LQqk164KnM7gLLHQOTqjW6FSljE0gWERiD5oBVGG7Oz7cwDJfUeIQEp57ebAwufCcvfmIe0LLes/B9WGBeYAxK7xotGQakSDZj4Etnb4hS0XwVpOfLER5iQq5sXDkqFKcBV42HdzexmPnE6QpVr96+HA9MlFhbDv1n6P0uaan42M+mEwanAVE1cJn+r0EKjQvyd+Bhsbr2Xlt40I5GJiGHjTkaV1MyrgQScz7n4VhBbO5QAXTv0Es2FlgLVHYX7g0EVRvDzrAbI4RNuswfsQfWZLPqX3WvLSdWzeuzDXjOt/i60IeeC7y0jQ1kaFf+VvlHbQniW/wgVhg4NAwgivjRkPu70hKmCRZZQQ0jPmr/bx3uzE6ko6hhnlU+fapeqTseUUK0JjIwfwFnDMlgH2jBPlEwmMNcBok88J1+tH1ZO9c/CcrQKhNfxSGevImMz9Yg3HlQqBTMsDCuG9NG3jy0zyiSPjImWM+WwljPlNpAX+529IFqqg6H7C8BoKugS17D7+vXfiXCeRdN2TNygFsF02MiR024J94j65u8qnwalOOJ5vdJpPHRZmJPJtEF/7525agHtwERTH7kRVTPhZKXvt3dSWHATCKYn3PO6SmauCipJvkA/eNo9weU+ti1ekRGGT+PUuC+DlKgs96wAPCCgUAGQbkc1E0ATw6DxD1JlAodWaBQtAJPuTsOS5c/exXiiLp0Rw2ZzQ/ijROi2RNsKcMajgHnMP/gwNrdc38/YcFyM4eTTTKhOR8A4/FMRPii4SQapm4MKxDvFtD3JLsN8LOctxWMCygKmf72AxJbvY8qfTvlUZpsF7q/vAhGq0Ntqf8qezdANBqJp7bhDnxBpq4h7v43aC7AMxE9vU143q6dK5xYJQ+cjonHtaiRINWJw84Qg1Qmk/KDK9km7C9Yi1ejV8sK2mo2eXNoQm2lzQ75ulIFNYdBuFZncXfeAbgdY21cCWjletgGdbtwvGjci/yx+Y2yfrx2OFJ74DuBaLlcG3bBnTYgoVEyqkFTdfDzEOctF4CMvHt5Ip084DQFEorkTswfbhsZqtU9WFmCOXveSV39VEzWAa2u09FMo2qkR6/UBBUsBl7NvuNJSf1j6mG9UHWGT0uTIrAkcNr8+HSR4yw8g6Nnpm6psOEMXGDNNDYJuXvPLqX2RiymbLt5Gvp/wmVtUFvOOfNDgDPAtwF0ZA2MRvtGLrWpGETsde5zGMU1vvX6/f2wp5Ep6A30A+CHGBTWVZQq/Oj6JcVpsiyda19hN7IsK34cSnVDyIm2jobgk0Zusz7k52GAmRZxQrfopDxakmN3jWtdGIoBxO30OI2WJce6Ot4O03MIs462E71MCHyuSP2vGkPyYJlUrQhyLS7nzpqJc6yDFPLu7dU773wDmqjfHyuYPZDjWRrrzIpFRC0+uhQCCByaAm3lxlq0n7B2u0Mi4sk3QqYeZyobi9JPk+Rwj+salXpRHONrslEyhjQQwl2/6z670jbMNV5u7qtheqPSU8o/bJNwr5rgQz0+EIYMyzlM0z7Xzoge2hGMNy7uDuTOItfTvNH1OZtBwH8Jop86Fdudjmp2Ip0bWhzlbQMru70P8TYX6IHbXAQrDOsy60r+q8QJiKl4b1dN1ecajCxGqyhtsdHF1/OgSqj7+7gL1q7r9vWJQ207fKrYoYqw+AmaJIef8yo0ItDoaR8roWqP+gi0S757SCuXLiDRUhfkgHGjDx5b2B0r+rE44oMAO3sEuD7ZkiFqVAJOluLf1J9nTbm40EbwIVwEVrVu79yb9zxAwzkmpSReFev1/zIgwf+CQzC7ZoJlGk6NEmcYUT5Y/gxn+0JlAE8IqLh5JrV9oT2jHBmqomPRkq9B+rShgGjheT3VTojcAABDgMrSUEEle+n2pe+emnawiO/j0ZMVSVoP8bOYmjIzZOf8+blsw5uBOSCB5ZVq513TaaUbO39tAMiK3mt1W+lzsREEshIEmWArwBA231weYH8eLtxGsGRbmjmVK8l5mlvKsQRPYJpQVxK+KX2sFOYckuvy8p08OvOlXRI+LkIurvxQGtvnk5ZlHdNjYD0VlQVnE32DWRdRi+r1mg48Tq57WaLe0/uTrBE5vgT4cBeHRmy5bg3i3LoCSpSezXDEiXSf3dhTuNucQH9O4cgFJKr7OwCxxidJqDlZXFNWn9VGZI/CcMBIqD6GJ/9hqYWuejCvJ9l4r5EkR3Vei4OZuCqvG4j3ZrYrjUjVA2EH2lNN4h2N9IP0HM3dY1ku0kjLcwEKJFDergmGVpjLO/YHWoq2OsHyZUvO9E0VKVQgYA7RR4DQ6WpyYUo75Hzp5ImyRE5LG92LbkUOI1zK8Z+VL8YlubnsEXDdxYp43VEIqf8ghEMignL4CzixEv5dPAqnzz/LcfL08LErPGZ2zqSSOiGvESBIkRKABunKLF+S0ajtTIUVmtlAdMbiHbNejVFScquqX+2i6ZT8zoCLey7kbK6ZYtFfjrZ+RoM7qv2VmcCmXSHtLmoTdyR8ur+hCiCoNiJT03fLO7HuUt1WfYGVkeM4wlSM+5/CoSkbtwudqzebeBMy2NaaZjyqCxbWLtd85lSaf12oOo5PlbqXypAgFGHiDARFMNwCDO3cA2gwTw/YSqDL3fUhFd6jC9/mUxZ4k9N559UYfr4HrJr4BDfR2vbTs6EOrM4LIb2tlC0icMBTz5zROk9O+VyZQ7pYiBilpDD51WU2sRZ+6fKgf3q67AxqbDRVYLG2SNMjem9GeCpUS3k9hHpJFbwgQn/NSZEfgXTN0r/UD1zZIBFvdC4UIHyD5Z2E98YckdeBhuq1QgC9NZ3zfUlkD/w8pojCkQZyy8LNBWWlEJ+VIZFs9rmWAm3Ia8TAg4Ok0+4VTlT/kGY0+vUKmLO6pd+a+yKjST77y7ouw5473jk5i++VzHaGZVoQXBqzvF+Ro2pVF1bMhu0Q0PR1s/Iv7Fyh+6RZanpmhJgzgHCAeejF09QUWg/v90gdUwBC2OHHkqBmXCTxWlO8jP3YYkAlokLcFLYmDmF2OzFu7ddox7od89ke0OaIVujtzwpczyCJCGMVZVpWU0nKl47+8KdVryIe5QF1ttuiHbLvsw2AJh6pewkrSKd4s4N00HutXsNDyJ/Txd1vqSpTbvbVRIPdAdf9jx/eotAfcLnmJ2XKC+0m1ieAOiIVR7YE0z3J+kttyoY01lj3rfa/D0TUBQqGIvpqj3XY2u0c0UfuvtJ1DpEzvoVExlsTX+9tJGsDc9JghaZ6fLfnx6Hw4HurnrJe2udJC+aBrJlPmemn4gqQTdtJcx5qgQx+q5zaoliKiq6faAXEChN1IxRxcUSKFBa03ng3cDKEZclK7ot9v1h5S5pznGx6gih1DYFCHg0UlwLkCQfViGJCarvsPlZk9ANGGfwaOPtCgkKCfjn8yxHjGUja44qUr1Iujtwr8KnWOD+FRts/HwAkomthVdN9e/bSdav5mMzAJ1jqWTXeacgC6XQmqeC4WE7+lm5hCO0guiKmsG4Jjasf+cfi3H8LV/jAz3TkH5P8UJcMgMFgnDJOAIl8bmNcCXxBJKIHgHd9NBX4NYkf22lxXugocXe4L5e8DNWAtO6r+hVuFkYF3Ah3Zjc+du6ITFXzuhWw45bPIXoPF3OET+ZPZvaX55KDG83tFfD/7ioyMrqm2mWQrJCI9McL/Cgwr3Rhf9f+QFgMMYstMTdyc3cGJaF0jbXSmS4M9yo+JCABg9P8ilQVpP7aTgb2e36lOK1JM537/C0EM2qFgvmKwpStlcyM+E6oLGFjeTttbViAjzPiXy8ncdSSzZjMznxlq29G6/NUvlwxzGH/4/jmv1x3XgpkdDLLvsKM4BnFH2JOq6vq1gyCOQu/HkWAK668G0IrgYBIE8F7gCyJL/oYDBT4rxq6uIHD0vuJNSBYXn+4AfvmEdSlsq0GuzZe+iPNt/W5dYNCyUx0GwoKw55kq+raImpJo0CKF5IfEslgDc4L0SJghJCKJ6PUeqas6L5iazCDt285oYX/vBmAiYx5FkzCOBGagZStTSgOS0rAW0cSYSOG3NId0Wnav3VxDjq3yo58ADZrQRCZl+uBD1zn/LlWbLLM1NjAwjZAi7NWh+l0X8AqIa0rQzm8Q0d355+NRF42iE1/oBxKeeWUerTH44FXWGXiOS13uw1VfLzBD15VQR18NlBFOoeoGOwbwAY03G7uU0GK4Kibn6T49gDOBhZlGyEGjoS1fNU2YFb9eOV6RN37kWWqujHH2sudVyiPKXCq1I0ygj6CGnXn2DuJQwSj8LSt3oGsqkmgDTYIIwY1H8oTNos9tZHcNmsex1B9ZRsfcyy8uf/Zlp6gj7OdBHcE2Qxl259mTXDYL1pq3HoCccffkkCenz4QfiCdnMXCY5FxfHIQ0j3ass24vxd/1EGJpb17e0OZhzDfm5+bfEYTTF6hb4Gj/gDBvCbgA+V+Hv9yMqJISPLzkpqt6NHOAPIsl7vZ6i6aZ+B7lVycXYP9cq2P2qT/sJ+SnBaaqDspdVyEXJRAUjbXM4ua6Nz+/yUzcHkqrTuL48vqz6EH5QTLJKvooD5/FiP+8k+1HMFL0jR9xyni3L1Mvr3Bl/j0H3mG+LA1YkTVluLrKXGD1pALrImvkGHPQ8km516CQSHlvgoX+e2WbelMeHFM1joiRxUPjBUrcM0wUxz6fkuQt8/pbgxu+/2JcAmfZmMBq0FFmlOMBIK5j3wmK9Ta/rWPh/G3H3H/4lFub7ZWizGZ2UCA56M0qfMqxAAgFmlPOHcX7H0OdPVBF+7Ox3cHefAAS1qZeAgePRyan1HK7cf0gUXytqxneLa5bB40YXbpF5UhaUZ3UU3O9MH9ORjvZLG4F5nNQa3+jE0Y+Z5RXWDrmGqzrnwm/yHL6KYqu5eN1aLPCDwESHDWAUvKV68UY1XcDUezb4YyG39Xj4DZqvwc2OAKAZci+ZpBj33j17gGenW/fYqusorVvibMoaS1h9qTGr62Tb68/uWCFEg+H9BTT0e0/WY2gWX4i4oDkbW4S2yt44YW4pu7eb36WZyUx4Uyk1PIG9Y4THKOkc/M42pTIcPZFmGdAJXT3OpkMs5UVBSzOvH/SNWRS5VyUeyjdNfwLq0RpVXLN2AJa+SL8sSGLzh2x6GmxmE9BUpojlgSd0m/V6kip+tEnT3nc3zF6ipjXFp6hn3gdBY6vkgCmSnTuWQZWQZbN3tQHuETI5ie523+VeldCZ2VVZFIqJJWAGpnanFrjLxtgtUQRjQCZrandRJJ07bCcDee+W6F9MQkIzAHZI/2sD+uUuM2eLSYpZnZpZC4ewXUFcUx83jSGDTHwm8qPzWU2LuwdrmGZafWAu+ENNPaq0XYVEAf7QR+PxlVr5UrAqOG19oNoo3umHZbRtSNOjCSbCTR5xdR/IE71y0vT8eVEwvRWEtru42NP66qB5m2UnmdridANov4tjqbbdSsrWLUaEK8PIv9pGWIMBgJgexNvzaSpBvdwbJXEZqcRSWJLHK9qoceguN5Q7Z1/hMBrI2grFUaBEw/UtpHX7IPBUz/89q3wrWQPcCpDkTtr7aBy1xGYvSBLtGqSOUy/8fiK1IN2V2bLoEaaLY4ncntS90mA+shLA00mhSYtVklddLpHOv/RZLRYBqwX/+kCBEut46pWbbr52Bl0Ev3UxOlM8KC1BidkfQ3QFufje7Xn39N9wec9pdAep45iAmxe/ULNpSEXVf7JIgZlJCCmL7qWipVsIrnSFQuC33ZHby2l7PzR3nSc5n15CdKYbUA0rFdHmqAAga+uVantEyQJBGLdrebFtXxVx0oUb1jCmFuJjgHYwFG4qWVXuqvMkbyqhqjFxEOMMjC9J2khNIVGh8c+jbo1YXHFObO9MI7C8VPBk4koht2RpUrs/fhfn0rgdKJzKHJbK6CT1Ln4/X9bA7H9oEsAVXOPm/gYkGzsHiS0BPQpajvupq9zLhnHA81cWXoWrkK9cQ/6EzscknLOXaGfjIY+ebVHM6rFo9UcL/cXjXncAZmJHNX/WprAcQtmdUA17SNhppEJUFbDwys5Vm2BUTZ+Aea1bxJ7w1fqF1PpytWGvHsmooDMqHwTlSR/xlPhPVx411PPim94OpCwOyiZRV4uERoSbPskyyttjPKsKUkN2EQjaxL/xPFwVzAg1/3AC1dRBkuJ09S4hxqmhbjP+o5Vb92m95Occu2r2QhkIts+nBinfOBbz5r11XdTStDK7wdSdwXBbqhddRm679Oira95vLw8+PH39XYt+0Qo9cKVtfkD8C+cO90TP9QmX/oyK/Dn4yxJAZiX2y59iY3QSMReThaUGaKUeII1q0qnZ8O/wuxjwffJFKqv78eoHgTShiCc4esq994opO9l1uGuzeBwQz/vz4QHTle5SfLkDMPneQvmM+z1MM9XHDfLDyUo/bURmXeBzD4BmOkiKBlp2r0oxlfHipoJIgEFetsBvpfQEPhXP12KTCLykDrIRd2iKJcWyVao15VmlxPJ+H7Fu9SLUpTk1HDtNEBC15eD/uA/O0aE8BYaP1sMSXo3bsl/dutYV0gNCTAxl7ny0peKKZoYEc5xAhy0FC+C7VK7c1Rc5rocKLV48mUi7rDb5WdqB/8ym3vg0vGiHyoBcOr5y5L9GfOesqS+cqDuih7HykJGhjR+6GdBUeV2JDhTo1oJ0XlEBmm/CxLuX3a5w1ggkALuXAvU0KiEk7yISGQV9WqdD9isspn64qUmyIv1CpHKP7IHhssELr20VVJoymGKCsOdJG/nJrMHmOmYl0mw/vFWcyeS6SCPMRYOrziSquVrAalhD8op1ANraPwrAAgaJQq5NtujmepmptYtMFewxqzuEqbDR/QufxlK1NjrvzDkLG7LRCUOPXKJ4DMVafsgrnemjCsPkJKGYf5IYKch4N9K64Gza7JlkXbOLHh1bdqpPdMcNUE3UOoOEWAQTHaH3AzUAUeN1jUGG08fkaRY+CRwPxftjEhr6i7dlhiISBz/tlcQjZ+r0cJpKsVA7vfclJaAqYBMcJ8O8Q1Or8RtY5h6Sdzg8Dbv1TxgXLfRpbAVZJvxzIcHh7ZEo7YYCNg4Rc5t3QtTrARW/ukJ/tApe1kKvY/s3pxklNR7K38PjKMG/wnWuIRXt9PjVKk5vfDdNKyJOb2IS5/0Iqpkwe0IPitoW0GT6oM9G6AbGJpPlW6qkch1B6onOx9qdzLz1uidaaHVgEryI3wUyt/vlR4CPBifVsRcA+f+bSvwAHVl4n87iandvYwx6c6HdjPZUxclZCFcAEQ8QtccVBoA2jtOUiTALkTBLfzmIHlDbR5Z5T3dF/QiF/VT6VCVV/dms+3+4yYM8MYs2wSVLNXzFdC8DCHj0VBS2wOqsEQ/b0I5OePM3ndaALo+JpX+LtjOxVl+OVQygpCIidq51pkW0NpmLKW7oPA9GtQyaPULhaCwAn6An6qV5YzBRxqzjS7ssWxKfoig2AwTYLOX9SRjAvwGlxxSq7gdOTMfogkVm1HFvD3PrhXMeMHTd0LwYnpRjDvLSKkwGTHzDg/3fkZSzj9xjlK5o3SdnkMv5CJVUcaIS2H61IfMDUGLXTwjyChMNrKVA+hGcBrPyAy4dUumIHaPin7RHAryVvoROaQtosJ4HLrIg9P19Fmgv+hfnYCU5IrFfh7QY+j7NuAOBHhYgY4NfWySEjTRf41hwOO4CbqaKckEIn9GqWTvVXMfWJUBncIXoTaShts+JXpoTEoXoQjqsdbajQl3w8nNCq78uoQ6SPJKy9zj1jQ9A6sdez1FK9BL7DiMBIhvr8pyMwchGuHKuW/2czDp4ox9hfXRWHsVgAdwM2O9hRd7j9n6YrMSyQunuQPp5r3fYMeaBusRP7jCh0hIEa9pt/yDRw1z3ej0oTCoQyIOame7lItmNje1Gd35SDUEq+3ko7zSYSeSR+gSZIK98MNfSnpnHIxd6nfsdSe4E/ScrAsj9Bu2Oo9dr1dP4Nz+KxvLEzUeg0RltYKhwDS1NWLk9doqj6sKZgsFxEwOMOKUzOXHvO3OnRlQE9JalZPrI6fegqZOnZQy9ESTtO0sIQ+3PVP458H87lR4x08BQK5kEvfhApLpMTHZE9FetFICIaCjsBmZGaQtV+KR3gjtx2kQfXKeikPp+GjNbiGe1cW116hwJaPungjnvPElynR6uS/yM9EVieqP1zlMwgnWtoh++xYA9TyGeDwkitiNLChPe9rbjc8K16HTSUWwgfCiKnvBu4Xi6ak1nwAcocNHrTEv/LDSO/qnbrqevu6K2njV0grWXoPYqQmxpzHuXCtOs9VaMmlqMoNZ5iFQGmhNBx+PzzxR/DJeVa+BaDpGJY5HJdcWa8ULMixq3q/57sFCYXUro2vijV3Mqa3pe2rtSEJmULTj1Mpk1jZaDHPpLjyW5jMgzCmYdsBgSvMs2R6BAMPyQPOIT28xqDraIKwAol3N3EY3kxmtZViAJIdsnkQDeXoZJTvG4cYx3mG/CwOZrgZ/jOWSMouMR0Dd+CVyuU9ZTpGDBCldUD5hh5p84+PgmjoM5QbLcp8MmDiOA6C+GWA+tzyQTTUEwQQ9oRNa/DgB/GGbBVyYWthrqe57wZKhUfETJHYmnuF7caKn6A9dmR8HfiBbhfTBzeJ/vCLd6MDKQ2WpPe4tFyMF0ekeW9I8AkCQ9Kk8PxnN+ratADUaSggXLpsBRt525IYiXYo1bXzPDJOBVIc313jj5rapyAdECBzNWPRXwzQ7y8EDb/cCJyz0jiNT7kwYoDSLzBBh0wzwXbgYJGaBLMlVQ4yBEMCzcABHEvC9xqq31htq6zFTChKm6TkgEkhw1Am1unlYQMncoxCKlOiaxhSz+mAPyJFceSBlM0OiN8bbVZIz2+PW0ntckIFHNGo11WgD/B6k9++WiOk/W5kdYkPfAcoPBt0WUiJ62y3gT/wvbCqYtSppEi3cT/UU/64QpVK9OpL/XJoSwD/KnqEnot32j1WLTBaFUgVB0vEtMavYLFxrMaJR6GwtneQOen/XML/DERtgbsPzeTn9pxuF/QSwKFd/E8wVU3uxmHCQAYICni7DpGya0W6DWd586YmSyzE9dlMOL2uixyXMWzxiLO1H4ErOpoA1nQXVEL2LwObfMt0dyY7nyle8SSUanELaQyaYv+Mdxh4v8X5FO0o70jJmykcQ9WYnb1/wn1XVvLPD+ftZcAYFPP/U3w3xTkjh/lZUt60sHhvEd8Bww6H5nM5tIOBsge1v0BndtF/0yECGP7K+IfyQL0GpjagonSvUJj30kxACuwE6Jd+Q0LtRkN7a3hmaiNXtsH/kCL1++ePWCKLX0bqK5MZLUl+VSFWGdVcL3Cunxmp0anuK1JEDritRUYYZka4w1eM8ucGOO40lhtHYBIn93m3tmmNg78032IhJmCl9vck3nCAZC9vYjN55XidmcRCM8lZsV7fp5TEPlNywiDr5c3Izpp+zg0vHyWUjOhXs8NB3LlHTrsi5/ApEFtQ/XzrH1w5aSHMFsxhlwBi3cPQF/BW/fu9bprRbEgvqwrpNeYrkMEJ6PQf9df2Mp3I0WgGolgtBCEjJbi8cdM0uvT+KA7Fzf8dCCI1wkfx0AjWPJNocKBYYm+dI17DmA3U3T+BvK68+LEu4EWFtg7vgI//YMWBx6SOGgGTcKZRP7dUxz0iXIh1kYS55GgKWK/LV2B6pY2Pg2nwFsOFLYC4q2T+49wpSM3sBwPi9HV26O0aRxQAelgAFiYS9P6WtryV3cfBKqXzLeDu5zYAnTGHEDDul46qmDKBF2yq2nCZ8aiHa0pHf/80fQ4rHNxr8xmmoYVcfQqk7/i9DKvAjWbHAXVq9HVMjoZY7mkM2UXy19XqN2QYe5xF1RgJqLyUMSVwEqO/rHGe3kQRMhqdY0koCY5CAn563DWWm9D3BSw0tKIDiFA8kKZ/Y4XlpC+w72dQIojAfyjmjir2k6XvcnzoNWjPxmhnZU1dnC+kArXTaNOex0kskjMSdKFZ3N/Ygt8FkN+xakyJgQMiP7OGFo1KJJFhSaa8QLyfEbgLtlggPK48fiGipY6aLfMr3rKXOQXquq9aQe6JXdg/qtNmB6V66S7hul67JYy9yjDKUNmjygvCwhiaBS86kGOD/UhMkkWFYWTD61EZwgi0qfL2aWfeSDuEtEi9vP9ChUH+dFUkL4668fRRXHt9CbUvATgQibrXSDb7Rx705S0zGBPwaXvQwi6UKYb/nh+a+kYVgFbW3VcGy0DoDSewsHG0bZPcMWED+Khfx7R0I/36id7QCMlrpQqAl6c/qCGn+tYq/fqpHOHfbdo+fcXXegA84/PC3WL2Ktcot1Ma1fHuklJ6NEKCFY++e3vwyjt4YS2Vu1AgOhJss+1Wg/kEYbSpP2Qcb1AyI9DaU20/3Xs5jHyTt+1qzDr+LCK3djg5fowZrXWY8z5is1JDZVCn43hRrb02HvaPw6/2HAsswssz+j5RbNpXDlGdAiTPH2QwnlfQ0op/3kjdIOf5DDh8e+prwVepexKOBVnmOGSbFth48MJNVEY8yL2C/3Y9wzgTSD4Nwe3t7IfmBHImK+FRB0p3EW41mnT8tUd5Mv4EIvbl7CPQsNLOEKo1jSwDifDJtAMzLYcrn2kHyxtokIGYhrs+KjEsHeOxAJFH9VeGkHEGcCj5xP0toE6/ZRxtmj/ORNilm++ZF2/+KcggJRN5YB/Wgd1rxG7qO8QAs0Q0LtGsQ+GYwS6VwlFnbHTCRN5pYFbyeY/NalH9T1nRMlUeg+u9d3cmjlGBxy4+WSsIU2iunaGP3YugXs3JJjTSgFRMKqJAj6fjvl86zBRJ4tFL6zQXtvn4Hko+Xj6sstYuU/tFWCaPfMyi2oY1VzBh6hgMEMmNz+dGTG6+SlZEGzqxnRX2a6o/IFlDf2xqhd1MsySn2saSIFi3vSw+EjZX0OtoJTYWDr8U2fo++JNd6B5USmaAg+LNL2ri00tgALgw6pQ77cVx4OnVnz2lMHAVdBt0Gb4KO7c8rdq0JU0eCKf+sqlAazZ4PWAdvJ11RvuEtLae0NGo7AtAcjQAf21839+Fcfy/gQlZBnAwZ/Ai+YmZiLgVq92PvVD77xchmqlEIyRvJ7hZV9qxrkc5iwjJ9LMTVHKyu6vlW7DxOhgkuFeDnNPaBsH69y4Cf7si65Xg+oJ08CVK7gCm+Kgw2CciUbsGmGsUOGv34mWikywx4FZic6NZ+uXpGeRLXdanASoJU18rKXnmIl0rIL2oS4+4NgMsbp2Rw6uc6HdQjdGnMS2ycBnYF5hyfB3Kif9Mo7UtnR2ggb5f0uAnDpuc3a/71oLnv78cs3++BysOY7ETIpF93e8bg+fKZ8Xt/MgpEDzhF+mVDgCwjkfaZbXdJm89uMQbQ+1HslsfPqrtT5+GpfmYnfSGSOCdD7rwrHD65+QN6CUh6xBVsrCMOni6QkeU03FKvRFgoapz9umOv9Aco7hDj74c0yg3wH7St25Bo9zlpaoPq3hsGauSlOsGUP0hb7S9jYknC+zjW8QWtMsQHhM2PRybEo3WixMNVgXBW0jU11w9txv0BoGOpaBKhCgcZE5jCp6/ZULOdWT8j829LRaOygO/M545bWiTX+v61LPZCys0Ofnd6ybRAQESK1bojN3vXjlotBP9ZLDMAoABUbj9p9go2IdI9Aysnb8o1hmTX/RsploY5oW/lu3yL0a/08PytUSMxF7PsafxKQ5v5EkWDZybPgWbVZsYy6KSQ0prCYD0o45+A/WpIdVQETGMOMkl10Vgjpk04+eK2gyzDqOjrkjNL0Dg0cShG3aWNL2/4vYAmhgZJTTPH0z9w9itSAJb5q5CSnDzwRWxqgitNGHb+Vc8ta1y24stI0Oq1ucTQNxW6WR3e8SDOz0HgC8IGBIwXpGIlrwnh8vsb2x8aHb4GfOCYxkmUm0rU0ZQ/PTu78no36h5NlWjCfSrPWbwVgvuYCF0emxelB9GBpkcSRH/cAbmGRQG+04f2/v0Cwkdkt9UyYYlyXhdw2Xkyz2tMvmZMGiX/6EzYP741zBRGvF4x2sHl5Y6iqIA5RH6lmvjLjRCAqTmS20NOx9dqAdzHUB+dToFNxkL/uDBSK7ZjXfPOqt7pLmMNYDbpVPDCSpluKlzpfCdth3+gd2uT6wjbRUPE9Wi7daCPH3QH6MN7JtJ19+bVLVZAQ9+ediVvTxdiBGQEmrttLWQJxt1bvFmnj4QFjiZ5yhTaTjM0oascnLtlaK30Cz0CAEF203DNYPgV5mCzeuhWVECrqe7C6k/MN9ZcLbHzFtcE1hPesWINRSvYqqcOK9NcToINfyWI7rAS07P4sLtM2TwU0/Aum68BmBJ4TKQobGIOYy1ISBZAuzoke8QwXBGYwb3TA+UndLmXO5VzLawVIgdmJ9z3tVCsLPCc+FDyfD+ye351fJdkBIGgin2h4QuQXG5K9UjHwTyLKc57Y0yvRYJfi/dvLHftA35G2E9bpJfYenMOEZnpAXf6uiv0tkB49wG75cK6XKZEsnZhgV2N4Qhn8tyzIsCN19H0za9Y7GZL6m8ZXm8V51MRzwZkuGeUQf6YKA9EOaXgqpCET/fqv9iZPBnHL/djylsnIJ+pUGfghwqQDQunZRtoxtwaSRwzaLkJ4/Vc/8NFdbGNbgur12nc8NB+V/YYQMIqJQCM9PfEipFGHV2X0kgQiy/DGVFv8GtguQkJu00dMd0W8EfK2Fl26m03RIutl50/Sa+mZonzsp2sH1S98XJKqucsbWR7wSmO5EMD8GEpLKzlBeg4AriZvlMvmDW9pwPgCSownPKZ4IB2zRt7+55rJxeAKFPWDXs7/Zh5cR9oh7G3VSIbt4i2OAHzX+eE1q+/3YjI/wV5vkc0/g3GYCJTKhSLQtJuDraVtw1+6DM2Ka0UKrMtE/nN+z0uyE3bprK15Nmb5nEa7GGDVrr/P6755ZLKU50twhbnPsfxxh1ecJAGBH+jVfkvUpzci0sDNFRgppJzZ4rl7F1AbL0HeSZOE1nMPx4Rpai4ch6QBmuyqTrW05HJT6uDJpwQHQRhk0fS2bLZ6yCEcbxF0QfQS/cuyVIJpBp7KUEQfB+OM2e5VEDA3/zEbWtUhWMQSVZMn2nvazyAciFlVnClxnUN6wZ+3iorPb6ZLKiu4WeRwMRPK3puUL/5ZtK7/0TGq4N+XNU6QF88sg0XfRl8kESY1BdxtB0RS6DJSpv1ODioWWjSLFpw+fHnVFQ9I0fvu1BpTFLd65FQe+WVWqM5XnsIXSus/npHQ6adS58chVv/BIxxUyjoiKsReFjTbQNLdHE522tKGXDA/GaWI71kGyrNNtyO7YxhlvvoaEe+RrOM33VF50Ac0Q9NXNJSZQSHe35eLuUKtSAC+WIXOgCL0/FbVbZ2toKMOFjAuUIwL2374tertaO3uTqK6kl+JGi2dyUbtw8mtIV9cCe18J/FUtKcgPLT1rR/PHT3/Jym2ea6IXDshcfH/TwsoJq1rT4zrt0VOxPPeDM23CtOoGlLg3ZNW/9GESxxhJsDVn1AvQIEMdfAVQJfKMijoIeCub9oRk1+oWO0C14YDcwbq8H3aLNiuvU755SU9AVBpScevC7DIyRByThBTWlYrbtBHuH5kYTaFJVTv4pz3+WT074AqzAJiHaMS6juQZZgTO5SSyb2R2DMmbNFWKUBpXh8k3r4M7dRNQ5JTkDaZ3/6NxJhviWjFcPeDeH3xgCyrfZRb/po+bYCQFvUxaVqWOAAwLr9/cGXrXK8K6/GV7x3yt1Y1anKTAXoTF6cJVzOpx+QOjudgQWLMomuZI6jgmD+BwX5xzbzx5t9UBjnk0RoxQO0FCk/tTWpbbp/Oe2LO6FB/u/ntdyzv0a9MgQPXZojyRPQ4gj4s2+FdD6SCN1xRpRE5C2WGYOZLNkDoqQlD9wqB3ZBJGx1qru+KCHm/n65+sia3Lx/OgNgteIEu6CE6lbqrslCcMIAvXKEjhkGc0XIs4uxpamIqon/EeCZbhE/cwOS0TaG8suYJ9gY+ZadxJxzXBTnmtHFip4Y9HobC3ZlMW8kFzO4c5MeJ7RY+wbcO4blEk9WDcKMdsEeHOpBEmY9mRCEWL2aCntRaTYpd87y+NyL7Oq9RsxaOGUhQanEXQoW1czvg0T6kaVn04kwiL4P7me1mph0m5Y6VpGR+uL/dfY9isaiyGlyyIlBEdgxrR49kNwgiCiOtz4yDD26y7IDlPo7bt4dbbYP78n24wFZN+p/YlAolE3Yefp+OCES5o9zDqlJpz3Uadjl5xlIQP1SQQJaPCiAYn8P00vajJa1evMlsUoZ0eZSwtyEa/jjOgMw64Yx7MjWVmNPZeVCX1MHqBH4eTg1pbZFB3MjKBIaKzuUhb3dq3tztpNUel9T1JH7DhKCFxOrJzOVHKyBBvLfNxHmM5Zf1+RJd8GK1FHHUGykcFng67aFcp8WYY9hQae8y1uJi8dnLTtQecb+DikzG7/cgLN+Zu2GTlONWw5LEkpu1pk/KixbfBMtjozLctHfP9h/sY/TpFhbbsbH7j8p0kxS/kHyn5r+JFv6vSEQKnDdH3zdS49uwbiMU9HHn7dUfdAj/iEn9hBMGAIJuGaSV/KlX/J0jtp4rvQ3gPiKfKIyYcAyARiIOWWWgs1PTanjlHvN1awmbA97z903h8hwuCJd/JQEbgJQ8iwxGyWwON+wg3LP2ckw0/JpfEnTtQ8LUCNQ3SWlwH/CPk0a8OiZCmzBA7xZQ4JQ4/XLjj5qVYUOD4XH44wNbhUX4yYxvymF6Y5kAC29zntsDA8aXbRAPYOaRqWuxY5UsLm3iwj/G6SBeBNOTo/R0i2jLx6qyuur6N9dS+rrmjD0oVs0e9PLqZhoRX1eww/NE8kA+UnTx5H8hbWGVBtJmVOYGgDX+3LPwgWlQVmZCgzX5kH/2P0VuF+VhvYLNBilsCVQ2583T+JQNiT4sYkTiLyPMlWutGvRk0pOFNuw4U76UgVsDlpQaszH8peC4g4r1hxrktA9AxMs7vOyahAHhqtgHDwJ5YFECeekMtRo2vlvqSbCsRup8UvGU3dJUz+vvfMYYSL/d5J8fmzaAenm3PaWJS2xLl61n+FgKXKoApNf8baQySMPq0vM3X6GXwhccxBjl4ESFbcxivc/7mjDErZBw5MIfXfPcIaGvCY3hzH/QBndO0I7KrIwJu0BWzEp/Rt0tDbIEucONRvZgvYBX8g386yFXLNfCJKW2aIWUF9C5JTlB6NMQv/uDrnaPymfWEex5tgYUQh3ubuk4okS04lIYp68sYLdk05nysMswE0dVLEhbdaZjk7LVAbn80ox7aCYVCQQXF9G7CnNe7U4jB1DExxScL0njcFGBVEB+QDa42xM7/8Y6sC6xGiAd3t3r3me66RG3aXwjtS5PSxZtCOy2nY+YLazasg8+fi7+dyC1jbqYMLuP+GLL3kR9dd6YX/3zrTFJSrOuTDcygaI3faF6C9+hd/GqDgdg1MStlQz5MyJnDEjdjZVBF4kbcZe0b1YeCj5DoupbsDyNoCCycefIyf2VSed3eG321XfRz/rEG7kUuU2f33DX9L3S08ykVFtHomyQqtUCBaQp32hYiC+9hlwjBT1cLPeULz5Ew2ywPgp7bkV6JLDVNvdQYzn/ghg2N9EQp2fmM+vRIDftMll6kIId2jZhvBfPRXYfCzn4+susqSbpp6QoqSY0bEWxupdp4bDp0IDz049CKUmT9YLdNPDHsEN02sMo+x5fiU1+5ihtdzs4snTlNkAYbHytES8Rqru77v7C8nXBLmYdn4fqnwilCevmWYVEQ/9WbZ34IngSsrM46K5OAG/OUDy+Io17F2PXZDoDe7BNLgMz7c6ISb4/qFeVqBeqBuG7x+anAvh0gexc0w9yWILQmaQ5neCU/79rXiRhwOtRg74+Iv6NS/1YPK7bgB0ob8w7Qo9cvjHJMaVUAQv67BqodjmZiRao8ESHyxzINV467MXhcn6SWGnxV3GqRvTwviqFyY9/SOd3bQBFzIMIqMW9GhuowHHfhg5vtQGe5/kv+7pfB8z+IhFKuNOwZXA7st+qxuVz4rYEAJaKAE4Ubbt+TZRGjEzcn+X/dd4rY4OOIJBSyU6F4zgZ8xFJF1vQ1vgzxu7OofvwrPdPvImDEjl5LS47INBDVAwYMN+rYGDPT0IX8rSMdpCtFQoAPEfNZPUCWMTQE2bItBXrv11ih6oy5WJfsFmYg4lEe+c23v+4kKI2jMuioJjQUwianklWM4Iu6mKpj8H/9GfUA0EF7Xt5s7GkLZLtH3N8jjLRiO4jS/mzl175iuxIEAjBZmWOqpHfCPYRLAz7XBu57fUBhplCs+sSXGvDaBlz/itG9QPZUl+LHtLutmCekbVOa/ovcxccDWx6zIwlhB4dRslUDReUSPoVoWiPTPptQxVxvWpiWrAQCNr7+2kchsmBmHCwOXTWRGcHP9mOleasfwBEhT9VZ0QdDmfZSiOzoWMW6PkKKeAHzW2P6yN0/Tau7CvcuDkJ5+SIcEDtTej3x6nfI7qhFcADQXolhVaElBzzeg4KkYEJr43U4M4B9KA6ZbUVwx5yuQSX8MZ4SCrMPx7w3mhzSJqqk3xVDrth0+mU/MhRVYyXPSgKaP3Gf80Q49d26bneRoN5+J9xAJIyPbyNp9TzKejrTs8qWSxDZyuM8i/JkxmME+fbUZBaSW4YmqqbEbskJA74cmerMRoi2lRR3T560BtqK6dFe/TI8MZiHJco0h3Ak2jmyaWr7w4OoSlz16OFXFLnHAbOu1Cmn3ms7htGUyTGcu7ldW2UST2U+nmjIcJeSA5DPK+XmqHzYMpySfsJ1vgAsKtSvJ0/iDLV7uKyPIyBGElUIbZjpKEVejvC0tfr9rGlZbYKIuq4t+IbXcOGWxyPbdXq1YdgY2SuJtridvZ2gLXxdkHN1+29J3usYj98Lm0kxp/+YF5188OEstfZ9F03NxMId8U9TwvsXU7a+3yPSAo1CyNMR67Ue7haqjcxQF/iO0ToVMk03YjFmqrXl4b9I5wLK5ojN6lcS2xPmI3ctTzriwJyU9ZnNN1euwH7vQJ7RYfiaTB2AlgsuLRk/pnGuudgKlVVbACzn7sd3XuzbudgUowqEHhm3QFashGcUpwQ+WlV2zW4z6eKjRar3UBMKriMGh7HayZpW3yUbGE7rZazVMc74lSdsHd/QKBcU/Qq70uJP2PnuoZrwUmTwSHGHOsGLSrIAF61J1QjXh2kAyXbgOZXYhFRgWOtqUYr/ml/kbfFOElFX7pKkSQLfDSctkWEKtj5thV9vVWE8V7Cscxki9yQ7jWUETxDPUiPCWSNWROWuPtWAHQGab0MqMHkLTQKo8g3LfCy0sP68+qvt0TJT3sCHjC5Q1Rkoolulii6Q1ElrGmkxm/FEBLt59Gtgj0OkQu0OtzuZ0gNqxtBUoyYtgs8Iww0ARCMHxhEXsymHmQDGxJUt7Q5soR8JxhR1ls5hgT6EIUO4uVzu8suAObFg==
[2015-10-24 19:19:11] Phpr_SystemException: Error loading options for x_userlevel field. Please define method get_x_userlevel_options in the model.. In /Applications/MAMP/htdocs/fars/phproad/modules/db/behaviors/db_formbehavior.php, line 639 Encoded details: NLscQjbLqmJLHSSqKKLlwA5nd8HaIsZGe+/E++ty/iMKnj+kV4mx0Ial429JDW6FIUASS69/U1z9x4uC3KJ0iSds/13T3s+cw6cwEJOw43GUzdKmcvudQ/lWaHrEDpC/27eidDrGXB8tXdFYnlqNRIQVmVd/bs06bXggPohgXQvzhgPD41qxdpH4wBPHINNyFApNocwxUyR+ZeWrvdrvnl/SlD5mqI+iH9BO/PNGkSE71ACxD+0Ax0Xx4lLCBzM2TLOqBNyPQ3ykYz04NSdB+9+8PVvQ8R2CP6oiontDaV2TT4B8G8sUdPAFn+JvROaN8pRozDbhDX99Kfqlcc7Dbm99KW1u+dH5dUZnToqJbJ/aGXoPHoxQOYAo2hC5DBDSb+xoWGWgXm5FrnJ1j9soH6Nq/ibGklxmt+BRTjMwa9p1cESAPuQJR4BUEmtf74njAb+NvMDfzUNsYpLW7s93rXQ4Y57+3BAbY5OqpdTCspgaBAZeu52//SS7HDZst/9WfNEKqgTHx42DvC774j5w+SNvymUv/XKZM+TwBpFWdRPrA7nutFJXn1ZSpbWMN2GG07eu01r4lBSHPI+zzVOIcpIwdicJWfFIwotgYruj7InxcyQwsug4txlD/URgN+/CBAGtrS7q1jUd7F/+aJjh8xkrJpvtqWYk3hC9WBx5FxzEOnMJWMq48VrA7tMtEW4xJZ0dY39zmfjTOOWxtG/gEbE/wuxFyVQi6r0t2HrW9SB+LqyXiBEJcT3ejpTw5U6PqH3UsGNBO8eHacBWWgwzYOJQ8S9EezWsi7nywu4lzhP7t/zioQ0ga7JUD0n4hBzpLjPWTjCBZVjCF9BAMlyWrLXT9MNB+8j36zF30PI6+JcidYvWOuE2pgtqCkCybFNZNIrH5TppnpjDvyJot/3m85vYpBTlL2nBPDeICpWwaTEKDQ3DDr1kBiTf9CLzFY98z+RkhW6a+yBg8xC43emiev5rrYv8eI67NfguU1ZCqfbDk3fONhQfky7mn2ux9G6ko2cvrluATHp5t0PI92sK2fU5lD3eTnGQIZvAY9MziU8Mmf3vP9iDTELHVBsb94Q3ggTTmxb+Lup8+TbXs7ygRzV2uUNFX4JK1waGYc1SfmzvJmftTB5QeS6nBguw3eWOLsB4yTm0J9GZYKa11Ty1s7YpdSJgmNahYlH/T9l1hEKPcT7Fx/5bYEJIQD8DcaDZt9gizEiOGq2mixEHgf59TOf7jjOKjko7ScF1Zu+IjSz0elkQ0NkWYPqu8bVWUey2sgBk/iqnsAZJWCNAmwwSRqT+3gGDBz3gOH14lU1RxIDm127d1jL1LBucyVzkrR0PFddtqDJqkR3Q6HrPEFL/RV/zBF+UYk4W7Tv+ZynBLr52b7Z54hW5Ds1FBiXvMJExcVwwb9VNwfM7c7dZ/qOpuwfzlCSyPgWUVIerZVHTft1YzvErRt+Kxayu9HqHwqMRFWIYuPeQ1kCwA0UY8LDAz6bp9LH/bxnWsu/6ng8gaHQmdeG5zsqUstPd/AhWaTgA1t2jGLYjJ/78+MYEP86SQXWMoIw70JpUpDQhznpa0zgdtgkbYdnx5DQ4zb5MyLDTktbwbMFnUcZs6BSxtJaqdXn6Ohh+D9gjlEi0RBwq0RHWBFcRx1ijbr2P8IsksWomVaYqNdp3Pdfx91cTkEi29LGrnQ05GkQTD6ZRv8NySnNWXLKL/FqjE0WAYKWKoDZGnuDNYRHYuH04qjbJvQAJLN5l4dki+5qjYSjvp2FdEw2NNEd64wb2WTtOk+ABhV0AsTm89oDcttjrDNIcJHJ2VPfbqZ+EucI3cxZznoEIi5SKHJ1J85/YREuHdck2D02s7IzFEAHTK93qM82kSkmi+qoB6KQyek4snDlUhtKL41fLRGg3aTMvEwlXUa273TiRk+H7l3YZFoSdqLIsDwV7B7dKkYj60Qmk5y5q5df14h04xCczc+K/sxuq8zdCpYJDjpx38ibd7VjuALXwtDcwdopaKryCWrWOnugZSJW3osiWOqTDAuJUz6SyKyXM2WggnqLgZAVdGKare9CIofHByAPuyau2xDuwlGJ+NwzhQKRpq4bwfZBa1dExstE1PJFAjphv+WT2jEnhpdFbGXxyE/NAuWZ+5EDT39HEdUT2Wjl0y9N6FKpnddCGZXqN9Pg/wu0dEn/jfKw1KYDWmsrcspwTJPbEt1N0/KtSuLkViovdLAOmuYdNUr8/KhVPEjc45Yj8ISTlDCluzAe/CP+G1XSpRelS9Rdl4Fu/yOp5VH4tzpDeL0GPK610gjGin893pyVZGcKBEhv1CnRPdaHFGE1h44rryCoZmQvThi0lKl9iMQKdA7bHUhrEkSoOndHwFaQlKVpE5HSJKPWBwlrnOPwsX4VfcvAUBr7PoNeA79UTv6cls4FuPEj8EUD/IMx5W8S0JnIViegYrzgfXJA/s7l+Q1zDPtH+9umCUTuMDLl3BF5aMohMU0mE/BERf7sfuDdm63YIWcVtUVXJtGWUEEQBEzs6mTKexttogefUchd0+kfhH9uFHw6dHq0s3ijqHK3TSCJJ5fx1QINryQ5xeN7d/Ieby5IGIlAAagWzFxtuuXQCcPsm4JeZNbAAK29BZisYe1yAPvfflL/73uF+TuLMbAhLpLKsdFxZcHK5NIsXeEjC1mtCkrJj/LjpeQfZGkvKXoSpEQRcR7rztseODdbPngJdtXyODlhNTcHiZYAYwubKt+y5yh8lQtZEPzI6BfGzsIX6inFtEIJyWQQN3LJDUBqWlkXcd1atDWZZBAZjIMUgUfrt1m2cPv2U/gGz/tY9DEmNHRlZuJELcExhaFMP1gMX201Nko31BQjLUxlZnUmlw3hcph5deNCTLnViuhcBaCZAn6fRbqMuAxCarLAkpVTx4aUCnbrT0gBBxecgCULrVpxW3KSmYagDaFcC0PSxxnJgKGe05ZxFbKQKLpDK2pEMg+3CzdE3egkYfarSehnXbYfui9v7hlKcllgYS3LuRILaNlVEUfbcQZjkXE5sTsVHwoRN2naZ1H7qzIsk1HjYRWI0MoRHVP1xGPHu1QJjlp854nSvzVyzGCyAdfwlZgJpQOpW+EiBE+YV4jl5iyGSY3UJ+b8nKIw1wL0axco+DZ6XGi56XH3qTXOj8t/ryosvxganKNNF9te1iAw5+m0avMcHHBTxKaVG/rmUTtUFfvtQNtATFEo7XWEWDOyG1MBI8wvnmTJp8UoQnxM73mXifvx3cv9weAXKoO2rIstioYBzAkbz8PsqewIgH7kdWju86McvjLUh8mUFbaBAA5fxDsOlJm6e4pjmTEelY+2zIg8wcRyHGkZnxComiHx0/S72pONxYP64w/aQ9GzZm+U87zpBc1AUNu/qqfpM7Rg016+u4gwJT5TWo4hYPhle8NTHnfOKlWW8tKEB4tkYe4jBtkj2y55/6+BIZ05mMtHJqyBSTo3MbtoxqWxeVkMmN0iBCtDkqweLVuevI8DgBxRDskubGP7/uJGtIbZmaV2mas+ufOEy2PFgDLI7nUTp3uWRWadhmcsS1OKh5Vj/5F5Vf/DLd7itEPg89oMzpl2vh0QbNB92hzDoSTki2PVMVzX79gfF//YINN7qps4yHWFWKrqLMXsCtpDI1JFqeriMR2iFNuq1lVjm0or5Tgpyi/wVNFueDSWEnaF5HWNXz7sOAHxWr/DhIR/Bv7ZKXLhwipnyBAdIBBeESZpJq+rMGlIF4jLg0pJjc+HQ+4LQqhrvxNh9FtLthtWLGMRF/8ioaA/fu5fc0GmFDWz9UFbdyk5vd73rSgYWN/QghSarW5XvrouAGrJ8Pndyz+2di9jDaIG+pZGhet/ZhwT9lI/KU5G3ENuUtll0WfO1+1+psG9VPsKvcLbbSHFUC2gLbLiweJ4Nxco1JakNqb2jGIqne5cjqa+QcgKw4tyqIWZcG11CCyUA2Ht5fZsDgaE+0IbyC94/kpyhIRyRuxNOESm8MGbPe0HBkNLVq+czDcXyDIBQdJ4yiTErNy7h8MkWCbYUa/3SsLR3ozMwgoQI/Crfdtg++b0LNQAhEBeO9wOng/COhvDTh3oDR8A/jlwyNSJaRqP3XzBDNOYhsIsOvxv1jfmkl6qP8qiCyYtn03lh9JpFJlBlh63lSwjb9EZfTY2CrbwJPwqG+v7BTAxPtL8OggJRi0XLtMSlB8Nto+RXM2ItFhS3vkMWLRsqXJL9fjnP5j9Y4InlK009achXELK8bd7TQdP92PcOhRxUjeCiiEMC8LEBPlyc0HuHpy979SXWzBdQOMzVGGmy1GJU8hfvU++pUjVBQQcQNiQ7EfAEvPNrUSJaV2Pfpl1BdfNyrRFSG2dlYU95iqfRsSdDTDCtzZ7R9+66qs1YHq6j4yMj1/MKufjnHwOgtyHZF94Q9D2Ho/iiJBQ5CLcnlTB2R37U2kPuk1B1fzcupynfMeLjWn4uantYRfSi9iDC/r7QyD3DXMnTrpZZxcGtzRureBCFuPqwaqdXvGUlK5S5WUFhroQVHwl3xbn+ifk7GSCHYUXRDPnSpoLNzTqv0uU1W9TP5slsZXC8gEHNtVjnMsPkwitvyXsiY0AfXycHH0/Yg7+8yWd4p5oe2mVFU/NZ5pPQMESwJGlsLjwGzeIp9gGTQ/M3nwcJnHgW14vkliU7AoWYEx+rM4165vFF5zGFsKpurecW2OshQPQyW5TcP2S/kSYUJ+kcy6G6/cfCUGPjw2ymCBJLeTthAU8gCItlYl4Tgu9C3rd46tM7KvGcrrcwASFYDcb0CfM1eoRn4WUfivp2NnUbu6GQgl9O1fduC5CdnHXc9L04cZLud8qcLHhF2Fani7U3Oqg/4w4fuyPbd9veFAyX8/7jFURb+Hhx7H8FnCcHa8tIBMyfwhNrOn0iJABKaK3KMcRWSQ9TDjsFX5e/aJ6lzzFc26xqZAwvcFQ6OaBd0NKBXFQJF78M4DWNFm6IzinJDZCmmfX/WQ+A3JOzCCbmASaKvKM0MIiQDp//lRQA+RiU+PcNyNw8j3kc3JBpfJOQ4965B/JXwVIUvTRnNBy9AJHQ05pSbHYKAuaKEp18jOXjnHQVSFl5eZfwkww0A6Q6eJUgam6B16qupsUtoTjDRD//VIEAEPgIz4BORljishsCg+vJE7r//FlQy87lnnmREVg4tGvkpTsFBLfBMegoNAJYVARaoh4hW9IWTTzZZhPnKpwJDZmMVHLIcK8WJ/5lOi2E4tpSKcMzigGMXC+g5+l1N6vcCOLt8Qy2irdFmnryn3aKe+yBKKkOrZCRWxsVXZOr8hMTTB6xaPsGV5hxenVXSs5TSWeUreS+0H2b7pyTn2d0iYbSHi+weCxiA3moOOAEjGfomDB/v1TJ7t6R8xmrisj9zyshe/CPwVHm24l8MlyTeb6NjGhP3RIs3UIroOl5w+GjxBU1h2WusjirSFAZkGL0Xxp921nQagZqwVK/NzlaI/J24+RSGiYFMMazfoBl5FpF8gkC6rpss+LbbYEZaHdsDKo0+wEdyM2hkyIdgcpa7LDMEMcDfkczrOLUNJicXdPZB91nGnn4WHCNmQ9rBhdBM4VaSf1dGN5ykJnujWp9SNXawKFpaP85puA2LLBTgiqn9TOvxK+A2Fnx7hj2KNy+ckzgbr70TVdPDO8sGa4rhtf5MHy2cKMOKaCc83ti2iMUwGo3fGKx7UQ6ToqRkzSN8x7JVPiKqRb5xt81nmo7rj1oHdvuEy9Pkjpk13TvL2Lr9hPEQTGVXDkYOevsaK/8Wu87e1Eua1PG58OT7NvsfVD/NDOYCGK586ZOIeg/SSl9Orj9E1Plp3Z7gKPmzn5OIAiw2+ZRvpXVhWJlXRh3xreA9HzcnDL4FV1PfN3u1BzpLpJd8CURpkTADPCnMgq9Yzt6iYuzfd+G+ocsPlFAPQ3P/IZ72clg2cRP+6K2StK7Kgqd/WN9uBCzzAwYGrY5hawqFkd35hGJ+FfRVFE38uCOa8UycZHgrsMbGbDOJQN9nX/fGUzl6c1ACluQoqATEcHd33iokJbw5+0cKTUul5sKVlnimIeG4294fkr/8C5D6GMoMMRRDx8IWIi/6oaRrYOfWeNz5iv/l4akZMU+oQ9GgUM+z39V/cIHtMGiE6SzL38PeHCKDbzFbTVujvf0g2I7ynIWfuYoDMNjB8jAhqIO8uAXyL9dBSOhKglBC4/ZKkXw+TESob+Z3Cj8NGPnad7Owt1EJFhapAPsJ2A5gCjVQhNlAXriRkYUblJjvMhlJiiAD40mODr2tP3RHaOuo0nrTFimVa+hR6uNFYYtFr28lt8QwF0T8RgcxWUsVhl2hah0MQ1BmOZFzSg92RxleJvqBs8j9Ls8yrhVZ5pt4jt+3HonLEfyKAEDBgPdIKm2VPbs8Jv7PeCd2zyHTf6EHlz5FrnTWANCbyj9h0ahmAIER+PAJNb8ykgVWrGP5kw6Q+19699fKBsJrD8FwnINSjKEINWDES07MvWv4pNAr2MFVrxTC0uE3fshJKaMlQM3mV02eFkI6HhM++kwHmg0g+NRqcJYHfW3DgU6s86m6swN6JP07fnaBYJzDTtkTyHtY+e7rUZV1vigUFzSynu73MITZ4RJeAw/TDAhPc8MJQGgunBAETsJxcueIGljAJf7JFK3PYPVoueyYovbnmUbCEfmCAGcwXSVQ70Hi6lIj6GDEhHz2utjz1vdSfHmu7ZC3xYSOPlYb6qcvmVlzitG7I7fLXyHvAxVMiczR2j0Zlp7eiejHw33FGC3UTvhToNK5KvgLKJSq+RJgW8i/7Z4mzm/DHI4pQylp3NH327xlEYmp385LLiqI57WK6fw8IZYtamD1nSEfl2lbXOIPKSwGs6oJSb++IfnKbfAMUeprc193FH6sL8KhseQBHOox0wGZFvk4J6gG9gMADwRdMosou8bUg6W16NUzX21P4sij9en4wx1AQNwXupIyXVJGkRnJXebjiPBkeWXjB6o8ZOipduDn2D78zawBZmdCyqAirtq14ke5VibjdV/AV/uGjvxjBM9hbVzNxviZo5SYtuGHxDQx5NlbbD1U9h7ktuyHEQLOkJRdR59/UMSxfQHQFYizi2zR7596kPqH0AvJlhMXLIX6dpv0o1r/IY/xaAlKLGgySuCe9B8mrwrprXNUx/0Bgyfg2XQFuXCRyHoehBCKykQ+zf2GdJodndsJ++akV8R3tIeAK6rUXiqC0vdD3FAsSaDQomCnoYQsoMRYUybI6SjuNuKPGlZJeeXzfPzrZM3IpQB9qv4dDy1Bb6j5d/8IEGF2JKusu/tKPm8G89w+Ne0HqJq+Hpjv3Z9F84xkKb0xdIrxWD29jUAJXiaiLDi2DdkL+/QuGWUf+/jVVjgdXcRPt8ujXbrr+n9U/eTQom1ZvY/hqCeQ12Xf4mlTysEPeydJDbulFA86nIb5gibb+Qk5vHchQ6npXF/0Y9F4BS4nbkjJYsjCafJKaRwR249BIQ1bGzHTNJnAxfrkvxTqqf8NuUGyPGpdyGyEZCrPcpi098oanqNXdrhLb3IAPOL4osxe+qomAzA2aVdKQMIUYAj2DR8NKfxw4vUVouqmT0PMXmHS957KQOWYDxIZku1DUYJKolr/HnugnTmDdR2jadCKcuK6FAo5oC40XHn3ScIgfsSgiAFcUX4ZN/RFHKHsg12D8tJ49EeEJ8T7+OBPolYTN/qIrcdYlZGlXGPat5s9uoJoFtFDUg51vdXxAhHMSQ+EhJ7ySrz1+/KfUc2pilctBFAZnCWQTRXLbEvWVHphvKqO8hnPJ25jNEUgM7oClmYK4EFeBchtl03AB6zZM3j+6kjfJjt9lbcNwpC4WeWvD3V5yxCJOZrbnW5YimM7Y4BEZMcj0MHTXxfTI7fQ3vhjfv3xYHdDbvLJ51wuNj2OpvJnHQvGkApByqg8L2ErwCLau4VBYIuWYOuunfmks/fk5Pd8sfriiyroh1E8q0uL4FVZ0IT0AOkDnhcj01jBKdX45Yk7Vbl93XOp7Fx20vxmuilzJjFRjm+PeZrmb5l7+3qg0SLBkqc10CkE1wNVokvsWlZqVMSY9VPIT9QGYCGhtntXvTwmKGNSJKVX5ADbT6ftnGbLSkevh06TizB+MYFxQWyEzJXuhmZF/0ur3iA9a/OKwKdqrRkQ97WoS60+B316W0lzz5dzXD0X/R4JtRMNMuwztIoMvKg3mgf1ct1aHY+bMv5nOwnvYQ76N+9EmLUyah1fKAgkqDWgzNgoEyauCeMPEoKbfy1msv3yjYLrjjz6zL7ZDjfHEFyqHZvH2yhqEJ31S88Tb83sV9fHJW69vLDzgSYNR+SdymQxgKKa2fPt5R5lwu+fbZA/EfqbWEW9vzAsOajENOfIfFMabdWW7RYmrjKBNPOhdqFjcsmG3GHdmF7YdnO3zrYbVlm2Ugk0XF3syeO9B/AAsMu0+cdWt8rLVAfHesDgHq+pcSEVshssmOXiJJHBtsVHZE4ZyMxCGOr3CToJ8WNQNG/tQctXACLBYRQ8OwQ2lx0aCUJwhNyPPajQ64YAw/IbqxBilZxDi7zjwLH2x1os9S7wxMRcyIj/zsgB5kB9AQ54xGDg+rmESPmscFkqpZs4hfjrkqSpYjCTE8R/vtb/hQIRkeKCZ38Q9dL/NMuWN6G4mU846QFvzwLukqDMHOFr/qaLbPgvbtbUsGaV4gkBiv6lmyhguaF56rSdGaQtYr3B6aQskx5gG+E8Ioy7tXKBXBtsHvzJC5b2cdyOOohBzKJ3r0/vjkXmBNmdvIiIbM8FfBSOzicfhs3YNNG2MhUjYeiknT4y95b7ZuLwitRi2yxkziDbiosUxw4FaB/yQRZe4kO7ni2Qbdo6yH0BnXDksaoz3r8+Za1HnmaPQX98ftV5g7DM8hyj9kKdVFCctPPObHOrbOMesthLqZAe5jidji2XRON3y8sMYeiF2BFW6/KVtNOmDE3OaRcLwgwEYC90Bw6ISlPm89aAqjCljf6UpzaCTuFBh3mB1D/ioUSytStpDqSZo8toOCIxBG9G317wJ96InigZJqmajXQvn9XOCpnUK8PjVHJjcFNmmkMgGlNDVVmRrdeUEjPBIgTWpjDEeDM2UxihdTg5vLYVRxMgMoXhYlBdSCI8kVzaIM3PO5guIwH8Y1nulOUCtasebLxCtSzN52f2SAjxFY7bi9nPT4Lcybnfzz5MA9RYUFD1oo3nGZib2KQRmnd+rSpFu+2n24xGWACSqL+/k8UxOYklx5PPO2fTY9oWsv0Ny/VDQqcKh0HAXlgxwRZlvepeqWOPhZguEs16wvc1mTSUcc0KgsiskmoK9gqPROU4ClruLCuPTSwAhjb5DulTXP5nX8pBgXGEJRj2Zz3gFlXDxsK2PpjbheoU4GYWLlON+C5UA0gLWYqOw41is65tL6H1UldwswIsQTQxBg5di31XLmEUCrepC8/jEDE3cXrLjvQb/SmuSvx23RVjrm6DPP0+m1QtpHeDOFSuDIxf4LpKEjAl5Nc8YojztZEAXH/YpoHtgOkc4PG+xiapz6Dy366dfSZ6yCmQT59XKx25fch1M99bAMU5s3grvLT5QGgq6ggQdk97PEdZ88ucLLDg679RsA976Vax4bbY3kJaAeDn9YVYSGRa3+w0fRl0cXD/pm/8xTxa4UcSMzecWAV1L1Jj/I/ZH/THbATt5NzZBYQJo89jiAtBb9saju+OyYdW+01nAGy8WD4vzfbCR2gYFgz8YRNykMR4EAWXJMGpHpyEvDIfUq2b76TuZqAPtp8NZvEEgVxbuwIxM9MSmfCAwyOALUGg9odog4xxf8CBRHZv8eIYvVrRHiIlN2EDWalLLvwpRp27o63e9aCdzRqbI04e53R8L5g5tINQYKx5dpuQdWFM7MNYSpfXlbsItBTpX9K3tRrWD4sVU4vGm9zk++JIV3OpkVLEnY0arB/ksW2W2t8u0+eJbREwE9T+cVVOOdLPSDuuhOGkjNi3te/9EkNXf8ZqfNo18xGJz2Pc2fQ0fVv0SfIrnYPEjJnwlsjJ1dxzfjYuiXYvYCdH8cX0UgZ2lG0Z/tslCPDBSuKAZRIMOwPsdG85nLDj2Arn+IexdcGxAvA/3P4F5teut/nG+oQWdD6iAILgTTyGGGhIILGkhSmTIweq6MmXm7HGdsiccDnFTR7diLzhM1H9zhxxdZNL6uBQEAyWVUldCYzYf5IEu9lcyTqmiy2Tc+tqWbqGe3Vvpa9uMIiwzzgmy+5yHBa2BgEmoQ/sDoyZwHDVJykh0VzX5cFPhXtTF0tI/lQj0IUu0yp1PHygX0j88PEcaWKgvMQuS5BuaNeRkLrNFQpZ/yL7zGjUJpX3XgjAOvCwi3z59KSGnBMj94mwlX15YHxyDZrqK8oa4wT9tOJPK9e87hKbja5ZfE0Tu0/gnxSYnKfH/56W4ZHXzyUWysDA4xM9exZ47FFNYLtPPVHBCZ+s/usjWAW3xnnkkQDI5Db3PQuOD8p2aW1/dmA4Pw9IMm7Aml+GFgoMZi+YyQT/74Qql4ws+nh++lY/e95cUYE6a47F5Y6s6XJYTNbKKqis0MUbq0uhJaxq7b30fCiJTOse2DVBSGY050ixCVN3BGuk2GJyk/DBRomya7D7XGkw+7m7knR81RKiC6TsKGq4qp+OKH7kELYtplvNSMBSK7mbAoWF9JxwxwikYDIvUFu8VrR2/HrEvzgH97Nwy38I1ISPV9yMyxIU9pC9njt/t1El3QQX/UdLXgl2jQdFJ764EH8KteeKnpFrPREUL+eUKwEa4roD46VYj+U9YQ9e2Q3yZwfPdH57t73FoQmyyeJXi+K2MYM97dTri3r7N71Cze0wU9wQmQnjAaF6xJtJ/bwA5I7I/nx5e2DVU1/rAnOI7QbGtEIXlbkARbhguyfrzG9ErtODVSGPSZ9HuEo4WWNVfEbzuMieNR2+aZtdMojM0awRghslbHijSusT7uxnTHWB80wOZfaRBELJdkNwtUf9qbQI63mq3NkifvbcSKVFnyVfUSkRebsZT+mVD1PRTVgtAZuQe39H81ckHhBh9Z7Q16r7IDYlLkeylZaG+WMqxNbNjVel5O7AP+a1D7oUaDDGXa9aNPWLKBL9nCgXxqwHEhAaUgCbCQVVNN6pYCqTQDP38uVe6JEpkqFvC1ZAsabf8laHKlhTTBpTiBr0ec04lNWeEGanqHjfyCU/OTvNixgZfpfIzaP0+3paxilW/0WFYyKGlUEaeF9jTCPFGckrPYW/B3gsrvQ3tAUaKvkN5q5EcohKtsYqp1zwlrXJLKTUolZqytkkZNWcrMgYBGyjoOPG7NRoRGqV27htbkeqb/hw2DhImpsgXcvDqYDMQWMp1VPIeWoXuZ1jab95XvmwKcFW9RUDFM6Fp+PWhpwg3Rs7JmtohrPwiGberww2CPesi4/AXqdBubVMWHwg+82ussSk1/fRLayWRKCZ1dI9AHz3xPvOuBTHRXQw8X9/Gza0ny/JYilvGyA5xi41fdVrsAsXarJULNBcvIJRShctmI3X52p2B0u7EsgEkcCyfD93lLchoXPsm2ppE12ZlDubmTzS9XodgDC1k5cWIwwhTfnUwo5ct/H6Zvp65sI0/xBZFeplrptKc2lUCTcZIntSGZjQP+7OYz/zRMC2EdknY1LHOroLEUjC6nsMc47UkmTLwqgV3aDkHvLgPLZGlhrbQ8KE5vUuVJoy6mvki7oIqFog/EItnZhqB34edbMDNAG943Ohe8k3SdlwJfhQ7/m9K92EGX6Mp46uJNOBl5CPjYfijjsJryzpvsL/JQV/MWNReGzzBOdpy6RCJRhA/2VVkb275lM3nsXl7O4CTfIqAW6urNGYNWIGPKOWttZKXlu7wY6GD4v37izLVDRAp8bTEP1RhUldeenk5s5zfrsdihknyWIN6EGmJvEh6fLFrUhPr/Vo/LJ5oL9P/1iqKr0Tgdd8DqP4q0WPbjDCkMnUL0oXgqXg4rFdgitKYfJD/y7w+9s7ClHSpj9IfRKAsbrNDGQTyE5kPiprK+RT0s+g7eLKqByQEycVezflNj7ucZXAZdPFajCdMv7uuUw4uiRYrqCyCc68ozGjYesVnZJkLI2uvsOh7+GtEuCkB+Z9+j/rkcWDaOJRo6rcF8qyrBLJKywWixCxKfZJgfwIiNZodWTGzIAcV+EeHcMJwG0GInQTz+Ak00Jzq7yLwkQW+TMQKE4P2q/8Yb6c2AdSDJnVIHmA/TWWIMv2wgJJzrDrB4kUqaa9jVydSlXNDpHLswlFz5FKsb6MFC0zL/Fmyrh+DXEN4XS9pf7+4lxb55HjWPglBnXYWL7kAGrHh8Vt2NFFnPjJGgsa5cOasPl9I2rDpXc3CzAA7AVaSnRMkdRLYk5wxSwH0MrisD6M46a3I7heyZr6v59PzWoAvWF7DpZggenNfQchgs8mCpSsaoyKNUmifpnkOAK6BCWaITNV9E7snqq5jxDtNcw3jwkGZocsz5iAOacq2XGTovltQtdiqYsTwtFH+ezbqCzlxUEonVOq/hY757NDrH1Tor1Xq+BsmOzo86KyL5KVvXWudtDX5ixT4eHYI/9uABHeFb1WJADH49iEtDdRA6XEts6dU/oJorxW29z1wkMTOB/vHuS6JV81HJdb1QxxAytCGrPgbNHJynAA8WiiB00spYqparC0G/mQCkWLewM4Ko5RdlnJzGO1RvKYlY03vbJ8jkBOTWelKbHaEGUgo+T7KmVh2Kfjrt0AfxoxZQKtIlmX2Mzx0rSJWYqjPaM+5ANGlnWPTZ5TmRtxURn9UksGId92xF0qGUtS95Vbm2I6MOKFXyGo9Fpx0Ky22HGwbA0z7irOFJntgjO6wngyI0PNZimRa3+/4f2ptwLycKSQefs0HtbP+XpPer5FDak7htnJLjw3hISwmeDeOp2f1XuYzDE9/rgF446cBIPdFVMcO5DY9ObDy/jvyTZWzARX0ouFG48YMNGT7kVrANXhA8XvWwKOUboKgacmD4pSKtMPJzGgalr5WbrZaW7UaqvawzNpE8bvZcim53ddsnF3WqZqUs68MqSIAHN/+7W/aJhI74QbD6ipuKoC55IS6rjwSHJxxqMGYrz82AnpL3jTUWhXR8SgSG6SCZVtrnSer6ydsxmusihJ6Fzx+Pm82JXEXP7/NaiwUtwBIo/oovGOYDQRfdh+R1QG6Awev8esjVjYeVI5C3g/aPB4sEqNfDtrP7V0Fp3h48PikdvGqFO6lO9j1CgVtfzgNHbTvfUXGIRFqqVhZlzxtcFFV5pGfox/g8Bn1UAxRSQ/kbP2iuYn709lP3eZAIsLB5l4+qeCHnqbOH5RyXtTcg72ZYS7eYG7AT5o29g/UtQejwBGu9nt2NXxRxTzw3ahPnt2TuSX6BP31G0L6rDFE9yp2yaKx+aRltyBNLnAQmP3u8/b0tsSHsI45Z+f5ngZFk/WXwPiJZYbf4E9/+pFvj+1z4HRiDPR6BTTINJY6IcZzq2XTxWAp5HOIEy315yPbMZ9Dn2OFyUZKfKQDqmoZCQhipHiQ2TYstbgm4zC1potIRFwGzYQUAI1LCofl9pCPNjqLyVWSBh866sGydraBMCLIuIU8QqYZEXPt+4+yuXidkdjcIxng/dJdvrsom7G78kydPQavbDTogl9Des66e3sJzl1FvnV4T1uw8Q6HSbBt3FCmP72VRdWgWQWfjFEl5ChYwjhaDwKxhF+D8ukVS+P5cR87bA+LcUGKnlB15EZ1hf6F25dfvWUPQmALNKVBisgj7oMCyj5Ge4fiFdgFRoanxn0W2KB+ZiLZeVdH25UzHQJTb7VhpKBt7TNDxfPSpM/2dxehHWX5I11HGwpkwzu2T+SD29eGzIpNjpkhMIkJQjSe/DRsHAxxNYqobmlvnNOkvjOrE5AfcVer3nPRKkYcimW1ufd0miRwFrIiqeTkGz57j+mvhp2x6VzM/J04n8ufrhPaB/swiTaqXGeRZ+rrDWeHw4yQaTavW3mU4Tb+BzlYqQ6N0vIHubNZvYw/mxQgyCRBQklvPWqr175HI/OFKnRUCs2RoHQftm+D8au7bddKacFXiodATYpxkm7iR4M09gZLqPa/DV8+owtrPvYazyR4SCoj1Y0t4kTvp1erO8CTPeR7+ACxAjRsZJtEENK49HWjVDnAf4GwySewgFvkeSKM98Ns1FQv+pxIKhJSOn8RR5oo6tt93809kiFN69fUwIIwA9j/CbcleWchGiUpJG9VLMPBiPZlIR9PXTpH/V0Mc96vznWXNmPoZsG9HIPRKcaA0lagSc6v/8eq2V32AynnsEOI/j2yU400d5hJE/9ZCKkiCetOQsaaswQtfCq1+c+1mBO8yXHF20Ws2XhBpYBcK1XQVCDS3qf3NvPZhrBPsrxh3Oc255/dbPELwzttjr6ocKlOWCMmR5qghjmnKMcDE/tgOV9+uu8zt2JT8U+zMxJaygj8YK0fHXq1fVFcw5VdbRIEdbReSds/vJ0GpdgVykkGfwNDyl2nd67z9fOWL8zK4BXIRHTs2Z4x+CMlywTm/Wldy8MHH6RjhdRvDtbw1EeH7ZjCYyzQSJ6SDOutksPPiAYbHk/kwDDCFlMEfyoWGmvcnMraJ/IhsQBFaiZTP3l1eg7ol/a3jyvJ5BlDD0aVFdKiozAnBSdoIUAJUj06rJH+Gn0CstCcvFc3DUErNTPkZ0yWIxaLgoCRafNx1v0mu3bABKi1+GN18AONwHopNEAXVlCnDUWsdNAyntOL6hXDxCg0fBf2XG/t2NiHxl7S6WTPc4xLqTKONZEtPoLh02J5vcos1WjWoeFFRazHNlZSEJXmFD+bALj9inMiqhlMEMPPFDftirt8KARkZFUskNRUGI7a06lc9CRnVw+p6BOEqWhexa6GlPWoGPzW28vRnfbJE8nATfCnF9TZ++6VKlnPw8ViC3dnlK+D7RhCN2ecHdvwqXFOAd0hrWF8cD6yYbT5fi7dcfBPQVrECsyZKHxnfVoE2LE/SmcaejW/bvGwM8jFscGlI70Hlxyk2Bx4j3s3fg9KqDnCoup7/AEJdoJ6sf9QFxg252xNlnaPz5tMf/R4dyGEV1KJWolmiivSI4B8LTTvakCQhLHHYiGB5cji5nccDtVD5ClYJAUxeyUfMjPlQyxSKyUeSSiZS68/8lWzOJhXFEiPo397UvKgSGPzDiIdUShHBhZjMFJo7tHNAocgKp2lO1aXvA1g7Nm8flPrrKHDQZJrq+heaGrfmQ3OfRwbW0uIs8T6MZAENKbA9br4XrKKOlY3CtAeMVBbZKG3DtnKy2t4IPM317TA1ljZfUrAuFm5VHsZTrlL5N+GJbjynhEvLvzlb+4Gmv5LKzZ3m0aaPprZ8bgrFD8eKo0eTHGKt8jMV5UtYtbnI8jPDy4NYxwWJcPAyGUz0Aph0gYzQm+7/9miQ7ueK7b+x/rSLlUZ2DEDaOZDHFK+ji6yrvVieuQWp47Ou89JmiLX2EaX5xWu4p3Y1nz5LOgD7E6OVo9UNqPG/+TE8n+KNkMsfrJEx3IyHLJgz29BFcNzhaK/vIzqq5zi2zNqKNy5iu/dB35LOUbIv3GXl8AQsaAugSRmQvu1A8A7fWuR1T0fHRgoPIA74iAi5syx2nCVfN39mH1U1NR4TGgDoy9Ia4mPtj8zZ0E12E1VKWMdvEB2oPM0wdTrRC40ttMO6xtHQOTZQPqxTrJr+w2wrSaPrmCLgy+CTVi91nNL2Aa2xeJO9pNtVT2MwMGBVLG9n8xrymbbqjfc4NMqi8E7g6jSeb8LSK2k7gFx0OOpNaAcenXqz5z71c8ZszEkPx0mhoCRKiZH23hCXBN/gTKkaN2uR8MPJbbG1rsdboEvLVGSAcljUh6u+Z7pcBMkORLm9Efvd+JIgeP+YFVdEAI81ZvJpUbIxa2puPypum6fSiT+qIKnHaQ/1T7z6e8fLGBT9UwkK3snyRNRXwfC6ZNBuVs7H6QM9209d9uj02VRh41MR8PEe98wOCERNkwzkyyelUrgtIWghhBNzfz2mGqE7Nw63KxTPb1GkLYN7J2UgQyNVhKIZ9ijfOMEmixsgeVv9VPgA9GL+CW7/rCWttpgDecz9bSTrHoA+2TNDZzfNj3xv6crogts0wkqBuXshL/ahO1vsOshPx6ZbYpG4Lv3q0urtogMZ7+z82U6bzxzoCLZshIN7IDKs0AST7yw4Ly3sf8NH88pZnPOfPrfG/RZA3s++VYLhfVf28I5/7REtbV7OtZEyZPII710CXlmAUS18ziFC1Rf6DmoNPMf8tiFwq2hyrRGb76hhZYfoVmBCCzkxw4sP58cjmkdQpcYHlGAyJlVYi6GdWQuuJ4vl455EoJzbSHX/WeR6HD5SYzierwnq1gapAp+gESbplMttxYatdcitIK2gEMjq7eIzXokIDSo8XavjZz2ESwso0uQ13w1672riaTHqf0ciumFR8+Mj+8lCYuCTGlMc/H9L+jEKGgorqJF1kq4czk3nZp7aXnOr/wc6XJpT+woDxpzIHzy23guD0ABY8qQwyUUYmdhCOZL0OFwPglTCEmd/+mdk4D3COJQoTprImrYR/n4fHojQxAae2Kev424Dntbzo75rV7catX/c2z41n4oVCNPP6OsEBIJVsSmBShHL+OExmbuMy5YpI54C5UwYzrWQuhSpUKlPyUVgWjugsd+GtvBXaGpQPuxqAW8CAQraQ56asGkhLEOyCYm5KApwxQCCa+xMY9IB69gUhuLbwDlD47Bz4yX4w9iRbMnJnCfbqKZA3yM6hcVtHHFCWMqFLkOem+zcpT7qMobz5yx7oNIcHoqO7/hlxMHQ8V4IBCM0YyAKH/Li/YvQ0jDU8Nxauv4gAQ9xCzi/uvmBGaojSy6GF6Nx0hAzFrloRks7JTQJz32xPHqb0MRs8jvGLiXIpyMOtn2WGHrhWlp85zy1Zr2liJ06OlttMoPNPNjtRWj+SR6l1uoymet8qMYw+h4rrSnleBZQ8oDf2rOuRcbVm52bmfauly8YnXRcFE5YU1Fu1/29dFqhiZw8RYvINFbEu7U1B+sE1M1+ogI6Do66TVCJNlm5b+i5EQPWvs9JLgHYj279+TbCVMrAABVe197TUvSRSn+fsvJFhtSKbVD6tJp9oGxy8M3LwN+9z2aPUZgYqKwDt0qta+ieGu4OLkfRy3dfwsi8K91ere2O/+XR9otMXxAeowrocgouKxopf+rLwwvBY+gSuL09n42fe/60w5oJS6bSD7kWnHbJP7EETkc/rDF/4RcHwdF6g8ipXe0svCBJ2kHnanlsuEXZGh0pfhIbYoucgHm2gV1IVeyNNXjpKGlXTQIVuMuH0dvafeWPYGZaxpZt3hR5eXWajptaOnYhhm/5xpuGksoPCrOzUctr4klhgN1mWaGfpQ0tWOW3HBeFDSOtYA/QYVZQc8zeylzPBPazryhR2grqmmn+u0DK0mKyeDz4T3TbYauCAKN1bcPLdugjR9+cnhFGyuKK+6KD6B+6928t/jf3/a2RRQPYpBsYwX9o+QZpuckGcg8qDcPpZs+mXfaR6gHk1lPkwbegfw+KkqQ3MzYtRyZBn6hieVTWKUrpxc/McD7orR81L20n86PZhvesi46spyainzvxyjz7ZpLPwkLa82zf4SqjxL5jKiUBx+wPQ81gb75b/CPr+vHgOLE7T8CuEnd/8+5gCM+GWdOyWBwFlKCRWDQhwpo6+x8LcR0rdTkLjoJblqaTfMQQVY1R+TANhuoqrGyhHlUwbWz6e/O7l/tr832xtJ1VU861Hlofr2/zZ6O0VE0dWeLx4VRoK1Cg1l8yDETEyWqBLNCYXllfiIKYLYfK3YoA+wacDQB9Rqq20VtfijaMfG3L6UglukWRrQHUJc/J194hFM6j27iSSS27+NvszjKD5vP9S1U4zCp1DyfiNkCJ8CjDunPBy1HQcNjeGcmJeqNgHvqKoTg3IJXDQjlJqqFAiBKN5YhY0zLlCTLu2hW0ldgrbK3PamGqdEfZbwhCaK3W51UGfvt7TaCDpT2JVI7Rir7Idv+EpGnqiTUUxDiUn50AtWTjcGYSZT7M8ifM3AknF1ye2pis/QOzKiJMsLiF6HOdtW+ODxNizxUTmzkVmHNS4tCJnsNj+645JDLCcvOJI+APjm5QXvRUKr9wMvuJzf9SVikkTch+gV4eRSmvLPlw2XLXeY3g+9TB5fpo1H8MyVmVXJpljWX2aaSu29mFqmhvt9ng+jZNOhJWOfci8/zPT+imDPe/IxriIrUumu19C2U4x0sBm7N1XJsrkYhwRwAGm2hLoaosdeERgD7i9ZQCN1UmwR6GXOlxWE3lb6jW9OIT57g1I9favAFn9HKOjnJvziEGy+OxrmolDWgCY+wM4nBOxsc7yCGG9qIVpCcZ0BbJoqSk10xWdAnDBApOwblJ2NgSdWUJpSZ1ZNHAX9qQn/QbSB0fqKMviV7/7+gIbJ2nxyCjZbWbxdpQcPRcRHm4ZxUeU2mdDHmHwzcjIPpKDkwg82Hlp3s9IArb/sLs3XvCwjJ/ikYoHN6DgdJ4VzSE5DVQrookyNAq9MOgzh/P8Uv2/TUT+AKSSpfZCldnYSbxAJF1bs7CXF4eE+1Kz7+jf3vUdI95F/6Dsh1FVyQISDjaQ94nCWUGspi8FVW3rzbhE0GOXVS0DHfbwuDiI7Yzt9O7s+qgxukTuC9AMmgXlSoJiN14bB6/EA1FsWa+TxxGrPWU3tFtkf82G+KjUrsNQtHy/YgErkefiVPzlUr4pQvZJyKmPjuRNRFji6f9qYGgoBQsMujstylKlrNqTSqds+aZc4O6L6RF+U1sbuFzV6R8ETAXAbHBwExsroRyEyrb0PYkxi3YAx+Xde2H95huVDtT2ojErbz4FXQfIEzcYmxYe9hFwAsjF+bNUFwmabTpzp0pEgb8uQxTfiS4xIw8WzEFK7mQ8EQFLOUTKbV0Bss+dbX4WnXwXI0lIm+zZ5cAHe8tDkM32euMbF/xMXMWQyJ1uMfom899CqW+C7WiYpOgRmT0/K5uOQYECSzr3fLCVBFw+hY8xuNTcIUdRzYMcASJ3ZcF/MwSV4cHJqnK9v4w3H1DaIpA3q5zZ2pwI10pVQc3K6Ctv901ahhzaqfKK15Ar2DD+z07jfkrbC0SQvbUiwoCj/mXJUV8ylMJlYTd4jhAi6FL5HMMJ37cyAUrGHUFUocJGJgakz++ifJYy03ZL817yr31hdjtBFX8yEy11NaCeI1+9BMDtuNIuBL+CEiJTtwFlFf7mRQHTJg50S3sPpZwv3ckEyUXucy3U2E092sbLuyuEOQVhesOTCtjqQEBGZRKsj++4AED5g0gqyQBYgjqmcl7pnBmHmEKaRoI09/yoC5bUIGsUmHiIkwueag+vWgvSEj+is1tqyDZWy1AiGtS/MJ1VGpl+EpXkohzZqxHEWQNHd3lejlTLvlehEnULj8fRziPLxqvEsAv5cNw6opq/0M4B/etaH0el9/Ol1+NwbTV17gzRkRV4v7NR2xxAyLw8NakppCYWdy9DMBz2161PMjR61fSVeQ5bPy+wiNxSKSooP7Au/7Q3qJAGHb+Yf/pyN/bWOY+HHlpeJY952p00hidpfqr7rHuLEmQvJF3sl0hdzSXTeqpsYnqA5noNZsW5VttMEKm4ExPYHqT/LFC9s9Kl4Jp4a1oUj3JHIBkTA8NHfaLQCRar5NgteDZ+AQDryZiF1VbeNd4xWM+t6GHK7K7ujMusjoDJ0AqIN7OwSUv2IgredOyquBRJfMXzYgb03Zesu0oPS8ehVFluhbQLDY+WEdToBJgGb0g89PrwBX8NTtSBU+FLmGUSAdEWuXNXWGm4XDy+zCC33QKxyA24Cm6jtrj8KQVo7IwtbU6wkIPR5QG+pmgn+AOxRvkhpca0SymLb68Esqf0GyZ7092ESNRAbTsnZzhcrnk/mSNPBWuU4ud+A1JF6POSlO4E/nzehgqD0XoXjtHgPH3qf/8zUlHZqkLqPLDr141yCd+fFeyEBvdWoburs2pstww0sXca+vu4RZ7l2IEVWVEYygjWpVPhRa6M1k9LKTF+SAhwX6YCwiNjSXNe6cOXiMa/dNbhW6AWUjYLXWQV4Jecc9fXyAfAcvtBC3ULYszE5pkyWOaGdfMbRRJivbNyVC/q9WUcr4gxFe8h+8pwrqxfRu1o3SvGT3tqgPTpEG6GA2DhUsAH1p75cUD4vPA1DvWmgwk0pc3QTBDLY0p1g7ZACrcWDB2YBV9CQE+uNF34pS4SsduYV9bTDP43GLpt84ZWbWVYvrdWEQm2cE8KTwj1RJgEUKYZgbcpbcdoj2Llgeo98u+LzqH43umc0IunJhA8eJilfDJgA3DL50OA4LqTnGWDaxbxwdSCbWwJPoiRydgOGldglpNarALkZRCXU9WbEA6ZZk11fLBiQdhZ3bhnP7XOyEMC11xU7BR0gBJuvWAC/AeoASO/pVTVjbDI5GozakHOGT7rIrWw8Wr4r6WJacYp3SCBZbF0jRAlvXpoOAzYDwq+MD2OS/9I+gqoFq1o+CBDKGCN+jaoOi5Ufhgx9oKk/ZuFag6NuQjq5i19t6I05eFydRSVp29lNw+fyl37SNlB9pl5tjEfcD60X35hcGhfbiM0WvDQJBn5avJa0Lc/mS201bn+KMq4OFtyrgx8GryVELMNrEC/o/v40H4a9eCkHdbzgak6ulD1KXkpB29KhC3bEZTWJSCmUcUvbZlsrT7lhccbN4o9DPHmpt8qAgvcMJKNeBqmT+3rzJkFEFJwIRpgGBuWgMKDQX179YfWp99tX65ouMaPcvepsr5I5kpKhs4aQCme3oSvkMnDYvkjTiZTXD+5IkmLf1hBg46qFS2tYIIkucw2+wtdEtracfLXbj7ikx+lCadVJqLi4c5H1qqnuraVMgSHjc03nvtW/fuHN+1/I4snp/PUciyi+wAaB07GYCSYx+WMnK13BNivxiLaKjzKausfD0vIu1i5yVXVfjW2jjQuKbzQ39wSq01LPcU0Oua/wOMdMdvhrgRFg8tsz2+/NUpLFxPr03nq2miwYjNp6A8bQoj4oOeKRg==
[2015-10-24 19:22:31] Phpr_PhpException: Use of undefined constant frm_dropdwn - assumed 'frm_dropdwn'. In /Applications/MAMP/htdocs/fars/modules/fars/classes/fars_module.php, line 38 Encoded details: Rq9B4cGhr51p0CGLSk+mqJzaB2/T2MhZM66tatIUX5j5/Mb8hBfNPUQM26ibEXtJC9YQ/4IYKuGmYzkmOT0wQc+LoVNzTNTPBYrWrp86b90GLvsROwW0CU6rb5isIrpDg/0XP+FQkQTGHwcFjJHZ+EuENAyhKZ4c92HqFDtldXsNlYAhdIzl5jRdguRP3JT5XGml+YGonbCqKzef4Kg6J6hvTwNtBMlvNiRTWMWyiKY/efFJvg4ycY+rc7MUQ0rNqIxoqGcp+HAs2UGOln0VNfsVUYEHChyPmpuv5DaBNCOeq4tafo2Yj1hN3aK5H+Khnbx8jpHFBFs8vv3byVyoW4MUI9sdgNZtAGLsj1ppUvOSSEEHVtbiw+smNSGmD7R4P15KEccSexk/8d12/LGZCLIrcGim+/+XGwu5sDeDOj8UGXxgs+atSV0BoQ30CKZaYNPJ7WAzMcwSnXBgizVUFiLeJqFE8HwXLk0V+pWhOG64qp+wDJvKfHxA69aeDZA2iSrhYxtft8/cR9qbOf025HRswL8FjWjii823rLUIvvK5qIMyR9syz+QhkCll0H8oPftAJ6ywrodaqmu1yXMjscbAbpzONLPvRsYG1SLWulvo5Ggowpgp/cfI0E1Kr/B2gGTeqPf6SCSGgBkkGeQRHDGPQ9zKe8TW3acQKODkCxR1VwjEtUP7dSpHEZgQoIInD3UhD3AkxdfFmHG/1qoUQIqd2awaqGqVDEvam7JpDU79QwHXNOOT29wrmYloa0PObiEAFa/V3q2neOREd/VEZBnKCQSvGQpncj450aOCBYGISdkNiTlgHupx8iwHwmmUDG7H6P2hG8I5NY18gOWeS74QqIWDdFwXa/dgRCtEw0YQlv7GGo0zQJqxTB28taxTKdsJla0+EYw3fimt4YP0CPulG6HW4Hyd3IVTvyqpwuYGQ/5xv2TONbWb6a5vD9cPImoijwfz/4Oy2Y5942qE2XpKOaWI/RSA/NCmYhVWfQLFudBhWXwbmdpp4GTmVBojJQnOyrzaBlU3ZVNDhEQA1DWRev9RSRjA3IJt9wXlS5VGgZEn6WCZaCTQL8v/7onK/TXQgWopwu6M79/sAFllKuM8aQn/axU/8v6glf/Q9yIuUcBuGYOzBMbWOCLs9DE1G/L81U+0/lp9+XPp8EoAeIkTL6fzixzd1RwgxL3oowLUz8uWVmrjQa8nDjil3WhBTMnr4EgtKb8VVOlbBoLOnMY0Jlu6nnGrBOvkGH7jTWrRwkxtxQkG4CfjowrhLCOxxI9xg9pMu8RDVkSvYMLwYF8H8vl9iGA+I3U8pyAVtlYYjFFHdIlxzIa4aZEAwkcVcEcq6aE9uY21BbUlFeHdHuRENE9wZQPT+1RqTHjLsyofnxv3EG9h7cCUhVXJ5oFVYFNAcJ1ZEe5elcA8dSzA5+iVH7qUqlWQZpCzMgqb50XhNDFDsIPuSV6Pn+dDTBOmCyFw7xuTHJsoZrMY6/y+phGGjdk/NPprYhW5SKyuvqhiQuZkK8BRwXNRuRAMzmItUAujkyVbIZt1Q0egFAJAqZGZK5+t9iOoW9MBUJln5KUZt2+rjOufk0u3RgYV9Sr3LiyH5URQASStj11uHsvibOz5E58+G033ouokiVR/G529+9iiDANfOzM9WugiZcfXk2WF1SEwWxj2s26RgeRcZLiK5npAx7lciL56PCKafGdKGlvHdjPAjB75ok26ehc1kjsAcJkL453QbrOH1dn9+kGMUI3YXVIdFq+NYy9RSYonx5EhxAPT7jSxL0rI7q/QYejXs4rz6U23+DLdePYMLpFYblOFmzrjhDmtoUEyBe4UHum79p499wWo9MGgSF1Y1isFFlNlbHi42UnOZySO1mhjmmaY8VCWpwByVBYarPyfpAyIjJeQYQvFfvs90dguJqnQq6Fvei2pF6FIeSDqyfMGK4yCd/RY7i6c0AO0AlMd2MfOuCe1ORsN7wAdftHCpSAG0VVckuuyzDzsWp+tKgX3gl7I/p0Tr11vNCoskHBrzRCitjUNxVoDgpIb7khYDHPb+wc0YbNvh0qS+VkXSUxxutIH2UegvPN8pOqGWmhu/3HAiDgDhKzDdBmoypCppSP03SzjQdOr3VgejseP13T/VZISf8A82CmZoYbpR1CFJCiMJqX92ZJiCxZLFyQzWWf1gvSN1gijE5tkJkEfuxswI6Sg0/ZHZYGl36O1clfGjzaK7L69O0yR7Tv4BSCuPdpyLmGlGocQSgrhPG/K1TLrTAh/CV+BrG1htYVyEJJoJT3WN/GMVnjmEqTifzsmEVRSSDgIQIFdjIAlYDhc4m81ddQO4GhKOc3JOZRWa7yxe699VEYfh/sWSlbBz2qQ9uEnCyUOtQuvSGFS5juPLgXvtIlpk2aKh3EER+SzJMDr6P4b8OiUFZaKoC+3oTlGq1bp7alOFCil81CzghPCUOrTUo4AHNhz0EpEGQUfD2DGSjbBEr0Hruk6fmpROrkGdqjzwe+oW4WqqapujipQTiPXF5A3nmfp7mySAHBsbC9AdnluFMcKBkmay/mv1Qw12DFowJmLrGC7Ddc/wIeb9AZ4BdYRpIXQTnJGWdz9ULxVaGiiMCaCa9BwhvJKCQGtB33pJeRj5TQnhRM+APZF4v2jUTOGWERWGvtlef3hOk+RzQU5/SvQiv1ozsk2jbobgeM1KA1VJt7BJNgmA2mwfeQYHDuHs/fDTM8mSUOsDV7b6oWvwgSXe58cxEggKDTNmRLaY8SWUs0usoysVVc3Hk3iPiPqobYDV2DwfUHU9BMSmyDfazcA0dCpGnQ2E7MOKeBb3C399+sZKj+wW8qFJZc6EJNaKBRcGv/U1jGRSutKqIfcPcI6nqnj+jSTaApbDfl3nYBeM0mJ2duDSoq+bMd9hu6wvdVEchwz5ycpuhvHXGSMdCTSTFZ9Aa8sCEv0Mu0PcW7iEAUdiZcXBPwOJn6FeTeqJ25Ebcxjk9wF5tNajgGLpjuyZyJQBr1GoYmifHNDaIlsCTBkrMJ95evu1D8gdfoYXetao/Vg8PVtzBidQe0YX7h25/LMhkpmZZqAW9aekh/9IGgKuwDgymrDMVMbdzVTYDsXrWHzSTBHoNu8kkKFhwiQM8bagev1f5WFNd/vXIimOUXimWIcuWN0IjGFy/NAgnUVNf6JLS76kH6rBcbeu5BD/SBDXEbcZ9nVWCqF0lYekDc9hQQxnZ8jsnZX2tWZ35QQvHwPYadFsTY09pMHjkODjZAeMppfpiucmn1Le27wXk1nG3XvOXWT5phfZ/rZ7YIuKSOOwOfagOj+UIc34VQXce6hweb7DvlAlW9gf6zFFx3oHf/9TOJoqqry6eJycxLukrQulmU/kszAygI621uJw/H1dCtEfyNEpH9IPOhi7zxBir8dV4E1ZzwLly6xIGWOfa+Fa1vsuCqyjoLbRa0lJgIYSkBMIjqu8Alqy66w5ZXfrZ37OW+CjIn2llt9j3AkrLpJ6hP/yYvIv/WKdXKOeF49vH9lImgYNJEO9G6k4MLt60iQAGnwmxOjBimBNwBY35Ae1HdTieQfnOZmOMMiXfEz5D5WruLiCcGCKNUqgV0xHz9+esJDwWOmOmqRv2bikABWTXyf73mgPq7RSSyvqRsuE0CyGtjwUlmTi6gZqKMl4fpdhSwB2Daxa7y/AoJ5Uu8PoaRQ5rwXlkm1tH2JSqJI4Ri6h06PzEZ58bFW0okoNbPi5n2mqThfHvOLaSlLrUwWo8tbyYzrK08/OJG7D2zrrBX9LOVzAbWGIEaFjN8W/Jreeb0Waljb6RUeOk4ot59Apsf2bDOgxsYoeqWSJM8VwM7I8GMga2OWp7xmkZQJe2L/nawCsUJJndz8BAC5wEdUR+P4EjlZlg/7XdnRWoq1qzMpLuF33WlXivJB4YggvjrW2iAac/RHiwbE27N3B+HD+JfSDzY4NW/+OCPgEXLzEuA9aIoMLIOfZkZ6ZcaJu/t2dYa10XdFZqM6yNRrILSZB+JhHAS5YRHD3uoGFsH7qh/3rGLEH8sWCsAUcM57mG6xMKkG+F2dBPIjrMz4PQ+rrTPPoxW+Vj8BpAAeCglTg4bwAa0hbMF46ky16nj2iX/kBjklUZpYMSrMIfZ3Yq7hd9Ekr3IOM1WEhjYEY3cXhPHiqHLQUKHGGDaPKG8jMeZwlUJeteBgAc6JQPHyjSnh8Kpizbxpom8yggUEi6I08pJCoXy1mG8MWTuGUscAoe+eRwGA3JlYVegNO1wvPM3Kw4uv37jvXkNcbzGrrWWpJARcBnku+46HTMIV+LMYItVyZ0XZ0zbFy63BTWVt/UAMwLMLEJDFgsJgOefPm8Mtabo8hpgAWzeqBCvsUxOt3hnGAz2YEw98GIE6Djxo1cNUmMaAY5Nu/DiHEcujZInCIMJnYN3PJAvdBw2SCAa8c3v/RhFIPKsx4jW5u/r8pR17u7RViY2zWTEdxDg32GTQqnlvak2wJVOp/VLfCiyY39AThKTYYFHZ4Fk+kq1e1PMBK927GEpIA5yvH1SPKlS4wX0GRnJtJYATCX4QxiMmm5qaSyzLtYdoH/beVBNXzapcsCI12QgmfHIeprAIlXD6kzLrZ2JcdhRId7HmO0fDgoQ7j9P+PmjUqv8N4V4RatXVFWraK6KISHoXkwNveDF18BBccrhl1doDgCPHJ9lfDJMCiYEiyRv2VgVmTdtKzJd1oWNfPg+CZBFFqCGZyoU43JaWv/SUSbiEqzBWEktVjPG6rhqey7rrEZPBlMtjXuESaPUxb8eaQchaMynnqr5E+op/igGSO2zYY5EP2Rj1HX4tZQTmlpsDo0pCizpxiK/+FcvjwjL68EbGT7AD75DsclRUBpulXwcyBxXSlEFtxdJ6tdD1Gc4ClCqV2ht8rYLYx1piaDlWsh+1cVmoklXkOMzC3hv1NC8+VbDeP63EbDgA+uj2dMAVdpVmC1bLsROuqb8ZQnzxZS/0oWn8nl6y1WxVED6BD8v1m9hKye9TNzye9trkd0/LPOgvqQMSiOmiKBaW4M+q+oftswENB5YIVwPDqV6U2Yvzc06as48pY0IwdwMbD1Yatv232Dw7UGQEK+l1V5u9F2D2xK1Q3cIAbfsuO/4guiRVE8VkHXuE2YZqODIC8bwGb7Jt1Po94V6I02ld1LqJ3ITmpIu+s06CR59UvZ/+Ry9+qXd/lUsCiw08imROH7/lE4V89+RxLiQnqIIKC2qNZNBtDKnI2q+Ltr2owZ4t8fv+NREvttIboVoQPXDNCZKO0u0jaGpCLMZA0znbC3LPGox3aQyoMG6n5VcUpTIK5gFNL62d1w9msP31HDjYNzZUfhTihBsmNJb36MJZCgutYxrC4BNIhKAZcxmE4C/pQwaWgGWLuPuDxfDrLWcgSP26CJ3Qe3TVN1S+UtGTSPfNcfh7rQ2AbkTR1ZaRJS1wsAgDxhuuh4dvsNEpCHuBsnJlOv5x/b0UW+8YMqCKnUiqI01mD2NFcPBCxnq8sCv1XkfoWNg0XYAm/Z+CRVwPL9P5Stk0Y/1CjzVW6KiMhymSrPLP6IafvwdzQTdy7LiinpWSAxG1UxtWQfQuWZ6baPsz4vkf0gmoc5rFbUzAs+PjvmQkb4V42S9Hh8V/1BEvUlyScDZz1RihuXd1TgTpyp97JZ0M0kU7rhKounR1/AFAAEsO8mzq5MYhtq+OeXbIS5UETRgOrmApGJIFpJrdEUMruKSOACJyS6msdxnTExBZ7QmIB9/bS2S2uo83xAytM/NH9GVmw1K43GH9/id+ecpOEkPNJjD4ARHIrbPb9b7vNo/iATlmvg22qf/nfpVCJAtNe40zOv1m+zMf9ZieWY/OjErdTl/8YmltbTFWnc+r8hKR8AipLM1VQ3wJ4zHjTLYgPLROkCNvBG6tqW/dg2D4FQ01SJWY6vGy1FQvkFwZOCJFIjeZ18zjWvyNfI2nEXzJj5rytEOwh7KdouH30jQYDV3kDOtOmIPVB/X6s4ggVoFKUS/KT4Wj9f6frg7t+4g17LYwgxIzcPswrHfXY0VQKzZpLgfo6GUBCtyE//3QDmhVY8M4MduBAkURAXhnHTFt0yQLzNFXIrTPusfM5DkvTbxaLTrp4+4G5FI97LNPjCHJJ0geFqzXQn24IeFo+Dy5tD/hasPhhzajKibhWpI8UztEakBN+ZeyWlcC5IkuTst02SwmtQYJEcMJYYs2nthfR/VYBjxXg3NdyXbqOQkqMM6+dMiyfuuYHQymORLYV4kBEST8RPHPJX67RZCW+aD1Lh/J81zaETOEkPHqD2nyS54LiLm87KD2XlCxUWGmCu1NkJ5Uains5SnA2Z793E2qooDHNdnhDtH1nZqY9wNEF+mRIkOFWQy2KN8hNdLRqfofH+7S8Pxp8yN8dVbqlYZc2i6R4nBAebGLjMLjYhkcznm2NLNwU7beq/awgul1XiLch2sKcv80BcHhadi4sSDF30585pVOJFJQsSOr5JtS9nV67l5PjZ1mSpgqtNR14AF/zijQ/r/CgJW0o6W71+n6fg8dtaOOuITqXTF/q8vYh5WqQfrOmYMnwO1Uo+m1RJLBeZesh6sawmax997fxT1Iewo1D2YWX414JY1eZVa+sXmwgJuiXJhfJulWPF/coetSmsnRMkEYaBoUTsPUQ0DF/7uXxe6vROAaUpHGLyo2f3BnW1gpwxkI8DJ2R4MUYI4uabTRc0UIhoTJtKeBZHriqcTvZN9HmENsToUFwJr4HqUqqELXi99lwtyKzQvf9fxRv7PmsyHx8+uUrTkIbjRnj1dnTz3Y7Fcnz4SKf8G4H6JcMwkk6ETDblm5DY/AytAoeZYDv4MZ+iZgwQ7VpC3FajwoXXyZagI7u+HeJvoyrMlLdDt2qjYVAIqQ9uTA/H6TXCBvRCJ7gq7xOMnUDZX1exfUPLFCwwjnzSFa3g/tBQcuX5Ii19FPmGa4oWRoqqn32CKXEVNyjDhsmbivTxc1wiIq3YKrVNJV+LI7ucG9fQBkeqIJWnXQ4GFic9IUrIZPdWP11ZIHciOwSpHSe4WtnzGQFBQ3ANumFrSrt1lg9SeUjSsZlehjeyiST7MaYELczLFtLI99BDLEJkUtNSCqB8cxjqZY4Ymj8P7mvIhZ+YaVxj6GWTRtgrc84SUa6Rzm03SgDVi1YVm4dveMZoqydTdwAepD1tEti7Ydmqy5HSbhmfh2eQghEBwYPv+SgwTIBTPeF+8k0B0VArpKhixIDN/PNWtFEifv16vZu8Vq/uWO3XaASpNGItQdVA/0JPFhUXa9g0/WqQ1FWt9TiPjbMpv1vpm8TWPFqVlAMrt40dxxe9T/sp/HFgv6sS2rWjWrK4bwFmyvE/IWAuWB9xsZljK+eUEAIRY35oR1y1WQuIYKb1St1NBYXoJOy9c9Mbbvz/gGQKUnf7X+F6BWJqr9aD8Uya9tDZYTixi/O8Ttbemk7uGvoijen9Q46bU=
[2015-10-24 19:23:30] Phpr_SystemException: Error loading options for x_userlevel field. Please define method get_x_userlevel_options in the model.. In /Applications/MAMP/htdocs/fars/phproad/modules/db/behaviors/db_formbehavior.php, line 639 Encoded details: /iCWOwwQaclewLLkYLaZ+mGJGZKBwNOM/AscMrFqOPT5vC8N7GSggZo4wx88pGj9hyhEyOvHzg89zY/XpWQUQ182XVOLDOdeqPWZDlPulP5ms/yhqoloKXrDkwJhEE2O9KfYHkmGy7tFC3GvWYIzrpclpO4l57SquWB751CMiHulnFbSWGCSvYUG1XI7SI9cAlp1bPsPVMFKW8MwASr5R0jGCz+eDTzrffoi0bVqJPjf/Xdcv0rziab+ZTUlqREJo1QnIMQGgJwk8cKopj/5wS4yQWAZ/oCiFTNUl40TLAOgiq7foQX/XchoEQEh8D1FI4wWVlSwD5OTViYbQAKUcUsi85JbxATZXSPbveyvTbe61Jd1LSggCcmU6duJo5M9iyz6mMQ+spc7xSQpzfclMdVKCw9iuqsQ2jlG+YFSRRvU5+jRS4a+c+riSuJ47DjS7nXslZ9JeEIobUP0BqUwexrcc65kgF+L2l0HdNQgmysiYZ4RrulETpwcR/yPMbyhoxwOODmIcCdk/ENUO4U6JWYQTVSsHW4b04+aXfd1gc5PKHHQlb/ItnSy72HFRY+dhzkd7uk7inz7j2uAKeU8iFjoUMIbcd0CaJtashEe231crEKbE64XKCg/VnFi2vkRRGGMZ/chSW3npeDaG3mELeuO47CDcxxDf6ul/0uE8OLOxJhnDvbwxLVhiG5ZKdgPBa04FMpfyZgQwe5CyP63DqUi4z2qdQuyhmJ8ys9nCwmgGaD/A5O3XaXGcwWdLGfnjVfVR3etJFKuE1CdfMKcoTkAjDwTtO9+tSbBEVvRyWd6cLGHPkSfUyww/EhUtfhfiTjCXzInclRxFrs6byBckIXSCA5mrIMjIWeJyht3cmUXLHtudA5BVbIV9/lEt+U346ZM+wPuvBMSB7XJfSOSR1+q759cmSUqTo69rtZNeEBOjCR6O4g89t4p+bWPYAuS9KOSqcKf3qgJKDAroeQzaZGNYeNAak88+rUc5K14DrtD76gQiUUoPrI25TOP2YJjte3RnG5CfsdfAiDZOkGT3EVdgGCAJREBFie+W1IPcz5x6Tnw77zfic8YQtiSvuxPqLJlrMZaRzuMxwSonxLBS8U/38/Qgc8vwLxFgYQ5VstO7mLR2G1lWxL7qdIs18IFMUtxEcRt9cjDuCaG2knxcwPyKxNB2qoyrqwAMPdyKJ9suQa6pkIa/MbpH2B9KqX+vNkHLEi7YtTnGzDxricZOwyO3+ciIHg8FUFswLUPbWzZPB7VlmPgWJzLrdp4jVv3p5GpzpxbzNzboVCFMOVR9rs7s/ZFLR4T4QLz2EsB9XnW3mnYddJTRDSIV7NIRPSuKcMsDtq1yz6h3nCu8Z0c3rVyO8rTihH5HbFhOjR2r+qCSljo31WUOUA86Xi3bsKmyco3HQ1Bq8a2XYNiFJdkwFOkRwOgXXZb2IF4nKVI9dULArAguw4jfvl8ieTdVcSURhxm/4LAOxapfm6b7uGioNK5VP1AZnddgtzDb/wBPk9/oC68UxarXQue8b7r7mNCbFGgulSv60TK03WK5HhnwBtz+/IrbfzIM3ZUo5GQyWH42p6OypG/m1Ak1IA8xAoPJcKnsVRHE8kyp9rC+QjzJj6GWvUVAqjn6XoyOabcns3j6Rm6c0b7CZdnXN8p3g5yhHqip52K9+Sq1oQCIpzLd1niGbJQmLU1qIp8TdiaVpBuVjDfJboFottrRCr6d3lt+66t3P2zw2We3WFAH2l4n5uKPKCmDY+63N9/zmf/Rld8PMNDYGzwK6gn/62PyLTwiihigUeVpB84xayL18gfIxRLxWrPcZmDOSax8WTLZLamJXOe2aZkhU9dopUuUQPj8EEHguYuIdG3UORtaavhToy/9Bq8B2WTc7ZxsZPKxF41afRG/ldvY+wG4JmPZdLFNsf8PBP5l41iHLRRnJ2i14t+IXzKrmeCE8Oe8gfknymMA59c+Dqzc1HnmGjy+UixWV6V1HH2NFtLnp2LRWRvYNjo4eDnLSQkomdOKQpK2o38tPfDRHeNp+zp2S1Fw3Ys3ZhPos6pW6gJ8E0vs1klvfBOm9poX/hcQ9L1CVM6Tx2E42gbxV8sR4RazAESEtIQXeQHVhDRd4oGdf98qxvhwSOLB/5NZ5odzO/mVlYcPMbJEYKQJgfzyHK/QWCuOZOCDEZkRE3qXcqQseLfQYOOfFTL0aHR0Zt4/Oto/E2ODMfsfICFjAuFLJAZ05M1Xm9v+tWsMlh5zGWPdxQtf1J0sNtwQxzwv9RUPFELM3n4YenKJ8T7mWnrFXR+pEkozIWPpzhR7y7oWTMxOY/SBBq80WeODXZsAHwV4pjYTGzZhsUPSRKrnN8OE4UITkM80vK7irsDUrXCsJqdIHLigRT1f1JjLG1TrkyLPQgk0bvC0L80kPHAeNHSpUBj5qgg42/x9rH2aLN9ul+IlMJaGdoEjSHwyLjib5d8c/N7OhUCq2JJ0AowGyAq1ccmYueAWEoFC/SWkuPU5RKpFa3tx/R45WZ+YfApX9Ewib274hM8+hfW7ipxaYo5w8x9mzi9+hlY8h/YhZSs6E9oOkWO2fN6Pve01+Ix+XGSLxoUFcL49IdqotELIOKdzX/5DjMhwVWbEKa4jP5L8R/hjhLfkxZhwkuz8+oH8uwaGMR5XyTLIh/CdVmWu3UzsvbTG67ZHrHFjxFUHJviNKj2+ZzSLL0uvQUGuBWEgtwnmgPz2v8RLS88OWy+H0nr/8gpPQXks+QvrBZw1+EBM+c8/Hj5ZRsUMH0H6Twfla74LbAPmY5tRUrSRYuvcsaOsXOsKfm7vlsXkxGzRXRbo5NktgkLPlGn0KIE9aX+bPMcvHaDAuf5GM+s62uv+94nImOwO3pg5t1QnQVHNCeIAqkoIRfdghLwd6aiWz6PUOCJ2YNG6b53ymkmWIGfyEMK34JSmZ8Q9OGlE8AzRJMbCAbEcoj/iFV+K5/gMW49ZfqnQYSX+YsJjTTt4spJAI8+oAwEuw4lRG83vKvouTn5FKn3YrTxrO+jC+tgXVcDb32UdyqO1qeux7TUQxVJ4RZhkCfqoyvAhuT0P0zzqh3s8b9R0T6hOXmstiTU9WxYSj4t32LOgOVkS6Wqc3FD6m4JULiEIHzoAChyEE3Uu6okeGY5WotKHv6f9rKegHej5TPIPm+Bwi2YSIFhlMIPDdtOSVrY2i5MifrND6KRLbnSXiKWmc+eRx4V1lWl+qszcBucbN8SW80EP/c5r5TaGQ4XtLJyeWeai5Fg2AB71fumEVjTGna0hMuQ+liXDTZnYHseaUwoKEtypEBsOzUo+4MxundZ4osVtogUcTMVy+tq3PMUZiMTEKthull13LswsN40/1S1lS6zQOymHHkrnaZDqYgaxLMrkW/Zk5TVo+LKPbQyiIPmJxYD2jKCWeoch7aGglzlgfbJgiCVHIZlPP4gX9GiS1FsycggRThlTha+EebayOFRfvAy+qUCTNfQrL7Hm5iugeCBY9lrSdAT22KO1OvuoTnfSnrppTz6idn52axp0gIFrNammo0h/RVomnywboGnpyccf8QItr9zMyZp3UNQNU5FFbqtg0iUx63LdeoBhK4W9/qjyrvf5UPGdWIivjyVBDs9vznU5893PT6E3c6YXjIh52wbYFnbx58XKmk/cYZdeOq2pYYCF/jtge1csKFD3lK1FWiE8eXMz/ze1l+QSq7J7ovx5n0zexiyd0dCvob4ZgAnd/lLqr0Frh2mMJmIWTUraZOvjk9eD3t9AitY67hI6N09blSFTKlvBti7p4y1+9WOZuSRJP3EZVP/DrnHwl+Ah2gnKqTidmiBwgwt/nCSkonznOCovNNKE11nsss2pyUmvTj4IKfTID6jAGLa7CR9B5rbxn/nWRatX6nik6DtUIKsqG6f4d/f23TrDSzwRyh2+RpkEMBlEQKZoOA1HvKFj/VRcErnxwP4TOJROxZft4WsgEo1F2LNa3tVKiHv2tZOev9NjuJ5d4b3tofwP6a1kszlOIdDu/MJOT7TSIwUuVo9ils63mr3dssvfBdyGTrgvrS1O/WcEXSBrHS/hX549oOOsjKCi/EKajBmHgK3kEG8ug9veRNdimhYSz6NbjMq01BnnXL3nQ9gbcWXkO1x/u7ZVFcWeTSMOhgxpoZXuB1jg3wWxjRHtXAwHBvFxblA91EBLyFwgyJYjw50oSybN5eBemvrxStk4JLCGDVsylCVqCN3heRqg3QcN0UhhOJ3fVYEU6O3Gz1eFpPRO/sUFqNr6wa8MhiVuEsc7jexdyXtUQyKZDE1BZpGMAkHDyBsT2nGoyMN4OemM2ukhr/NsmtEsW1ps211G0205vchips3MhewRegfEGKsYVVkT3TeObwWggzR7aGS168EJI0lhC7/7GGksti8biAxRNm/kP9psGU/oQM0fY77OBz+9ZaoHe4ZryD/g0CkoAdS9WWT62ho3qzKpCdvNwluW8EOOx6Z7EtXKNz6qvTQVh2CYbLBHs9qrBxW/Wdn/xgAk/k4yikFSNJVi5PtGSa8XbNCQcuIzxBq257AUQ1pK2UVfn4FOLS6mzR33Nb2F4Hzt3PuGQa30R/sFlo8fcVjJenue1Zcj25uN8/a7gxbuQvmvifcF/w552fnWRn+KsIpCIyycBQjtp29/Qep0J7azFPZwV70ZCkpK3AX9f7t95j8251O6/7Sk1JK57T/FXuGlP0SiavKkEy2ARkhC6GLJhJVBcqkn0fvQhjeCUm3k30vsoeUSUc+JZ5w88dcuZ2fcbjpiVVwyRZpAnB8IABxyKX4IvzyL6yiU2EiEv+ysfkN4VmuDKiOHqAHdS2yKLhbjPwxE86DL/9xCzjGM8O/Oatk0fB6mgAo2C04RgQeCNgZg45rHRulxT36neZkcR220Z0N27m3svWUflgPA3o/vZNr3559NjG7S8CwhWVMrah1hBIkgkTHyFPKDSIs7SXFYda5q3UPiEvCugpSHflbjbwfFmw6YwTLt7rjLaqfoUV++Obmmz5YUxkFt6i1/LImPNhgqCiN/IVzD8Rodf9q1FXTl1iW5K0lgnaefl9E4vbP1lhRyCzntlPM38eGQoaWtPqUAyMNRA4WHw5e/8nvIzGHwIUqa47yADea8zFH2H75ar4x7aPxd2mYE78FYT4HQw50SOCoK0FpB0ToSbiG/IiS4Dt/HpRE6sLyhQUvuLYXK5osIgdTGPVkTK/dP+kp1X/feRyKJAFezNQk35YjSdd7cWwnMCq1mQGPuRXFw+BUb5GXXYHzM6v9FyQEGe/UJuhIKyK/QGvLJQyi3Yua4Y5Fcod83Ya1ul42txroUbdnvNxcybwLiMnP7RJ76X9/3w28PxFIHYkxpbWT+mpntdrzxbS3syAhuvfJutegdK323suOaSWJI1vC5Y8MA5oBzp+BGifvjH10DAk5kvn8UdnOon3PzEleOYJReayfVJeTcK9KkT2tCQmSeUrjPlNAJ2BEYNVlWdJmtiv3T4xrmR87ZBJQX8it9g/NlBaygvT/n0luNu9Xii9tzDDt4h9V9nF8UbcxrSRif/1ryLM5vbK3OrRu+Eu4kBMT2od0TddzgsjBdF2REy6gleTQG/jCkEsejS+lp1lTdlUA783snzlPbc71Arl+sJdOfxbZeR7MNXv7eD44TY4yEKr7+ee36nZPOxOweYTh81OMBGyEUtrDaaAcTrWqQtqLYmq32wpftIrVBdE7/qJ3iSfvscXSwUSjkSv67lUMv5doJD+RDJH6ZDaFAQUq7hKqEnwauaHGs6rckYCJ7opuoVm8+mbd46W3dOP+qsnA4pg05MuRoOvKRwTM1ygMEohePDeWKC4S+XJ8QmaRVOVyp5d+mzLgIPryCF9FGmNMraH8iMFpi1e6wl97QhlfiQA4ojiuUIECMtd+mmrg4f5PWm1GY+eqaFniYqG5kdZNuYzr6aRU9HRWULbnWIyXSw0d8m5DN6Dpp+2mQzmZNoeBp+eKDm3UmMo5Q4I9B1AcVVAfGR2eZ0ywPif83r9Cbus9kfe5K2NTdXrXpOR4mYR4PIX67wdpmUD/azCiF10EvvvII1ihuLOqNSeSd1nDN2jpCvoXs2KU+mjWjHB/RmJeVcfn5q4EazlLC6DQyhjqPNBavijy8y1AXsPIxCcZrsJSjx6IU+HTX0VNQeApwgDXb5zdZ38cawtxCg96UWIL8J5HZJf53rCj3FINTjoun2NYquVcdkbwaT4A8hPYOBCRr4QEpBmuTQhvZx9yx9HxxJTvQT6Tm8qyZsxo4Cg8hnfNFqdEY0aanx3mLMANzpzsakgxWMuLskDw1jOD9LGAqpN0MahA6qTBfeE7SXcuTUQx0ZPrGBi8ypdFAUVm6TLwgJCCnpUfMqulvjOwycTdaUatgWA+m5amrBU6Qkbfmz8jcfnCFDkfUPKkzEQd2bqv7NmnGj1YakJsbZ5ekykhTQt3uxeAsOlrsnRZn/YOLx7NUjkqLaMejKa2kv6u2rVzp/DrJjLdtY4kkrseSrsTz+di7RJqyEygCykOcffZzvVdHZdmJbEClVxvDVdA3u4/j/mEyoU6saSEQJC/0ZL7TOds664hGTirehNCj+wyk7GJ9Xi4K/wD7Rvq+zrEXu3RBNqJHw1r3nfUCbhOtGVjgywyVmOgGP3q8uXM/grl/6l9XOaDeI31om+5RsbKjxHSxowR0V561ryP0fWD8ERvZVPDBGxjNOcGhOyzQYlJAFlcuPzwTU6WGqHQHrtv1auKhLFHW7KUHtYPtJ70DysyXJPi8Idadc8BqcgUaxPLcSbmSv9P0nZGuuObdcbXvRgKfRuoBO1+pleHw+rdqzVUHaJ0GnIrGTLyTVL3AjkihJ8Lxy6PTI4e4mVYIAqt8KWjPVXwXZFfUu+OjHhVT/9KlGQN74wyoB5b+ZCw5lRhf6Jueioch7PC2pf6vOnePNysozrTVEUW1ZH9Xlp3UNY3tC7uDRZg+DG6qSyPjYO2hU3AQJ8sDZ4Ey03/ZcKlS4J39uGn6C5sWeDRBEUSK7ItIDRR1nm92r5LLPoZGqidsihhJwRbJjEKsXSLbhuPAU8wfgyIsdMy6V+Yn19ySon5rqBt6QVyRyd23ShfYwMpLsVoaYzpCEPJfOhZe9xGMlkJgueYepeOLbbKTGwT5tdM+5xyzS49gRwztFwHYttDqEei219bi1vmB+CHNW3lOtWrovjB6kxzlXNjrs48Cdu7KED2x0WggeNWnODbA7vLVjKh0a9OxTse0eDYCw+ro/oM4QVKBy6qKZw9tqeAiCqKHYnmRLIuFycpPxrASrvM9F5W538uXuyCMG/lwn3V+Bqu/4ykv2l34PoNA4j47meZTEqCUhcJmMLNBsaXFAPVWPxMZZUS73WiRUTPLi2aEE2la/fpHZssQWTY2FTSN6MFPJZkV8spL8A1WDSue+in+E8LMOYszusbmD/gY1yl9ZSuTypXbJFgKG5VYppYFyEFCoTgr9JstBoZdItHIHa1/IRC0YapalFUHjaUHKiI/+rklRK3jOK6bv2dJNB8LpnB9qKDjsganCyNo4zjltI9LnXD1VS6NLHhv0yE05zjOFsbrfNbxPmXNqIoLl85iNlCmIO7sLO7c/koQgy3YEaui+cEUR+c/mMQ0tCB9uboSD93WtCq4+QHCkgnOs/Ldys6na5nXFn/+drta+CPWn+5XqcKcklO2oBCvd+sl6ipwmjmK3UyTp3D74IptAe9lgYrqq81/vgELkOffE4QnhTfbVQtrumDeeUIOpw32Kut8e2aaqmX+9bR955272Sh3qVI+XJuPXO3ds6jrfCzGJNk+LSQBfEj2tjdLFQk5goUKCSrh0s/kE8hLsMES9nXoHA2o0WpZmtQJP6vGE8ApCZWxNQk3DRALHBEOkNmQTC72080Pgc8YsSjmGLDEWJsgG2E4fqgYjddqS5JVGDm/3G3DVbCfUJIFZ6idUkRksRmyNhwZ8y+vqvBe25n1+AB05GeKyJFOXLIMMBBOz6L8Uw7/pHty+2kjOl7rlk37nJLu1Q2PisO8W353mSG666+JgiT8iN7wG2a/Pe2PEKJ84hxURSFJKiNdliupZBgXEqLvzcU1DMRYiFaazWTDjBTyjAuQ5x6jKetu4OTtc4/nF2UykbT5SSyBL095z7L49Isei6fyXqiqtB6b1mTkOfsgGzYS4zr+AegaFjbbhLMVzqRz00l+I1qVEWipM7spc0rYXrV1Ha7yTfsSStfpN/FRrhCM9LeiCiiR2ppG2fh+5J8Tx7kKwQC/Sm9BCFexHMbDCTbcJHk+e7w4AzhiwHWEblaAvEDaDexPznVVanvqhyEdCxAbO2f+eRhvqnzADBCdjbaNvbcPzzWPYSEQvedWUEJGfHkYoixmpaExvZufpoU8zE9YFLYA87A9jn4gctsb7FhX9PVol6yC2NJMLlE0k58VKKxqDksrcc4M98SJOZUXS92yJd6oVLke35PCaTr2yCmxdubG08N+0czqNM6f8qK9uYKe9q7g/19ywLZdB9+4Wm4nnjqKwy/tXSyJBQAMQN0hVhyCVp3nqd8bkFm5ODgnLdqRmlmUdt+kmBBgwJu0sNCQ65U0VKJYlj5Ea1pQxV30HyoeLcOjPMZLq+5PKtHgYFBAZgRk0LN9yBsJ0VTPmq3Gc1Cc8CVyDJ6BPeW02CyXOyKzo8ElfehloLLH11Ktv7n3otX4W5hXOxaOoHXmQx0mEraLGhXGFMo9YFvuBPUUEeyDULCmFyoI7YgyjtB/6T+yh8T6A9uR8BZSQkhLftxezckE9VYEHvFDVCh4puwiT4r2b5A0Zsqw+zTEzeI7dEknTQ/EfyFuKbfQ60S3EMYGNoTxN6s9vBy8frBp6KVCD+0Td3CDWx45SmzUdMcoumJhXLG1p7Fpg84czueJvgIGeivYDtZXatzqWj692PhHuO316ZLpvDC4XN0EGoUoP4EcBdKUNMtrDUEsW6U/R2HNqGcGVbxCOG/Hn6eaRzO4nryx9dki2vC3q5syOblStuZWX5AuLsLAAD/qgq2FXUi8eJnMqrT2RaAnoKkRPPHCzq79R95zzML3xqcoRw5zU6JcSmOd3/P9JhTt0+LxdPPonSS6zov5FzkXmRgBhzZKOYh0mQ2WcEd7sZPu3f1Gq1CR2HoLI3gFLeSDJM1cJXL1AeImNZery3FPS4FlDRRbWkguD1S/O1RcIubU7BqHHKOS/Xcnbts74olT6xFVzfokXrroC37CBboKkBKjMQ3Utyannv4cIZZI8qcYh6fkqPb2Hw+WqaXbT70nK5+BjCPok383/pms9iufYwhVv1q/TMtBjP3gzX9nClpFLL9mDSsw2fSdFfqQ0Vmm4dCOgTHB4W2pC/Wn0NU3maZv4mP9TnX0upPrqg1vHTnBYNE745b/xrCFiAHBydFyos6r7+9Ozbs501HaYdqIH49jbElD9YHo72KqpSCGRH0dPYHqNNV0qt7rq5EfZLGh7Rs/evDvCz08z2MykEZY34+2btpZvkoEm+sYm0xRLUCNVP/sGDFL3iE9Ot/QyDQ9hyqbnZLxIk5qTZHcxdenrkuP4Rit7x/71sO6RtYDwoz/yZiaHC0NMxet3TNzG+qEiNn4hG8P0UYGwF2mgk8vlmNbrEG+WYmsbCybG+iSZASNJyWhM3IDEA/jC/fEVh6Ww7CgxiaNEunc2nwW2q5R8YGlb1K7KNXnUvmdxVayi36mgBvy2KJsRYckU2bbjfS7M3xv3TR5CbUWeUWXO03ovPfhnxgX+Bx8opuUUbLH8XRG39aqa2HV8a2WcXQuJaDJCpYSDbFMkJFcX3DNLD2bEkVT8KsCzZ0v+eXR9HvgrLm5XJp1hNndBMMHMSg/Ot5JP5TUphNCEXdAEHFrVxTuhDEtbda6kTt3XjVrBrN/RxHx0VpqyEa5/GNrxU2anJ1n6FjlZJZX++LKMIbRIGocpCormXPjpGRC7Iq4SvgkRW1QjWhSr40+mxzM5HLanWAYs97VHgOv+wVyAbZ7uoZGy9Avvmq2ZMA7x5NTaxP37zacRCawpc9OOlXxCfKpZSqfJxFwmcTHuH6oy+vycFyt9PAffT4a7GSfHivxuJIs5XiA+yc4zDF3scMzt2CQ14ambC66VcCVekzow3bVdhk3e1dlIOnOcRN0yZGWUnIosZR/qG730Ml6tbyYBB4mjK1ZQT2vVEpiIu3/AsprVABmudSg9vH38xZXlmqF4XM8lD4vzvT7GkZw1r5lh83R21SypFueEsgnjCVT2OzwQZpkKqeqlvkLs3STrVXottEW4I764B3u2mIiGfFi0fF+t+NW0hFIiYLvMm/NkMIqT8OURx5VstGDBszzA3QDxE2sYVzcvE1uXoNh20WbSV3AVvhSC46cDs+VDv2Jt5dJ2OMt9i3b+VQ79CfJNPrCtGZCxLLh+7laZF8ieEWqPsluNyp6B/pHBX52QChNpiDCMM6rSbTWOUWOPIvd/AIPP5CJDEemkmHWlAxSOiSGEHe7NHtQowKgUZIFOPYAI3RQYZSM3hT3WvNxOa2sfdRd/QpwUXElapTA+IALgPmugAaQwF6Tpo1K2aGSqJeF/3I6N9TXyxjk6VkEfgURSCHL/XsiP0RQf9F6KuOZGgiHWEOOxnNwv23Po/zP5eV5j8Te+BKGS4/GYUUmX1Jsp9D8O9+FCO9VILBFFhKvZSdSt6jGESAnutgYgT6RDKtQB7XUT40CZi+kJ3xzYeChNf2QgT11U4t69iPHewvieDtLmP4Hd2jSgpr49kd2lQ1lI4zikQaW37+7JBg6w483nvzN41XWeqEkCkqZfoFhZSC79dWvTFEGTTT1RD6eiQkwFz4MAKMxsOmHDvDJvYcWOOE/g7mMA5glhhSYXjd9RrQL0oUU+ay9/fu9s5g1ahND1qm0z1b8pKePBhRrtNupmnUj4/WKo4oZjDFyEP4Au35wmSbV2rM0Im1FeRKLSpHZXIbrl+yOICosRZJptsIimNvApV7PdScxMlaUcyuto/jXsLvTClPdEt1z647tZJi/KVMR43RlyJ8Wqndpjy38qrGDSPrpjUu0gTP9SmWwoVcMyT2DU34a8quyUyvAks4ypt1GKF72hqgcjeH49CbOEBmwvjF7CW4lJrcYIJm19BqlFhr1abSvoeCG0RWJDpNdRUxv0W/x7+iUJwY6MKFaHD87YYB9CEKtd6Ox7f7eHy4670vkMxjMDKg7OHbvp0+OH48pTV0LHfNNNqahVoeZyW0ERsrr92cjC+1QfE1u/ufy4o/J1OnQV/XcSu4XHsiEuUXleJLMOly2oBCckfq5rN8V9ySilIJ9zbK/N2mR1DuACka11B+qA3SPRApusokWHHbBWz+2vCi5pxrFocDcMaLRDYN/+TVG/6m0GDlTJoqQqC3DaKliUJzPNM4f+iaLaWuYfsyS6wsX57xmNk2ZkvWVi90Szr2IhIxHjD/OFf8Qs8mV5qm92FC7nOvsyxg4HzIOUndy+gn+q7edvgfnipmMYIjExL1WdI/lrnzblOWr7yYOEGMF3+rxiZRIfycdMAuAk6xWz2FpFvgng8vEDP+OqLmjGhxMMQ/APCWfdGgkBLqe1ER3nWtRzjTko6UXP7YjpubvRas9B/H3JcKCs8rxugmZnD5qGk+Nsp9Vy9TCebG2TbbrWuczoWIKTJpYsXnD83E/WvH8yTDHqbOeonZMp2z1DaFblJJpFzkfUxlCeqtoCjjxWG34Sop3EKNMWG+ikB0gP2wg0JCuvMXdwKZACsArmYeF4nvT/pBZzAKWUPgUh4+L2hfBn6N7eKyG2C3zMczG5M9t+DHtB3YW/8t458otlhCinhC02+l3WkBDXVpMxNemhmdZXECP07KUlV2zi/4lD8FQmegfA+FPBZGTxEvc+cTANZp77Rxnw+LuMfKrJRJE0o7Vw+oxd6VSejmtKO1/L2N3WgXVqCy3unc1enw5sMJ4+4yFIryBbF29uS0D4nQ00N7bH6l3r73OLmSWCEk0s7bdSLi+9pE0IkudPWlsPnML5Oe1K2clMAoelMaCKYLGF60BCQFOErIdVh4hM2TWSsI9X5NM1OG/r+smJ++UDHUyo2FLz3aSBdRfkq1CfEJrWSbp8ybL5Wrtv8a0ZM5tWe53+PNogSTqtNV1oD1cqgabzdrBsdzy1RMoUfs6laiiL8wQ6eTPSlh96NOWNp0iqfG829ut9W/SfdIrAaCNGmL5y3J61sXs2WGW+POBQjkcCqdoP92OPWRC1SABOqAl7Q4YoGDnk8kFdBdIvGX1YvQDPfXar56lQXljd05EDjQ6lVlPmXU0gLk1wreCgo8QMnyXHaoZBGRn4wBcZFY1uexMFGcAYjicA3LPhTk/PG0J96+NDeG5RxG7l9SGeVV79IU3zE+mZ6ewiiwVyObp6YfB9cmlIgj1EnAYbWXwg5thQqw4K+iixXUMnzyQ96tLwCOGABgJV8UB5XCXt/hQQBcabFZ3wWtWVHdh8L26zqdZOk+hX7qjF1Ky+zh8I3FGmCNnATIQNbLmEabA6m9r204fAnNI/uM9+kAgFVbwwsGqWwgaO8i5tsokdydehrxVdI7Nwk4e1ni5FaTsWMedIUVUm+9i3POvQnQBD9jkb58wH87sXkzvnyi9dgrnFBeRDp+NbscuGIccuxBIr5OfyvwDIcT0H9kaM/jC7uJyIsZvZNZMP3mdkWOIwWg9w75ff7NfyuBit85SbAvRWLLp07w3kl3pA12rLEVFAsLOvrzQd/Xjnv/S3vahDM5wxX8DcprKCIgvlsBe4CPtytWUjyZCphEYuuP/hU/125V1PnH5s/bpN0/ldpEFrek9ykVE0i+m1QpUVAUjTPruAv9C59sPty5Ahbbm5c3tNQOe54kewBmMpwmxX7+YINDqyrPld1E3ubqagwnQpofVAMdXQjEldGRC24Jnn/PjnKbaxvOAR6f7tfO1vGfeI68kgA7qmAbT72SlnFTamf6R9KBkcV+veb9/6RH3hCIsL+Hl3szTwn7yMI/h7OyHWb2PC32MbQ77nW75/Ci+MdM1WWk8VbW5ugyclJJJehqu4wr4JlRCfQv/co/0gVK0pvrIheRskAWzFWYnmNIaO2Pqh2O+GsxVMdqiKCVHRmGKIQzg86ex0/PMnMMRvexNhkNP1Pk28UtkDDniLNP4HdKMaHc1ojNTc6BNOCZyuH1vn5R7gwywnIIZIH2omF7UN8Cjw8r5GJ3n7MRe5TpcFqKF7wDLvvZAcV4dmHp6SWJ2zwPv+XdhSXSYNf2iC5DZAhs8kOQG6aP+lvAdWb+XA8SEm57cZINYEb+yox8m3q4DAN7IKq5Hmf0GAhJRMJDS7fcpRU1NzVq2pXSdPJOYZ4B1+taHTUGqX3nC63JCcbOHzx9NMOQEHrAMcVhRBWX/HjLtvXS2LNyfl0f8uwZTtYAe6Rc6t13EX7LrYZOouiVu7ssGQAdLfCaTe091NUnWYdWpXcW5RViFx/jYH+BzfqGiTnzc1C2EtM2K9mJPVI0RkKwEpwHajnu7Q9Gi/Iy0aZEcplR4bTpCKyRB2wtlROGtR1vp0cYx++/2BTmA1JJ03fNXHkJ+egF/6xM1Pf2dthglcCifd7bLvK6XLz058/VItnOkMsaugkbj+/wG90t3iGpbJtbVJpSonCZmiAHjcz4Ao3Rfnq/aZ8cpJK27a4uv2fpiENwdRDq3LgP/TqXtNiRQs+hf2Ydx5Noe8BXL12tTd1urIa8g1C32Xg64CLXHijTmxCN05nzogHpbKQjqS2IKU4MDv7WF9C4ij5D4MLXV3ty3wqBuOnGtLv4Z9Q+HjKmeRM3+1SPB1I+LhqCIaFDLv2UDSQAoNGt0aYLRxsdkaCRqcq4KN3XJf7XtQvTWxsHX/3wI29CkNb6PF48dX3aVZgmkW7s2s+k7BBYPmyzvynjB7Nb/7bheHCDoLW3GECSRnPL9Yf3dQw+uwhMHnK6TDAwzxyehDNkF/pDQZSgoMH9EM1H4HKDMjVmKwyNl1AZw8vkfGn3UVadsD6kzJbpTMDb4ArmBQ0+gblJhZnjnJncpfQjvDX9+NTTUdUx1EXUcT82Sp8+Ukndvk3SQaOFNHec+qXobEkewd/pkbUBnIeujCV+vYqbTzAPw6J/VuKxbzpRMKLLNJ/28QFvWFQOgDBcYcTfhaDqwaFzqyS/wln7td90LuTrUrDW4KHTb89enuBH1jx/Os2Z9QiNIIrjlWmGWQ1TA2Jt3WPM7TANXDs3rBiz9txeoXWrnJS1djxRytrmqe0eVDuJ1NWDbkHlmjdtqSngA06HMsvu2rYX5X3X6r8Pj/VgkRSTRUmPnq3J7ja+6SLzGgVlzm0VoEYzNjWnW+2kR3l+KDnpRkyVDrqdWE6jsMuPd+x6QhEShQKFLFVeYuze/Ds8wAa9YsdXJmyyzv3oTi9rksj8bxT8tr21cdQavxRBDfoHW+sMAf7DyDIvMtvGJ1qZ9IWOKkw7RMAMHAIvph96DGhXpve1L6tLlTEgwzWTQnV/L1+6luqhwddtl3e2Li0FJzO96Rvt1k//rVfLpEoQOZBDok+hY3z/o8d0noQjqb3+LO/93rf4/RGgVDiO0b3TNPfJz6xVJK6v2zEwnR2yawZ2WsButLP0j9pwU5JYeWh6BZH1vG6HkEGY9asQs05IWVskWUr7yPshksk8ZCTbXqr1+mLuARg2zVY2u54R/YNo/nW1iy48DQtiCovUqMve41nwGJVXC+imGwWRHXZQRGhzMlrc4XMok3QpqheE/drv6YkKYv6xsWiC8VVE+uDClSUzbGs/ZnjPnOOLJxOm+buI5YOd9iPuyaAo6RmqmDVtIOxSVYK/dPnifAMCjEkqO5mRDy4btBtkAQEP3BPn4AeLnMQjsoQzfoyanSTVg1j/7iAZgiROomKyQvMXTKMl3YJ9EdFXPA9/+rCR5182Qs+4KopUkKL4W4mOQyF9hfPUIYSb4GZnIvALtV/kO84jy3PiJOADUVrcTQ+QoSAFoblQTMrcWUE+Cr1jXfcuhu8ir2oHEv6ric8Ed5wAjuCpyqUfStYJIec6maKjXyTiZt/ApHzR36P2IdyOeIgGg8NBzLnhGgWPGxEAUuw+XuuOg/QRStIZpVd6iLfOPkGNO5JYCEMzapNgTWhcuvcIcSaH3yDVXRJWeno5x515Gs1OpOy/vdl/+LUs+zYUwwYRVkHYTlacUhC85VH3VCcd9R8DI+kLlHJJSWikZmiddeGDweKMYBi4Q3TNMHp2NUJ6FMuG/YaCkT1/KouhFpxxSXKN1T6SSLfwZiVjUTJO8fqhF/3P5TEPJFXqTiVREQAX44n+dMbGDBR0qQsbJPQcRBA5pXAb2mR/AkbQyit8byYo3FXBTt8xhxEf2LgJm0Uf6r5WCfBN3Ej25Ze1sXIZ2kPYOIbaJTjb/zfLD/3fgyW7vZvl/SadaMRrjjoewR0gr5IIRNnM59HAeNoiPH/HbFwyfGOEQECDSCA5DShSiqaQQbx+BrNkwLdWzSG+vfZmEjG0vGczvv74jcKEFYabtIuLaKWAxzBNB6U3Td15EV+Dl3nyC8+wlUNd0AyQEARY0o7g4t10a01ImDXZT4RFvxTyvhtPJ+YZOWPWZPD4ABp/axaH+MVXmQjgv7PwzxPvPRbtENLux67nXNemfxncX66XMq8xjjBK4OhPMA3UNpFzHkvZ/Ow4nxoOcKzjGmFUT7kGhJBCqGdoZnj26sTQJMwh/C637UqtRU9VlB3kVsZOGsptCg/XOOCfe381hKaBep/uRGllpikw5rwmkUwDZ0fWqqOkPjK06YrOL++LU/aDUkEwwnlNe8FVaj4R0vzjtfWKICFXeBrxhyKUWD+yDTEfmtmy3TF+rY3Iyhhvy8s1xhfAdz2wH8DSlf/L0pdoPp9VDoi5S6CH9MiIhxc/eNaBUfsUMm4vQWACZ6pyJ2EzU3NdxMI8vlPOBgOcq8LugzLdzu61fyY/fW8Qv+hS5dgdDQDoJ+OpNLVPvJV8ZF+Tw230VUhoE7kDmPaShSOTbQkPtG+9FrRVMGkz/afU3jqtBgf26ecxZB4gVU9CIIPDX89DLjz4cGNdxbaGA+zg4y9o60wO2kxpRaMYSC3ZkdORBm8ng1eBtmTNNu1592S9En/ujQO8uwZaZA6kZM0Nmkx9oznmQLJw2fQw4D/8HXPnqzEvdgeX7PbQsN64KWahqC/e4xQdAnqNahAT/Vkyb0ADTuG+UNrbDVRu5GAu4hh0BzlFjHTx6vlVrYRzS4gsf699ESD37Qf6z2HMMxKX/lGPFivFYkfK95IODdj2H7/0z9QflL33az/hqAvpShV5o1zR2kH/Z0jgX3ql/gZFQEHH0I+vhy82PLIT1Mci2K1bqo7TZC2sB8FxntWjuId8HGAjzIbcnh3gP7aJWg8BOgX4tLZQTDQ2ThQMYLxTuRLOsi+7savZ3u3CK/dDr+CuyUy1N87XPCdQSao/gB5RE2bSx9rc1CIaA7JeEIRjXfh64yqHfopttUA0bHiqsEbSyHbzHwY7Q7V78W1qgRUZbKhzwie1RrpB1/z01Fru0WPFLu236IlFMPVb0SX86ic9vf0JdfsP+Hasurr+wVtZluVY1y/7WTFTdZEjK9+vfiKyMTlqu0xYf385RGLlA3WatZ5yRUMyKZQNqr8P+hW8dneHuR5TWK4w4jcDDcnfYsYbd16Q/ckndyd/BNFGnkDyjim2mtlljB/sJ6vB8iNpqiP7i88XpTpnqZBSNlcGNFsr3g1aENED1ZINVv9iT0N9c/4qeKZ2y8w8d6uMcT5CR4MZ8DeZZ5aEkDbqjX+s9/Dg0sssGt+wsahV3i4soSBncIE9unNYYuHwzFIVdB/OOhO9n8S/XqqHbOfE/42CYIILY6p3ddD0suIQYY0MzWX8C2DxIO1h6dW1vsDnoQitmQM9xrmlCgVMPjsdzbg9us5fK3MmgCDMrWN6FJB/AFyxDpjvYmK/UJF2kh3MnTur9WF46e1ouz6q2VTAp6a22z8IeUHnWeXQ2iM7OX1wkXDanxDqr6AO2+tjVjuw72uhJ3vJowxdNqTaYqCbNVLJndEXEMS+BppruabjS7bYAPRXbJuk4CY2FKg//jTQQjDR2UnEq5SH+Wa4oZ/QMn2FVc3TNRAoq59fejazkGuBPC2tnkTU02jUIEqVhFauHSKlsSPLB57Fv/F1miyxVl75u//jgDhxXN45mf/HNrSpcL42zkjMrFIkmyZWAWN2RVsOp6pCUXr/QwCXSXLxhqGOmd0DOsr2xoQtzz0J11NjrTQHUI45NySCMRn3nR0nC+SJ8ceh7rIa68SgXUTS2vbC0KnIFyDQ3AjUwiHarf4OJ40zDZNoMlnYttKgli7rek+7HRTHoSXE+5L7ZQ39OH3Cjfo3vNiwA9Fv0XvlM4zLTnADhczkOLxO5bWHgfx2RZaKEj1FqtQBiQ50KIoA7ffjdSyMR1gzaj3FsHoRo0Dpl1eVopfHMjkT2im3r9+S57bmMnSZzzh4hTHYCmgLfNRkVBDXnV/bl351RTySTcOz8JHVOmn1BppDvFZIMUtou9EXLuTJwGCSNLPEXG4gzZUNuazRJL+CGnoBGe0Iqeml+GLQNLovl2Fs8gJu+sa0Fu8asmalCjsH38JlepxEMq0d7TSC8nj5q6m2nYezAXOM04s+UYP6bIWiwwUghB4wt19h6YjearCBZ7G//9Hx2OrYssz5Byt6We2SCfNfaYsc6OtLsy0rONT6PfPtkU0cBTLGNLmAPNpaHfHBA70pWAy4Y2OeZE8USt+7/75xBGJIHOwwz02AdMZ06dKScguHbPK73AIa19o3PKuP7HSmYxdSrBAVOEMbgjQDn/+3S5RZogUjCKRq3BXcF3fu1stWiqw/EY3kD7pUJtTApFNklf+55kLE8a2UNR/Jt8cVk+hhQ8fqsgA/80rNX7K45L/snC/OjfveY1RZP55XhHx+1QJ7M9XvSluBl6vL9wZL8j3vNObx4x/hGza+GKrGmjb+bfDq6NunftxiAz9/lCupHr2Z3MwRfmXfgy/ZghrJ3X2YzR1peTmoPM+4P6Q3t1VhpHTFmUFsNMLTXe7Hn5CzLsVcNy99tIeRcjoK4V/m2b/1vK/PS9Krjf94rkKppHMR46azajhj1LsHd3gItnI1dR5Q9MC050Ld65Ehri7BGIVat7OucqpMPZRLV4HFZ+B54Kfvb/nIAe8KvjiwM/pAj5lL/rGm/Sn0PAlVEThKUKqmgPLAyfyyPHgwngNSqTr20ZYiDmUNMCEpJwzVzaegaqs3rTX6UdSlZQYH1XteYRNDKdPH4+CySC756y3U/ApBZpY7T9K4tq3dweVfbmL/GkeixE7CJ3wD/2iXXh3Jjp+Lq2L0b0eod3MECGEk8gVdgq7exn3zwwT2nJeSLBkm0l6tb/Lhc6DMgLNaAs+BKiMf+VcOKAlFyjPIUsCSJ8x1WVph0ALswM+VCb9n+Zr/7djtgpXCszpkfgum0+/TUfkrHsRU/H+5VMIVCBMUQv4QKYRsPw3UIBc1bxJTHSRcNo+D6hLGpIQK/7+Bwn/8aU3ZqVSEYyUJWznJ44go9i8fkmVat4bt7vtIiaA5fKougfoM6Hxn4gWkp+DFkRGQuB55D6yBhZVOJRFVm3dKQaKW1LlX43njp+pN0++TR/kzORN/+d0/jfxbUuw0K4dUPzzsFzaLAIEySjU3ZBR+g1wGsY1Mpd5HPheciH2v97H6jUYdFOZYj22fIw6hLvWiR18faQFnkNF1J4fEjeprHO1sAygg6DmIf23//L7AxT76wueNRX9JQR+nO/z+WQ4vbYzvnYSb96eVHFrkxikWHU3v0pcNqkJHBWi23QO70cmYq7cIPmjuJt4Gr6FEtAVizZlV0W23srFMW5EPkKV1MakRLjFFE8DWIY2K4ZCYxvx5U+zmNfpSleTNOJCm1e2A6PSL3ttcNvaygkZMjJu+dbjKpWijQWAchIBVvPoXZ7VRlkqYxx0VRH921+RJc0AYcLFclTqBpYIUUHpEzPadtPOnXhiriSySD/WITjgjWK7AxweIvUjU3NHUxePH8b+yBm2QyPOQEGVFTPlDfnhiHpKVMklDsGRwToFvcYSkXCcWM8Advk9Zk9h0+akUefPsJm/Bg3oHkWCCxSAO5Z5y8M9/6b7UgM/OF7uEisZrMQqIvgbkj9z6g1S4OV17pZvtDESvVt8BF9NjjGknvL3dcWMnjMf2Fv3MjbTr9yewRV3vAOXVwgQaRJBi70bAXdukbDto4+bib1zhTwHfHmLMiuOTxaqLM4RIc14lsbni/TjviL1oNa8cNyKJbczO0gmJVC+i0UkJQtq5el2IZ7QZmwf7mHErWQGgIQAVm8mbH1hyqVQ/WewAFaW5SePw72aRpgrgNpvc7UD/KWFO8JyYSlwQhle1bHbKxdrKWZtTzB3eKSmsxDmR5KJ1HpggO4y62ggaO+UtvKuqXIzk8lv3NahV1wXUUgQuvZew+lMOJTIEgsLaFT2KCiKm1iJsYRRFjYagXROyRdFOM594nDNTedna1j5vOhYR+82uuaVPhKsz3p7VkYhZ/y20Znu7/jtwiByRZ27szgxPJeOrLRnO1jssnn632613/cBgAV3MP+zcI+gpBBttVpR6zH3Ykk37JOOiWBQH6sNuYpKeR4e5QvLogLMm6S1JpM4oDBehOwtifFKr2vUrYcxWDgvHmZil84vkIW1Fxux3g9l6HS1LJqF7JqAU1z0IZ7EcMmavlDTDbr+cJhOqF+6uG52n6TbKVw2jNIuvxi0oqK6Tcab99K8r3tPFpr0h/fJ93gBMtEhPUqCUAZA2fuTJMCqkIInZgFpfv/UOkaPJdEAFFgaq11tDPgmv/HHiM3XuD1/QIgJGRjaECU0TWuvWvvQv9+Rn5tOllbIxO1VODCc5eWtoesXqfhS8fK6fWy0gwneBQxAE9Dc1k/oEzV7e6sw1MBBUi6mH66q0SaeZ7C2bBideXTEdU8N6YH6kpkNikVcFJmtLA2IWFspimtAwrnuUQ2LmdKOJytPUpkAP8uNhqdSdR2qYKUOmMR9Wo7qBXNQoKutirY8hgrVVkNT4q38EKC2Uy2Rq+Nwdr6YJBB5z4lNMjip71QABk0kd2dCl2dScqLXuBLIf2m5xatZO/3tQ6qYWybva1aHa4CwO6jNspWmJpjJiaWz+O/ScIb4r4fst6nO8SDqC5ggm8VlSpyXl/EwmVmuMj/VLNYyAKX9E7nBnTNYK2yVoUf49dXHNcTXRpJVkbZePiWGpaRgouVQc3OyI/34bDzJ3m45RiLTVbFOEy+nFTkL1iltFcEck4aRV5kqj9NibDdbg217HI2kEWWmfHc2NxVUs+fSCa5c+5c/hIThl34XuPl6mJL0azsj66Zz4nCN4IaIG8aZpPcqiY9948zaa2pNqR1B48x60MXrVlzzuzJhSfTnPxQ7C/kpgF3ojURsxl7WzXi86w1aBGmCZcIVxIE0FY7xpz09S4B6qCS4AlZxRVTCLYKNmJGbAKUQ6npjJ9luwgUkswncTOvAGkSugDK+GNVqacLhjaIP4WIkjntExqmOIGusgcsPqSxB5DX3IC1A3NJAYB4ry7v6w+HEvCBJYVFfRN+vqQVXFyN+tL3nWaqnTAp3gGigsAXZIaffZwd2uR8q4zz0wrdtDdDuXdaSc44E8hKF9vqNnv7wUkIYUJWiKM6+cqyWm+57sphk6wkohQvUqTeP/185ftfTVcqRgd0jamk9OCNvjWfqB4e0r7tnY4yVd9s9fCsUwem6iLNlPmB/Pk/gn/VFHLgwY4cJhjfBG0dDqCEB8/fHTormEiroafo9WW0AJnts3K2kq2YpXfGD8C90MUI/kCh6lEtGQ/jGECN5Lt2lW1jNDrAnm8uINQ44PoashzvXXAguehu7eTur4zk2TRotkPVEoMber2LEif7skGno23l2g43Qu5f4T9AVywJ3sp6aWViZR6bX/o6ih2WIGZtWTCP0eW34/f7+L0roh0jLsbvsnombaUqrbgj9wHQMaDbgxqTa7MHe2ZRlz9RbvnIB3SSlpJ7Hns0ruVRp3llMTxyeVbHKx44m3Ykx84/XznQ==
[2015-10-24 19:24:22] Phpr_SystemException: Error loading options for x_userlevel field. Please define method get_x_userlevel_options in the model.. In /Applications/MAMP/htdocs/fars/phproad/modules/db/behaviors/db_formbehavior.php, line 639 Encoded details: cPJpnk+kfKgdNKXEYKvWKfHH3HqTA6RSjwKEQN71mQO69nq1RdwULZgfr+mfqrQc04BgD+aRELb8aCu6z28azsdu8XLZZmYOT60eKvKZiU8AkdbgiJTiHf4Fpj1U5XFOfy16iBVdxXS87xvwxB6rEXnUse4E38EGoNUX52cGW/f7U5hSQ6pJo361aOkgeE5gwSCThHZWwKzl1ZfUv6R61dHxYX+AtjKgMrAWb2eyJjpI7su2e8XR6Gh87kbZ/dVITpIIgJCiuwS1NWnuxoIRI/OHHvuVuduiiqKq8/ot/jvhv11swSu1CNvDXMtxQVtRUuVMQ2tHVmIKVIKDMCEwdtk/lyjc6mhFWRbocKfSMtXKl/lDrojaGVDlpZTRH5XA4CtPGTDmZ+I+6sB7jY7HrLZkSoo2X3bOH/YQWoeisC3jemlj4LA3YwTRAzXuYOZyymAiNEC1UN5d+4kCeh4ZPB2j3djVAacX6zeRm1heBs3I6/mOLyoMzrfNQXpJCZDq3+ZYLrO0g6yjolCaaa/FRRfh0hSk7JFMfL4zvU30cIr89ug905tYjiDSInetKxeIHIkPSTRZ5ZovK5obAQoyWSN0lgrkcd743YZwKdGXpid/HCJCx8Wfnu29lPWae7hpU/Y+E0dd6rIE3+pFijYV19NARzc9t0nwnHDJh181Lqt02Wbshs8kkJoEMOxfUPxMptGFctGJGH6YBSQFQ+v1h1qw/DuKoLDvcLp/6TDc3xar1MZoUeXEvY+DhMhviLCcpvJZZcp92OUm6ObFzc0GcKgpgjodV/kWDlVdVhv+L/+8Fb3v7BLN4tygcA5ReCXzIFXM20NUzypJMJXiqftFsEkNTosc6SyszJzK3zO1WXXrEEjQgJ51IUzjfF1zu76A7dnlrkvdu9FCEmx5SMhZwspg9ZgO5bAP3u3dlSu4ErXHIJxDn3p5TCoBSq/G8WBeL6af5y8cRNSsNTpWasMruxoEea2mJMgmhpE9FVn3zfX4sRsueLE8AAtmuWuDHQwDxrZB6AW9vvXF545QLGZiqQYAsEttxHFb//vpfPAS+0NmOPsJyOpnZ12ygW9/M4xW2+XPRrW2kS47dAwjOPZSIGaNPCK+KsxWiPOsF5xYwxcLl0CamUcyRmn/NlWkgqeWLiChg+TqTS+QD+hP5ODQOiz/WcLbye9cDhViQ9k9WqUNn63DjJXbLxZbmuO4rGH5eMDzXeKNMSPTOJ7CwKMSTGoEkoB0YBZiTjuMcyl3KUcnL5hdZVpSr7LHchlnZv7WkEKOFSfMVgESHP3l1LlP3ZAHYar9XeSjVwbWODJw6dLXf7DUIYM0dd5OA0TDKJpkckI5NmT0zutcI4Oi+XmKgVHivFOAsDKtLG5SyXDMZ0hsau1voZLYeeHe+a0RKTyseBZ0OynH+KlPLOwOV27Unk00EFwMEshpgS9UFP0CP9sSqYyIMmEpYEbbX+AEPpGP5/YScNDFkb95Urza610FYDWmD6P5rd/I1visHmDqjMB1YpiiP6HgZFLYfcvD+Pof+HTiaDuxVFZZ3TXV7cIOD0yDW8KhVzAf5sXBaygIQboM6pn1pwwnAu82JJWz/E2458vEdj3wj/6if2ftBQRR/bKdFBRn/Blsolk5WjgljDTgoF8m4CGeJqvycGR4ott5tXSmQDm0puMlX6EaR5GiCJKIKUcmD95hybMaHpUAELEbRS2DMOhlTGeMvpK9AJN5oiqyvexJMzWfvFA9c9vcrU3kZWov7L3Fe/g1iRSPEEpmQQxcjosyPJmYXbxm1yPTMsJ3tq56yPLJBkW4NJMuLpi3dFaG41NdZWRMdLxwOUacmOh/JHJzQLa6VTdkarKiXIqYd8qaeB0D10YxcWkTBf0nwnNSLIpK70v/F8C9+aqJ33j/EfQ3J1qgqfNI/3zki496hRthCmKWF3MGFhLHYhkhbHqaUEbpeQsnKksAimMvJao++E4zEpvzc5F8KIY2Xn16s5+F/GPhpLYaO0FB0PBz0xfeXRpN64pp7BJ1cZFEf5uGa1o4ZqQ9Uw2qfHZvVDRE6cN+dTgGotGJocxrcGhLp5ubI9iXTM+ApkUxujJOEexIClYO49k0KmKXWeyXQi5i9ZNfqfg8Ip+IH3AXZQyYa1pMJEOh6c4CTAk6vFzqwP6MgGXA4qfqDyhUAz+ETwvjuBWwYGToabqL6S8mAixMcWLalA4WsNxpJN/oHa4qolE0nPYMifp7FMQbNl8bXu1Bb+YXMyhz9iKIGRKpnQDTcEPWQNNCHRirpMLR2UyraRLw3jXLAVLsvueSKaXAr0lvdAn4SuTetTfeHlM4566AihuPAIpOwgV2tYyJbOAuXdA39kgoBYxyzdLATkbo9kxaXiryqyxS55tFgQvdiVteA8GPKQAmG47DhOF4LB6Y2eLA/lUwuiRnh+TBQYu9o1BSI0JkzgZMIP2nEbCvNdgzk/Rct7Cx+8nw9C0GAQp8BJcnIaSl0Wsi821n4PLYu3UVsGnn31cv2LY1J37H4TOkdrDycUkSa2KH7qBzi+xpGApU+umgjZIvrtw/STMAPIgxT7wcPoY/CRsFdQdGA1TAAUTviOUyDux6+UfysIDYo4m/gvekFZtH9WUMWZwPKrW/8wah8usZrgrvs6yP8V8UbN+YNVgygG/HooeHpPuRR9u9Fm9yYjhV2B2vaAI0PRI7tJOZ90Ow09Z6eVsNGQ6azm7psJXj7YnztNOKv/iq0illS2Fk+OKxrwFs7l+jyj87cTlBrruLib0YkdJn3kqVSM4T5a72SWClJBD40Y/L7sp58E/z/b4qg8LPq3gImGK0JJFutBtO95+SyEU52rxx1GSBJiNMMc6dN8x3acicp7RVJwitg3SzwAOEu27OFYYAJllEjwKhG/v3osKCsnQ+h4M0IgstM2hMcGmS9BdNBslyCCZIvojVLq7GkoPtTg18cfIZpWITYBFM3XFuAAdm5iIawPb4tolBSdLH6fpYwx17GE6T+gA20h2KYCU6Bqn/u4so7A/GTSZjWQ4SJFf1MxJ1ELCaXvyxt6FukbjV+dG9SSCJ5W46sGyFXhjjN0QxfeKBIDOF+SRgZUp2F7Bsi3umEykLRxNSOGF8Cd6hsRC/F2feB4Ip6XE5CkiL0kMJNRvy2y1WBXJncLmjTECLu1y7seA/9GU3iXQDtxgR/QXotztYc1qdes77K8Ct+ZeckOsqC0Ah+eKDl8NOKUxaj7NsW0F8WQLG540ybJN83uVtpZHSC21E60bJj1cs9JMUurOnvGuIvSp7/bbnqTx9Z6IoqNlGe6nNEB5qMhSwcvJVg0erKip4hgoywGRZJEz61+uq1xEWclmgLTE+HNBa+fZH0LABs7AuDceo2W58qjTbCfpum+KgTsq7owUvXuPfovygs/wuKPZz/rBUuz/p5Hd02QR9liZTBRQO7j2hq9TRe0cgJiY1F7LWfdQT6nCOZ8j397VRUYioDvHBhWamuMMVxz7Mq9gYT8r7Prj93wcmHyWuflgEGWaWlkjEqbs5xCVXb/yvO9ayeP+Vg21DrSqkpRrwnAuaeORfwVjJiZBsuHbOvvjGCktO7HPKqft6dCsNJ2igQtciDsReJ/2Nl6dXuFXWLEnzcdB/ngq5OUSVDJe5TKy+hjPvBmh2ycApaWqhzdGh5/mPzPWl9PGCjeEakz6odzJMEKgc1cTpD7S2tX/f7TmeVN725iMNOs4a+bnrp4jCPrZKfNbGo9bUYExiOWJ+fIKs1T3OS1m15V+CsWMDCSkK0wN4Cza11+2w8v1Zl3Grp1tEQkLPEpUE2D0d06hE9Z20Kw4EzU1Xqcs2UDHPmg6b2UCDHgP/zYND7kUZvMmNNLRWal4ZvzBvqWW5MMdxN5T8UV5p74m7V2eDlk0OvEzrFvtSkPCXoILiR5/X1zqyZPPNW/f3pEjrGvLAN1+T2iykqjmgb4943xYNGcF1Kn0hSYFzWJG6gsX8qrrrFCRIYcp3aUSbpS5NvngElnAQ6KcPMQe6VhBW2xtpKpfJvfxKgpnsQznleFTvcwxOahgK9WWqDypbAott4m/OxMiMy7jq0PenOsirvW/SYwlIKrx2FBaPdWsnzpd2+hzFUFhJg4Tx9TRZb0DFLk/7F5I2YiRh40jPy9+3bO23eBy9zlMGnuE8LwuwVpZZK1MSjRn1ve3klLaDBDIzEHbc+jK575VpMewB22tic22NwqjwEwTlN8VkpOCHdzcpW1H4mGHGdeJdv17UKaqAYUFbzaKGLF6Yilk4/KGGpzMKHWL/CvmZbhWvCUvFpOqwoG0lFf5TkDl9oXcpBquz34zIr3iAxfcT8EagxrN2/Ct7rqrFAMYn6cjkSUW6LvenCtf3nbOQDo2a9Jb3pArSkRc5YsQGeaXRQKE8Y/3fFI+OBLSUf4mJBGaxwenP/UBfC6FBWwp97ZujrQRx7+2X4MS1rEqrLuw5yf/2nJCwa7BQHblYbMBFQ4zTLyLMHfwUuNMXJX885XTGy/h42nncsAioHGzWlC1lDVLOJO3CW2KWgDjP5pnlc9YO00H7J307/OOLrw09gYSh7fANl/tWKue0UwQ6Atrpt4saVHfEf2SSYNi1oAN5hx+UemfK7otl7eyOVivuEMm5dYfYc/bU2Pd4EIhD1FOhvP+9PsCGLXL/0gIO/WeeqmDBpwjiQnjiWeEXkkSQR9I4gXBSwUo5xguLJydJb8V8/D3ESa1I9m6TeIA4KiJXKscF5ioTUmwC6ps7mHpwqfccU/9Fv633fjO4q0hW6m8QDk0B2POsQrqreK07uBwbMz7lWQRvdSunaHoGtnejdq/1lWc9D1WCA8HAiQN7lRTOQhVcQyNo7fb83x+UOYM+eUPFXz8NZ0wIPHGKDiYDs16KS2tciFm/1tlHGh8UYbSwIOfRgyN8voK3kep1AYk1kRtV0fbKrEuU2Jz63wCZaEBF6Ek+na+58nxSD5dOFu729qP55oQRkAY+aiLVO/YT5oAPajzvqAm4LLKkMvuwlHA2x932X+7rMrwLtSn5/1TuJkwPllkcBpxxOgcrWRciy1IjkCKD2fCIilVif8/mvqs/RjbTV7P8JZGZD59BpI3US3ZERZOx/gp9lkPtNsv55aCP3LZzkcyZNxzGlHJ8Upfmj8XVmT6CHgFTqkhqzXy5jf5l9JC8ONozw6BY1LVrJsdN5aCyxIKCc36+UiypgLatrfUlMrOnFOWnUs0rBOqUqpLdV5PJXYBODUmSZ1a7V9PjGBY5kNnChAE5aIYaipFAfzLgGiRrn6+HpNMTLfgzv3KaDUsayFWZiYmIKVsNulzcOc0dNEaYgn+33kH+GxZknarlCwtUE8ndmXzbCURq/pkGJUp59IrUDvpc40kIndZ6ZcR07HXAr6DsILHSmvtDW3eHxZsAWXuzdI1eEBZoFhJMtTcWGuBSvoSPaZNXMDXvjvgBGitKHj3HEzfgfsWddO57BYn5XaHRmfyAg3PWVCNboRL19B3iRwtWAaTnjdZThl/pLeGVjgctIfn2Zm9UizvhDCkKX0IEF2HteyNSyOXBrH6nhWOGDONgGjQNPL0cGLFkHGfVr8gHc3rZSNayhl0jy3KmCbA4KNGA/qQteaYBhGM+6RqValBYEyhMxPfH/frTacNhackxhUJc+q1IBiotsY1hLFi2YnUHnndD14/Lhpv+yST58/V7K80QOJvNIRTAoUy9qFK6ONzNiRPZ/bxv0daOfPB5ZSidR+wApl0gylc/tiXS/0DrGZq4upVM9e5nmg/A8QsEIahRB6ih66q8xSPsEweDWBrFgRWTTssHiidGNUd/PtPbgOr57uyUJWh2HJqXlt/QDYKiOqQfcsGKUrG1G0FNrPqgb84BoOHnp2TykaDgcopVImK7JDb3PUbohSg89mYCa3/Nm4/YeBD3+LJ13w929naLk9FgEuGhcD26cz/MVBMXIwpgYoHgbn57Ed/kPRNS+j1E7C9kcZcDPXr1ZW3kRWtc+dCNzAX/dK5cV8y9/VTI35nstik2JhPgby5wzCiMQjI9B1wARgtlI7eGYzIVySqk6n9OorVYb1+qrtCs4O6zErdvis/RH2/ZbWG04KYtOnZbSi2cT4c7SsUE6wnc8qCN6YZDBzTgLCLZcKu6xurmCTUHGuRJlX1gocurZGdOVeuP/hok4Nq4jnoyCTXC5t4vD3X14VaaSBI13cL2yyxrM/U94w7wZV5leBYOyxF65ZotWX6QHzLTxcRnnfpbxjqBBwakfa7AxPewe0dRH4iEt+2VldnYybquFq6DfMVMbdpsR09h+IRRzd7PVqbYKYnRhndG9qTuRfxIkyCS/pY2IgDsr0XxNfwnqaccTZUgQluxEYu3ZYxbLwar+suQ43oMbW81AigHfQweWyFq0CshFczO8HhYIzmPT+PeWw/XD87dLqaFh2cGFlczYiQYPiuX95XFRYFhPhCVyUq3MywQp1RQE8UmrgxAHbHcuNtscwoVMuZtmVBKS2c5CDa31o8fbHqJUSyI43ym43My4wiuQi1cCFzVi0NcE5NNe+PL6PRkB+NGWwSMuFSgraNu10LMWhnK/ciuNd/HgEU6q6rd1fasOdS4ViqnvF9KfXxG3/KdvJOeJZgyia41Xn/DMaNt40XL4WPw/r+RSXNhQYgm76dxd0udzQ5+2tVI9JQnCUQPNFV2ltiEgYUR1HgfA9HPUHZPpl1Iwx/R/eQ1zYSGlPc5nvt2ZwR092EkIOlk2NhF5FFu4x1RG5BOvPeijzv9IKZylSRpAuhia66G83UumZn0vTVNXmxQY2LGLBLu+454mobpiVds0SQFd4UK6oaityjpdOCIJCpAMon7foSebwKisWVsGTesnEPbYmcRwyxSZkWxtzXVx4WljqSXwU5AyXe6mllSZxyANsRhdytmOgpUk5LAdVi9qd/XD83FCbZE0Qdmig7RMX4OXGHOeH4u/xHveOEZ8JiOrSnIcNzuvKyk7muN5CM2FC+8cWxFejQfQL0FAIbnQbEm9in+HWeTFQXQXGlalSB/VU0V7SjJ75WrLvcXRfE8BUYOgH52ZiwayhzlgPsrQgAS77JVIL7mv4loNZNBtUuwx1Dpurbr/6e4pjZpsOaHJ4hJYIHKegWYf3T4AxmTEqL5wCkLvPgsk2M9IqJS21U7Nf60rux3zdEsNWQwW4tABPhTDjMTZ1hrlhCNc2dZd0gNYwoAptgTxpGsKmKPLKcJODk4KQ4fOGktlJEixwZ/gVym8lqsp6UyVj/pbly17iDoLt3SkUdlMLpsPhq/Q7UFB+kLGQitigowF5I0NqzQWtigtrxEGOtMz27wAdyDi6iqbBZ5Mcz332tEh98WXNfYKr85nvNQF2s5t6eYqX7tn4Cb8XknVKtX6OA0bY/jKPnILGsjiL9ayDgxIojl+GA5QiDeYTlf6n7ufzEK5lhI7ECCBaUc6M/uoyahEMsL+rMgbyLgYkw3Cpuwe8RNcxHc/I0LB9JiQMV+B9tC9H39zmIpExvbPhCNBCzHc9JVotXUUIEDEHs2jv1czgVRR4Ldb1K9KZsuYFuUkjCQ6jiOOWOR3U01/nSMM4tV67d27h1ISKCzWg5Iz4OL9IJf/RFUFtfW1vmbCOlCGYrBrJSSm0uZZxPhP08sZ3cM3hd+SDHz1TEjpQlGAyS6TiFV+5HkAud74mR+VfQiR5r2A0HtsOqH+oDpnjpEnaHWNQyrb2s3TFgexq2als4hlfT01ocrSXrXFBVn7c8ZGD771Vac/bEGQmkndZk2teNHA17gNiaL2lfsRv+eTEjuezua3CZkNpWsb354yCINRAM4MyKEFa/qBVOE4p+EDBMu/Pm4IclfKCJa5w1Qa+du9CMRGxWbOkVi1M8bgNTlDXqN5u01S99gmkLuet6ZHE7I/upSEl9Y/QIe0HH3DlCsOdAmt3gqhTTM79RmKSZxivXC5YKP27QVU0SqD1yIFbnZ4cz+4ruX7w/fh6Em6rzQ948Jg2D557XFnDlY6cPWoqYUo+j6nU28JElF6ch7Z8tc2NHo/6Dj0+WRN7WeUSqHm3hBVNBuHiudpzlkjzeiNsbVIiLtFcodj+iJeCkSo2pb3uLjxm3f7gJHRp5I36E8b2fvAPLuuRvDoH/mj2O8GcxFJ0mgwx2w0Z9O0MOPCBFslFLB1U08YTC2+THXo0stMaQqtTxkiopKUJh1YfpSBrQYWh86fruBtx2CahtJ5EKHk2m606GzfVM8Pe0QSEyhi4hHSObO6OiB63rha74z+Q1+QRWVI3PdxTeKVxtku9JgUCbUQUAWnH4HAIjtbd8SMUmFtbFZOxLQsp7da87eXDjCc/B2w4d9MTF+C7jlCUvpPdy044soZ758rgVM6Ybs3modHSjjMoCgfc31lEhlx7ge2CUMKJO8n/uI+kgI2zENvha6g2QnSBTvW1dcjtE71GdBdHzj2YchW/g25K3/UWJUbK1v2ilKcJJUH0l9ovCICS5cVnf0Jqn/eDXSXq7RdiK1z6AN7Fc4B+Fy3v8kyOJlWKyjT+/3GjBaq00tUesGdx+RgxEDkX+mdV8n+BNeDFSABt9gP21wNckcpYydHJNWtxXCJwu7KpGDUVBQnZTacWWuMx07HYD9rMMjSroY4Nss85smGqdB/veJfYnqlla9qz0uLbpDVy7bSz0cm8Fwq4Wyx4oTmedM+MtR6qUSqIKMM1KePl1J7HFAu3K4EEqhoakBDht8y36MUOzoRXhIMXzpzr4SuQ6wuyUwInRuoJLLb9N/vHJJBeE18IGPnZOt6AmSQzc2dRxVObybPuFX1akhKbpJy5IsjM+8c18VzB9e+TGNZX4a9Vkk01tmK/l9x2ihraLSDlX2OhgGC6Q6uuCShjU0IOsQQG5DDhCd5ffwdqUzqnoEzhZavz6Pq/yCIx6Ybm2knDgNSdchREa2b2+cXt+X7ipi7zoVKqzQ3RFPAKRcknxD5RVH5Osq+0KmZcG5F6BODodVL75yETvAPqcIHFy7Z7IWqZ72hskv5OIYPtruKqAIWgz80zbb/VLf793mwuhvbUC6C8rwipMzFXoQqs8fEzQgWN7Lf/Ju2AZKsvuciPA7HrAsMJhhkCIXeWtNReE47VATRBDd7r+jkGByCyFYs5YPlE2/CMNINY5hCgcvw6FT6FknRdDjwRON+Cp7iEvWFJhfIFZQRjj0sDoi/GQb63TJGOpjkAH9OummxDaGv6YY+ojTB5aoVGJIJhrkcoDTx3gn27UtJO6WTdF64ggze3MmC/kAUXSNZ7dApyCICkSv76SVrsJ9RUMB9zf9LgnsmMZ1YHORNVWri/ByJXIeBIW3sd9PphD2wMpPYdpmlK5uNOYv+P4MPhVOKSRmqGZGSs9LjW41PQUlZclS+WL+oLSheQtRx8KUFGVImvryFoVMbNY5TCYAveusGb5obrTBX+JJBKH5m2b+qGQL0DXFHvvkApEjj5aURyYcpOJISVRVd+5YChUDsxtq0saijJAvW2158kB8GJNjQxsYDUo4imawuDpS+LuggJa66SxIdsd/nHQAK+bgHvzVLocyikLIVtwLN+8K88wgYVDzo60r5HjVzo2nRympW07SGZVr7WlJAmQQgq8uHnoCI2HC1/McnBMltP6AXjZ49jWqtS55Hctpj6nd8dDcw3H409AnoGvp783PBneYAaFU7YbDV5/aA9WYcmEwKOc6Z5AK70vrJw2Wby2IaqL72F97BH8to6WeFjhFE+0aOZyJ+vAIkW2oeFcV07bF+q3iuLeNLPKM2G45Bk+954PRgwOXjN3+gJsEkWsTDwTgF7vXHEzH6ZMvqNKvgaftYlt8mEmKh5B7opjGzLzaKWwBm1fBExCoRC6GgAYp4rY72eaWwsopxxaMEE8C5rZHAxlUDld8BzPpROASmNGFx6rX/CiLLSEJT9Ns96j3NzokqTy94QHv5h1H68wSLDmEdogoEkXBtuXFtDkf4naQuF9wWMcigZAUt6u/gvkFxkoZIRctGsvJ8kwDdcUWdNw2fTXS5MjuOhAXRQspo3Mh4lQoAoX+LhwozRiEb4A+f8aqxss+NEr/TlOzcTaFTDC5NQNAaXHpRJifW54dB0/MTPAx8Nu2psHnbwwJ6dyou32CaoUvhMzQXNGmWxupBXy3nDmdJw3+D4Eom3gQA5wPit7V8MTrVYe4bAby/kXtZ75Z8KQgV7yES2UidRsUgdIYIughNeZEiapasjQdifJ+3riVbQ478tq6F/+27hNIZYpcl8RWFzqRBoQuXZsOmdpbLQCn5GSFIPILEV1U24qtPN70ZCaIiYkCHW1HXBLyuAmxzKq69c2NoMHXevReJYoCp61XXWuSY2Zyioie1A+9HDeTNJtGsv76oNGG698iZZWOQoQG8CDL/wSSmO0hdx2/j6Npdt/r8hLOdxNAa5HYCGn+//XJeXCL6zskpKiRKpB/00WhcWXkGHpsPf/ikNCmnK6/LLPuuZZfwPEbb5tLqDiEILB4rRX6jTPR2mAc8BO1K+GZBZjfTd127UAOsTPSsvlrBlK9zs/AqfWm9jV7JS7V6gTN0z3V74PM16ECphlxCvaME0Cl7jVtsg2b1kX92DUMpMi8qyleA7xE6wYrBdoO8Mh3wh2zgT4WGwt8xZT8Aq9fIMOanrqI9srGUQTWyl11loZnI48fRfXH1SUAi9jKUi7WicYlsKXcQVxwVDlVh6Hkx2PKtTkE0GYPXUQr8ilcidIMMnjPZbhWdVBXMvH0sNHUOJrZibisCFKLCtVDpP8hu6uaa875va8qk82DquwLPIpizRPR/QFg4bqk16ebvrchZJulMHdcF176X21XjZrIE0OuekJtnDv2wpqNqZPETdKhYnq007Onm59n/PK+CnWeWFSIyYhlb233qbEAFyivRAX1MtR5nwk6sIcWb8gPQ0/3s8yvq0dlKLJsVRWXcXLxU0OuXyZNHq6RZYDchTKClU5Qino6LztbQt8WkD60RT7RWvx8RhC6ML2daoMUqwxBEry0vZrZGS2rOxAmSRK401EAvMp1SnWYan14edSZXGkcV2xjhU3NjD/LCBttRnYJbewEzeSOhnmfbikqS38VdBDHFjzZqaF/yw1mN7rRmjnbYrClYBSiwrnFaOYLTAjm9Rbv3f/D8bdKa3Gnt8Y8tFbek2T8C5jPXa1sgHbvBIwZy4b8B/ZlPEZ77nYBhTXrzY6IUM1GEeliMm2erCTsxAbLvaik4hTjWnYdzPDTbcCoktsAY2SJb8ISVLgyo3Dg7QMJxT/WiAo8gaZfTou/+Gs+lpTKN660VcLHBGfJq7Uo9Ymrrajpr6xTYl5XXF6Sh+3Y7Tqa1mim1jD/8PZgjHR0pEB0BR4E+ITwlkYKR0SuB7sbYAHJUjZNLTFHT2qwtmefWGemvhK9FnVxJ1UXHE2PsVRDmDZFcOsPlXlWT2lt3A01mwNb5oqJngvTGJ8kbYvSaxkoJQfJRXPlYuTLciQ791N56fMYwsA10xjL5FScPeubcXlNBX6P0Tqhknda01R5BY6jiwmVxyoUHLtdI+LbFeV6gKs/iQBGaGZjX4iv8oMaYH44i5VLqeeisoJNVrOxy/408UnFPrKPGcUb0j+yXPIDNfDpasFFSDS0MpdWe0vCdWV1GGFW4xKltqvpmCZJ9viJAG1saMpomKeZjiFYRdbZFZKWXpnltDLXe7rSxuzw9HPzVGnLmighkX8R15D40UWBfBGPBYopNFN8gpXydnhfLAmf1YGa5Ga/SFRCwrJzj4qy52O7jDcMaYYoNGTFbfdRKmnvSWYaqqKzrqiiecmmuwMf1LzOjkDSjXbxxtqDrsUiqvP6S1CzHKBkrUwaJZpZcorEs7KXnKq5W2Hnz9FrixVnX3e6UC61KzaPjkhUYURZy4XeNSHTnIsEy8xTznrCScf6yyJ382Vvbo7rVgJf9uOgrdpf6WBeZm5hP2VgagVRYer2O07RYGpHlH4aY/gmz0JDxQPuq0piOCGtWMLYf0ZZAjQwhaxrhBr5lG0sEydjVC6KTFEwsQANurj5U3L21Z+mRoyfISDpzbMHBxtXJNYsb1WulcSNudEWb13L0I1ps0ohHQRzCPdyNmY/PdMSLa0TaRpI8u0FF9JNYoaevpyTPbF9eEHG6rayGGrUqBMy5FKY4h+LFuZBzd41Vgn9GAkcgGDk85Z3pd2STMVbxu3xObO9JnrcgRmZCmV3agDHYiHG47vJg2UK47QUZYYM1mtVThZ6vMakZK1NBc4JBIlJT63jSv0cpbZl2ixujoiw1ezFFNVVcIc6KrlMFZS4ZNaq9hZdtckIjhn4O5AZD3n+29iix4RTiuvXq04xPwNUoS3jGEhmkWwlZf1MvmUfGlcf5Ah37yHhAp7pTE96EbMmfITijHj/1GrwxxXEEPD6udZDk3n4nJrOoJVtOnAoCroz4DPMC8Fk78SH9++KGXmrm7Olt00cxrkOSZhrJXQsKjcygryEK1gPXpOfj54LsesNM6hiO+6BVkKPYwlgMdU8OpllMf+0wCY4SQohjg5DTMZX/ziC7hu0rw3NozxbGEraQKcUltVwR9vJyYNRHiJlk3WElezF9G32Ytykn3l6wr47YEExT467M9h8wYMLOIdeCdyV9aMS4Sfh6bRAelWYsfHJPOj9flaG8oAeccCWEabwjypW7ZTCLnzgb2kRQnp2dKYkQVHi3ydIP6PTFaE3VlC+aY1ub9nUtJPPrDaX8pi8qj/b7hSb8LUn8EXXfsa2xZ1wLRWj9QgQ9z68bnW3kzc3xG2iOYbVSh26OD4yia5JOYH8X8pG/0GFRyIqqWjWGwZUcLJGMgJfCrnKohjgznrwRT5h7k4I74roZaFCZuPZWbJjQe+rZbpZA7nSEhCrd2d0IwfXZ0wqNgb3ksOJDY/oITy+XylO1B8drmijdTLQx5FR2GvBkMaOW7aNgFePzIaf/PJeuoVNk8XE+Vr4hW9HKBcE/fag75qdR8W0TVgH7UnBlmjQ7SBOK+NdQxAEoHHRM8n0l5y5t1CuVhqAaE967b5Il/p+kBtzRCUvwUC9jrbsFNXIbZSgk+agt9vaGsndNVtLfMrfXeC+oDbFgtrEO99KN7gjBWNu5ILLRpUD4z4XTLtOd6ev1PGal3OYj85DtL+ryY+vpuh1gBPkb6LMzTKZu9tq1F8AHSq1+R15ZOZXAaebUeYl34ulLFUKN9k3SoUoJLDNyh0rglsRce0OEqXVM9dZB71CHqrcmri1aAaacQ7eSaCxDwUenNWgJJziK8UzsgCigf/bneWIWY9w9KP5jbh3/7hrIA+ThvQ3iARxbwzmtI20gCNPikar6J0KrptXHMKArY/vVWk2Q1oV8S0/dBV/41U7xWgmU8JhtrWuvQBpEZmOSB+wApUM+PBAkU1kvhon5gEHsdq28gcLuCK/9vUi+iiAC3uF3CWwMXN0Fkd9zLV5C/7gbKkxU63OB9mIL9JqGB3izJdu6A10qlTeoTC7tawW8wNxyUu/UIf/1vgqJhpUTPk7FkdPomI0LFnPr6pwROmri2+kCMoaYL5/9c0WnfT+4C6CAU2GA+vkGYYElyDTVx74nmAke+K5llfoRCDVURT04t3SppH/cfS9kH/JLAdNROZZqoB3Iw6PAag4CikMUnWEkx1oTkk1b/PVAWsxaQDcE1Pdxq9xMKD/Dw3vW/sJH1pt0XctUBJXLP3HP0508XzVWj2ZoQK2ZvBBSLWJRqlOGMuQ/aI0GtTTEIF+wXLrWyOwMWVQaGYepFlPaAn0/cV2sE6ayqLb51KSoz+LuEb5hllAyTnTqGUsy96bSR3RT878+aM1Ifd1uw9BXPsappcbRbm/zXv1Y+o3feoSbuivbRKZ2D57RwW14Cz3R8g7cgafIaxJ9MgZUNcJacJyxVs/DGbQcrzw65foEDXCgpHdVlqFH5ZrqOYJozdG7gk9Guy51K+LxvorJJ0MISxXs3U2JWLFlPaDs7naU7LSFdXORB8jxU3mcIALz0e/vxruWdI54xGcexHE1PrM3lxn165XjQm/XPSTssvaDws8uxV9I9Q0ij4dD2cWqaH+uZcauSJPgsStdlL3Q3drLuzH4INfEG8BhDch9Yri6Yl4W3izf4NWakwOjqi34x+EQvd8Z9L1+R4Iwd+RjLd4jnYK9LTurHVFTCFwCp1cBNX067obyB202PmQtyh+wPMCEwbI9QqqsFY7VlZLFS2FxZNoaOM0jQt3cP8PteASIg1ch3pvml58qRLmK8uU1C+H47IddWvFRzCH0B7/HiKz0oowj0UZH6HMVgSSZk2YrbKL6XPl2f5HzyzDjfb5lL32PgrUZVCDWB4rhD2z9ZYnrQIqOJB8eq5/3iDJqCofVNqsPo7btmrceQN8XiQyPT816bLHhjG610k0yLM/ZfIJp7z+WtyXkFs9JmSdG96BjFFdziFqvOYJtc4AyrW5hFTiZfPg3lJk6HzwvvDB1B87O2suFaLBjeQtLgFvb8G45l0mHvX25FBu25XS6XAs4MC/Lhq2Rp1LoAET1Wr0ILx8nP7vWo/ASj0Lwqcy7RLSm8512uunH4nhWldmMa/v5PmIu+gVrqDWORPXgRLiC8SAb0DQ6ss52KwKDCz5s4cU5JGslUxPZfjvnHxysiRMJAU6vKhnfjq+Ggl4z3IL2k2uG3xTKl3BnYEJ5K3Gy+gWn523Ac//7utGw9ctV3VV87PDntNs4ICuzYEwsZrs6QcvWip8RxvidefQXCfBnBqqy2f/lCnIlPkVJ8Vkg6h7XuOc6BDSVrCaIC8/tB5+G6I88Ko9+AqFWtG+lhZS/aiuf2QQ+nfVjX3iIL0Rrdcosa8KiwziuTO/jtHiBeVpcdXEGUeNLbIN0BzVa113IKZwU4DxC8SQHlFnL43fS9Bxpfk69/b8xt8jM0X0yz12d/2/wu1qZHSy/26+/cLQ5sqdLl6HqNnbUcravpeH0VgQ7EorZS4ROscs5q8MQ/h9X/oqK3dQxSe4yt1dEeN/UBLc5QDTAIb0k797dETq+EGeaVhauyA1RJ4/G+ARcmd/ZDG1uqjGraXeFRgb5qllEZbX4N1wk6/y73iJoVsW6QR/Dv8tilJNQD+Vy3btakPvH7Lj+pUumi/u1AMD5TjKTnC4lkwqbdBk0r21tFfQeMGdHo2efuufYJvM+xU/kRgaaMRNP2zrxONEPK+Kfacm/Xfv4dkiEm7udP8+TEUSTItwsp74Gb8FWnpiwcIxSVErkYTdzWfiOkdoQD10FbR9BoAk0IrdcClWdRvsKsw2C8zZbYxaDfsPDMXwAB8rg2plZmqCk3wB0vs8sNX3h6mjQpbjA3JTSg6XA/mNgCEfyAPdL+0nLE1/ubJUwHJbDH1Ti57JpN9zn5K/2TWr3HtEouasAG9yB0S71G0oHGByLIgdM/JefiHrODNfTx1EOLUu7vPKD8UyKzKphvoMiUPYuy4uztofh3QnlQyW2dF8lA58ff51BZ+VAXflWNzO+vFBMhaOQuCodJkb2MHFN35idXh8Ey1o8ne7FP2qiN/Ws46G9gQ+1cH2Hy2xt05TPq8Dxt7u4KsV5ZJ1tb8xgPZ+dH6VTCT1ZV39E3J+iGmq8cMvcGjr7vgcfX85YUtkrtllOhko/58KN2WaJOn0Z9hilLcH9vsaAoPmbdSKorVRepz5fTiPKS9+K6QTLfFKCHJoOiJRUsAQ5dI2Wb4y9kp1I9xhBN1iSCk93l/SolXhWBpYyjBhBAUq+Ayuyf1zvFXA5bzs4+iIPcrcALVhZoRTDvICbYroSsXX5SfMEvg/ImW+xw7J+P/Y/ghEe3zhrL5vBH9ifQ3ONRTTHhnr3iPnKFswK2I3GiwaMhtlSh6iYQH5KRDuUAYnZUmkkAKHJr51aVYygtxSsFn7lcxlN6cxLujd4L97spEg9nDY61Xn794Jn8IEthwULnIAVSEltdN3NviCkvwylMb3M9UaP2wpMuAc56FhiNcDwvUKS92Ov57Ioh8o1lmU4Tt6gdqAzLRLJO/Hf5uCSE9RxiEHZcxfo/CKQM4ybf3PojmHGaSGg4onRr75+q7RAsyOYZFurvObFT0xZKG7nTG2gS+nDVTNb8GmwX67yoyp5teutx+tljQ06IGC5/Ht50GzCIz1CkJnseTbeCI37O7mybTDb8PyOuU//c+SumRs+ZzzH2OYF+D6kpgloAXDMHO9g9h1cceWi4YbKcLKE1NFL4sVGNfevnwGsJTHH1rHl4XYZ5jBYni3VD3boNzfQmgeq0cmVO5bORYYfUsvdo2P8pGZkhkps4193PzkgIy3ehM97K0vWngH+pTStmMOoX6Mw+rkuplDKRIPcvvz5bv7f3J+jGQaSMflFwirWV+6cmfs36MOtZXTAlXnt0vJ3Lrkp9xTPoosMMH0yi8L9d7lefNGosPlU34hhAeK8XXTVF9pWdkeKG15TE5Wrnhj2Uw0i56DDw3ScGpi0H9aYkCDkuVuqq1TjBlexautBe5imx8+6irkLM6ONT470szdcOZMqM4L8KlKwtdH2vD9WFgCCjupLAyugtQheryJ8qKkZPVpcEFJYBeH8+hi/IPuyDormGJ51si3IFJcG+OtKgxsYQC9UZEVpmF3oObwjrxkrUm09u/ozTsu4OopQuwdgR+13HYFJVKRPG91NnSZud/6M9lMgr8G86uTgmtv0XTOqihCZw6EpzK3pQrcuJqKFYqNAcKbBPXcOe+1ZRCv0oOhpRxeg6h7EeyLjFxfifP3BPcMasZLbHgljFjDl90BToMHEIz53YGy0ZY0rmaSRImmk68mIvQT863+9qBFwZpoGGDfiX2jf+8n3/HWYGdghpWXe/6apTkrneJSJgCZKYJraW7jFZHFmwsB33vSan99QhXV0BQR6i2RJl4pGZbqRFzo8LH/bertcfUzk62VvWlKQfsbkm2+NY4IXIUlsD7un5tK5ZO/CjxOgb6HGO9NBMzFW6Sxw8uCDSAr8nFa0iPMk592Bp2yppFbbY7UfjuOBXrTCSpPgu5jrHvGMwdMzlcsplMTo4r2K3LuaWkaWZpj3eM9OLmfwe+Gf6mpnLHOVewLo3UHosqDXq4uTZWojstdL/mymM0i7dci1M5xG4WjnEZZD3iFMSqwDGkVxkNm1UZ5n2nUH/03G2pwRwURm6249fUl0jH+hXhhVGl/dzduIw4s2ksCkKLT25OX4fW20pOTOmdNc0miggPo8d4+xOFYKHsqfE3KxN8nkRuFLZCTNw307K44RpcxjFwyqUvg3nb36BBv+skgSt2QZ9n7tyK1gVREqVPWmZYvPJ/iMa2lqcszKPT1swc5V9HFLtow52aaad/Yd06G3hxO01ZorCooQw3kG4XgaBx5OqVDDoTzpYw6wQCKVi5CTR0TrYCrFabCZdOvuAAS7BisgBmMtVWOC6vO/4YqpKwhH2Wxn2qXRprZzWH4cvfghOXRDk+WLiHwXvtBm2tUUljqpgKYquc7YcbrEhN+ZwbJc0sFF1t/kghKW8IutZrHjofsiNuInE4aZByDdaoraidqjibgEqb+0okeWc0ZX0UrG4Sfxh9U62oVUMIVRDCBs6ciKn6NhhzWPP30oFHEiq+8qI2Ye5mL0agcTFoY3uAaf7kptWF9uGEVqNArWGaLWdabNSxaKcBTdSIUeag44VaTo6K5FyioDD8RLxkVZQ4wt1CQPeEnUIriJ4ZbKTYwrccNASiPKumGFNABcV/cDlcdAHOoqaKqzMBg0Kfwq46r5LOJBFlkreS3eYkBaWIu/bMEILf7vndevo6uG6oR3d/pW8f9KMneEBiIw6HCRTjPHpJ14/jUeVEmdXBt8KU+SxHDBl8Jp6W+wCcqot2v9tzed0V30rWrtYfX/VIbRy5XCYziOoyepQn6JSnsO9ksWlIj0FCx5ZIQF3lq6eZyVQGY3apL1Q1WmBWLTPV6QPuvcIlOD60lyBo+aayDHO5HNrsDA6Jvbqim1OzJ3AJ1ni3FewiOFjk86fzYl7Xe2UfqytnM0x/0irhpwQ60H+yXK69bzIFQ+ix7AKO73N7CiL6AcjSOXUu079hKMHZ1FTTYgcQr/6/XEjLHq6OoXDgnF1TWDenEx+maMv5SQPRVwOLACBTHX0QW+iEd0IAmgkUq9dZCranWML3P3BwxPzbHLVjq/U3Sic7aR294X3xHLW8nWwsBjW9VdDC0MpR09C0uVqGZ3GoLFdfKZHs76Mls5IWgn66qkl0Pe2KV7KUUQYLV9+aisJ3MVHnnK8NcN0fZSyIB4LPJ19sjaxsIenFiXWv7pmpWWaYrGpr4jVkwWzIw9rMCagq15jlpIb30ZHCO7AXQE9G538xYZEJQ/OJNLxRSRU6/hXXnrc5Dq5Zt1bihZ95pwy/fUf+gtujdssHCIuro+EU9PGQ8CMIAFhjPSAhvAshaF8vqMfw3hc3U8EADXZQ1YqUjsv8UINUETcP+Ux4MmpawcFZsSeHb6VocNXvDvpaNWBib5JcudsIqJ4vPBqRxexA+Nc5a2ZNQohp8PJ62Opmg2XAvk5SeL4VPz0ffJAwjyOuVYhoakf10faJsqq7Kcvr0B9JJO/fLJ5voMQTcAHPzt++WTPZ1OAaAsiQOsZopYmE6zKO9rzn76Nkyxtyyejka+/4rIg3S6NwJ2R9WixrS1MLaFZ2hcZXjMs5Yt3jMeI+GrzHLSVrlFQB2eQ3WVAUFVXFt8OvCMytiEMq6EoudFqZIlbEiKO9MnB2UOY7+vYf3IHkOaF5Pdv57jUsLVCjJWkB4hlo9WQ42kyZIKqEVjGqESCHFmulXDRugri3vyl/lO4UatH1PiAHKxs1uIkblR+9GyjgWsl3io8hTPA581uPlXjx6sUaZmh5PkHgcI/Muqu2jaMJyzhqhkAoP0cwx1qfPcnSD4Sci6C4DftkVkblFVU3cAA9W9YLS+/P4GbQMknPcmUzls5RGVlYk0f/1uHSl7wTBIwgEC25U24iaD4itTAhGB4huaRH9wu6A4FBpYwrWtrzHbbnZNMru1UYkdSbB1oE/LmC0feCnf1gOu4AhGD3w/iRi34YsWuf8y2Y59+ItfXkbHo5XNHjgTh+YMD9OnLvQEbDD8qmzbmpuCh1pX8LMG/LjSOOY3/iMZegND5qLkrqa5UZujKngWmew73DnJQd6JKXQoAB5RzOnZB6KKol4XdtxMLG4dwsiEmoC6PSJSM1NERTHnR2gsuzohvdiFgLveDGuNx9NbL7pLFfsLh8ahT3jwAQfKvkApjEN8TwpnU+WeRUG4wDItL0yBP9bv8Bj0jBywmAacJTiRM3tqLAzSj3W04bJ0U3UM4CM+edBjdnjwuizOkt14UgwqgQUJ9KWxS7Iej3qkDzjiaRtT2AyQEYE/ZErh9BJZ38v6CLzBCxAKKWZkchESIEBp8a8sK1N90e9Ito95ZdEIfkaHQ/OYers5OD7WfGdh0GvW98TcRqSklgF4w2q/5W3W9Gb7rvktU2riS+OnotmVZ7Yd6BhBL69icRZuO41DZ0BZ9diRQylpzgqNNQ2I4OVN26B7a2SgA/ds/gpWmn/ITYd3q9mJRgza2Xhri+zPi6KdAGyO3QB4N92zHtIcPSDrQzYO3crfeoDAnQ02O6wCLPyYyOXJTtByRPrFsqqGuZP8UL4SMlenlrpCccSzShyP7Zntgy+a2XpoQWb/c3DYwgpxr7Wt7dofazw+nFuh05UzSgg0hICTHxKCzyCzm9ntL1IOLNGPvqBchurcoFlbKpwSkHvLRpNkIPV6oqMlll1Bburm5g29OIJUZRpjxbsaP1Fu4BNyqe5r9qeHBjlYzamTMWp/mHOc3PfEKiFuD3sXA45Krg2SRI1moTNgQonFClaHd0g9ibq3kvdqwOUCogPnvEmL9CCv1MV0Y5MXVcbcWe2Ra/pp6EAlRLqsLd7vVkT6PNynh3hrNw0Dy1PckelRjGSHZ/wK9uArrKDX/3u4Ilo+czjX1n51ToofxPtPUW1A4enbku7qzRgeuKD+DUBehLEAxrGgpPNKEOAszLHPwS493ZZuc5WETcaWOAc8fjK0Eosg1CSIYaMnqCpCfUUKsNfH4+XxEF+4jndD69VnvIHG5p6iZm6lzMN7KA5euf+4CG8j2ozyK+M8S8bWhIWEHkvgJg+jESkyUrwcLCY5AuYZwUIMMyrKBVnaOM7NaWrdK0DcScQOGFnRF9Qds5rdEFzz0zsGgqBZcjjxwWs4GkOEdo7ta+ngr4v20Q+6u9AbeeQc3mk7G0Cobqv5+mo9fRg8/0ciPG3f1eTx9HwrWyoU9vn16PCWKeOp16RXp/4ITrgpZjFOAIZqMFmYrX3yHSp53wWH9kpVb4CRganZ55WUzFI9kIlxTje30k+lvjDPcEZeL983Iks7oNLj9hJjCaJxWZS8ORRpj6G9U9rYWd3gnfauXe/o+HEG4ircKf7eS8xyQqozwF+GQtCK3WBrMo/llFWxKa1lxD5Rz3J3QB5YDykBtI0PwfnIsCSmB201Pq/c++elRr+AWbJsFSQvxEUgWurf2uzjY60CqmOU5mHpglWZzOYv9ofjGl3gD0Se9juijSkNaHES0ajh3nIGZz9hz1RlYaa15sz3ngqgnFlainOdhZjQbvRrb/tgXXmEz1IKYBdgb8S0eKQM1dPC7F2j5fIOrcmWQgkAcnuJP9YCLlWk9ZHDw8w81jTBLWrblGtQtTz2GIZftb0JfOePU7lmwUlJZcle5i35TtTxP6U1u5SVm1y25GC83+bikc1V4bEndXmpAjtC2+ZPUGckswXxfF4BNk7eJYjCEDreOWufYO9eXaZcmfZCYD3lVO3LZj/0EssrFpY0XRARGpNDUHauTLtf2jzG2nqkDw2s70ASLn6xwSMmHc5+DQF0yyI0Xa36X4anHYqVh+L0ts9S16URu9lzFhQME+wN9z/44r9rRw/5CRxbSeQexoVya6vGjPVzQ2qJMPli8InzAUnTBghXl54iasbjo7g3HppyiMjbYWSP1Mxo1r7OvVWURYOhCCK0FK1Q7l3hFW8H+Dy+fEMUXWVSs68qY05PCS3ONvAudA7WwFDOKK5efrGLybtWhI5Zi4MHtLikgT3/HZSjuaNzeAyzOuYp5Z2Tf1uoajlTiKCSk/xVg==
[2015-10-25 07:28:45] Phpr_SystemException: Partial file not found: /Applications/MAMP/htdocs/fars/modules/competition/controllers/competition_manager/_pro_page_content.htm. In /Applications/MAMP/htdocs/fars/phproad/modules/phpr/classes/phpr_controllerbase.php, line 113 Encoded details: EDEHSwrRnBMpmfdNhos8knafnt4xnZ1DJ8+iXLEsvPfmzvFAbzBnRERschEm6NnJLLoiQcqCfL9BGGzJ3VNIRqbLufTUAYIZhc/WXKWZAA8vvz2q+/uV1AroOcZxAAiF+wiPs+EiRTuOcrx7YTPHCMx1hnn+s5WD6Sjj5TaJeSES+a2qzLS+gIrLLJYMVGOt9GbpMWai+v65vtz6ujA+hl64s5UKb/gz64zhNoVjpnCY0ul4Irx2wy4nqUUAWsDRSNb7m4Ke4IAMX8bQrfOEN5VYjbZbXJXDai7nn/f1/27bqGsbSJTLaoNwCq4SGcAlyWJSd9dYfW/HwuZZ2jf3s+A5xgALikil7I1hfVihGDYwccvmPV2HmY7heuwgZT7aMd0gB+EVW7zlgBxo64dMYg/6eheDOqq3bnDeCrMgxICAp14sIn9b2v6e1SoLxh4NEIL2G5jjtxh+p3GEJs0nj6zZ2W+VikyWE0qYP3a/m1EMUkCssVxjQYA/Ky/6QHRs9eMeHC2oCipJ6uMbaLfejPEVGM5ZbUTU1572pAXy6owezn8eYzdcK7ni8Hgkr0EK/w9Zcssa7kivRuvSYQiStPJUh48lmovuZ0OlmuXva2N+GtxHoRHYB1qwlvXAl+bVH6cQlTsB20avKB2CIJwIw9hBmAgik50OvMSbhztF6bWQhA/5YOd45H5Hz4/EiegwHS7t6dRWe7OLOH+O3MWLF6j212zeUsQkL0P136Jv2P2jwkOSMqs6eygHA+YN0mar7bdspZqrIPzgd2hM17dOpK0lWYomDc1XtUBl64gE/gv8QP/uiI3bb7Ury6edq73dczVuopAZaPpdFJ9jLk7IhwnB5qdl8ZfsRgQ3RGgzV2QAP7jyF6AW/qgolUShk4Dr2pR2q+u9ok8WrbmaJtSdw1RQ7YL9d/2wKHm0x6Wc6hQpnMKm3/jJTVtjLseAArByQfUVJxxrXP9hJJvMF/0Xv4E3pfhP0c5a5prPXWWbl1UUM+jixlxO32ob3/cpBfe0HnUYrp1Z6+xExFIn0fJEu99i1cRUpBcCHBuIa3y3WX5axdVKXxeYRCLABcrSCl4r4puG5iLuw6n1yMn5gPGnWOjzwsttYTamHtm9RtMgdbM5vbZuG4Dntd3GEOPfwzHu+ByyGA+u2R/FL0+cpT/RZlvoY9nZnpeI0lc+mv276MPGRz71s23MOkCwkXcgSOtzFJqDjqyp7UU7p6vb4EYidfHXH8DRD1jfxeGKil4lUPPQZ6rX1z1/AYpVizikYtt/j8UkomsfLoeMH4D2/Caz084KFfQkDu98zkBUPBxL+TwCk3FM84+ohwhQf1vk54VusWtTZ2IC8vtwH5HQ+U3v7+7P+hJTT+BEl+UyTPSfYj72Psy36YkmWn7HsKd49bNUslq0keFOC/FuLSO4FyVkub9/Ja2r2fF3yMFv/PyiQEIExbdSS4A7nEhBjCGeb9oKLyGLi6120k5Qm4vlMgewfx5fwoEOZ9/aHXmC+ccZR1hmoNkEHfh1DUTB3clvq3Iea4ShHDzzCJSK6tZDEu83kUVDAq44MgGc85zNHcVBWqGjlEt7DgEbMIYf99SFFUX28Zy6nqANZGHCvp68GFc/TFPhkPUTtYY+6uvYLht1gXCLoaY37pJUR6+1nCezxZmgELksFcPfrXUVXqhliNlPI3spvVk/B/z70CAjLwDTnbhcfSJCUr9SeQfuZUrBxUaWUmUGXnlnxW6v+Pp+qiU93M9rl2mAP2UOTvZScvPHiLS28llsL3VEZ5aNuFFz7luNc8XgkjMbRg73qUyDYNWueAb8V/chu1l8jV7/uadPkfVx1bv0/ReHCL3cD7AeCWak5I8KgB6O7kRXpf3TKP5L1NuIe6gsnUuEp3t/AtEgAtZDBkDiVDopKnOgvbezFZNj0T4mOnHadvwyByObmCMPrlnCdO3bJro2rECptzVq1FWrkdbtSp4Dp2ABmuGQCMrlc8+4/IKtm5opoCq9nHQJ/+k9rYO5Reuc9UvXZre15nAOmfquUQM1xwDo4iMl8NHHVm5+gC5Pkz2USB1gTNotomh3J7HRdB1hMXxtu8cuuUlYOh61O4l5Pv6Cz/m1fD41w9fd95fcDy4rCHEzrUx+9Z+jgjxm/jf8rLMcAYz7Br9gifiIHCs0xjVnxuzzno3FbUXn2GN+aVyomCvV7KNFmSZcjVLxHvQlcWtQqqvTRvGASwjlMiIDdwBLoHAkIGaYDrr2h/JqYnP1DtAaSPTbHBgdkF6QaZB3BD/ehf+oC9FjypDcqSk36BiMuWL0ggV+H2wIFwYtzguSM4PUF0KYVbtI3RRdXsNa7Y0yi28dr9GBJorAwoOYAoHcxKpjhg0yTmaIKF7SiaCvfdPskpbRLyLaxjNsxtebWRoytphPNhI6E1t8g6EWcECa4QHG0RcaSbIt9jejl2tNZUd+kG+NVH46lGY2gjlMlba/uLhURUzleyQ/0Sa2bOMlrbb2mWO0j0bbiowjD+uH84iqS0xksmebY0dkf+4/Dw1BIk6O7LDAnDxLpsga/B4dHkleqv2OES3PoMfAm9RprBziVacu36bbbb57kcIPjfQ6CWbdlkNuFstaUOvBEbVPc/H4CbicHUo75ztNy5UJq0cuZfoy0kO1WDUjSpNYZhj6Xqyyval1qZkVyCPwZTI5943Vdaiu1qSXIWBCjKyfy9UqZT1dAP2DbdNk1uA1Spyw3OnRE1JEvKgh2chzFQBgVZpcLcvGlnj6hb766dz026MGyMrzBT9DYkImXZNF7q9CeZeI5TtUpozvBM8KOPvXD3kYw5NlvvHSiZNtj79LU9X4qKFY4GS9HiFIj69/IsqLblxWvP+/wao7/tXjpvDBsW5/dCf45Sqb5voIImWLjyw8QyMiU1Tyz/eZhzi9F5YhyiZfzjkmD49Ddgwh75oJQH3TcL7uXvyhZZ2FS8A6/ubs7X07K1NEYZWGfBmk3P7XyYBpZMLdCJPNtHxQWSIEN0YHauOv4GuqKfnXrOHaohNXbX415tY/x18rplgzrLZ3rW6+t8P773cuUytpionC3UM0qw1VgUgvomMihjtH9sLVRShgpBay3Mjw4RMqPOzpGJtThFiUjdxpl3ur2gCFtjmrRCr9GXAXXPKx8Cps64MxM7MwuE+2cme+DiP3BbsE9oHlhNN/hrmFUxSFNEJNNC4nTPXGUcgxSSLgpb5BYSaXJ81s/R2TX4wwf31WyCqeIJJQPQeYJDiQssJe4DgYCIyZ8EX9KqrPnEJS7LzegcQC3wCYj5hilQ1hURr75YX1mvRW3UtNhsks7Y2OticrddDUl8OV9JopA/ov//8ig8HVt+fzcj/5nRqjl0mnHdJWymxbbZi+gxjV0p+aTVZa4PfJovaxXlvxDVHmC37RsJCmxdCoVpcd16X0HJLp+b47QCwmD81GQ1MEi4nWXMAHl/ny6HJERKGD9Hbe407myJHM/1j8xWhKgEEYSpADzWfjxypwp6xZJ6+JRzYQ/2fTbq33AtfrRWVfOJyZR9f4HPtc19dAYt/PUpGJSzfyjvW0im/uDXp2XP4I18n0Ger7TtOHwEZMnQw644C6iiiMg/SzPWK1BCRihHTpsDvU/GTlll/BQ92sgu+JCNWUohLHApTBw+9Bbephw8vgqv76akZ835BKctEhZxQDjQ+TaYiFAhwwqSn5gLw2wvlzY+WNj1CNTp0agmQ3CDcu/FPN3gnD6xcmyJFxB/oTXgPJBGBFkQOJbjcJ8fLxBs0xYwTC19NxcMVggSDSWdNHc6grtts7MwDSgJN2Lk7NJO2j7Rs/EvMVeCbstiHqeao74J+mC+gpylegVCUAa9OyHk8hO7bOad7eECSex1Sq/nGtoNC22WdoW3QFE6EtVD1N8bTb2zdaQ0PQ95y4sfuVJSINXQWi5Na0MkS6msRVREReoDE+auLbqgRR+nxNFKIpRmnQzmKWDFXznhSoy8AaDdnupFpb2v0vyGJoWgQDPZlD1IiPWi2ifzolAyfM/oBZNNa718XuudY2qQoIJLcI2EpL1OFcVm4SIrV69thAMK1Z07THVr3sK9m1CB0CRU87Lzlhwh3saZNKkf8zVXIyuaheGWzL1FSR7hXlOSUOwS8Jjqkm4jjoVGH9ILO8HT33fgZ7ULq8sU3ONCBJZSQnoLa5dPKW1DPB7LUdkn4nQ2LhkYn/YidvzMqi0I6PIQQkW9SnHtet11s8H0zJtv3EVtJuELalmA6cMkMlWTD/z6z5VfDIQo1orw1MwKVhQGN/Ozs1TaQq1E7Tq6c76PnKzTQBHtG3xsAqgNOkSF9QaveOs1xE7en3rWInHZhBVvMmIxPuzaKZOJWmGKa07ZFGVbdVzvDr7pWBZ7O1zv6oeUaLo4RHrDHz1EaZUX19z+5IWD4M6NgHTm8Rs3SZYvZUCTg8HijUmNKbgw==
[2015-10-25 07:31:04] Phpr_DatabaseException: MySQL error executing query: Table 'lemonstand.competition_name' doesn't exist. In /Applications/MAMP/htdocs/fars/phproad/modules/db/classes/db_mysqlidriver.php, line 101 Encoded details: ICqq9pUqq11OvQcHCBgkx62mnMD5LMybg0M94srBrF1zellDPJkBIh9/02YNIhS49k9G7XX5Y+wrSr5zxqJKD1nhbv5umaxQ/mWBXf9c/45wmZfKEkVoqXAE2kd6JrlQ/XQAHWBi4giL1JS6tbQdh164QD4NHxEMTYcZnp+gwN1JqnT6rpXQITB5sNbKRl8MZdQCOxFmOI7Nx9lY6Qu/0fOqzIp4Eq/9n5y6m4f4TAVUJZy6EWFQOJyXu91ks89pMffjUV4GzrEjl9QRXKd2f5upHE842VqYNrK/FG0Ag8pMQYjYI4GcDfgEV9mv0wcDPdx5w0JwE7jiWCHOSzbbFgyWqkVus4wAzYp9Yj2QF8zjNNMOLsRdr3aY3rrpQ9ChUW/38NSFzwx4pz0N4oI8RZGvWHJLTdGcLqOOk/fU49NynMAyvo0RE/Mq2kHRBZ+pszw4MT70IR8klpxA4C8OW8BgvQz6ik5u2oEWfTnQiqrVH2FXnWoh7nvgpiPVsQRNhuKdm15uZe1gxw9c5xVkheMRWgOCp3vpPiakqIbFeJl6mwhceda3fvAjm0nz1/bBva4MoeKh0suNwGgkFGc+OWjiWQd2I9kQelIYg4EFqO+Hj1UrdC/HVnf3oBiuB/I1aycqCoa9EWslADaUUcLJ4oi21lvIG9X3FGJO+LC1UMop0qi0x5bxqQFlfMlXxTiSyJUyXhoAFVggID+So2xLTVUf49KPAO4HtERQ+XPNze6+7iHhvy2hTpgkUhRCZ0+UROLzQU9qYcUWxn0eY+vejPYEww1h5Uuvi65iOHox/97W0WIV/fC2Hl5S1GURGZsutdIoEecJlyLQRhX6nT99cNkWULhhlxdEX8OQKp64mJfsB5X5WIWNtAHZqU1SwxyXJXiCgQ7Fpe2Hk1X/BiWax5q+9OHE7JJ43l4CmFRZVPzckiJ+EcbcVO8L5TZttShTobwRMH7OBEJ8ynmTj8nCuwgQBMEnQaeBXX0a/7btNL6atIEwt2sPdaLUv8+UxE5XXYAE8UEGR+YgPqi+rwQgrCWzSlXkGoerF2EQVCt9wRlxj6b5Z2R4w8TVAYivo3S2kyozRJGRvEOiQN7hGoN+I06Jjom//ZCF0M+ROvnlGGDZ7WJQS+o/Dui0IUJ21HkD3lfBAW7vlDhlLNfd0mEV2XtPcv9wP3oZdvs2Yupj5F27CXtLpJfKym6lTE9INNzCzAVES9tb42BmBTOUzUGne1YE/75+PRkxoSQxTl++FEwmC12j9uveuAIo0bwjkID7awiHXSCwgny+GLG/UjXOcrU0QxE5zTpdkiI7MnZChAY83GYrTht6+aXkodyPKn7GDl+mTgY/YwF7MMCVZswExBYCejT9CoR9Xm2ZgNqxRJosDYfNkjSYM8huEldgOrkPtONyEr2MV4wfnxmdVTFhx8cXcp3mluMid3zEucWYtJBmj7rnRM0hyyBPTgwJTnHRNyqPDkf0HMTFlSiizUMYs5eGTKSYPwMwqH3lVd2qzxlcmRE5gUe+XVg42F0s3tCRX4EpgAd4YOToEIy2sAEjNZ6KVOpx/RjpP2Tt1xvEd5/GSsrwsFiLNLN5Pgeen8Zyy87kIinR7pTzZMhFVUXZJNBKhcRFaNYlPOhFQlg5O4s5qLoCDiPe9Z1/dcS6GDV5ErOJIphsGHgIq5SA7mlCv1YwfU/zLnzOUTd6er9wMpXAZiEIorZ0RhKhMsz/qBa5H8oudts1OjgQW6+P3yUiXxcVT9y7qKTtXmuEZUJ0PW54jnnGkv3wjH9e+fSjOZeuBKr+voKMTNMfxtJE3SQbQEMr8eaTRh7iV3JfbFQS6oXFYCbLwJP0wSTDlMLtQUG45CKmb4jKe0X0259fLpQY3LhkRF4tbGXOjo2eCtYgi3KLHlCjP0zXZWHFFbjlTkCQtTs680tLtJ+MQiHpM4UNeRDLumHQkOlNXT7iHAp2ep4ei2fdFwX8KNl4JdkjPCPf76B0Bcu9Z3c6qIBFo9bupmfP6Yyk3X8rJFbZrf/JpojifbWckWJAoZJfDNTkre5wdSESfQ9W/zihd0IqqBQDza1FXTMt4h5Zb8e33uMR69v39Ro3kyb9+9k521/e77nYX4wJda0ca2b993TKQPluXagiJ75EXx2ZY7W832AJJL3HbdipirDk3Ej0FKk4gKcjz/7ep2BjzOJf5cnJJd+HjPl39FWQlidhWOlUS70VcYqDZSnnEKSDIr5cok8O5RMWriblpq3HP//hXHMF3xx3ql0ZXOTzqvImJV/lreI3/Wn4HbZwn5fzl/x6YkuiByQQ1KjtuhJq6Ai56kplg1YIcsM2ghGJEIAi2geJBs+9c9bAez1/2b/XvM8EuLU7PoEVYi/Y/YQQxMQEfnA/EEzEMrgP2KQKe8OGihtTTyb9ETYJ1Z32wNfH4x2yAfQFrY5N9Dmvhe8XZy0hQQjGHgXe6UuDYgXY33BBgW7ESEGwjrjXjR0q5t+Kj8Oz35V9xbpF7zOa+WxIGKv8XR9KRahTtUkWQSK347lIc/EWrNBMIZlf749WeYbnAU7Ngvn4k3Ex3Nbl6mBnLny+BahijQbTHOsROFlg7hevlSoKlpp/LYqosYuayZxtsJfMqwSnC+GtLm8jtNLod+KLfgEf57KAZvCYnUoeZeL02W2KhuUPSgISeV/0CUU7ghkD1mKL3/0e7hqD6AApZ3XsnugbHf8lc+55Gu5IGf4RUQHVv/biIaZkriSus8Ruqpi3QGeN9xzN676fmgOwjsBNBhAwyLV7Qdce12uPrihxLWLSrS+XJcAy6jMw5KDYDxHXMby1LKqcCwGoDgTl6QCJ7ghi3DwOLluZNk6UxZaCUy4o40bUKQBor6rQ8xSneHkQBxzUBFlQ63ACr8SiSrj3SXeT1P+DToX9KUa/74js7ZCFBLj9UyWA8EHjyyX3vfoZ1lN/CF2sUitU7DTakWZc2qVLeOP0ieJLsfiS8PPZweAm+2F128zIqAb/Sgm7ef+t7Akr5Lsu444sY/Sjal8da31YGMbrUHMQLFKut8XkLF2lXIygs7rHu+wAIo10Dwsx2A/DsIy51pVI4FL+YxycUwKU/cjZDlealN8X/ndWLwi/zRLJTdUmrGN08uqejQdyA0oPhEU4ncZG6ehEUGvUhQDTaiAdO2J6A1LQ1fE09Gj0OKozV6yVr2847+dPsvQw+fNIbapuXR+d83hMZRWO8c0/RsjkRW17X0I6dR/c95wUmDFKxfgeWoVOYgOCIsb32KZnCmXUJcJm8qHX1Ve9zvqrOSILV94cb9/K3EPAWc6sV1+UO5bsB6A+xrkM2nSYQHLQxgUPUVoP5aHqgUJrV4qQYREDopoTRwU5+Vz4BcCQjfi3Eit70qsS8bCjFAX0IeilvzZSmtLRsX646h7LbUv6i9Qd6Gg1AHww7WOJfLGgMy2QaQQFO1kJI1R4qeHRGRr/030L322/UM9veL63V08480wVnKbZBznGfAidk3oA1TZKWw22YBaV6HmvpydZRDKkgnMd95F/icMv0I7l+L5fryLs8CJYWHmOn7UYq5PdkFmSwmF72D+HvGH4kE6K2gEeTIsaNW+eonXdtiiPfmGbiGBovi0JR2mcpoPKGszwwpUz5rsNVVdwcDm1vMrB1BTUJbAEVRXbcFcCaRyfRc/ZY95smvcINaOD3HObHadGQkQ5FhAJQFATrSnZIqW0wtU6mKCw3NRysPsCG1MDsaGPNXUcql3W0PLQRALv1/PhHg+ft6H6Og3Hs7Ug8kX/DlxfZnDn/F2yMHI7wkXPgWOz6vctddqE4jtXAx144F/MZpUicMtBkk315+fkzNF156ttdE1Yj5t+7QBKWtBukMEbHk4cp7ocCD+OFPLlYMMSsDFKP3Y4De171ZRLBHQkF1fUcFzZTJplf++s0BL2lHObvS9Wm4uNQUj+1B4wb1ZK1rtB4wtd1znXukRbmTDSIoc1BsODAi7/1V8Fvlkwdq119NXh3qBFYXlMCbB1NLZVnMjkoDrgOEzT2pW+Y7gI9Cu8/FY2N9TVS83MG0h3XleJwyJEKpoVYqZSRDtzAtjzl27RmrWiHYeyAAl6HZcWWdxofNR1dmgtaJqLQszsRDQbsOMcjH/pZu5ZfeCyi4W22zWMukVUwY9bIjGAle5lviIghAAertmNc2C2PXxymU1jEt8/awgaes8yqPci4ImMXPv0att6rkuK2kvQG3YZwwTuaS/aYhIxAVFjhj6KEraqqqfrU+FK+MqtFtC0sGVSZIduOxb0e157ZAzgzpeKVaR/QTRyx7nZvFjacdj168sMkVmW0WiNoyG2EhAzJKJ0tvMOoTb5BocMqYWrBEjm+1oRgXjiUWD8SlT0oM2s5FEcKZJ4KAwEtUz3qHeOLN82K/rOMSOKYHRmScxD2iHsjunFz8rIUKPZBxQGrJ8Zvsjjl2vx6IKKSfFNx/0KwoRJVSvFlVotq0kDV6Jn8eS+fCA0mhPFZ32H2RFyBrV0vPpSihRrzTagwREgLOLySc70+klzgw9+rHFDFzFe9ne3veWyoKriwLB7vhbmDRu3No7DJ9QEuT0UwmWk+87mfK4YJYOuP3fEfqoAKvPhv1K9IkyrQn0wacRDWR3kmhUEMH9QOd/cb+jsrFg2bZWT7MO5TNomjMue/gPS0NEoKjCDmDFiCHfNGj69R/SLLdkdcQTKx72M1+WQmPidPJRLCKP24iw5+BYCyyECSrCyzB89JpLywgjvSuJZxjJuMawtJHucAWUk8s5KXqwCrIS6uYu+pU0mk89oUy5rq+tvC+F3cywVLkwnZ/xZ21GI38tD7rKosDGTzQbRmQBm4BLNm3zo3nlHTLiLIcdQmKKWxKpzHOO21qiTI10UMCftv4WKbQw1oKarMkq/R1ksiu2+tR4SF4PYlQzSLeRTrIJT3y7fQoxjR9Fkwjx4IMLUamjuVWucASzDCReSpIXKapUZ8RSHKdNRi1nrNID2opJ3Lw9cma/x8J4NumB0Aqxtd0l5i3fTcPK3M5znOadi5QET8oBLtR5thP2bSAiMLqihdRcyviEoYAu1al3hESnG07WxZty2G5020WG8NvhsvP5h+825fPXzSWhzfIsWQO3goJm9nV9lkC9Raz7BDQzbt+qO/ln27etdZbCQElo1b00RtXNyIeFQGU/Xsor9MLhcoEsMrsU9GxGH19zxcNBqroYEN83nwZIW1GCs5E9hXlXnOODgL+FSS/GdvaOl3EICfIEDJZErWhJXfnuWER+7tCBzuUYNEOwzCjpqazApktOKTs2Bu07olSmv81XZAhOxUMuvGFw8Z+OIY/A8mtg0aoT9fYHQa89+sE7PCJhRlj6mWO4bk8Hopr7Y1BqZhXNxkLeyaHVhyN4NzI0511A4TmXx+wH3v3dfpGrSga81iyD77XGSTgyy54eQJoW4RgOY9DpDlCHEgflFAgBXHzSlsAh1TNaSBbU0BHWLQpeYseT3uEKr2XN4n4+yZlqzoZMKTyyJx4mdbDKfVkoHqGr4BSFD1STO3heTc4/1PIN/iMW36YDzeLK5CyutMEQrW8zLtfBv3ox92YPdTHYPIYsAR0wMtv+dflmE7jxTg8uCjltJ1GT4nhY9/Pg5DnA7A7SpMXKuXO2WVcyGGotBKyOHqPd0vfh5BxO1FDvzs/3Qs0xqgb5z8U9dtni7tqWCKB7QXnyo+N0tuDnuEJbVUE/k1e+6DiY0/fe2c9ljOBk3FksJ9/DTc3DvEQN7dnAv2Mi26a4fbTd1z2j0qC264dCgBHKPmtslW7hyx218y0+qIMzUAlqLr70R1WBZ8Fg09JCyjqlFtxrj8VzRWIgcGaBdEufJdPzWoukR91UztxJlFatQhgEgSYiLY7YE3ePQR4K7jPTUR3iRUJduE27FGK00j4eRyvr9uJATbbtY2lEtxyWTXPxgFGD/pwS++ConKf7JK73GLn70CkS+3IGN9eSnmcm7VQEwovVEHvSKGh4zoF37GV5WgjQNyGi4jqOttPPMgkMqPgACQIE6NgYN29Y+1uJMJOhS19/qhDzYpRJy0FOpGFDkvKg2iolMVRUVW81RQd/CB3kWZHcLj2OcIaPctthCxS1Zg+I0dDMDLC4VHAyqMNdsFVYuvMv0faI5glx9aw4qo3osI6DT/A5UmN9Q7K17+C8wHxZQ4kgm+mO/HOcgVDDmxiAdJJcSkZPeL3xEKFzmchwKgGpdh5KcNf8dVWoCjv7FaxlRqgMX3L25cgDWDtufau2mFnJ66l5zVqpwC43Fh9SiJ8q/lS2lsagJlWkopSOyhqohIJLIFa7Bv0KGLRGoeagfCkmSfJ1k6i0fOeesu0YVDMtuNm7bMELi/C5x5m+fN+q9uuYULoGCdb/v2wp4O7p+OnFa0qe2BXDSgkhTedYc0hEfxz6liYTmC6Dt84QSh6oPF7/stKDLOWObV3PctnA9iCsXAmPDr0EyJIkwxgwopgi3t9S6y6ElI1jU+uui0KksEUnqz0zTH6R0raKC2eA1iRD8r+shW2zQ01BGmxfddMf5WOwS17a2HMZgnAWV7ooUE1xEy7qNxkoewrJqeXxH4+aqKOz5HfOE6glUAvkrDRk8fGjHwcFQWRi9DcFsZmqxy3ymqLuuw2TcaQxLNaYFUWD+K3fOrXlJYAa/Gk21z7r2WvXc8tdINYCxJ2NljWrdXwaSQrt6wIYm/rglSBuueZgf7jKrWaWNnrVUVoN9x4qDIL9lnymJOf8NCje1F0WG7EPthWKFN4MNsOhEa4FYtUVOC01Fwxr0JX9iie1gCKS2XUWgsrFuQLpL0RSWjIX4VQSlupStBDytcpRjinpKbLI=
[2015-10-25 07:33:57] Phpr_SystemException: Error defining reference "state". Relation state is not found in model Competition_Name. In /Applications/MAMP/htdocs/fars/phproad/modules/db/classes/db_columndefinition.php, line 494 Encoded details: 89BnXn7PmUEjoP18ALh9g0HcTraoxDAE8Asn2Y1H5sdRxytNum18kJNSOd2COMA7jlxs8MqHHXYcr0I+F6R8x5636fSsdnmVXuoQSLGVM+zdLfCVb9v2m5dbBCMXfGMZdqEFE10jod7M4SeVCUyoGvdjrGLAIPFbQVT6uJYvxPON4A7J9QJSlgtnTNgK8d+g3VSDvL1zrTNP4udOJyFirGP2t9nUGs202sTiGBNmu5Qy+P8EvYdEST5XLmrxGQiAdR/hfPZ6X/NM4RRxODT7kYL5x0kQvfGxieoz1O89/h88Tk0Umv1WEF3d8AE5d7fo/gnbLeEQnbUFjXInxYYxQsKdCHSbmTRQ8O50mbYZmt1V7zI5UBwOXRTKUzIPj3T8FN8iLHNPKQEjAXws8kP4E83Iftc/rVxgzYPJ47Eg4ye7JUiFwetRoS9W1kbj3dNmPtHlzVr5LBBV8Ytp/p3PVid7iMttv/trKXVu/eONRRTrL66KpBTcg1W9Ut1oEKYuwFjcFW6e4ZoAYAj9f8+lGqhQgTWRLBbG6gRCitZ+Up9zMbHipPqsZnx9q32YfkkhvXDY381NaVEyhgp40JY2gpmxO7xYevdEkARmEcFIuwy7OKX6HXPsF2DLfbYtCD1M19PvQO8XGqRgqvIw+J9VNM8xu6Tj7czNp1HIrAJ7glrhkCRtshPQqs3CCf8olNN8UDEdJosPqKg05SjLAwc+kwn236weKxxeahIYKisQJ3UNSezQoyXUWKABzbY88XT5yzcnjJcB3FRP0Sd2tTu3p4qvtPSQ4YCB/LliCEj5L2gYtQ9CZKvaqqpMEKTLPUNfqntVC1ZTWdCyqbYq1478VI0YGMyAyLL9vR4g8g1LNTbSArNGIOCtBDozXPstU1RjPn6XZgizKNPRCmmymzGHHhcSG1FluCax9HhsZU+r6QjSKlDmrWkp6sr5MZnjBerH7GH4zuxnP3JxazCavlLm0vdCOZljEC2MGqKkk+WyM4MpUcnpBAD+kNs0twW6Zqo2bCxv5TNEhXLS3SPWSPgDkPko86pOVOGcXaN6Z9Be7qrgCBQlBzaey1hPgToDax2Z1He8YBGsYHbr5H78c74xbaXLW7NaqRAV9b8acM200j9bLngh5IQh3rqsNTNU6IeYlQMjIZuTl1i2R540Xyc/cFx1rbaIaJi6htuRen3NKLhatx0fUYGSF5ljQ1febafQJpY6K8m6LH3CwLKu/BydLnrd8te55HMoqa25SaVNR7WGXKPAXwsmFObYVCaW2a22ML5x2ZA+cQbjnfFnJmHeKUaMqZIMEbvBFdKx0QMeWQLBFJ755sWyPXLTdanCP9mrI6iu0Ngmv7UH73lqUs2LyPYtViZs9aV5TXnFFDcSDp2L7v8FkWqFfOu3IQKaS1aJcCE0+Dx5xZSvjv9LP5cVOE8kG+bJjY/ZNSQqcaFPEqwmP/cl7RXWmWvJWNHtkyEy8tIIcNtvsvBcjiTz2tOFJ17OTqk7cuQJn4dKEITB2cALCgcQLZ3+4NVggkwAlb+h+TIY8EK1ku2T0+AFpRbmIkvM5vXEu+2Vv0PQ1smPVB1l5dQb1Av6gMyAC/bm29neBDwhT9Lwp2QWJunOIDpPoD149pKDWqdzbfK2SmJiuLNv7K9PNlzj9KSu2o3A5Plgu31bq0h+PN42zBlMs7iAWvODIUM25Sx8lgcdIUH89XJKLF7Mq+dDubX2IGsHiAuH9XGt2G+Hse2wi3zG0/PUvqG7umnR9O3n3CT4Lhv45XU9N1g2LN2F5k5MbFi23Awxoy26A5fASZhZSTz/pWFdI5iYaV63h1TVyq/FG5qpQJBw1V0bsd+rkmTMmw6cdIKPEmJvZC7FrYnC8av/RuKyaXUa/AOUWkHfSHCipEo6ECZyrHjuCj5jZHl+kR9yevyVwkAFA72MZpbEakGGA7SoutUTTwL4KzHlzr51sXFdjsutk0UxHcwjRpqB5zUhMYOp0B/SNdD5l5LyVae6q6jizwuN/w0dikfFnAp/UAljYP47p/7Dcy9p21gI1KWhNook4cQ6n4KgoSJgzy+sLardwEVpZ8sVT1/G49VnLDWIhNiyY6k/vVmXY5U+zyxFzej2XJRdkVyXAEePbHWug6or8l9ZJUxU8RwgOA8tOtoWBFLHaq9gVVlXSeITQrhPaCpBqJWFiSrCElGX4NJE5xrUfGt+KLjAYNPIjab6JmikPQteEsn7GlIM1oZtXur7qQ56BaAWnGi4KyMZQsq7Exas0ZQK/u7HoiSMH69LHS5Wwq2eeslR0RNfGfpTB9yJjaJJrlfZ0RJCDo+5XUD2DvTSG/dX9KlG/fjINXpa1jwelmoH6fiZFxEvQfuZfRsVCvHoYUDxucfGgrE9lBav6jE/NEJBUOxSsaNCsm+Opd2It6+2dtiIdcvoKVOQfI+IdWmJnpXe2hFg4hb6xatwQviZxcx9yWM4ZFUp3upwLWCHIsk8YtU1WbFHmWWbubi4RKNQnxrO1U/c7LrWbjd1C+mCwab/2ATS9Wwf9V+DfeSyR3GySlTSh0zpxOyCENtpc6DFAJI8KQmk2yzfrqDKvzHRZpo84dmOAALOY0XZAHmabiwAfxPZH6/VNbXIyHizyimxzjaoJsvcrTx/w1Uk2Th5z3KOR9m8GywYpEGkVo75P3flLSm93SShMAR2VPjTxLbqhh+wTD75Y2szEJRjhT3QpbgQ6ds9k+QPwohe2leZmr9fZyqH72640PkTQeOvN2rkhIIsc17ejMp8QrXulzKyu/2hBMOfHf5EdMERCHRyTIW4Qr6aIWEtOz+dUGpRj5HUUNotkGVtP96z1FvljF4/7pxAvwPuoBF1gGFFKQzQtBNAXVuQdyhg371EUXDXoYwG0GScZxdIiTxuIajlI1qZC2H8hLjlNc82Fr7mHRiY7wbDZTllOwB9enLtH00iWegsSQQmp9/6O2C0oB0kqOzSPiCH/YspdxbNrJ2O3luA/ICStZuHNaCRhSruWY908ogeBpAoA16V+FYi6M/DQCm0gU7YppI///TYZLasS2nAntjnNdWXP2F4jZIuVo5jbsTh+dU1yriny5qZ5F0Nq8VGdbx9GgmAoPiDIeeOYskqXQlsWoUMU47saGnHHLH3iv9lSjWDSk0rfQZFg/eVNC1HVVODI0JSluUsKJ15LDgmJ04ItKUn+qCY3eJVJJ/Qc9qQCIPkmwIBgQCeB+0wsUKjQTE6+amUZgMxhVyS7xRGemudRwFPIU+yQOmHUIZ7tbY98Poq6Dpwc3ty7/OSHUVbn3/AGOOvJoSt0zlap3lxLaGKaeEppcWhUwsvqf7wGCwOrQW1tHKDKbXVyEjVvZWdMINu7x/StshUETLsDweFIszoEu5pIVjYIrP7JxExktsYgOKeB0k4jc1DbUP4Oablu4wHQjrNUIp8eMHRP1PSvz2GyVWflc6SuPcOv50pYh1IBSKdH98nZuebN0noM6bFidNAQ+cy5nK1K2EC7CQTWWDXcIQw1phFW1Fq3d2FRXTzhTuhw1rXpdUGcwRa4CWaC6t8nLNYi/ARdau2diDbwpQE7Q6R/o9F5wvkk+B3pnD+zmPo5CCscGiF0MW1Pza7/HakBB08LA5Kv2J0I1ssQhIvWoZDBEUYJ6SHnT7hHeQnvw7ZPpsAp1J4Oo5LiX68nOUDDDpN1LSvGxkx5F1n+BKazqdoyyfBE4rx7rL/WHbbfzIHnp0EFRZKpO2BOMAKztQb+lODdmoJYFT0JPIj9TKzdsuxTZg+VVj75WeYI8c2AgsusgfJdhlyySdNAtCq+L8v1Hk9x+Ka6eWko4SCUahLOJcv0Xtx1oKV9MeAKlkrNpR5p+BSsszh1G3Dq1+hbfruv8N1sK+NbNkmhGo8h4xX3SkYaKo0er+gQFAmV5lOdmE82bU7O6zgm/c88XcOmMQoZfIIOE4SVG0l5AlGecm56hlw6axbb33Rg0w0F9n9YBHBe4duR0Ct8QNKgdTuYX4hmU12n0Tiea/RxKAw9he7G+parLWtzy1WaYoIfjnP6Xsr5eZzeFWTLBRm4kkW8lZgib6fqSqcUhQuHM6H7DpICOT/gRz5QJKHDgzhhygOlCdmKPLasog3mWHpZ96W85zsTPPOrF0kk5fqvyDOxhJjdEtT/h9R9OMc9gUA82vmVjZkJVtb5Ji6mo/9TzlObudyc592BvvsIGCKe4TknVhQt/PtDugElBPCVN5jpDnkhxUS1wLq7RgK/gERVahlUklhxT6OKDoPIYfZoB02ZtnfJvPtZ8tw+pSVSoW+ZsxwQjcc3zL6zL4cpPa87lTJRoXM/DjPoXI6Yz4vL8DBqOMrHIFVjQPk4Mn8n8VcCJOesATZeucPQhCqSAdplSpAuMzZXkI9XQN1tHoNp733oqnTWik1f98BlSZ8GGrhtKKmzf4gURC4J4naId2N723cttsQhbiPAmJj6vqKDH9p7bXPtb8wneK9jYzcODgH3/e65NfMgXhVMfXHFLBUEoUNu6jMgTk7rYoFXpLVE4NgRgytl8h1/LFq9vvzvb2R+fcyRvafsw0sQZnGGbJgHIbIlX5iRYPk6wJhOK/4QwVqVX8d+8OCMx00bnEepKVlYc/dhw2EPYgnHYTQEaiy+URucVRKU6Mmgw8BfaOc5WHgZxAkn8agCS+CpwD6KKRidGE7oKL+LkXU2NmWEBNEQNLLwh4JWNrkleui2kegzcKc66zo2e+XI74gwCENU8tyBhRw0nPwk5O3eG/KPIh6vn0XcaFhhZIkuXzhoy6KQD6skLAKySddOZUtBvVqZvtaJijN5rSntR2FlF4k+kUgZ/GRUFDIUFvrYfl8rwSLqwtv+fGqj6CxuLFEuph8KLPfRIiRbE0IXl9Fplvzy+52WG6sCp1myHto8mYVLtkTTa8FNoBUWnMXEmIOEqqKNceYuW+Bk7Yy9DRNb294XqJ4PvZ7XFEbjhEJ6rpmGXe+spmxdx84wVCRPSdK1scGC1dg7DMb4rbp/Cjzy3hNWqiQD1IIvdwnZwsUDimZupwdOxJw/6+Zb/j5TxWZKj9DvyWJAESJJTjUxTV7ANhr8Ob2K6+DQu2d6UMvkZnUnylutskNyzHqMIvOit+4ClO78vpHx2xQhvkK0p2Mgs87cbTyKTPbdSj/UiRsy8ueWyhH8Nq7vjxaSMGp23hktIeQ+L0r5MIAcaCLFunPqszAD3pL4o1FW6WucRJxAXiNt1b8lQqLbSZ/uTNVkaoUfttsS9wX/BkDaAc14HXtXAk62eKEwFpWZ9DdzzDQM427V5kcPoCL2vKl8IHJWT/9KtCpaO4H+wNqesPzuxCmTvunXtrhIrOFzu4O62lMWGkN8BGp7j+CNEeYtItb8dLmZZ5h+8wN5J3MoTzSGY7UsiYUszBH0rDAdIvLtR8VsQI8lZbre9BwdPva86U0NXi00+Qb6b6s8uQ9JcNg143eUZsSUg2s0mWbdBQtVZdC2jfxTs4JRL+ECKzf/UPuFXFfK+aOL2JQ0iIpVWbEQ/1+N/Kweg32HMPylHUiGWmgPUFFb4iBEuT+fojZx79MQ6juZOnIZAGra22EnjDLZrWI6c3IJb27pu3EMZMw1iFiKIhq5wzZIeaDRS4lgaDczJR3MCJDKwjH6j2vxjCBv8jcayck7TtipoTzBNpPGp1v2eCQucZ9AW+dQdBTjuJGPb0AHl/H6O1MKhQJP48dx1JoEF3Gna/ss/duz/kuvS+agewURYtAZ4DIpYajKGEHKzAZy58W0etrAaFfMEPB87fIxkWBaiD+lsBS1++I254wIO66tDaOd0dVicH6cvK97slqRhSOa8HWOiv8Zif25eLqP5DOw4OLyBzjOZRd63tKx4l6XiLyv7LLkgfVkuNq4adkg2ArzmJEHEF72Lcudw1uaf22oBL41wPpdf0Jx2flbF7za1wJwMe5n8UC4Bcbk59UIpyxtUr/B68onve0HBdhEN5O1Nf88Ex6uU1IDAv2MZzYpX1BmOb8uE3VwtvPLVY2DoF/vYp2EJX0iGSZrQhOxl0Q+f/7P8F5x7ik0T6yfCVgKt+IEnFF13h5HKkIk16oA22kD96Sbqz5QXgT6FpJ/stp2igsJfjdRGMxVxMfzbAG0nRJtzRYRXz2Mpo8uxD6Y4KHFrLOBFm++lNxHA2y2E7mQdT4sTLaQ+rNlLyj7tE5Julgox0iKf2VeLBt34dAEzNATEDtaUfoh1dJ5nOLuRm9RS5ONbXYiIOk6cOtMT7NWJVBbaYZf4JMNMTyjlwXNj1puzeDtP3V8whMQ0ErwEQMV0yOEkFr5fkrGyvzs+F72tUe8nQV4JgkUeCjeSPS5bGxC8bquZlAMs6iQeMn+ijzNgiYcL8UVu7a3vzYnhJeUNXwXotlrYXi9kGG0nTEapvYga93YXHmMhvq2SGF95TOFtVe5270D7LWPmuPvwnSQZD/oGvm2ysF1ynsc2mgfn9H5PMbXRH2XiR0UNMKfppo3TD2RrVxWcS15a1ndZD1jofRMP+AHr/XpM+12ZxNt6lldPZQPtl0hiBmX4BbRKXVTBquBHG32XGS8tci68F/7iisNDipHYRw4tEn48ffhm95dWum5gTIwqa1775OIa4VTKxuhniE8g==
[2015-10-25 08:18:46] Phpr_SystemException: Error defining reference "location". Relation location is not found in model Competition_Name. In /Applications/MAMP/htdocs/fars/phproad/modules/db/classes/db_columndefinition.php, line 494 Encoded details: KcunkAlvzTWaUYQGdy4IQqYpRv+LGezmcFkIEEPJ9sya9faJg2dExesxjfwNn4Gdx6s1Dbq4TkkEhSiDokTueYDRMsHdTpxHpiiHX8ZpR4K/GsDoBJuc1CXap0m1hCnLxqiHMTu5GE+w1h2qnpP5e7G+0vvlqNoWcaQeV/i2DF1rhrZ6Y0NLiDzBLckt1F6WktHh7ougdzOk6y4L/bpK/pxQm8S8tkHUwwoeAi4rsnLEi6MFq7mcDJH6FyfjIVWl54oImAapyMpg8HCZ57oT2x9z2LlQtM4OapFQQvpDaXcFxJMTmXKG2n5BQarCfenR7Rgp/kkvathPfbBZc4QTsmzv6ClEAOxb1U0EWB1tuZAbEwM6DQHPjff5c7x/lDd+QGEhhZ4ZW0Da+oan/yHfM4NdxW8hXzZaaUPkI1PMOENmeJWc7cv0OtWwv1vwSEgBw1/+e08nAd3IGSUwTlCAhgRyuGBOhKS5J1hzQ7BW+w4EjOus5HcSVTTJtMuFtmmnWH+b2QNsdoSLvt/TOtxt/n+hO76eEZCH8yjtWJDwhX7QwF7anpz/wlEIqJ7EgVisHFo8qXYolHtkXb6+tut9ekdNZAJgIIGTDc95gYeSiV7lYyL4j88mPUwqJ2TL8pipwFcjRypBHBwFl7KdhsLnO16P1abNbiI3F5uAQy3e1f052Wi5YwNpNU9+mfjH+g/PwWTNSzI4Ha7h03n46Z/Bg9N4DM8R/fpjGAtnMtRVuOdjI5jn0eyLpfnyBRE/+OKjIFDF/SO3isUQ1IMN6LBtOEBTFdv13D2Dri/pzv695hUfqIaC+a93C7Ytw7q4kTsveYpTEALs4ck3Kay4/xztTCL3zgubz6XwPSNUJoq/gH7Oxsj3L8N64GuB4bJjQkWTznMq84gQtjUMBL30RNkN9EsDE1Giz03//OUqe0Ttpf9JXj4BSUxyXyk6RoJ7SiLuCACAOOlSVQur95U+zETBBbwCyMqL6OMupYHVpT/KvdASxgEf77RQB8zXqlVZ1Alh81WzVoEZt6G0I+YfY5u1D/lTHWPRGr9XWySn8iqaNGF43A2X9KWVeq2iNbIY+Sj4WfDBVSqq8yq329Jkz5ECgpXe/YsrsLfb2/6PTAbUPIw1CScUvmIHKyAHvLzUyhqdbLEqDrCDZrT9SByIBSGCIZGCKqgn5o65M3DEY4wa50IzR8qFQhypkXajta68Kt05xsnf4T7eIyF1Ttsq3bMETcRERYMdSj6HUY4k9Ur+HhgZUyi3aqH8WypzW2UW2W1iRWX1c10+gdnuWmThhJGecsyvT2MdpaLmS6IDYQJGbYJEvhWYAsqC09VFP2rvWOYJScukyfRtdGVkxPBo1apz8UwWq9EOikicjALUgL0DgKkLB9ikvok/V7Pi1JmRK5aXRd4LCwAlB+SQODraTvy/aiSw4JFGC7W3fS6ZsujtLYCyiHGwH3sH8CD88a7XKp518Qg0P0N+0cMq/q5H8QIdSJmD2y8Zs+Z9o6dC9y4wVimZWS7vwtizpv8jSh+fpK3vnO7ESpulee2DuENrJAmsblFrYRlPnKY43SBY+Vjpk1nmq6gKu4FT/qx9boNATH3GOw6sXHhGaNW7qnciUa8olfZKBYtYngjjXm6xhoaC2Zow8A1AB7W7sL0klchj7O3gdHo4kgkPXI8LwS3BKfjV//YQJ93YEoULN/8W4WT+/Gw8kaOFGGQRasSIFgPDeIoZQ5z1e2EiMGQFOw81vbRih+PeROSup373t7j38GpQLyHGC8VCpF7VX0bgL7pl7aRqdODD5Inp118EnBv306tnNyJ/2+/puLP2jAPaz8YJNGndrjRk18zAZn7cARD00zE2MkAXYLsqGtaiDjuJV7oQZVU+oj07zzP7iZV8tqwo9JvCz7XJ/iAaS2d9Zla7+RFYYEHdgVgJaPP4HsaXT85Uyol/IgfiJ2NKmhNZcJ2NQ14nrsLqfEhqp8y5ZVAvOo5WwkTVAyDymtcRXlztXqJyK/A5Hwy/W8A5kqIh1x5LEi4U+WTgcw1A3sNej8oTgQ2zPT+GBiP7vCwXQe95qENZ5QmTJd7k2URuZREEcQLYZf0JkGnpYDDUbTViIJoA3BgzjLX42f+7dgBf12xs7W2ZWGLb1+rshxzq6uSAzmBe80FAw72duw9yveJ6WUkZCHyLrdZsRX6NpsAFnn7scwmgR1HKtZITC5+0sUfMZGxcvFkaZZc0CsUNwJXthA+oYbccuJ6Fbr6cJ6WU6nDBX2XDhcq3BAXnr86eKEI+zdPzmLBa33ljUaygKHwbni9yCmm73BZ13RSK8e8SsQ1CZQV6pNeP8k+bbS/BqlMTENHYYQmpUf8/H6xhEde4UTiFshH4pqDbYSLtyxyGxCsQQUUPPxoE42L8S365VqMObyfo4iCCV0/5H6L0gLjxiWGb1UwWmyRP9TaoazJLxlMIM7/XGbzMxhGH4ssHhkdJbGp8uBcH9l1+7s6pFS/nISUeToUQ0xgmo9mzj5nt83LjP/Hq6/SpH5Rp30LheiwZ2RqMgR4BGQy9uvR7Ujai6ZBoXaD4AtVclGo2jhqdyaT1JdsuIDZYB+u2a7YtV+NMmMCFHbk+xTllaKkrjOhZg1P7IKX56In/jjI8+U/v9gU4mI0dM7P+eVy5d1OXpqACxL0ug/1o7AWG462Fr6a199ABGiyX0EkumAi84AD8RHx/1/p+b1gF5FCb7MZj87vQcafYywtNBWhOo6q337TSTFdv2D8TuF9pbTBVbzOFO64UdnCB2DASu4BwL5hNjvP/1bePMUwEfz3hnahKpjgS7tA94RJygGeAmUu6wO4e5mnq45Th35AIiNJMBqnaGEi9Uh2EAdiBpamjJcdGCrt8GvRbavddYMHEVG7jE4WFDx25ZyT5cNnkhkuLFvTWk4Dohm8KXL7EvLj0/YKL3P0P2n9a0uw5JS1kwXhktoyZwPV8rM38nvdhCHjhDcUpEf2nTOfInKH9JWduKuexzQELj6xysSOg1INYuQxsx7UY97bZjn2YLNyYylmE31bD1rP27R3F7244LOp9C3W7wxfA3/vPsT1ZEsIdmWbgiuBCfwUCMhnw3n1Q2es0Jr+qTWY5yCTB/CYab0J04X5xfmJbh+aYuLDlsyrMgjF8kDWa+wbht9+Lz8Tk649K7OaDx6fx6LfrSoBZkPckwgRKzS0uxLe/CZUd/uSNkvvRRk1Nf3UJu8s/8B5sGnkMM0a6uE0zoUhnrWhZopwLo90OWWhZChQNaCPP/trJR9mxe4gclt6pILjdNnybJMuZLvfSMiL1op2tKbrgDelVscAeUHUH49DckHdSQ3ksD46pI1TDVCoQPHpMdgpwygj1CDJLqN9Pe7GgtBRkyQ1jRCBksDywPS5cTfP6X6u9gxo87y31q0DvjkXh5IGqwGeMHGLDBEPtms93IYY6gjxjd23oIqPbgAyny2G0H2xkzte7lvgCeLFLw9wp5ENE1rPeBRgZ1nGecNC4i4zIOkXMUKkSLHH8C9PVXHx/b4XuQRxUlfMi5iYaASIDIuMG7i4To2tqfDpMlLwLrAXxxf0xE9mE9Z1jplXKaiaWqMitzbsYPIwRSGClUjT+bHEHp3+4y/XxBeoOhPCs5OQ+Gx4Yi0487QV7mDt419OccSWcDbuCAjw8m6hRHSE3J/eXu+VuK2aebE4qQ+x0EtKAz4M8tT7K92NWWrzA9hK7yZNck1sL0QQ7XG/TpqNmjOfYPtwZ/aFCZWwDO2Y/w/R7eng8HCUiRpEOM93Ob7rc0ZPuAYEcSzFF5t5rdRrWEUJS6koNt1DibaOrOWA9gCPau01DtE1VIqnQ1pb0KIRa9S8GOmh0/qnEyIYVDgZ0ZCtbcJFJisPg5kZJoXZ3W/Lva+6Cy7y4tEI0GetT5D12siGJLBvAgDKy1pdq4QSDUrdt/2IHtzJTfOEVQWSQYoHQ+u+M9b7TaJxdL97AlsgMYcpYQnpWsvovJbf9k+EfmybstRzLbIW6aqmqhv0et/T5+VGnEqd8R/pGuKMwjkzjUVLALZSi79Vb8peYk+BHZ6vW8leo4geUBOl+IO1yUd7DUM+dZWCTU510diBzqSgb9ozqDdHhB76RHjQTYRNSVIfIkQQnbOyaquxNLLTJsxOKrGdzsJ+4upQQAw5fKm9ocKLOs7M3VcT77NWYOEH3woA1aTni0R0Na4ATBdUHcwbOpotRHgHtI71nK3FOYAG49AQhEL+be+Ksgzk6hHih3XaAqxKedaQV9kdYd5cyuv3NmvGmDLMZPiJHqzmZ15qpEfa8ZvR4KIuBKEzuyZNx1tGF/hLj51Ae+WYtnRyglXoHSblBfKGBweM0bNxwUewizoNy7psbBTxhdC49y0CRbrZbP01V2FkEMc6lVLYbhCWg4FOVVsMD1cExp3RaTmbmB9KZNPirwcM4DA0b2MXWGH8pvarqoOEtYgJQF4GVF6zwOL6yaBBz8SkgOYN+F3XG5muW0tnz49Xqx6oWwbTsad7KCciIiVEsYI04YTEpy36NNYdJIFrrMlPa5quNI3xwem6M5AzIAlluH28dnHTmHSdsZBdf/A9sb1gl8D1xkzny6Fu80u2y5G402Aw4YuAFDPH83nWx14VHpJ2mgDM+TWMUFukKTjRFfS1I+lXDsi6nSaUBe2qfpaDfjo5vUDozR61QSXsTpgT3bFVSmFUP2AI2H9MuArRy+ZsyM1xOyyDgtal4cQApGyN2RojSsVWuE1AzwmCmIqsO2/RLLA2YDufFzYw7Tme8uWVbWrwPx6LvfZmvayzqHaUzuJn6Vk/DDPPunBHNCkiOU7kSsR/rOPk7lGx+rqn8Ukcq3rD6RrmnPQhQRNgFYrhM80Q4rWhxP3kbfdY87NjNWTQpsnzoMJNPmAfxoQzjnq24vKwVioEksUaRlKReeS9tASSWeD7719LJdECiiu+WUXTX2XE+BzAF/Vk2b4wFkacwLdzrRhsnLrQFN8mfEIa2It6W5tyv8jBh73v5JRlajTZu5Rkbj/LmKofeadECHOaYj+Y9hnz/h/V0vJKbknbU+8JBQV6/F0NK20LkPlH2GoxF1uvY7PLY/0NvKk7v2fG4aVURLhNL2cY6NYplqEgfd9jtF2mM863GHa2N70Nm9tdEC/JqZiPwMxhnGeD9Ay+qNa7RkOpcqfaVfl6CYa2e72zgn4FLBVNuAs880HhGxc0MRL1WH51qD6Ar55JT3Ry4FSMPlAImcyDZZ4YzLZTPZfeM423I/vswegam71/+TT9/EMiHDO/oY3GjW+xGovN6M7uh/8znyppNBgipzE49nw4tnBuhpjcLDPMxlfroySbibbMCS4u5O7Ip6MPLtcmIfuXaeb2koojefxYPYWyo7ekNMc4GqQ4/SZKn+fn/JKtAVlkov7DKQDWnIRhwz6DVqxzfxP8xLclWPnfT9obdQp6bSs1yRhr2eExSBA/KFjIhiZIWX3MMlEVlYLBYV5TnGx80SYga0NI5E6qxxgX06jjF3tW8s/FAzbm/pOF9K6oDp3sZDUT1n9EfbsvtfDnNhM+zUCW64Ym8j2KQC0wEU1ButDEHF7X/4P2Ebqg9NpAqfwDbWCw13lIZgBtbXP9Vf1h+fF+/Ua9dgZSEFz+jNw54UJj17DP1aKNZI/AEELqcRYivdMEW3tlPrv6+rhYsu+lhdhf/U/BO7nOn5WUD9UQ2hL1ChlgzsWYJA8w+yHV4jfak5eYb3b44pKG4mYQA/jUGiijfDeRggkT3OTcbyOWqItyA2hkzpWRifbm/HkXaNqduxBegNi2JFbPLtytIkMjxIFr5TDrznAnmaf0XytD/GKxUaA5F6PrqNtV9nzxovdJY/cCpBXOjNuS+Xz4UWnynATuFhKT3B803lEQ6dCRrd8h0EMZjC05ZYgujkjLKQ31e/TaHAlYy/AQM79jjbg+IsxrOjSiDkU4YFzSJzWvclmX/bsVdAJ0DxaawbJJL9yXziPMBnA9g0m1dzZuipUVZ4lQdMh/cPwJjeHROJh4vpoPt8yn4B4W07QxZxiNCoJ5GEUUOCXhUKFGesKQgef+r1F4jbzbQGm5DOIWu8FbAGrfiWp5rHLYYoI3+JocgSrDGmLB2+qQSkNzHiTOgX2OY/Pxfs4GXOzBDsHk3JHMzGUV8D6ml4e3jtGkGuNiDqV/RmuKiiIJGVgvOWteN4bGlzrBQF1DqfRM9v3F6WiAl07L1VBhCalG5surD0I7pgmGAbLQcOEeMaZvGUPryp2YybmK8iFDU48Fw32hAs3pwGJsDi1npHIvS/piY4gzb16I94nR1TaCxVMQ6DBavmFChmLqGl23N1OtUlLdBS694cRd80viJFxzrd5UC5DzCr4V2Mgq93I3aiYarRxLv6UlnQkUrMdvpyn543g7J//N/6EE/1uszh6csZTAvZ3WyrlMSVZkjQMHnyiy2S6h5EKju2pw/pBRpKoKyum1tmNSfqEBXvcGNnhiAmKV8yegef1d0KqvQibCu7tbTeuqnk85QGK9PHXiHudPbG5HNDIrqmHhI7FlMu9uQbtc38U6ZXi6MCxeItUd3CNPY/QpQpekZ1SPHF+MqSFh/sS7TAw1l+fbWp1MQ5FY+/ubasZZ//PWBcQ==
[2015-10-25 08:26:01] Phpr_DatabaseException: MySQL error executing query: Unknown column 'competition_name.state_id' in 'on clause'. In /Applications/MAMP/htdocs/fars/phproad/modules/db/classes/db_mysqlidriver.php, line 101 Encoded details: 0jmAYr94UPWzfGsOC1RNpG/Yzdl0uafhNCtCa87MxKKDOWlpGuDyPyCB6gD9DeHkUcbgqcxqHIsMUt/qgUDX4Y/yGCB3J3A6TLLSfRG/Q/TpDuT1M5iVeIg0w4HDPLoMj4rqoSiiuF6E1mOpLAU5/UzuUgML2OazGBgTSI8+q2VG8V213aie3yAwDaNAqz5FKRrsnKLPoVGpwW/2hPsodZRb99XC1kJIkmWMbF0oqAW2DU7JbqhzccJYCRHG4YK6gP66Yng1Qa8l4gk3fc2N6eWDuPt2bVbr7ZSw9LLL13U98BoWiyb/eM8KxfRmCEk7tcoGjLU+PJ56+ofRtyNDYCSCjimLGRuGCW2lLasH8WbtKNWzUXKcycHDaQjd5ITDtbN7JH9yzEBaZtPZfeRObuBTCno8z2To0IvNpLPxtvT9JEcYGjXgM9iZsFEG+zykY8Oz3yNIAtC2xKWaQFBmPhZLgIyMwaIj2zQBP8FuAYfp9ZhUBQkAtkBWdTereLF2jvn5OfKU4+Tn1lk7ddWfth0EnFqXcz+LwAeiKtbwJh9GAPw/eGHAG6h0ZCjJKcyKq4AWvxvnJfDb+p2UDlalwL4jFIIdAe/Ukqee0s7pmNbW3xhGvAuwqCWSRsJneMnKf+HqbeUrvQjQLWr9TSErDcrTvDWmufdqvMa4oBrJSXDT9SBd2wOl43FBMUhSxPHEFGDdgaQU5FaeTBtYMQ5N3VISNBY2EmcjdAnB6wGsdms67MJR8G2iI7EtR1sT+GIni3Syg344dhItw9yCowBQsM5GocCJyqNXE3HxCwy4Xc1f+Fd/tkYtyh6KQgyZW2bmIdHTe0i/nZKhXsc5TYkmO0mOAlvV+vzB4XQqCHMh8JKbKABoLbL/zJsrzciUdomWbo2qI4GZ5/y6xr7Mvl8+TFrteNkoqiXtORVamE3Wr4qNW2xf8GQkfqlPaHN9wkT1TNt7646uoiCVQaPP59FOoRqJUw5M04VzqTtNJ++bFNf3a6RyWyDHtVkUbkpvVqfmjBiceQqdWaQMMbYB57WYTxDjAtGjHHgq3p1hzibDhiiycxrEmPSau40dmZK/ujVaJBXL6hO6LqHZ5nSiNTZ3O/+I2R3PVktNfV/IRYRoM0w0nH4ZqVeNw4k5j2LRgALUWcU7toANXHNV5Xnb3Ys9BiqxNxWlvWtOZsGjbkcvIbGGdGHSa3kewYSpT5thQ5sM4JoOdmx2Cjh4OkCqUug2PkHdzwi/crB94zEAQOLM610w0P1HA9wQO+w6akNc1GQRrdmaqaE80hInMOHDaPzAsv+fRgw1qGO+eRMxA7WCTaVbzeY92g6TVQbYKStcPPZ3IFCJLvYKF6ax49v9Ln+JME8Oil+G5o6E5xnrY6z73uHkuHl0eeVntwlOpMm/aRd7GCjeLSafieiQKqlYVdVAAR/IYF0gdBeqZjmODWBss2N0hXU0tkmkxdi6z9qoW7ejbcnhJIC5B+CTC2qbn1vDam7h2/QkZ/q4YNLOK/nrD38Srks8rWk6Pom1q5TzIjJRloDTno1OwmsZ4cqQYjgkaEPvNIA3NCBxLpk6/cZBheI4Nvx5SyZ1FhwZ8XFfRhe5T6hBV4X8YcKgRYK21TF65YIZMm0WHGHtONaOrZxzjvGnMQAgpSAbywYcrikYP0tokrP1FaQO0OH1D2h6x9UG4kvuFB4F/hUX9LCsJg3Dmtr71pNsEkTjQyStesKM3Q97NBeDxZ4u2gyLBInuPcqE+56Ac4K/kKOUsgToT22bF72JNN0uNEJCkwLbisuwZZzEHbXUjHEvc0YYjZPyE8kVVyxFU0SGBqjFQVcasFWErqozJiGFCBj4G7TxOE4JCFd8V8vL8R3I2wjeo2jM0cUQ5DsyUYyC/DmVmNWqvdLZspXgBCcCzBZ1voL8ip3b0Jte6VqXyKo6Xt8So4cXEnhErJwvSEByb1VByZPVP4aHwb7AvzWnjbaZ76xiDdtnefj8OqdYi06dLF1ixsgoihaUdGrKY7//PvcXK6/4cj7uL6v6/USd+I9f6eazeEw+KlQyjXlb2RkQktcIYb8nFYBfQjTFYUP9ehNbe/37eU7gzvL23lf+soZDdd7Iad450zfX//+tMx7jD19myj3MaA/mByAvFp+o/MKDsUu6U0maU0jFL4NScZP1GYviN7maDYVgJYl/W6rTf3fdm688oupVrxU2QQrLXYnOATUeaP7AtEi69zRGgRlhz1CUNK74QgywDF0hwL0yppTd4GiuJtfN02sjxPcQon42S1dUQvum2TKgH+mXMAEmn7lxKqGM4IEYE9mWTTYfu4IKdz6ud9LX8Zo3fTaqeHUzXeVebBWauvOSIP6Pt0XeXb+kL0GiyDMNCc6QSImX3j0+lFkISKYBND+PdH+YaggtQ9Wwisf+GzRrndKzoXlX1INLc0gyioiRgMRtjziJHydau8aaMbPZ0b/+ufXJoXO6EPlBusQbRyUB+vixugYb7aUoo7368pR1j0Lhw9uOj6GSet25PtPxqpEDYDNrfEV+hXPOCnSxaE3sA5VCh2bZEYJlQD7Q3f+coFEVgvcw56sK7sXaDrm2CeXYbsz1l7hBn0JksPS7UJAsZQdkLkeAOX33XQpxBGeuLS3kfPTM1LC5uni/0kUVvNT0p7BvjKpNnLNf+gDtOHxgeLjfvsUsETjrSxyW+BtUYBRfaYucgFN8CqKHfbzCADf0XLBwqKSUp7iUJ1cQDpXMaoqvukiirhzHfDJR+rG5TlyqO+wbdn7qGzAhTGTprfva2cbrBT6k0d0/CKG4FHGr5PGCnwRWcFVhZiWI+ulM8QGShNKWSuQVxminuf36h+iA+mNSpK6CJVV9iRDStEoclEcH0b+Bd0uRRB2sVmnuru5OA5cyB3gkBTSDk9XaA50VmFjyCmoPZ2nkBCCwYiwTPZTUHXJCvcfzXziyLlhsWVU7bCwtdDDQUEsWkt0Qk2EAr+loAKuCooARwNiXE9C1u7/0LiuiJs422JK4iTTiVPQIuiODVJLwVyqQyEePPjsfl6t2UKeZwSGcO2XFcAhRPCw7m4FMf5hymKjAtkBeQYelvhQt5uLM2Ovtwsqi3X8e095XlQHBL88hK+xbMxzaCHdgK8LrrDnvsF2GKvDizTsmE976wRHwpggssxhg8gZ6pLMF+hcs39gAAFw37CHXM7HcO9QdcZv9pdB6m0rC4nDsx+iusjcjP6uyWVSpa8tD5Ybh2nQWZEFlrif7HW76ig1gxuN9cHAi8tHQ97kS/U0cZ5fcUMxXcsZiebpncp+LpJUHeFoU1sSFGBT/RXnHWWnqWw0VKTGajN1xG4jZ7WfdF2UwlENOADIsMjTMnGNBXXCL3ZqCA2moXbFN9JjTyrLNARhJYidGCVHKs3rwvTNvrd7L5zCHplx6elhmhcnSXf7q54LvdY8azpG1py3KOHVScQH/pmex0yleHlurwMTUR7gHmcGBPUipVh2mvpvMSosQ0i5WoEwSXENWP8FWBxJ97MHWNpgiUVCAU+2QZjAFSz+CxFugoVcX0DUSEhRkdVWi/z4qF7b7zB5RFhFmVpwCHrkhhIWRny64omgbe2uWNY5jpt9FrzyDArn134IzwcqbD7K9c5AtrUHwSXLW48xZZoPQI7viD2z/gKn32Txgk5Yx4pDqlh5oAHdt30avPglxsdjUwOMlhs69JQ2qU251d9Vqi/h78S2esM+QlugY1rHi5xukyax4pElVwUz1epMs2YS3jq7f0htxN6HtyHpBdYzehbiyaLjFjGUGKqTX5zNjGDFoDXv94W1utHslMpYH9lPkC+trt41XO7PVGUHxid5Rh1v0yD671VHrEdW1wgVdkZ44t3qsgVGIdhMWIo1PfG9q/FUuBW/u5XvNQBSAJXbcZZ4VAWNCorYF6PelCV9ibPZw4V9HtUOG69QMKZGWPKvln7kteYJGIyvHMLfRzgT5y6si6SUX8czTvClZMSvCCRZosWQRZ/Tb+yb5xsDvyyJKZH72OuA6Nm/AmA3IKGXVehbm90xaFh2urNETtUy7o2/9JgA1XjS/mIqiVkkkAWVhjLm5mLyXJo0JCvXNfg7bZ1EoqneVPdWjRL/gzD+cSeE+72zbLoXOI39dbwjpXSpFDjnxNJyzzn5AmT/lvEk6gFUOEWEyRJc+7F0G0yDCVjDbA7ht9070oX6q6qMonLSXeAqhik5ZC5ljfOqfgfzzj8lDt2amB3WdTmTv33etx5vDJ68Gpb8+LE3UPiuVUA6l3T8sBo4JII2dOBJAWC4i0L2v3aivF23BEXrpMW8C5A7vqt/MUG/bkA6mvGnzFWmknAHfd2vuzfkkcoOSnbJr1xbnek8Kuwuy453t3CPqVROtprlrqxzBAbPVUfGnPil+nVxNoebpK/J60d8ZOrgk4z5R4G9JvnR5dvPPHE3wJE4i6DaKt3Q/RUurnXJ1Hr+bq5IcIvw3olmHns75OrukQ9iw3VhsB4wT/lNQhM8ulDvvm/8GA9Ky+dGLu2n9s8t9+vyV4Z67D2uW6Gda9QiFLyxkhSjywYGEY/uHMgiIitJY7s75V1HW2lnkHxtwg1wfL9d08gkZr7YAkRt1w7RwCfEbDipWBJOTPbuemJE+b5vWMX8jt2SZVjpRxf24Aa+9zOpG94xbuFlajBslvcHtfazue3k8/IAo2L1MLGW2I++d3J+LWfQ+NOQ5rB2N11/PcfJu9oW+M8kjjD+ekXro1+llKRLCT8jB7k3fquvj/7PDqe4NmaxlP30TJSaVo7FDU7sBuEvA1/9sanUD4/59NVJXi5vHSiKcIDkLxx8Rf4bot9n38FEaI1O+/Y961fNeinTJWwvFfPrAbl0vQaaa5IU3eQpEOoOSt+lU4J0DxH4D0gLwx/ZamVmcGcS8NcP161/X6CrJoAuUP09Ds6ysApgj/dcpwqT73cGVCHpfghPFKLX3Qz4S1nBr8lhC8R7qM6JPwfyehz6sbEMhzNuhl5K3SutJvHgrU0wJW5clDd6um+s8k5B94iYoOMkLys/yvbU/4ZpbbD93jwj3H4gvEj01dC0p4KbO5daCJp5rae6lZOZB4AijjDq1CW9ZqeEPPYkQ7cMWhh4Zdz4aWoReisORHmEG8Qnc+VUzjLgoX6sM7m9Cs9L0VVfe9A1KCtxJWU6hDoqRKVUr+KAMzybQeC1PTkk2EeTVnWH68dSHEbUFF7BSzoPTrnSnDUPgizaqawLpzG27ChswQGZtKPexsuTWSSb4ZQ/Vtb/Rn0c3qKmmQUKu69UBES3F4zsjuPJuSpg8+tQSojqI4L3fT9Nlf7kRExGBcgSuJm9h3rii2aM9wwc3l+2PVJkEQf8mZe/UaXdJ5BxgADgCpBjxK+dowwl5pIYtTZooVHd5DI3rgZDpq0G75Xi0d4B0lCqq+prN5mixmqKDLoB1+Z1+cBEsu22Xg9wfQ3HqEiVK7iwzwijORB1qwkor2sTHgt5sOWYMAK//t/LLt0RhbHWztaZyALmVcWgKY7mMvxHpdKZN2JHarkjwb6mw0ZrctNf3G/GBRGL1gru6bbha7SYPf7HOqaMgoJo1bb/LVSdBHrGou4z3WgwvGbrZk/1nAiBFW1LJLYZIohcRd9IQ9Yfmy5Bf+3nShx9Uli1b57Lt+rVWiGJLI1liQBpn/0kvG/q6Or0B4nr0cktKCa0/l4aF4IGBY9JD2rxGyI3JDLqx06Cxmv1HjFpoxYf5Qad0Ng5oZFCRYpMm29FI3XVsWvStYoxnr97CyaDPo7yf6Uk8oX3QaQjGClwfTbVkI7Nf96ZLZ+t+9Cu75TlbtiRIVi8dmQdd9ys34D90WljPzRdRMq+COT+OP9weClzNRNdIgxKzaE4ulwq+367oekO7OLdLkhDcxLeha7OLZzPKbc49ncwoWbUsn01MF0mKeT/OXYxw9p+lBf68Ejx9VriXIL1RsasGC946cjF9/hKMR7pRS8UBGnOsdcWtztuptzVnxJAFwA/C9Ow/N2Y769D7WX+Pq+iil5iu7uebQ2qRUEL+d5mQ2QYIVnLYztRKuccgFkIJfCyOmP1/wMFvgh27DRvFSf0oQT9NNuoF6g25pyrkJUtaVAQj28B2uJl3UBBo0fwvJ4lOcXU18LJrhHMRwfU1BwVfkv4wyv5Lc0i7LTAs7DXspIs6w+gKcpevNfHZnVkXKMihx+Tonr0GUnn1L33Jg9tmCzFqQ84L9y1NX5utUJCxLrP5WMR/g6qjvDz3jXsflp9vqYA10VlQhvJRTrtfSXYy6JiuaQonbk/gOlrvLgTouU/Lop3dlL0N+aqoJKEneaUD10my8gbkwqJ6duJZGddZupdPsUI3O00PfgIi/yBKd482eviAKfBLFdWqstrwIzabz4Uv3jD6BRJGNZ1jR3TuNcSzNEzQix3SU2ZOM2pY5c+6hyNiY8DB/TEwQm/9FEePpJ2UXblVolD0QRLOiPGEeJ+T65tX9Hpl3o4KcisuJFdjHpZUxwXFRiOw8XNAsfCJP3lOMUjmRO/ym8Zv7jiPLOFo/kpouZJL/5rOP5LonO6y9MS7pnXrvoRtoK9g4YNS7moMySey4MKqwpfraE2x1aVVmP4t87Ka6dAGiUj53W8XLoRAkKEGE160+cwV8auBUX6w+fPaVgoVzN85mMzqtCJzmLzlhXs9Bx9zd+sVeRH0ncBdC5EC/xYUA6u+t6fa9wqJvj1mSfGaR12pROt44gpM0HN97qyTpp8GXRDfk0tr2zBbbSHWYT+iiWsgPgtLRYim3PWHQ0CK/yuxtWg40VIwy3C9vboynamDgOdJRtDxJAzuIMo6f9X7u00cH82M/lsk7JrfcFVWQ6Te4YGzVJaNYDef/KpJ2NYGCtOQVXpxKe4aUT/o4B4cTUgq8osrbdAJg3ZvqYON+SqBrpZ5ckIE+NmZuoSw
[2015-10-25 08:26:23] Phpr_SystemException: Partial file not found: /Applications/MAMP/htdocs/fars/modules/competitions/controllers/competition_manager/_list_head_cb.htm. In /Applications/MAMP/htdocs/fars/phproad/modules/phpr/classes/phpr_controllerbase.php, line 113 Encoded details: s0xpFrDHATlkXY95EClB8qfOMvXx8c8eq3wNU3bEc8/iIc46P7eUbNwu6p4LDp5eFSrpQ5U2jmHpFMClAcX2uqE1yWqkH9yl6NdSwO0gszW7W98RnjPuzZRHJtSDDlxtLW/WLyrJw1Ok0v8Ed5r/T9tuzR/Y0tzglfkPkP8gECnTXbvjaPSkjxT+bPc1dd4eN3BO3w85g1IJD1r93xL+JclySDoXWRkzwtJvweaIZPWn40YMc5F3OQEHeG6NQSmaMXlmepQiq7G4kDTnqFKqY9nXpmiVYpeoSneYY7ozA3TP3hQ7TSIxLesWePahMvTwDTYsD/n5Ht2SMfp4VZey3uWJm7MO/RVVar7VsROM7q+5eA0qNVVoRibr+g+03X1uBDy1GXcUPRA8uLsRgn+AVbLglmEwPjX1sVleM2xM/1nr+sNGYSUl17Eu2Qcj8W0eMvttIrApU/h0mzCsM7JYlckjyyUoEZptMSc1Uc50l6CL0ESbQQ/NEFL9orzyR7mkPIZXc7ftKXPZ2odmudPtzIFrcUuxA0U3Gr2r3HKXgVsaWopG5YP5simJFvk8pFUupQrKf3BeAi5LNTNW2yNO6/7ORp1ZIxLzgG8KVkSVgT5uZpuMUYEMJW2Q9Dmb0YpxtV7NqZ+Q7tB4lJU2Bp51MeIs7rh/38PN/6Y89AbYgawVN+FT151TAERpiE1Ctr4Y5Vs3cSMqL5zfz1B33uO+rT5RnEf9G35nnWInWtBfWHrTMg4fsxBcaAYO1Fov44MVAaw6hqoxo99QBU6ej9EeZI+xmyXRDlelYZOILPex3FQ+CHrUzkipfNOBjBbc/wJ7EhnI4E0VfnHWY4Oblikxgq81DljU655PJFFtNlfDzYrOtvqHo7RL7sennxPNdfJE7fdYFGRyd8UJjcPoHl53BZOYCeeJZc4G9q8aS0i3khDKZu43aFScclqbvYrMOe1uZ9ciWCzwqGK9AUMChHDGbbnuknONpAW/FDiKNflopSfhSeHTZny8OWbmpeJRP0rMnAu0xUE2XAEfPchF0bqdXaPXXooFneEewHMx61bRUl3zXXwZfApVcTHwpDqdTIvM/BjG0YGn/Slro6A2+rh2UjlKVDEw8VBymLyrZ09vEuvoBiL5/HS1ufhQt6seuVPyE/FXuUFy6gKZGx8duGsn4HBa0JDF9OBLWPo5SjKEAc264JfS12St9J9qUNjYTKTVaKalInLpA6D46+qwtGG7ox0lkLpMZPX2uC1g2g8zePyrpXYw9vwgUFr4q/w7XcJjDDm+PmMVXNyPmk0W7COuaaJBBJPjEkRe7Qd3pPTyTlOrXETkNDRSwkBECzMppblGCTsnAT4UKjAGhbdxfojxTiIZrew3J3BnUdXqdBU5/XKJ/Bg3SkL8J1hBVgC7gBTAUbjYMLLwY/Fw3PTkLEHW1eqLJG3MKi7xs2VK3N2PjI25gow1jghs7LqjTLL4sJgCZizLh8Vs4laHgo+fib3RANmVRQRL/JYru8Jl7uiECdA1x6ipCcpnZ/PukzgFFs6XPrU7Zh6X4iCFzYgEcXTwP/uDaUJTQ3EFuw5H4nKI2kvBQ2ZBGC9aJfqtci4e7/fqz/3UHhdLJylRrkpE1OW4K+ZGXrCM/edcndMyb0SVaTuoMJW50N1NFaN4vw/No0aJLs0CGA/GHnKsA/koJGkSYQwjZhUKGvPAhIuv68DQj0FpySNoHuqP2FTNm1uci0l8tVIut+9/sA6VtiTlYTvl83g1swLkWqUdcx/kDY6eZ10SLrZYbawK8MgQr4AOZvjaJngkHvADacnTAkEy2PLKTF6cfFVnN2MLdaFn0Kf1cZEpbg6jcglv1IW/puC/56HW1hTdFwbPaOVPmlPbApGB3cyKHl/ll3d5KnP7d06XCUwdY+T0KSGJr8ktaz0YuGB4tz5rPfAC+2ZaUeOZs16QqJaJZvf9qb0YYOafDGMZS7jgzdyoednamTuLtgRf2QdcqJSLjOSowr/qD8FXjPw9aCPxG6zpNLhBPoaytKOhG/mwsyQzib6WXAAF3JByPgYgVG5NiUOQkOy/ZvaCyXJXXp/CibbScyaYPdLF9qBqUP91bQnjBAWufj6GwUL084860lFAf3TCTBYIuTPKzSLlwMqlSmfJZ4ZBHS2tVsfrpCeI59Mjse/ha+u+jwo4oB3p8fi3Qh5nwreSOL7jWTjFLmmyTt2sEFIdc0A5YBtyLe8m1O9iaYa1ApceqJiaUymoFt2HvwLAZvvnLRYz+D2Pzno7z1suXXgNVyLkTAQcvgftKmpOxPCWfpY+bgmgxH0pdDa4cWn/JitjES2XrOMPoTX0PT+CwvxOElHZN9an7eYAoRzoLPydj9pLYGgqr1a5zIKNiYv7XfzOdeQ4xHXg5H12gQLMNNIv81UYqwoEinCAL0qGrk4qEkjm3Nk7DxWpIDS+k5sDZk1+xg/Uto+qkQvs7DHQCw+gInB4K+fBp61zEzpEjufUpce6zZbPtavw62Z0JuIr8qdipBDnCV1bNgGWe7U1i+Dm08TOIW+ddkfDQUwGEfu5XPQ0hJtu8at/ToldX51VGCktJEzzPlbb0MeLMgwvt2MgLYgg1rpV8lkURyTY1hU3DlS4GeQmfXPUcgy2AvkQhT2r4qoL7pB6vGwvH1uNh0W77Y++9Q0MkRhtF2oiiuZ2XiTd6PIKjVJ8F3X7yGbyhC3JIxfj3MkKYs/uJxMjFCl5raASuzcUqEEO0wCTNu+JI1bfpSxZ9WIlyUa05fnScCmo801XVCWuTQSMxyofnJTFKMK2Ts410M/xOEkHDIeqFhj1dj87ODX1wEZYVIiwD+mDef43impeXwcXr3wpJMhac2r8ZJJripmAR9C66Fdi8dbl8T2Zvb0UcTvN+N9tM3771jrwe97cDLUnx8Fsqxh7X9vDiqDiDBQK25zvxRjLbDs0l8rQ6YXWjMaTiDl2qngmbxjLjdKtXd03q6kL/xadR1rNQuzrBeVb7wct5UvC2h3ygjpBF72goqt+xoNfhP/Zc/PsLR6rJp4yop+dhwYXbcLvpLn+Wkuyz9P8mZRF0CXqaOH+zD1r1efdbnD7Z8EGYjBkw48LwxBXQBo6J/LYbdKspU74LZIct/KJoKOR2vH+cTzNjZQT+NkxxLpyMQMSi8W2aEZj5bUKj0rM26g305H+Waa8UdnVAfzFkxCgdXnbMd7kcroiwmRj6NZ30ns8Fcahpv5JIev6DwgC3WtjrJpNsvHPkRDaaNpnDONJ9+qShFDfJ5B74exFTgjoKYUid3uSV5d51AxV0MoIDhXvIbFdHtILSnQGZJx7HmRj+eJ12YU7CceNOCPrR7grCWs8Is/8j4DnHhbh4oOoCnv9IQQuf/qYDREx2tu91XT+QU39F1FDmoKY8nFL8vQ4VlVovB267FoKGx86EpdrAdkZi6Slt5dgUzIaaaYYsBVumye95Y2ToaQliRvmbQm9jlnmmVlfFKKRAzYB20SuZCVHRRQsU4mTIFT9oqn/yIWIrnXDAQhJ036BIbeOE25MWmwqdjzlFduALYBog7lbfSKTTH865+4gvW0mpN48b2R+cCBzrcMjUSf+dmxVTbaaEykc55HJlUfpeF0ITs3wLU9cIUUl55MdiHq6yS+vzQMdRgUta2USSElNILoU3C6Hg88+8gaM/3sNEwuGaz7SQlfUSp+2Luyjn4uFbSd/7PweksynB4/AcC4yESpF/JS3imbDDSru7S1AJlW5rDmUu9g7zSMLeCD5B7Byd8djh+zsLEOS2FAu4j9oRG7EZ4QYcE3wQ9CEBk/PiAUnIiHBF52+BlnkLfNiVeU1SkGsftKuIqfUPX6Q9tN5aMAW2vEwY3oTq9jAOH6QKOGd7cgNhanzAd8K5E84Y5PpXojfOBZul1Hm1gMXPk7VfKcKNPpmjMdndS1BDUAEXe3pf8c9TWlM9S5sHZeWfnwBLG97jjt3ogOxuY8+wxF4np+hZm38U2FKOpFJyxrXIJMM7WLOcvCtep3geeEze6JTyMydV5zIMkWFRnIuP0HcjhUyFDzE2hSkljsuq5INvvJ+yn1NqmRBktaWOjyhFgLfGGHtfAndmtc0OMMPktmSN2l6msgSmZs4583hUSubx+YeD78Eue9/YmPxo5HTmBuDWvQ4e6vUpEJYO4/SylbNLCNa3YP9dRLQkDEOZFDA2dlZC7IwAZ9ilOpTHFZooQKhxtMB7dTf6zeFinNELLBD+5U63bmYHVRh9Lbz+D4/WG66nS17jTOCELvqVU2GWNspofFRH10PT6QGkRyOg5yR3X1/e7hA+NxZuXSqU5HePd0RQjhEkwD8g6HbdbIB7PEzjbW08Qz/ODrBJO2K0cgj8gyqKp7qkBa8wwvuDwZF904fYrhIJ8lFxTaEMim2skapaZy4orwYk6FTtKDerU6gPP0vVL4bByB0+CrGYYBXW2bCuHbLskLnX0GE40zaKIEVauWdgNsmnNiJAuV+vNTeLXHBaONWPEcUFZgZkC7rViCoE2nnb7hOOyrg2+s6JlHtRUuvw4IQVi3PgE0HEcHRKZrs2lz8Bd4KjxB0SvGrtjt+o1Bo+2a5qPGlw0NvG8zxEFfrW27ee9WcyA/qO0N3ygoQxNFjpSJ4pBwqANk5kD862SZ0Eo1dYlqM2gkj6EWmeGnLLB+9IK3U3n/SGBUgudOCSSyOXjL9TKZoQnRr9E5lL1qhwU2HZ8GGL9kwMV07o20dEzviTqbsC01eXp2JPT/YIgz/lNZhqyu/hMyaRHye70n15ZoqjuTgEhT/6eYP0c4lR/oMPVGwY0D1XeCXmRTyo7BHODE6AQkxQGrobPAdwLcYHiYrOgtM7qGeZJFGqJi9aQBdeg0ZEcneWvHfSf9n5dPur7RwqHDLVUwM+NLE9FPI/HZSd/tfOAfrbHGHhy+mALPGb0d6nu0xT59nqZfsVENfEqyhjFyW8X5/9/T3jgefBFRQ8TZ8/X5uK4mJ4nfP/yI3HPnDSLVMNZVoHRx25pbprXuORmpY429TurYFFcjw0ozfTELmWxR7TM13wAb1HoS2SCH3B+TIrzs3JsfTQBwmoZDQhkCeHq3iuGztRtK9pCr9wOiVbAr2tHFHnNUH0HJMFefTkaUUQ07xQ0Q2DNP4M46fLSh2OvOJzFAssNa/Mellb2W7uu6slCDVcxMdfgK+2N0tfKfsZVK4AxjzjQmxoY77EzHeyX7SF/b66U2DU69tGN4RWUfeNGbJvzvzwT+9cFr0UHKpbF4gu85JrBSDr/c5riHnPwTFf4gtYZG+3TJvT4NENOJE/ShwHrqC8H9sqd25ZC1JSOObNqCLdCmXjs5BUKQogyztGPBCf/6TqK0lsDf84uCL59D3bz2Hnw79IimZsmUMyb4DXsVM0TjPiHTyaunauLn6bAfFhkzvSCKsk0/CG5BsrrxBQvXolwvbzSubL1XgFzueUvAl9tILLxL+zG4jx23M2cxtN4nWhlF8XTmBDh1se+RCoIYTw/9s5WbHyKF6lAra4d5QEkKZd8PUNn3hLH47d9tx9pKsO9SwMr00oiovKMeSKfOdUqbHkwzMFhodGbI7vsQ21Ppbg07mMFSg9yOJOXz3mwolV8qpIUHRm/3P0GvEXXeKeUSpogVzleVe53cSGYKr1L0yRs+6vbGtMpZiytGFdNnTTFsm1Rm8tJtMnqedvwMMGvLZTKTJixJxxNUnGf6P0VnPONXV39/SOzmzC0YpaVJMoxtLKw0X6VuRHiDRj0XktAhDbyFHaydbBXFLh9gs0RBakAU6jUgUxMjAhowwQl3TDo4vD8s8ohNcBBSgGNxgi/zHcitumSEB+Xofh9Z9Zep/9cfyntnX6mG3geddn0Pxjgtqvh6/AX1KAKfmfbUZ6WgaOpe3J89AiiabkzRvzAB+Ajr3JoPwBKBXmMajngtafkspIVlyWGyFB6qSlTShE8I5RS8Vc3EMFsMYy5QyrOBrkHD5ZLtEduZZYfgWnuf9DhS36EhsSRUr7BggywgHA3uXnj96KQjLd5lRfpUvi27tbekwSyKYuyns8rgafPn3crVrBXS+v6l4SvAryEwpaJAIERUDsfWtDp3VA6Qz5ym4OjIsr6N6vIU6LFC6EfslZoQuj0LuRBC/ydfCJPTJbszS1doU56N7LEKulxrN4/LRVvkDGp3ZKmXZZpcHa3P+AA5CklAzyYDEzDggLYCfPAiwSBO4kjvy0Q61NZhghUxIoxL8wKkvP3OZmMviF5Al8iqEsWyTOAb2QjkbfMaCiWvXLbNmsfa0sbArRGSBTTfiKkkA/Ezou9jh25MBHHfrIgugZ31Akxy0GNJtnMbL5nibZmxgq8Hcu2Ms96DcjKmqOMmFlmswr3ETRA6kcBcZtDuQq2y1Uf7fCHi1nMzSiNpRJk6aa/3qClb9huo99EEXZD7fxJ5Ll2WJ/ZpCfpoi3YsiOCnvToCL+8xYn4dVM5tyK75yS8PBRvzyW/6JC1Fu6Igm4GpPospi5sQNBkiwdkNGWOFJtDWSiRgcEAE9OXEfLcB6Ym7QGwa8iDOWjrQek7lAcI/589JwaL9Iu8dV3fjh0cpCu94HSJT4GcXE3Rg0Ku2p3ClmG7Y5es4th2S18PSIhkmybPN5WmY5k9crVDj9Wb40wbiwCpPi+JHH5ldkFYhvICUSqOcEsklS3xaARqexeZo0q30+ArlenJR5lFs9PkZqOLkmqpcULMUpzR36eS+Ey1HQrYp/MBuN9sh2yonxHD6jSFzGp3z5wJP00RlSZ1237MuTZkxqvRrZeRhV00/2yx88rmHH//4C0f2AA2fVe3GAIa4EtVeZjJi6PW7VFuVQSllxVL292YogkAdOTZsr98LIhzozp/tdstBm4/wRcou3TVAJBjaLpYLDwnNPYp1Ma4i8cOlXIuweB8zgULmctK9jUtle+z7otHtQOdkT+BAM67P/2ANWeoXx9frOic/mQhXuiNpR1A1gaevUDF8v3zco+zBsp7207afYmB+iS+gNCASZWmAFhTC8EBTdBCmy8P1+E7e2ojgW870xFT0HGxHxGlA4BvF+7117i5Nqg9fbQJdfM13ZJn+MEViC1FybIP1MFz5/YU50/MXsVed8qQR0hfTPQ4OOgOHC06B2laXjMl++nZadFMW05sB7uE3jA52K7r3ZpHkQeVwRiD61kreh6qTwx7lzd8bDAmsFNXDAM0vZrxGdDUT22HwYqVnU3pzizYScPwD+tD2IrfocOw8uFHG8bckRraCm/SNZ1bFC8LxstKXzZjvvaSkHhDes3QJCnXj+kSKe7mgwCJduuoXVgQdBC1NkFh72tMYS8MYr0/nne1rW+cotgNR5hTyIH/ixVBNiPMnVurd7leJB7s7a1o9G9mOVHvzoINOuWrWbspVu+sTa/jnd20tEltsryd7X2F3kB2lICTrMI9oKHiMs+/4ZfFds5plXJl1beoq7/UYQjw3AecY4X/3WpkK0RkMFAMmT3lMB4FoP8lIU7Ne9/QsSFkZAiWZGcIa74RfRkgOHOhm1ALIi4jP8qo+wB0K2xbonYRiYxLBhVabCTuWonqlmOOFNjfgDi5uKXpiW0asWc8u/p/VFQNxeR41jPwdt1l3K4EaYZQI1Im8fNxSTUrAiGzYUzxqoqGyFPVxO9n7Mh0Qaa+/3xxQry27DbNmNqHzpUa3jO5DSt6H5r5PJp/EptJBeKsQD/nELzQFRDhiNusvafEC22GiiSrMxTFL4+MQARb7lKaVrXh3p52dJjhIIiqZkq6aDi5LKJZsP4CAIYwAOm4N3U1C07nE3/EkiWoiNFNo0KAJSlfQHXR1UPHcMSv3ji16Vr3LorJwoNN0+wx0foQqz+M9Oci9pmQ+l0C5BR9SCd4jSOHl2c0AJ/EQjqcJz+2w3ntC5lVJUpihy+fwmF4/DWRUxQrHYcOoG5snCRTAdcPnuxn1eL1VoTDrVIBXv1EOHEPEp0EJxXPflOhHPXptK6fC8tUtr8ZUAu5FCvJfdX74KGiWxYS94VhqHX5X13GP4amX3VKrWMG4LgXdeE0C24zPZOp9gjINL/7rYkPo/X1VdlCQmMuKIgMEKkSqAk6NEePb/QizOvdVY4LsPFSa7O3XkiDu2EIITzn+Nphj5r18slz+f8n+IUPPSFwTyn3RGnbEOSeS53D6ykS+r/4apA2Abmq5kUgJ6jTQAVuYn4xMM1rNgS7ORRXQ0mT4ZwdqFbqM0H6GM+JdRO9JnRwdJ7hBjPOrfygQpFR9HWkkBGZEajuwUfTw1lHXMdk3xdcSPppeIpzdPzb5gWoJhQ96th7iKaCSu26hWqCVU3cRpTuB/8lW3MUVFiLpiHoamVjK2SdXsyk91UMk7G47whvRCsLNjgabLmhuPl7qhO3A5XCgPuLUzLC0+x9IW4AqKbCmzfNFpAkTwIb/tM5RGoxnGUGrx1jJbAQEJJrryxDssQDLlyWpLG4oOF9/SjSCyKzZ8uBqCuWikGMebidV2ZWZijD/+Ge82P9y0YX1K/GxQ/+JGYeQZrWPSg/xsPvYL6eklzzHTS4uMKfrL37X9GykNleCkCchyr07qL6yOUI9uKmz9I/AcpXY9VDgWWE9MGLaR3iWO8bPRIy2xrb+MK0JYQWcg1OpBmVwDvnbOQXAsTxSJb9yLU3DDumRTYUaWhS71j10vTIpHLZmGOYkD8zI9MH5GOVwcnwp+65Rpcf7gCbEBdXlOq8YOpWaImLdyrNOyRzo1xAuwEnr6y7gkWeaBQML/VaVmRY6SIK5/+P3ss6POKn3lZDU4V3o22Jpc9oDgIWs64EvAscvduOH6YqT/YrWd1Vvk1ZI0087eLLo8qbY4PRuOvaAUbeZjE7MeFZHg6CCQ66q7aGd6qM2uQWeMpQ4ywIxCi2L4V2XQKiziL/R5pjDkzP9NOb57SGpqQaxuy5lynXPZcPjEZ4Cdh8aB26vCSUszcvdPeB5D6x3hIo7yd7H/HSD8nH3JhKUcRXi8J0u4ZC0Tp0yBzpgmnGZDBdVOSyxEXQgcSmPHyKnewol2BgMv01+dp0syu24jG9YUncGPiWfmHG6lYKOAhMtWP9GXTtGccFUSQ+52BiWzJJX0cikvGEXaTCiQhHUFd4SyOUoII1yTMW4n4FwCngoGQpqejOkiJwpAnEBBryH2XICSn3Mu8prQghce2qEldWpnwNRrD76ly8gOcPeI72V9vu7mxjdt9kXMdXVFQDwHq/GsaRvFXfsolz9lr20qlO2ikNndXtinYZjoXTab6qzGxvv8628ikbnPCKglUlSu0+eWiyUYr2J/P928tkxDRKknS6mnSQtpRJ4+6Or9iBGXdekKOiPLqJmBZTB00SwaupMHjVeOdCd85n6ddZuOzz0bSrUuvvzXlpkDs+TgZ8LyHFBw+3OZu/dX2HXlPwYUxIHOKJmdLlPeIlrug1u2u2baJcIFEUI0RvUOqbfxkMQI009FrbB+mB2k+tT0NAdCcvfbn53Gy/eYeB410gN1xqkubjHo39ncfB4qVMBTdNibM1aI9Syubz8W/rNesR90Jf6V8bi2gURevPz6T4FU7j9emiAAEt7x1xSjjFijCba5ZJsSA9VadT3hVEMkLO6UcJD51BDt0LvSWo2FRnxFnO+mXISFJrvdSId4BucyfsTCh6bn+KM7dO+Eg6x/ZD5fGx+GUowOU7Y29Pq8N81w048uDUW3XHS+Ubkqi8FYNbGFsydvfcbtP7RxCh/xKFiAbpgW8xf4vW9NRBZQsRDYLMKcmwL3x7m9jdUfp72Sk1oRLkuILiiiIz5tapLRsktmc3inRRC2JmfxwdbGr6cU4uOvliM4/RNg8ORPfJtKzhJrcEps7PygvZTU87P6jYN23jdb+oeQpF2A6JHVnz2jzdrXhcTPaMwREi03bBIpw8Fyd2C/1FW4NpnMUciHKswIDeUGiqTRPzCEwuFTBQ1npH33VEG4FnV1b7m2B9fdglfaqCQQoMXFQU+ku1txO7uOFK82ahTC1bvmffxZW+sx7b/z8GXMAFZAjTjgBP5VNEH9TbpFBpuwl7i9i1e1biCfxtYJvqs+lCO5whOhl3Z6w/29IFsHtZKi9qFAhfCp/OXZSatRVOY7MsYhJcf+CdnBH6sReVOE2KtEEU/BDLy5KupCA4xNtGJ9ZBzYTURpC/NJj3HThe3Ho+FWKwxEJ4bf6pNDJK2ZvXDZMQwNwF56zSFmJpQlsx1Y5yJ23E24ezTDRysne+g7cUBTOXHvATft8pmuZnjbve0DZlQqrHrE/iWAg08cGw1YK5T36GFKf2uehgwZ+IAwpZjYuc/304DBFq9eXRPSenB7li3+sdpv2YWdwoySVrZYeJIsziCTvvsKnl6Hc9lX9YxgaWv2hxoISme0QJdzZW4g2UN0PoQ6Xfrfu4I9Ksx3jeKeEoYdQjZQE5hS6kBJdgN+dYkA6/bKQtnTj/q661mlgKxAC1MseOAk2oUHrdkQn87OGlHkK10PxTUlfo2vpjaaplgYgkkeZfNU7jY+uytFxdiuUpKU2sWm4Nx2PkDQDZSHAtF2NKLS9XfICvQLPxjpflIj0Xlz8NAVuDNDk7YQfMScTXugtwQftDtGhHTnLb5Pf4/sf93svoy6zj24of66Ee7Q/fmrRD3iGONtzoAljdlp2STO/xzX0wn9W14iHc4m3ppCrKRBVdN9ZjMn4SHXiEgQZSwO3kHEk0pxpnDTnUHstiDgLjfMgpo37QyOrMucWRuS4iEKINO035MsdkGfKTEqoDmlgTQ/V4ffxbsFBiA56JmUwaKuPgg+iO8g/IGJDfdop0GZo19YLkwgTtFVrVd5NC2uqtT2dhbZDm/qWE+mgYCAcVz9n/KUF7FffgHoZbYY31eZB43/aGBsi0pEZ0cdtyh2oKXRFN2YkKVgrPFPLFPKAx7XcN5WdU1xOB0f6LvgcmDMOwoIiBa7rvKt9OURgtDPJuBOt1FfE/chCtbPRH2FU1WQY8OJw8A2e0hd3Hx8IU5MNZ5S8Ek+mi7pjBJKRcIuk3PaxfWtSYJbqhmyps9upTgSeAkEzthDbjiiKnL/u6kUr/77y5OZG3VOs1XWs6QTEW066uLWKdXj+jpRwL+POfISUke86B8OTe62eCcDDKAEn6EynXJaCTdGw6R/DwiMdUR92D/G3kQW9PluqFw7zdb77ccxWWeVVFxXJUTgF98MSM4sQSI9Y4js0p3UEg8PJiADsA454rZU5huKfx9qOXD6IKI2+vB83M2lF4WwaxnO6cTyWT3cC3+F3jEsLq9iLH01OFFOr5mWv1AQ6aMA0+TnlIuZw52075TOIs5Qsf69dS4WxZnb64iQtE/6zmdFmXAN4gpkXHPJIPIGxcmxrwLO9rKujOUgFPRaL0j1Jh6VmyOEE/eAqWRAqeROHYbHaKTENWyf611jALkuniB+ZcmMDewcfyWTq37S0yrmz8V9UcpisrFeVt8/sEsjbFIrTfe5OD2nmgGXBcFgQo74IIFfTAcpwXK/ssN30ypFQULuG47cqf+OO3Ata5oZ0jH+nBL2UkjNcBBP/16mKCOvi0M2u0PAC4RIlmtLz+uy3FZNgeIHKWW/eynCG1jVfF+9B85gJi2pMBC6YYWkrsOoab4YlZ1m2/+B9ALax0xyCqIs1pryo6F5rDICtlo4h7UQPqkqUxxasD7M4fhHjQtHL0LpsLpXMvXJLeV6+zQ/Axyw9qsh3ovwB42syhm5gdKqKfo79QDkDfXsf8lA51lspor+lMa/PzF91Nd7dgclVNfc3QwO9GZR4V3/J1ASiYe4Gai125TlfcH1E91HNJ/cjSYs8EO7cDajpbMFg2nxJH6L/FqmWs+8WGJ2pHs+BSYEPhssXgYesutO1VAcgbmv3xG6kZFOlvyYuSbKvfvKPT6uKbkNUTFSdTGXPbqFeEidZ3ZnHBjwpRNt1qiGwW4crprDeJ9iriuItk8xxIOejhe42f8qIScFnuSPsx83FHcI4vbvPgiqjXxLz14uIcfr5K7U4VMIUVYowrlcdTJ3Lxds1l/PDhVZc871g0LwRDUH/FRa0ALYBbOT3/p8S3y7fk2PS9AxqrQHCC9bydfwaRMKvwUDX27XN2YDPRshXFB4rlAjDdYdvnv1dXH/dUgT6xNJHk9BxT4GzhPZuc6HoKz84AmGee8E9pLF1EOeNFEnLa3ckModHC+K99/UDSXdi3O7/3q5V0KTDp+xg+aZplG92xg3tgSWS4gtw93+DFsvhabx42XD4kvmFAkuQVpb7+e42mJr9lxg69a2ric3UDjwS6rK9bM8mubL/QSINGS3okviUUrdsa4aha7FwsWXommYcIONA91gRWIypZ6/w9ZzfYdDGyUNOU/GkNmXhASnejXt+5j+eQFPg2+zT+yHxIixXLVfiPSfyQwfgwpksc9FH4cJlSK9LACtlu6VscSUwMn4Lvx/R04EixnmLbp2wnTD3GDW9nGB8m++4DJ6k1QVTpLmvkq+GFS6scU/BqCxkdvshxYpTEgVzIybUeFaX7TQAveb2oAT4cBCpYU3E0O5CRSEUtS7vhb3BBd84bH0WHa3NJPTBEv0kBVH4wpoOUbNyD8B4gxCnavXIA3PFY+6mMOo0BvXErKFE+ySDkcZBemtq7KPON240y/uY6mXXVGh7LteSRgXApxxDyMJjawYUfK9l3NKAbLA1HAerPutWphv8AOjnYP4UmfqFD4KgDD9h068SmdsFCD75iyKY9tJcK6WI4rTvJPq5g7GdFkP6zJHmC6Gyhwc8EPlj4Je+fp/fb8AOLb0zGMecf/jHPY0CVvl+3QLoXZ6TRWioT92hlV5tae1c5xsLetogOxA/l7TorTGkO+AoQ5tM7jAr+KF5KORRsh2EASQ10IDDtzJXCp0BEBJ2xWYRrxh6lqQAQF36jiQD/zakuyfONJ6gf744HO7yjfQEUaRYxdmRJPkGTYRDxFZ4yktyO6sakyguGxBWlTS8DGFHxwbZWfhhdyKoSetlcvvoP1jATihxq2f08wUbUhVEJA+5AjJNEYXZeo5Z9OiZz4FNGpauLaq3mwen6i0b1+PTK40HKwHvKmqFtM7biYkfifjlcZpqkblQhGVXkXuAKf0Gp8h1E248PR0ekASEXQv3g4f8znwi24oC/BmFrG1ej/oHv5AGUbZu30S5eK127fYtW91xfnHr0W2vIT84cffsTlsjQTxI7ciSKXHj55A1CWaN2V5RMWNNz4eI5Ipbm2v/UzIaxtMu+Qkw+1ZU2D7/7j5pCjSWbTYSw+8+5N0c16VzvcuQ0+oC2UFytuhxPLf8bqLdRY2Pugnoe53T/7Dc4helez+ZgYeu+Ka/1iW2287Aosd1EyMkEAVblioeodu8bZihSPYol5LytxE7WuaGSkz29swUfwwepZwDX3xRsg0UorS0kmepUouDxD8C+TRWu9tTyejEKg8CtiY9yoOWw1a4+MzVBZ186ZQrqiwxOHq6RgakaInSuS/iXWltM/HTBcSnWRHnpPFmLd1Uk2HDreybK9f0lQH5CoxnHfASPPpJsWIJJBbud1UfLssXNYmTtJj5QfP4ehPvQnGDL0pfKVPCjmc2+fFnShzHbQFARJtW7bxClAM/VEBmjaCQhAxGgbjrSJPUb/VcaavPvcFgzsWrR9G6lwFXtXTY4mbM7To4MhCjwJTlF/00NO5LPt5XseDdRGkIs4xSip1POmTX0ola/K7pTlsUXvT5ROulr1bwUKlY242cc04dQvlgVpYaCQF+JZGi9vxXB9ZzjRKWJZErDQSAE5Yy5X0InpCOk3j9n23Res3G0tGOurLkXQphQ+Y0sOcuTq9B5RyjVZ5/A4xqCCd6P0f+IedImw4ABUJDnACV+KkGMmizqFkWYP+iuc4+JGj7cVMCPFr+AeiqtJsKEZRjxuhXt0n/Sp3BJn8jcZcrt6eM60Vc+bQ06yXZhOYL5ZCMLFhhNVViPOd4RczwDh3IQfY1imsvHYUhHIAIvPmNz9tEIwRWLmRcziy0hbd0WUXBaZM/F+NWhcYD9+uj5UiNA3vUNMrQ46GulfYrrmlcduPBD0dInUBMTSvFnMTF1THlMvZcVhQyu451R5crTj0rR2uyF6lQ3ctjRuShtSw+T9iwC0YzUH3DvYHiQZ5IoAsaL9gBGVgVjDM8NXpmSLbgGCpqJw6Eh2awl8xMkejt7QJXAirejagAqKrenD4FNyks0doUICu+qaa5480vkokLgVjhDwC4ZCtQ8TKPGw+R95ImQV/Md0LAQLM9iUT3myWBMaRa5fQXNbVueyKPeu4gMEsk3BS0x6KYmT72IhH9R76i4UlItW49AMlG0p7hpp+Eou+3Lc2+mdN/CcUSR2Jpz5aaJZQgy3xiVEwoVYH
[2015-10-25 08:26:45] Phpr_SystemException: Partial file not found: /Applications/MAMP/htdocs/fars/modules/competitions/controllers/competition_manager/_list_head_cb.htm. In /Applications/MAMP/htdocs/fars/phproad/modules/phpr/classes/phpr_controllerbase.php, line 113 Encoded details: CUCtFqM4JM56AZYG8UkvtvL9B8zFB6hPVMxwRD0KxyVXqG479PgJBIuSKbWDxnYwQziAC0oAaJeu7+xqk2zM5MCC8Pygrq3jr5jSiCbbN1sv+4BdSlt14jLanOYMAOCIIj5bDGo/C068BsDCYAu0RfViBsTJCSFmg3D+jejgCPaPcJgM/JAfX5fQuq0NYY8BeP/44yl1ko2MsC8nc2MU9Bjf2To8ugG07FYHn3v69rHLE3mbN3/BcCfCQbfgp0gXCnmWdAAmHpvB71ab+D1Mrl4mEql1YCNPPsoip0o76v8jXaen1W0hCjjmO3uoCvri3a3lfrl4PNpv6mzrjTynUO6BTswBmlQCOJAjdmb0WJzLZuNUpOkSw+BOckCHZrYOBaNglGfMaHiNySh8DlamLcNwICdY9sM/dJiiQNqFNbXlRZ+OdW09JTMIAzkXqyz03RVBJ6eQYzU3WMdyNisnYopxECEn6jYtdKAyJssBiCn8hkvIe2hTwKveuYrNMoLhaMCV7HLWk4QEtMHW9V211uR6HswPL6E65jo6zhSb7FTNhx1kzUIFdXrOQtFNEhKiSNFF0HUFdLINCYhaByHqe33CV24CkDO+vVyS2op1M0uULgg/PzrXpdBdcYaQNIjfUIvb9ZonqZzi+bTxKpaOpJS4dXLmvLXerd0Fezijiy82YcLbp/X1CWctdvCJy2vvysbPI1mClVEuaqLCqP5sm3ivcGCy7EvN7dixV6XImP9I8ij0T7C2QbfXCnbdnxIHTbA12ubuSTplJULhITHxUmw6+176Jey7eKe1DmAinesbP5WtsbZ2UnYMpsXondOByVHirvnqXEaZwc4I9EuLRUmFBouTDn7o0PXCZQMfUV5ij8rzdmgiGZHanvlAwiOd5hTDa/2fDvuHf84gnZ9WFk8cFbAKeTRP9fjpBaqDs0ch+PsUycJqUc2kQzvgWnobw4eH7j9FZ9BB9Dl5Jy8bN9CBkimFFVfpaCtgHpYeMCmVcAIAXrlevAs2Ba/5TimPE8qkq7kzhDduzUcPSa5MrAfRlgsslILi7RdQ9CxpvpAJG8YPuAjpP0hchvwiKampmroJwoFc0Cn/ano7bdhWEvfj6by/4QhcLFWEdPwqomz0P+VGouk1Lsg0NY+3SPtmCmQyknsdpLzIqs33rBNYzmCah6ch6c/kw5XiV29qF1mPlUlrLsumowKCRCvKsZ5OtIxBq2SrbEA6JpVJLiyrzWaun98nxuohVXC/b+ZAl0BQq0Kc/O58nI5IFSAI5xZ+K9CwffzIZR6s5n/Bbfr4vlV7cdKGQzIFv+ffxguLSe/iaEwUb/Vp9p2chvZ1Rq4Y2346SUxTmiy6jxyHhnXKMNkPc8fyTwhv0xwnncpX9vgWjuQCKEznhtzr74zibSYpdknk8X9hz9AtNmfiDBNXLzzXyRZy2n9j20ZP1L+NOuUiqWzQZ4+vj0+8buUdbutFtJ1+ZqWKwNj488SlJ8zat5T6vhSSYUMpw8W5zFKahwkttwLN+ujGcbiXFjdjS/Z5tbo7bOW95dCXEPiQErtpxCc6Zc6EbAPmOA6YONFXbrpJhsBiqmXkENEUBQnCU0Dvc8plCMLURHb0vtIg0Ihum4oiy7af3+XItjJ7OqMELvhh6W0trLkJfRm98dI2LBzLHgU3uEESzZsvVATNm9A6L3bXk0UdYOsTrxojXw6lj/rhpO3cjmCFFfJl1HOGN+a4aYnzdQtE4QBTMzG1hDyW5iISMNlGI91EOzhOSpPOu5GP8x/ZwsdGIOU8EX02v6b+X7YY/pDSkL3cPwK62AIuJmA4HfWZ8hDk+wT7v0McmAAJqNkVF+xxedO38NdZnxbIaOQKFQElLMKkRQxW6mNu/hEvO+8ig2yte1LwtxdaHNtPeCZdD2+ZcJR0ch2+FmHVCSuq9b2gLC9VSwFpt7KcDjEzLoKkQlsI4RwMXOcWLkE8qeOL7ooWnihxdXbs9R5ogXgD5kWMT4VHZnPGOUt733AVXkM42EQpW6PFA66nBNeZpTC+R+uaXzXKjefkVT7W10w4nsT+WCHKTvr1mGSemi1DwiBE+eItbw4u/gbqizORNMbDGfQIJAfGGlODFYs7nmJBkkG2Ku129XQgVEkKxCiK/OYNr5lC6hl9WjODK1FaH3Ut+GrIXfKCG9tMKr10xq2bYkNla3sAtHx87zSNfJO3/cr6uUFa2t2+x9td5QckdtKUtE+pEElgN2gNosfvqnxhec75jDBryG3z0qwKaJryMDt/d8NiqOBto4PY19hCWxRjqvM1hZ6a0OP3HBNHzD9DE75P/hMbcbVThFtyJS97o1dVX1XA5UkfYUF7MzKeNh5p0bz+xsnCutHzqMMz6oRt3iVzpPXCHT7Z83F6Ec34lEJpkSmSCawmoOcS5tMyMMQOG1rrXl/QciYgq2ax3ttDmySlNPtwtRtAw0F5sMsoi/AIRIUlu+/rE5Qi3x2ltYFHhPseemmSZrVKd9okgn3ZUJecPV59VI8C6yXpmo1+vC8C3CW6SuRP/8IBRduw3+dyCRxvmWABTSAmgk+7RgFAB/VHkW+B9c7XQ8GUiq84L1bKEUn6b/+Xqf+WRijVPeuFijnDaw4Tx3SQ3711MlZYPKKB9oL1B/OUG41+VzzbcC/BCycMxApCT4JkxonMVkzNz4sxnokhgt18FNQvtXkyBvP+NvzylzDC+ViLGKCLQ09uHi+j7aoYtoNImPzLCRGHr7hfXdB2xiNtTa4XxglSEHizM9t8dCq0giquGsV5GO8JIGpNgC7yzwOG+DOcKw2UTeW87b+8SI6WKHWNk7KK5rkmIUpnLduETv/36e38NIDsfiUMJq4niZpx0D0yEeBCVTVgsGRG38DWz/m4c7le1sPowC7CYem65zADvik875Dc9gU6mEEsHDCgw8OSAAu5XHSs5R+j904dF9QXuin9QXuiiIpkPbHEsqfgAsfIWyuabP3Ah3W/STVimhOAQRLE/7xB+UmBa+7keb9fq9a5sFn6h/w4VBS8fIgUZslRWlIwV2AyIKQkoGheFcMcqJFBdiWp6yuayrx7SBhiCuALqG8pOYrcn2FHGlqAHQ+5FRIPINyudlIxadEdPhE29al0P4SQkcjJx7BmiS2PEFZLTrAIcm+O2za9v0yxEcR2Zj0eZFv0gl8cOHBDhRNczSyXXlXylOGUuoUtlq5hgBwwEl9YKSjmKzavrDf6kgXPxNY71+7lYGk813oH4me2Ms4fzolMp/wmmeYkplL+JkSRpb85jt0kDgBsnuK3mElTDxdXRc9l0pepUIOYV/br9xzAGT6gAT65MAB3dj8tTb+7NhLIw0BOQgBgneV+1zOyEg6fXt0NcXaqOOU8Un6jDtGi/R4RsYkySv3zHROkLKRgc5CsjnbtXcdySH8UT4WjCucdI2ziYI38vYNxUDS3oyuhx95sEKkzB69H8HKCrUGhu0wHwLCvue2JoV2QxhOOyR43kDGo3WParnDLKqVbzVan+kKiP21hExtLdLrUgIkmGyrTAKKP6GmicjQstb+100U9a3AHSbuEXFp4Hd50/BVm1LJUKQRuW5KpK+iiPn91MpPDfU+yTPnwGar5DHOpivPLv82S29DHZFuSNinaRGEsRFCIPRfIp8wNFDBH0BphOWbZtTRrC069s5eja8hTqfcwzf7untI6yHxbWKyAcAelqXr+eev4Vw4M4DMamkWDHWLZRgoFeHCbfLzDbO06LiKtnIhf+fiq5u0u0qYe7Oq8vGO3rAmQGV0GTFrjzVduqdVAHTXtUbmeiirvg2no/UAj4WAx8qAfECXW+l+yTGUDJq3N2uyOlfNaJcaRrvomMRXuekN4UqU5EVsmASOWGWPlVyNrMF4umYho9XAX50S5x1mbiT+Vmx8hlqwV3pJkeUvkiPWNCrIZu2YN1QZ6fygjAMpsg45lptlA16bwszQinFSMEsR3iPIdBFC1JAHuHNyCrhiEEWtyWjH/IovvGjr734MPZgXGqagAQD6PkVPITTEYRpLH1BdXfdtje3nQI6HHkdryAfYma69qOnoeaKusgbeuMU+BeTlO0qeS609XqFe6oNXo6ou1qRutiSYF+in1m5d2N7cVuBYKMvW1sI8GW0U7rKZk+j0mvYTqBYk4olMtRGNVMq5Jp9M+iG6slIoOckY66TPyipj7roX0gZ4cwwBhOA0iNktLsHm4ikFCqu41+tuIhKI9uw81PkuynUKHD1fsK3JCp3Uxp4JwOwj2EEY13rz4WOH4dNedhoyrmMIVasP87k5/dpO4kZUMn8aFZMeD+80FSATWun62N4mnpdhVaGFJvfhYCcVWrI6IYwMpYztS2hb/32TCoWOr8d062d6OuQgZmlRC4RFvTD0GA3Cnfv6RX+NjSWjS1yNfop+vDe00vUcp14V24ZGzCxsZj1zmBwTlCaFh1xJSF81o9a8Ant0O4Mqn0rluHxhNYkKBk99+Qwd4XnxeCde6XsjSdFVuowttmdT5GJ9aaHMFqEUd34DRDwoUBnzACs447yh/dLG3wtW35wu0PIyPhte8DRQ4dOHepb7fTcnUD3Sd8NPwOeZiwJfxijh0/hX2CTTwXyLHkSUAinZcxUFBPkU9tRv97qhU6Gbv1KB2zD9J3MolxQNgINWXAudZePJSc/MS76LM+Xxn32T545oTD79u6Vc7rFsQDwyZ1KaxwvOLg6BJJ97g2UXevMmDmXC7LIhXGBE7HPa2nORHJPmY0nMbG2dSP8wnskmHR7zl5rGKUdXl1Y1o68vUwMCSj+tv45TrQ6Jn5LWqu+Dn/vJElATof5NtghUbGMJtJ5H5DdHtDiHjD3mdwTl4Fkmjuc1zWZ4EaIidfTPhTYUAMegXK3WGCL2TNypEXEF+8tIrDvMSY3veg3XK1rSzkOnOoPl6k3pIv1XR2w+cIJWM/on5E//xYBXWr4pj9tmFQ4ArOZS+NWwlZf3rIuGKu9GlN/g4ievHcHVPHHLlYRyAEIYbNqiss+ZVROJrZKmTZ0lz9mP6b7jOjOd91scTdIYlvOuNAnBoXkvS8YYhUafxY0ZHVHfkwYBbNd9SxgxkqXdj51IiKuKo0aIkc26sLRICae3slB6agzjkLCnKYK3/6nsXihpa9EKoRw0Ny8SE3ZztvTzhM+SzHvhbk65MKwWaTcTxDX2aiTjOZbVa/3TXvf5m1xfsRdLVi2xtHdQJRGjU0uULkctFI/u28WwDsSwue0xOX9aaMB4aM5RgGVKKaMNyl5Ag7u6ZT3SVoxGdd8sx3t+sDA7R66gohwUQZ3m+amJ7G4hVkBiW7MUcwPQIl+J679znYuzrjksqFX+HOJUNPIGq9r147M8UdPkkCLbMVUyUtgTjasFP4hyjcwimYzKmQfVdS9ofq7lfM8OLldTIa0P6yVnEn2RxBfeosT4/4kUyMG6rg3Sinr0QJ2misjwqLGuX4lUQhXshjwaWcucjIRO6ST8h+5p25Zgrjjnt7X+lEv4sRzpT8ldspeSTGtC5aiT8+7qv4QPCFoHwOb2vfHoDs/2HwjyBMZpHbCnLFa5Y+ctGVQXSTfgAdJbhcfPj2ljLje1J7IG+uU2YMo8Tl8JEMhjB9nTGVU3YOopi/IUH2rEy0UQN14f8x10bgnpqMjq0eTvK2CWBYizmDhnUKxoJ4/M5YH0y3aKqqhCPW9wIdENzEqor3CI+RvahL3fZeVvhQPPyPIOTnHEBi2f9Vd6fIaMt/NXAO/b3Dr6XTzM7GBFp/VQhjlsToL2Dk0vEI98qUjaV2lmtI5LjzynlJ1OqqG9S3c1+JxswXamKFTis8wkZk/BQ8lUZx3Izi2azvGZnqWoLbbW1MyOG82/SOU1xmcKzxumBh1Y4kAx+g9meLXAeqEVayy2r0ORsS//uQuflHXozPI3KeO2u0/XzdBN4MHo2FxLuNzQc7k7ijkaTFUh3EH2p1CW/EebdgIdK3Xm2JgDMD/nB2QF1WH43QgIYtvojQBJBrPHF7qvexn2M2CorCxsW29asZwikdbkqGCyvAaqJzMkWJMAaGfSyVwrVmdD1ECWdhq7Ieg3CSohQ8mwNcpnbWT15dtLY9NhxJWRyJexP79+HscHl7wPDZZlOFVaSC/gKy25NqJbFn8kYv2xuV+QxoHVZxunH/BNUpHsOfGKI0sNHd/HVjkPp/CVn/tv/6xiQYaD5P8ihUY+tR9DFqcqy6hybKTAZNslOLaLBQZh68X4S246+YwvkBjo00v9CkhJfgeFswLvIr1x3YXLQVJMRiEESQH2JAoCjyshEpEF+S+Q+iycwwWnPjs0+q6Rv5FbPJCxM2AiaHuRnXTxLABON2/gPCPViTu6qPlLB6vwtlnz7YP+hmIDdrVy3yucoIu96y+1yVTp9kaWHvsXx1uDj5/3P2V6cgSTUqo3hHp6KjxV9Lk4rYOiKuZiNAH9uFCSoXYxMsW7yXpa4z72zHdY6aHXx6qOywqZ3rfUOBPmhsmV1xtZ2FQl1fUG91Q3JmZaWsjTyEtLyActiAiU3DGYTy2PN5bgy7Hd//GbNYgd3yoxy3DJOaxi+CQw4OTn6hDu/9mSQhRfMogvLrgaFLb3zjoESHHQYPeEsPWkfFTd9FfgqmXy1R9Q1CRTcK/XAvS6kuWQ103OWBWu23KxTCtBagHOQUyObwoqki3KlbvTM5wiT9ZnhLAUTEkS8POuBXaVVn8rU5vGilPlYD2nMidd6aPnnoZG3Z7aZNPRg6RrkVuIY98tgVs586E9dO+5/B9LNuocBcFGxaDaHM2F6/1U+7w1sdyhB3xtHZUhlQsQ/lcrn2ZeGIwXvzu4NMPOrYrqSxxi5mbD6Rk1CljQWjRIbJgEB7kZG0ZGlJi+duVhNu8RIh0qQ8B8BGvH+KSSVIsOf6svDFqfsHeFycMWlqVrsVCmI3YYW9Jd2F5k0w4Qzm51FYr9bmYj0/v7jZ3g6xLJlb9E4AM7hKC3ok0gVN+51T1XMD72vUNvuhiDdvEI4Es96HsaD282n2lF//h3aREEWNleMBT3KBmpDUkIj67h/rIjUL8wEQQe4nOlM5LJPcGbIx2XUqOoltWVwcCe1M/WLQEVJY1Q3KQhrcTIJKgLpsZfFQKWOQKSjPNpds592PKWnnwAgBYcqi/GsgBdXegYLc8+DP8ovA8c8z2C4nhBms+U+esBOWWIej7Mlx1J730fpK7Eni3feiA9xdS5y/XFROn5CcfhLPa2DBgELbemlPzGGvClY997b0Rw+W5z10SF+mvlps7KmNWc+6M1mJ5e25MWaI1r8pKGQ/pkhd8LwCruIRR6+CsdD9efD6alBKuaztbBS04VUfOP8Tzp61m9mmodSmLluh+1J2fKUH2mYNOAYBpQ+rUWV/nrkllYet5cr3oGtEnaJgXhMbWvRY5JjSNTfTxyGBBo0C6ex+k+kchhu41HTNn6LPTVUE87w19pt8YT5l7DFAOlKOr785dWF5ZcYJ4sQ3mBtfBX5gOetys3VXKQq7ioN3eS17V8YQcZnTDrno+Xzs3AnO1s0S+PnLYA+reiR5y4IaLvGoRxEtT0szjxSehu/zpfluF8rWVFpd9j48LrjmuqxC69R+h2DO/ho0pLi+ii6GWjVGyOm2GaibbcoxQTLMQA67qCQurtEg04OT4TleXh1npJQlDNoxQ0vQ3rRQkkpQG1+yxrwnH24af2LdUZOYSnQqXy9GMYpvEU3ISYO5yz25xXdgORb7XRyDMr7TmpSDpSPvjnFq5U+VVq3g8taUbpzcRqDZuw+UBJA79+WT4W9SvI1RwA4UCuGTDl/8fAkFHLQI9fPM6zo30XRY/B6nXydBDh5+cZninCgRVYpzl52pvG+7nuVRKwUNciTMS+ZiR93j7SyLu4RZL3ObUW3bWO625oJx1KUZlzkyb+HuVn0dZ+LT3N+QwyFhnuslVISYBzEtIzK8L7jUqtJNcm+KlYTra120cem0/7qe5y347QwTMSCRmL09QlYtf2IllUdM/+9y90q0iq0jBh1syJRCRK9l+E7rtk3I1w+ynauxoEnyIoZQCfiren9KtP8IvMMU/J+21gkMoSwcHIsR2dJYSETF7wD5t2fKu32OVsngBjLRu/nJ55yJzmC+EtKV083vkNogN2NtwtN15fMDxdWLjXohpJ0BRdfA5V4D44+mGnTbbYfz7vkv+XJTu1ycvJDrCndYSg7VIl2ozyNQ73e5pNf+9RspGafWiFu4kvR6YRz5eSaJ3otqy/Io2T1PRFw8VxPBTo46IqzU7UqwC4hX0x2BeXYwQcJY77YkOkFD8J+nPb9/UHgpOgeDeV5kbe0PtIdv+IKNunAfONdXcsQSS6IEu8d0RjmzhxDOFf2dSaSZ+Obbm/+N/ImNiJTtSNjOu3srMkJWn05UG01oCcjIsrZDaW5kDtVLkGU7+aI6TlNzwlwKle2HFsPMLhBGIc2hYv5sJn0STRYd4zCw4AQYGdZd7ksOajE1wOEtCFb7wAxTn+Y5R9PtF0cUOH7zXF8krwHXb0bOXNKPDFjtvSL2YIObjiYFK4sr1h23hWKT+G4vOizYLqJUxWO/08r2we1Vf8k8FRfweGOo3qZ7vUsTpqG2HirqKNmrLcXmW3o7ws1Web96EtF5PBQv7upIsEVFBZdLYvaTR2Nwo9FszFefJ+wJO6yO8IXsRi2ig9077MsrFV6D+AOOstyrDglI8hzX0yyYYjFS3RcAC4PK9t0bhzFJuBUdw9605s7O4g8XA3OdZDdx9vWxtBohFP8vKxkL36iQL+aUIc6cVxoRTRXf6EJXTZ+AsXuvDY4HqCh6kFKPnKAHZ3DH+EOTYtGHmQFgmlgKd1CCiIE1IXMeSy1SLvqxaiF383D5+nMc7yxbQcH/DelTFDDfvmX3ch2HXvn2BW/SBzrwq0ah5VvcGq+Sm0CW3l/9ONvVu2u25eeYrCmDP1E+zw2N1yVolpGevFzsxC3S3gAqhor5ZWO9KXRWZeQc2wkhHUt24MpI+ds3eNq6ncXIKCia7YcfNRWqoe9qbDKgHmAC86C17iSEeiTbSXAnzGVp5i2K5+qmUC46BlBs+7DNBpTfGLWxOPjBKOwFh/Ie0Q7BtavuqIKk4CHXBRjfSlO8ay0RUpNN1cDDxheSjmQ4hOhINkL6mlrHfI+1kqyxuTT2ZD1TST9owR3QQIV6r7CZnvZmbO3HP95cYdRkCYLUcARcG6m2jokv/nMFKHDo9+Hvp9RL0sEYSTA3wrVTnO00jRgfXkAV+IBWe+/Uqi7Ta2aaUQSCGyuv+I8FIqtq9b6PWEnGijQ3/orn1e8CztCJS6QbGcYpUwACaqrAf0xawZaGGu56y05UADrajEMi86zTeSylaAO9tOdNtsucWQF6cKPAutKwpqVbHnIuer8uqZcyC4OChh3qmERsF1Y6agaFlyC+Jss6yewiPNuKg7KcHfJJl93H8Lg2reqIPLhwIMNETyR6l6VDgspSwG+ntlTvRJlitqToSDju9he050W32SzJgsaPwcqJjV9ggB/YY09/22P45v4oOHcpg9MiJHtak8KzZLyBhUdwDQ1FneESAHbNnRvxSjoLUWGmHMiez2h4dTGB/PnELd4w+S9u//qke33jTuu3EQNUEfQVIW9dPKQVXdgdpjJ6XgBUov/LvyIRTPOnz9PtbKd9itmtPeJ5PY3DTegiYHjMa/Hfdv87rbwg/5UDVdUnaLG6G+xPDg6RehOGjJk3f+HTNwXCODagEQPSftDBvY+rFzds77cnyzpZ+yUvrJJpwY+3b/7Vx6mfcsHE1am5vjNzSJhudt1xZoYZaoz4q7yeyu9zmCwqclHLVz9d+YFTeM023OBuEET7PRw3gw5Z9e64mhdE5bLREtuKxqnlcNR2fd37JU9qpI4ZCjHQMr4OhXA8hU8PADHyMsQx9VUaiMsK1r5R5TdmAmZr+52hDQr6DFMa+cZxq6m9jdlkBHAN8UJCyyVLywHd/T+vwxm0AFFDiv42vS19PNWQ+gxZAAjTlrR6fq3F0xBvZsyzG5WiVFv+fxrleKYRjcpmO1Z2NjKErwgayP81qurga+DEFDS/r1Qdd/owuSx29/T2K5AdFf1KoSzjV4z1GZ/NhrT0gH7MYTAdi4hs0nonftW0cnEpfnXL44VKFbzzTMIHCO/Vc+w4chhR3Pbs4FBn1k+EKVWjav0DFMItp/QSq/H9IO0vZqZQ60VN2jaIGyM3BGkaOGESljbmDaeJFrO3snzWPx6IH64IMmgvO/jNyUBib/ukB7UweN9LTBeUTcJqvMeytK1Yn2k2zePQrJbwKI439Vywp0R5fIu2lfMKd0LqODHBZ97IirYnprbGb2sNO59TpXcwPiMxuCzi5RRVxvO/Fb0Kop6jjf7n9pU+jqVpsaLuic5Yl2neqr2XbX0mIuJd/VD5yW71072xWYA0wIKzqXdDFdjtceCGs1v/cBJ/6AuXwBJl5eWMWWk3bhhYpsBQAqJku+ue8A7Jx2AftkkXmav1s2+ERLpQQICfHv5yCKnHlAcrum2Yd5PH8PIbZauXuK/9MwpCzlgvhpnKC31JwNyr5v1LJyTQwrAVs1ulGBkG6nvT0BO386EoEh10WxFn8BUqjK3JhfhbPYgV3PyXlIBIBB6waw90hs4Bc/QDDfp2Bn9uzMr1dxNIGg0PLsrY9K9eyGWXluZmv9SJfAaZ/CZbEwMUm8pUJHInkHF52GipSFIa8RxtOb+pJIThtrMIeR9FKWtEW1R09fKEFnYUbBTB9EbqHNvr/yfbxMUSdPg6q1T7MbPRjrRWNa2bLHRV93MpgFFlJnu+An9qS7cH9kQX0Q5aCrkVyaFbkbnw6efz3SlCd9ZevLSltOCY3DJwD319g4JpzRZ4Sx4qEwBEXzwyVKq1GbAz2GQzi6oR996OLFcjQBW8T0nH8ei0CTTCDelJfNp/byhz6vPu2WtS6kYn9j10TqfbXl+/lePyd0vAg3PFhviY5N4YNQJY3k1nr6EqTHACVKkNkHzmx3MdxZbnxEl18hq3BXG+7vTsg62AK2r17DtBUKzCAjyKBeWhD4s5656/0mu9Upep1JCs3CSjTXJHMcJHtJ/RhaJ/P7+we2fXnuZhvBsbXdbZ8OvqYBmjfqEfk5tBviflM9e5Dgdjx71SstOtoVVxBQZZf1RGZX+ewKffSJI50ol1NXPij1j+xT/OrOJxVIWLnEueUhxgpMSa/4oq0gXgBn+sC4wORPW97TCMWXepkfI+l7RTh8ubXNhHUDxE/x30rHBF8R4HQnUARwJ7MaoFjrITTEbKvjgKp9ne1PBLT6C53UetoQn92KjgeRcBAAMi0MQRlc+/VC6yyUs04n802Pt5/T4e52CCQKkEmAMBpHswRfu8FUu+e0m3/KSE965x6NIIcFIP3pHrgQjKQr8yT9+/EAvrc6NGDENQ+pRQbfpeQhJV4XeAggU8b9AKr2fkWWNZH6n2KG8nVz4kXI73JfBXPdgp2ng11eAxHKZIJea4/yYiVbKbcGPNffl/G6Nq50YLS/0vg0okqN5WcFsEsicdRGz+AN1WRn++x5lKULXPTySuVxYU7ZmlySbjzGBsIbMol3kmHDIvfiKpMrfHDia8rBp3aZX4USWOqh3o3o9RV1W0dJP1ahdBlWMnvVPMV4sIwCM+B1U0pkIMv1C50EI6QAuzsT3MRYGK5yx+xlt4sQY+i+A1fZy2ESvBjzPzoo9w9vXUPLNh//T+x1YnkWOO23n8DLsEG/fJzqyJm/EUGQetEkwbgYqUoLH8nchb5x2FPgCkv1aupKL3o9JuxmErwvAbjE1aXOkqp6N6ohUDJXNlgPDlelc+AGpbIRqm+Q+Dy7Yjvz5bPu4OODei6EtRZEVJ/4z5/mrZj/ZCfCkPnhe9+ZDzd0dtmF9eau3uF1ef5s8MNFEkT6l50qtP0iwnNS964W/0h6kTPjtWAuXVQJM/QTEeKMzE3D8+jKeJoQy6eaJYO0t//opGAlpLQrE1shPX8EtCsG024Mq7qMbEfAD5EgfDvk1++GNWfIGHNdX+1fjitBnUIzuhBCiZafBpLpzkpt8ddx97Rb+CxhpVhL4MEwXwuFeFnq6mSnZC6QXFm2lYBfTMvBnSSzaUX2B6Zjl6B0FdVVua3gg5ZUW2LSVb6pGCra8fxMcZ86sr/b5YHdl9bd8lxqLOO5hWREmPgBzfuopuxWEOUpW+VtBCVIos8w4TpXmeVdc08hGaoAoOWsm7mOmp34Ei5AXH7IJ71vst3fpnxYwcWWe8Gggv9L3kpD75zNV0ETHtGOqC38zqB3Wn8NqZLTT7pwVKSJQHbPgoED2FE5oryT4Q7tcDnVVUkMpjwjJgFXloz6qyV7SWWa3I3PYFTs26lOLWsFTnFh7xvT5zS76o4apmBxylpTL1bf08kNDmYPB7ls0UlDZMchYxgIUVo/M34Jen9DVPIr7/fbKvb0E3V0WZakKo6+0qc9F+vW81R6KLN6AQx43QVcVb7zRINS/8wp9BVQgm0vYNHaNHcTGZAcucXDP+ZuNVk1UAph1rqJBQaJ7FDVIp0VgQhx4ll3IJsFUCElFYgsK2aHTVmTxgAMFy/MSwH36pc/iMY2bnfKlPDf/oXP2v9DPQBawL+AkONRp8AgfcMsZuVCAGyMCzl9nsWfBRZ920Pxvfgbpdnw4K4sx19wJY1j1WfUHoy1hB2qp6uu44OR/yWudsizG1rHnjKhsktOZgVj64mmNbZ9H+HgcZVaZ+MvrEaQBNFvtFO5IWzcquKQFK08upUCMBvoQWoEUo3gOfT6Csv6hFxT3Jiwc2M83lX5FrnnZiTZfctDmj2deUPGeR+9GMouuFn38dGo8xPQK6Rb7QfK4hkoD8qMH/8YFB1lO5ZCbIkWb+IvwStIjlKP2IDKi1zJH3DNxXLGLCfPtwas/ZqEFPjovoEYU1Z13WOL0XEw+BmOBX2Ipc043UHCzH7JK9Ach9gJAuJ2zIDIKAGOlE+zA9GaIGabyssyI+bZQaAS5TaJaI6Xq8xQQVOi8/OT0lHK4dATmQS1lbgwcATqmwCkCIbrhRjZFXOWk0/MR//H02RxrcW+dRVCd382naM1d3pcJjUL/a2hGsbUZVj0QXxoNhv12UrdF+I9cKZqPhDBsLd2TpgUStaC1/X2wlI6lc6IN8o1gDJo2V92iCNeHhwdNqJkeCw4aUK8IGCctH55/nei77SjQBRT1lh1dBN0RVLirw82uUJo10JXwviiPeTlV0ajRgx7d7Mlv9tuAII7JYdot6htFd4jmFky01GLceZTSSSNq44N5OQHMnyUi8aRydUecZYurYn0U1YB95MikkJdhQUe4Zbv35Kij3UcLPXLgvwTfT3z5wpuiGYTuJnqN+9u5WTEDZtIrjdQXDyHKCfmUMEbV/q9sjpXlyGUnqMHx39nz01k885ZZ8ou4CVaLOAeR/gOkWy/QcVgBetkRmnG5gO0UluG0BbjmuVmlO27GkHr2IOs2jJ1aHzngFTuwUx7DUTXgawiO0D+cGgWuCufjnfaArEtbUOuyEC+tbcdOra24zA6hd5TBDQoRw63PhYDQecHnSAXTB+rXCRZ3mnmSab9IzmBDR90/EYZRWB3RBBDwtab0fl4iTYj2vt8xUJOMt8clYheBggx41JhQqQwC5qBvqMegl9bgQ5/NkHs9s71pFjh7FVXaRHCnl5rQM1YZJYJeKmO9M1KEKuJpGM3516oxsCVo1qtOPnoI8Nw+xyRlFRVoWowJ7uI1gmPclM3zPzQsTIa6mQWHdDHbfYFpCh+pqv1RNsV070tZEgjb9gm5Ze25RK6LMAHUw6clVKhUAi+GRXOd5a7kuGD45l/uRMOGPDuedsPikH+wehVRX40mD6ZKGf2HzAOiPPEW/X5t5V0mU+VPgI0KvT1k37yWgtSk0xI3Xf1sqkK5/KUrZ+j9ynn22OvZotP9zsSrq/mwKvZOhbf9lk5CW8HZHnnhA0kKOuyte6gpZIx0Ycg+QyNFpOX0hOLwZgrs80P9zKIEN339XUDXriQm2mszBFN0CbstEdGmgLpDJtXWMtSZRQA2x04nfyPT3SSc/BNM6V0o2cLd0G7xHktefhrIxF/c6kzZl3vEyLXtQDKl8AVDHbB8aR0ZvGJRu3tTRj1OYwAi+eYqYDmLoKurnR1Jzvg2ZFVd+36V1L0Bn1HA5YOi0D6F3+2UBaPsA7a/vEGhtx8F4PTzbxztM5PWzZpLm6YcD/dOhtLi8U3kN8fiu+N8tI5m121ZzdezOaP4+0wlCgVdKOVDxPLJqUW4dFvc2Rms1j5MD1+2tpRyqorbAjtKVAM7ec3MwBgLovv4pplw/Pws5Bos8S830wLHUhuEAzESqIAq58Rx
[2015-10-25 08:30:05] Phpr_PhpException: Undefined property: Competition_Name::$location. In /Applications/MAMP/htdocs/fars/phproad/modules/db/classes/db_activerecord.php, line 1891 Encoded details: wMReOYxIV0fXSmAceIWwKaX5mZFbgnxabaxOmOSgY7jO0zxehOfwXYwAjzCQ0NYnwjtAA6G+7xfZmOl+8/DXjfXMi6wVnHrTaXQiRQCvZbcajg9DLw1aU7gcxrPu6rfdoVcXXMeeaRa8YZdN7rVb0fUeC2AHKP7N2MfZie8OYXhpzDgR0JBoJu3DzzVfbOdX66N4IM44t89cNa7VDU35AUzFKINj1YqE+HKm654/dZZch8VRff6f6yoj1yW5WrLUIwV7m8vZGzfb6Iw5tKaDr79z6YooTL2CPMwFyBtWurs4MdBCTTek366zZbyUMsO2pEcVRl4RDorPDCdd3t70GFnX+PX4U+XO7aIMr1HjzfaTUClJ5bq+K+EAxIpbYghE21NEv0BTyj1nf3si+RWqHlzR/uNgSXbWZRAhgs+jsuM6Mne8Pt7oN7GeBLVWC3tx8j4uERpCOMPSZOPInHukwkpWctdrnXwXG+f37rQYAHk0yVdCG0RCsDG+M8zQ3qclMRsfrb5uj67ohEeVAinLHAB0nHB3P9m501U0LL37PsrPmHAJXxxBUqXh25Vrs1lJNatYkJTpNao1mkwFIput342ydVXJUwfzKPaHDW1oNKivUhkPgpxeMJDpjBMwtrg4PzwOLHtu4Kf8gEVSHVCjSwDsBJJsa+y263MvEnVYR7s2PP/TL8C63OLeLboCD8PIiYFC46UoT6lxeOa3yA1leHylpNmjXCCJzeAFjiFb8zIo16dhzPRvo5LAaH8OrkrXS/GGR5xnUug1+j0j/pmN0BCXUQbV0uJfOo6xEpQgHQZeVZg4Oo1TcavDgClG70RQaWBHMhrnihQwx9R4mVQ1cZ4j5syjHfBUIaWy969LsutvxxF7nY4c3B2qEbrGxoZTRVBbeqHZEo9PTCX39fyyVy6t26d72vWdE/cZ91fg9wXqxW38I0p00scA+i60oF5HPEg3WMLc9PctXUyuPBoAi5wHbeVyoWWnMxIvQCqzmpHpmQyeFhYph+BPpjYdRo99jBI3btvBOvR3Kc4J0nlYZjZ4qjT8HySvOLpgiy/wyLG7JCwB/2buMYRdfe6M2kkzE2Q/ziBJuFup2AzIEqgi6yUcdSAja6qoQRdKBnhld6VZI1nxG8XzIkr/02lnxznfA7xR36+9PP4rkXZIFn62DIQ6eXEQzUpO1CzlWNm2crs68Hs6Jz4eHjaGeClBGE2u6Pf67rJaHIwzltRjQH9ibr0z5rIhHkNtkM7mVMIqEG3Bpiw9JhxyhERjMmR9WjFmEETgEVTBZ4Kvp5YkxLYDsCoZl1aXSvoM1d/Av5lmTAvpbQ03wcSMzFy6L9tN3TbCx5UNCkmLj8cUpsdcAt/Bnf10JDaiw9Mnckw7oSSr+LEXCUwwaueCelRfy44ORfGmmKxjVuQTDNTId8YSxxRR7Y0m6KoYKr47N8j7vxLfnTHMTzKwfRwRQiIQxO+0dhTfHHCvS/UBh4iHZ9mWnxtEgtAN0KAcCKIBRiu12ayl3kms/jHGXLJdWGQar5vOA3pMERuiqaxxdScmMnVZXazZzYbSoyFhc1MKaevr5FfRlOhCTm7D8JznLUcuVtDcIZN/W9a4I1OpeFap8JwHk2GGU5uhDKB9CKLgohZC22Wwjw1oWetI0ElZYYFQotslxOtZXq5sJeXWcVgn9IFJ88Tpj20x0XNJsxi+sTlId9ACt+0rp+x+0SuxbEPW50mtHo/JK3GFT/8FMv4uqSLIQOZH25TsTClidHvofqDL/u4nFGoDRF9ci6XBYkfJ4DOpOyXewjAi1B53MvJbMuB/M6mC/uSxgh9wJeHxGQdJU5U1XgsFgvGYQG6sisUoRgnC+wT1ZcI+SERNypWDRj8M1yX5uzpmBbq4mZCXNEQoNr8PIOwVif3bziyi9SFvmZ9lvGt3hmIfISTqpN64xg15UqCU1to9ziL9uQEam43ZMLM9YRIXUdX/e2VI3kIsQT/zccsKFftSxYKBhwWH5hVSPeFJffw3nrb1qw9J4JY85JmlHs5HAimQXX0cDPMFW40LH5cZn6wCVtXDSj1rz2YJRem58P/nEoEm3W/mfDm7/NzAUp4k3dT0eUXPhfXFge63ln3ioL9Xg2yW9G22tvfi9wEK4iDAvn9WPI1n4b0HBaktoisBhB61/xW1f/D/0lXK+KlGLwBBJyAwClQeLF+5DIPDcKd30ja5hfsJm3TYg4SnIdUJ/jkZHNwr6DY6BJor7uzSceTFFTegt/kEmadSibY2wTxtB0sVBOXFblmlwX8k2xHWMrmg3Ls94fEmVwEn4j1cRmE2rwPFetCsl4EXJK7peWUPeQfuT3joj1+O04NNBwXA3Df8k1NHd0ESTlvvIbCglXKUQkiFWGttYRzskgmfFUW05I8igbkpTNCxZpyUkir4PD/2ItVoTjw6gBsagcLhSTlnK8bzgMRC4YMuA0Wpz09DtUSMR+2HhLZ+Mc/rPJR8cqngarifeXVh4uU3YyoYpEBMYBxoTka5jf2gC0FypdEX5UNWw5Pxu5/xCWWJs14JocwxZ6QPT3DxpyC7MkGzYBDEKkrhXUbCLtgrckcaVVc/jo2upjQEu/xrJvBmBCLqUGM/xEvo3/GZ9MsHdPYYphpKCmEV6NdZLdhiRvJdxDMkJiMSXEXzK8jSoWGCP5hKi0OPmITrBQ2xXDE+IShekpj/7DaWecBiL50c1Zi0WdKqtKbRsNzgwpcBSW4fg/aG86aPUjSGCsRSou/gYXmTIhxxt+ZumN4uGABFpwBzPpilgUMmMcQapF/C8ipmtFFXfqUsExB6w+Q7E4gG9nSN9yqfQdrzgSfp93LBOXPNP7qy5V6R6WKt4/PeBAwHbH+Zhag4UmtBefLOGucI7jwnoAiKAZoU2ulz5CeYqb0hV+mrZZhEr4wA9mAbom3q1+bmprm7w3fmFB+05jffe7d/rRHIuoATaVd/InhqnymjmgmcCYRngaThI038LqPmmMVl/gzo7wTzBjqQxDFQSoZsC7+Eh+w8QsOF3FLodmGXvdlNA1bXvQhVK8Fb3pd0ZRbu6sqJgIlw6anrd9HcgZrEEz3xfgj0g0st7DgsG/7TNXIDJ31j107pnIQ01z4kJr+rRYL4rhkbc7Sgbv8ZEns8at1d3iNgeIY07Z1u9T57F0v2Odi2hx/Xzq6cuQgmy8kAWWzJPEI6+semrUILTtwBvFgyT0GXO3VVXGFy7yetrqwh9faHkAicaVIhyl7FVdv4okmByUSZ6lBns1s8Nl/NO/3LLISglJagzqVSAW7GG5okXXN2eDpvjqxZc0LWWIFwcrldQi4Ve+2UKa4OsoBKv4A9fIchVw7HkUlE3s8VQ6SKX9Cm4vmHuJh7htGGPyrFIejdjANhxmedsY45VIjxcw12dmiKljC+/g0OP5iefOj7fgoC4ZZfiR74JVda06Gjnkdiju99jrFkmyWqL3yeAo67yGufypsmL/vWJ41Xr09G7Ifg14FzVaV7klU4PsCMG/g7pd5EhIBqs3eQEfK3avkQn7QBAVfom/1s75nR+b29hoRDOrA2vqh8V0FVrdsoLv72W3EFAh2qLdH1Tv71dajuH+VfNa8DsUx0AKdVMLjpXF6rz9bBWzmON916qqaGC0bqE+BNR6RoZ5sk0N2YdcC3LlbuJBQV8Y7/AKvksskDg6nJm6QIiMDMUn8mS46X89bOvZSMGltbnGVkUHTXL/o671jab4bIOqrA/DyZ+dQOrf8FQlJlYDi4CwFuzdCgye/b1gjgcJC7/MLwEzafqrDtCg/pLfREGNDHEcUpfgFgg18yAnt6aNDUFrJqhsh6NsvBWk+ayNuHWg8EyyxYYAYq52p0F5h4CXhKM/4xcRIvadD9agNSNKNkpyRAzgI7Mc5RGg9lHNfRKjRvu7LQy9nxj/faWNNILqydwg8KcDYdiZVQN8b3UOLdeQ+La04Co1jymRZKPc0GhC5AyTV/8O6fNeDwHp7cz6BcflfidwCXD3UmXkmqZw9iV0dhxEPO8wppPluboUuK/dj7SZR/oUCNvdC7WPaq8sZ+sPaBXywAicwhnY/NYKeqcKXOhw24S8okMPy38CRAiD5bJ1wFsa74ckm0gJMjkxXyzO2BoU4CY9kA5f06h9LlT8JeJ11w1rxd8eeILNMgwKMJyHdqOxicYLp4g+c+q/vi3mR/f4HkrmMJ74wMsts2EC9dyXNjv3LWQK4uDERtA1uGq7DBmO3Rjq+Amx9jzpNdRYpAC//7HzDp1/fkRigP1O5i8vsoXtjzRKOFQD9bjvFPHpGggBsKOd5dXJLgooarVmEvNGEUT0ZA7T5QmpH/3c8N998rt1LEKO6yfXXieGTsWqUQxzxYrSKwzckNWXw4v6hiTA6nbV52m0Vk0EOIwVnAuINfilNGirWusSW8HNgiXAlLgKz/7JERoNMlFfVKmHkT09G9KBR3eBF2xOVnZfJr9LWH9hHW5kh6lBQMpmIP4qbjXa6MKO6PPiWgoEkavOk30K/Tmt4JyFoByKVFAQ3exKNbTLwTg1W1E113eajhmJv4ref+BaP0MMZZR9rHWSQriJLgsm1Acfes/3iRDkFHbWefvBKPfRnvJexfnoojVZfTonB7Y9NmJufEP60Kkj6EMFko6xqxdpJ2NhtnY6EZ+2j7TOxClzRf9tGd4dCg2NfiXWFZgwIFQE+GwnBXyMslze7kokQ3ctt8xe3WQ2bRw0OlvjVIUB51Xg1SP1DPoSPmAm7EHsZzf6OODCYFeyCRINTqIfevpdMMEdsn+lcEnHzhj8CY8gAP0qrs/DSBwkYwuF8mFtsC1hovQGgrdTUiyjzxgkL9wVb7bTqQJQ0SSCWZvP3gwsH1tv559XUoLZOc2DZyRD8Jp13CRw2n+6dBSELGSnIUQyYhGHiJgl11Qs/e7/JeHlSWkoieEgbE0Ln6POIBpPJN0l94yz9q/tLUYFYyuDHJZwatanejdz2O/8p4O8gdmOE9nRzZXaw6X59tkQA9jav9s390NO+Kc716RWs0CpA7bZtvTGwgS3dER0okWxWOLg6Pu1NHNMdtJlOrvLFnGhK2Eh2t2EnIIyLcwLXI0rDeLcckh9bJKXQ7VaCY/rHmAAkZ2tLkWxu2/3DxPbWmXHNUM1IAkWT3n7jHnMNb5R0IQAdu1005InJtuuqcfTMPO8CixnLZjqtxmJ/Eh+9XhOBxCmLUw6AuRcq+VafclzoJX/Z5C9eUkyllSsp3521NR++oBOtV/vyH8cxfDYdS7zONRanyhnX7ZSt1bVcRj3wYQ6HqUEGufBP+FvTEpFXqXy/UPIvd199bEEfYia17fXIu1A6UcwPfhJTV7EplbSmTlSOxt/xsjNszCjDh4561lnN3PoO55M3wnYhlEw+5GdYaF3PZyP4onthALQcuI1i7dOqRK/w5gdjjqNBNrU/Wd8GBznme2l2ajVvk33NKWpfHHX7SziERkJgPuY1P9HrDoLqnQEKBHoCT8UtrCWyjMviLqxAfCP87GIXLB2S+u4kWkqCIWIqi55FhnKZ4Ua8gYadmpMjkWcMpwwilAKH9L2acV5ll7mTJVeZZYJedu+tkzM4J9XV5Zg7tJWJzNu7cQZmmDp6uwcFN30eygTkTHSlb1BSG5kL9+O4iIdeLTMOZhzR/8K89HJvjz6EKTQVyu04hte7ACvpE/guDGdgSNeShlPYMSiGrfX3oCfb+uiHBetLFZkQZdJ2+5Rd3MiQjVZC6WT+Tf5EQTMqjwc7y/V6w1L435xvFA5QrWfptaU04T8mDImE6ddPjmWJhFUvrqDphsKztX9XoIYmGOeyUIMceTv2wGAlBj1vZbEF2KuqbnUvHIl4fXmwzzy9jgkQOPdBcPR3Gg5enebL3dAt/NcsFa2AquYmYrIvRaDu5dzLiM+0k2X8MoCTw8Qg5l1oKKO3yl43KwnPeeyCmj4Raaej7FE9DD+lbE+3WE8RQsmDugKpVARosFwBUF/hOceGAUeXTlhwx7ogg3nZCukGb8vTCEveknF4jQB9rPCGzugTzErzD4/QEIrHUTESHMWX2u//mDjoVCFfDGG5hzDM92oq97iBbtV3Dw01U0ttPFJrpzA4A0bHjhjjKOswxs+sOLbK3S6/YRnzHoWT5DUXJ5Y/sUeL5/XNYWurxSHXrsigmzbL0oyRRyVNyWcZ35ATKiR0bwJRAVdbgyrbKtxx9rpdGqXX9nscGaD233bun19vnDqyoxd8SdV+6aHMrrCr320Egf09ctWmiWGxWz6riMjpD85EQAtMF6+1lODItghi+PCus1H9styArs37DwVZYNymluGv95nQ0eZ1G/4OxXyhVhiMP5xZLJ8W8IO9wnXKLgK4PdryB8JMgSnKds4nOSNbBqZzrQUSEFjNqz5A3tIvbsCPonRTvSpMUjCr6mXCKGyitF+P9zpVLaBzAdjoLqMWjuWtozgT8bzz7LEZRnt7awS8OWO1wT8Az/m20capF7UADNcipSKNlnQ6IKBBJtyLTb5znRDisvylIlELDi0i45PepyVHUrzNT2CM4UjiV1CeWQ0H7iREC7+EXS0QKca6dJwOOYJavPuDCGhLxGg6M+2d3DvbcKT1bNZ6G1oABqUI7J4/Aqa5Dk/K3ah8iTTLlm5HEqJIj3Ux8LEoGPxm/CTwELmrvIJgMI/exgxnBqPkJ4DwQM74ViqyJeS0kt8YMYaOaufx/nUu8By73MUd1TmQTHCjM2vK4tbb/HvBJt/apb/Zt7e8L43KnOXf3TXoPQvpvqZ5BemTHK8awk5dcKGM8W4QKxggYm+i9gVoUWs2OFjR2pIPCK0/D+4OOUUUsSjg6H5AUxyit5S05bNXEsPLUYb6OVcQGHYYobQMxKzj7sHEgsOAepSTDQtWen/gIyqk/rTC0kofEj6np6k/v5u3sWLpqOLcTX9Y+JecErug3NHEBTydSz++IlhnFxLPhwilZYarQaM6vkpUxU6D+hEw4XwF/w0azUxxaqZeIA8gbKJanNtSVS/SKSHRIxvBWCcvVA6oGYOo9GMMyyj6EDN0kq/bK/vYTa7h5+LtQ4ozrVeJSxOh2e/W/L2Su04SBlcljSH5ramItwDa+hiIWJ1WivQxWJkzuQdpK3PWHfPX1I6Fu3FKgshlLxE5PvWW0Y5zEI8gWnZ7zMl9G67nNPw512jgh1eVXyVuvjUSus9RXKWlzz2k27gbrkZNUxOT0VmhzexOloKTrpXEB+TduzLoTKb3ma7+yyAbKGf3y9tv13COk2shrgXQdPlMjb+A3cyNhjsD7EEaWKnoe8Uf1XUNMrrAS40t1gH6IWnYPxB2GGkfS8GCBX/lrb6/9CQLm7QOmBBDMLHN5DxD9jb9GhmjULXbSjB17bAA/KT04/BHohG0OP1WQGq++91km/ZLrP6XTjUvqYPAdmu9MwqFgo4qpM3sMFc9K9lJIQl8lytFisUbHBl3JlfBslWEwcg4H/ErLQ/RayUqjZ+pnu1dXt4LJiMvWszEAtClcbxuA4BQ4UrwJCfc3nwCvHFymkLlkqZbbpBdMdP92ZSbyono8UNyrVdpw8rmztg4AI1nwSix9kq9rUrxMHFDNIb4PtXTz2T8vO8gGm6xt8YEcagOxG+vh8x9WubZbAls/DKUUKoHPicKsyW50nBdVcXWCLFLlF+I7a9nrAdWju1NooiNEN51CBlrbWx265JkNu8m5AlGdhGWx761MUGpIu2QBcvfD8FEoXue1PoJBLoedw7bca8XiWPAwjVmmvODfsEBd0HvcO88JXACYhbn0oQD56rioQC/Z2HEEjFE9B6+T22EWUeHsKX+F7YzKIzXP6cwtOYqlIeodw7htpsMBUnUKuhynpAGk1N+v5SCrBSg6i1BwGAFFvKcTcqP4hMUlitiWtngMeujjWhCg16fHpS44HMxkau18kXYbUVhgtUzKJD3ECDjYWaP1eI7aS8Ed8D6LiW8AswoPJtvSOITYpE5FnvBFyNIEG4ZYIi/KYkuAsJh+WLTjnWiLEAMnHSQd8eJQ/ml03vZx4pGX7H1McmSssw9hIu0s0yVrAduALI8f9LMpVDRU0VGDQSCTomzo0rT9wTq1OYKb9EYXRUnJ+wYqlFfUGVu4svvoxfo0ZW9Jh2vf5N970DsyyFQ8LCAk8VbgkUfMy3g/9Cd2yqzCzgRisWebpgGptzCHFFcGpPKcsoMySfcYrZslMLArjzatAw8GCkdtPca3D/1MVzifdF4icsWseaC8R7nNfckmakRX74jLaxCG9b0pjI8pTaWHuZGstUPEjjy7PhY2L4WclSx/bzTj/gS3m+fK+1Tc3eScOpzfxbFRUnU/f0emRIngNGmMspIEeRNMtLHRqDx6E2mXoTOM/Lah2zgSugJquQjJP9Z3yN7Bmi1y/hXzOms2eQZNFKdL/KNopzVLhqmd4w7XSpZwZvhlxpKIdeqzbgNGbjyDUhKFXyslmfdxh5Kzt3/y4ORgpajysT0OxP2MFnq11KeOTSk0W5xpafFZJTweX356U8ASIELJcy4cOXO0WhxVaneNMBASDikUiOUCEf6QuoFk9ld5Sc4R5Mfl95wJp2yWHgSSSrpuBL0VomakqOCfNjYdRyx+/leB0A4Jgrn6JKRmkGFrT/FVz1KRYhBUWLdI8ezPVz3RPTT4BkVVoTsylOOhobKy+iEVlVq1SKwQ9CmMhvsqVyppNSh3s+/0pwp+kb8hY2RDL37taA6j++tZFOUe5g0+vZ3IlI7SneMCyOp+jQNe2UODFWf0HHMPndKSEgwkoUQDkYhT8ETpqccwDEl2b4nCxtn5ViBnvRgwxtRqpbIMTAy8DAsKDPXyM9/LHtmZNxms/SJryUyqZoy2VZcFkKd7wnTxEpfA6toDbAWzGKiXxzdRJVzt1KS2Lk5y3S/tbt+I6zJaRhYRLKYkgR862g4tFdZfF/IyiPUND51dsW8PCt3oUFBUJz8MrgFSCsJzv1l3LmY8Volfz91S2TfZASAy9/botT7bgVvVCZDsdiIDsEuHzEHbgbim3MaRlErb+tNwUqupYXhXjx0coiAln40Hip4ZimdXihHSY75dFLdRzxaUIfSN/9K2Cl7NqZIgzeE/VRT2R2/Drzj6qQibRpPseqDxTIbzW0ByiSnzvgseYz+da3VLf7zy+gA5UfL2APEgzznprjhxbKfuDxl0WjEu7cCIOlYvPgxPfsMHRQqaO7Q3GmGhceIQqGkpjUTl9kbORJrR/HsPR1tl2I1KF9ygeRK4GF06b8qeA5hES3EBJmpnzotPPOCP4WpIs8PhHIj1rEeUjnxeuQJf22+CKsf2IsqwaClbZd3Z/aFOk8qBIwDHEyrWOe21JSKBJ6i4MM2nB5chftUpX0K727h+CZRUnMRgYnHzBc9nmd9ujWCzH7MCdhE1VVLgDENE2M1htGwQCBSwpVoJDdEAKwdxz3QNZbg+/ZS/Hq9swagzadY/s68iGL/JI5/Bw/nKFNq3ypnW1TaqfDIhbBvNtfXZX+jSbtfN4Rsa9LSipe/0PjqxVus59PcCYf2NSFBSI6Ft+LWBKSkxV9I+KmWxP9uqxB0u+hYb6vPqgKzscznFGlM+tphY6sXrMH1N7dHmG/97ABqLXPIc0XE3yXrwCLq9K1Gzr14pUG+Hj3keS6LTdehSg0QuAQuQ1CHGpQnOQa1Wb7wxa194/MFjua4dWOcljag50iN6ykDWx9XfzG4Lc+RrwvBnBvsctLEUi8hMHxTHXaJb4JLxA/VPHwBLfyL3SE0+fCTJdSLuhHCixMkTRrRDmqpLdjLF3szDJg7NYKJ5VHv0jNflwzUqAomdONXDFQOznkAjhiJziQacysw+JQJhUyZml9P10SvRxZMWOddiaVMITxo+WS6bq7yoJiWYWZJy/YdXs4u7B7SmMBTC3fnYVKZbSHt94TJMVgOqQ7Z5rn9De8IBFePtxZtc2wkheRAbIxL83YLOwOQyW5D0AeMXszrYhaPA90Kub6H7fDdkhO7LeymldY+azFr7y9whXhO4pnGpyBHMwElVUysUFnuLjqZdDxz9taSm6H8ZHNRnPKnOJGWIq16QJh0m4uYD7BK+PkT8wu905MZYoAMtCnNB2qxM0RGi5ARa9XenttQYi7QQ18aveQnSheRR3BKOOx0jXt4OmzKvR2tpRUjd7chfU+TYda6SYB/3WZjWtRQCYiu0D1IQR89zY9iFLPWTS94KZBVIj9S3x2zEFpyarDhSaNJ79AxX/YxL6TsOdP5cy2toPEPM9/wzjLrL/v6AlrEsaoyNyttrrGVn7dl5uUqLR4+ZIzPpJkp1/uwu+9USuPC+uRx9UjE69nlLCDir0UBHWwoKMlPVzAozkt87QOJmgrwqrojzlBKpIax5WRBcPb6yBwwA6CDtO31iRnp9INSSViIRf8jHKx5F+b0Ej8WRWATnKJM+pb2T37hg0TUPRSg+Mn8sD/nWy1tRdml4OLsUTkODvikPA/l2p21lTnbXBdyt7eouA6QOiR87mIEOmsEpu1mvkiccNq53R3VRqaXgcuhcxBYULsYlDMvt+Pq0EGFCojtLd0FTmi7YOmzLKKOW0bpHWF7KJPWvARa7aQmKQtL1LxpYv3vW7R9kvygn9MhVAD7YLNP+OMmd/Ag5zSxbYNxidlpe9OJEoF+lKMaToLdxoZy32xGqbBkYSKMRWAWmc2WhOZlhCKrWRwV2Q+hnpEYs6oShY8skjyUJOpV/dELqj88bQYlgsZXsAxeU7qrc7jCptWcU11ft6U5MRizpiJ0OjaUrgfJqYT/5G0my1VjoCXVvwplr79RNJAtDbZgo/3CCB1/GXe3Aq5wzBKWv34u+/mS1reYKdyM4XefBDas5TZIf2zI4f/T3wBoCsou9n4Fdu8cY2WrIg47tnDeYgnCDYjlFlHOfrSn9spFQ+l7L+b6Qv4uVQ//Xibva5PxQ69xo+o2V9xHAjzpzmKLp6x/sgDVrqi/THCKw/03YcslJWDPgECjxSUJn9icg6HiIooepp3uC4u15423+gI55WBPjJdLZaDsoSE/sHMMgN+7vwoEAgZ8Gbn7ZuvdDYsrssGkEZOLr+vERQTi2ZOB2iwjftrht12IUni6cjJezAMiVa5iDW4QQ2H2fmRIuE+W+FdMg1OTzkKQSDn9hdf7OaQn/UIFeOwzMFXwLhkOr1RTVfdCY3TwETwS0rIUuZEJc1cd2h0i6JFKBPy4/QhEoG17aC9ZSSJL2aWztuFV9v85Xd1czLQqeYHKx3296+gSEpG1w2yRFJhcVza/lzGQm/vKNIrT1INQBNj3qvwc0WIQup8PhA9fU4KXzIeh7XkMblQxRHmnk5TKA1puG8IaJdYNQ/NY5WUriOHEHBtcwMHb68wQzBQRlXXCoo9XtXTFzmkVJgejBsW+dSFRSbYVN7PLVlZYDqP4fc5BBeQjbjdUKRvPTBdlivJucNM+ySAKv4AqevOC33AvBcMd1Zs4hGVxk+U8RER2CWoBbQx20X55q6KF8yPfT/GXiYztc2BGxpeHD6kNMPKaWV9SAgApi3jiI/NzQnWVCoqGxSEpmNr25ADCy279GboAD9wUSwJ/Vs81Mb7+xAkfogMJBnZKJ4fop++nNhIHDGu0QPv/zL587+E+/XfCyx1HpJMSSTCxRd8eHw4yjLJcX86UkOBYTrm4TGSBMyCM+bI+BrrFmowpAuUbJMUuTdBYvSb6qtwCDadGM15Dhh6GXkaJtP2OR0ERF/QgPfXqBJ0wmnkq6D4mNmer5mFhMEimhEzmkFML5s6Wo5pmHLk72toAGykAU12hWZZweTuvRM7pu2dsmUQuRAmeGlxw82Wqq+1/90thDtsyB7NdNIeYi4fR0lCwVNVkzxtQOxNCUjsl+jS6Hx+OFyN7C6rY+9wb8LqbfwX/Vm/7bPpmlTZjp1G58K71LM/8bF07ViaflBefDFomKkKlG91G8om5SmoulEB2CitfLq2E1J1Lxzx3Vp2rxRKK0CFZcKvGv7f5PvoapVwaqPDbJ/n7gdDoS6qftsCyshYXEhUPRfYJmTyLDGQpCBDE4liSjeKnoqNxUNWPX6ogyGLHWX3gUpFyvgjYIsgda09CMIcjBRfwifr3GkA0NBs78EvL0L9ZheKgOh3vmB5sLUMOqTXagCkiwyaXYmbXZor68/xf6t+YkzfEpTWX/GkC4QMSm+Erq5gs/GSdqVeDRoEg3KEmgf4mvB6cV8qMCqj0goDOFPAWza00bEpTokkxVHX6gE/Lj1/pJeKj7vO38x/upooZEcj842Dq83HsgUQH9ZcgqvkkEkxU4dr0XkMaAKMkG5QZfvLnTK3GLzD2JmjzLg//BwOp+hIKxjtYyR0t2Dh+SQLvgQ+qDI8GjKQxt5VuDqNT7KS1b0tnAB/toajN54CJzgB3X6fGPxaHVP8+rS+p79vtzbsXyF5fxD4f2S17KsTGmJsnEhGosFNgUWJ6cndFSLXkx2TZ09tR9++2HG4Q6pnGCty9l6FxfxEx74/8cMOfD63pX39qSqdVDO80b1z7OBp37Qw/fHyQ1u07Z6+bfKWOd/MD/sT3YFJLJkQ7F2yVIDVsR572y4JFW9ed+XzqgzQaeY/UAlNa42bqaWUmReVanvchvt/qYm9gYuvobFKplhhuOkCASfLwF0E9PQQbnZrZuJpFyNp1lSXDJjtMDyHNbdu7kHjt6eiA7ILSAYFP0tymg4ONFKMCo/T0inBc8wl+rS5bPv7Vyde6T+MBWgjVca0DnMHLQm9HXQeYEH0KpcQC0nyk7jGCxExwYP+Jd/tg2s6cE8xqTgzeFwVCTtx0IuELEYVVOPMe3TVCbvTy9BASG/mvBu/eCNPUhkoRH0QErq4moRuO30KID82UPXE8rq+S3A/vlqp4K3Cuon14wY96/va6KyUwauTKR9hUrrSFK42m/l9LJUOymp2JYW4oVCdR8oZBR8l/o/m/eWpUmhGf0qIIA7mbRv+3lLjQT/CNKnLYT0CE+M6GGr1mMa70VMvMHPWLQ69ZiU+qeakZSyC1gSSkOxLOGSRZHWFOyGFWlcjg6ZvUbS1/4/dS8y2gACONiFs1ITItA149nlZY4SlMS4WUOyg+JP94JZsbbFDDMVyaQhEJjTUsVKRDD+XBFxhPcw8AiyFPdrBMjxPifvWoJwNNacWKxDSYSwLX4Z89huHfO/txTdtReP1aCJbpFpuQJxYZmNagg2cWpwvi7NVSY6aS3XFliO//rXESg25mHR9+Ck1BSf1ARizSKHMJg/mA1rsAbRtv/aR9HtXrUikOhJQ9kvtJX/vd/Y03BmyQLpCn+Q4OqSEXHiP2vPbiaGwoi7TqAv/wDz0mAcFkaixOVDfY5tfxiY3OYvFh7tM88Zkl7TiZ8tsLkhioKJWx7OBxUvs3hk0FHQ7j5gAgeWCBFNupRdkoBpS+R/L8myLbp+0qqu+Xd1oYgfihoaO/62zwbLj2AsdwA5Cd/qZgah4wTFJlujyFBjXFaKeKbi+6BHobIV1kwsp3+8I7wyXNn1cRawUYnliLfJaFtqnjdlA+odPc/xDvePfR3Kc6wRCq+iI0jd6ptIikaO98ySUZY3jIU1A3HpBJQZ6SDKSTJ985AJPfkPO7GlkzVjwCzYxWdoWyuWhSxFsKWTUZmhotiXuklZ9Dpk4AUnFKegHZs25iujLlIrcxjd1prs/1otoIPNLTwipzQCuB7t5x6iy7Z3AU5w6KQqZ6VueLNXUaMlxdq4taWrFXQfIfBjBFyXYdOXJKNTwdqO3PyTjBaPSgH9UTupZ6fG8nbd0nrCG9oAXRxF6zTDDYlQPP5qqAyqGiv3GBSOXUJgq4fLSqN0F8S30KYm019KuZRkN9ab1GjaUfkE1/XFHtxSB37ulkik764Nkm8mJeyHFOtpNVl/thPOpLd7sdGUMFVwL9a6EjvRxslEO8oFuUyOy1/VoZXbvNSRQSnYxD0NmDUiZ/4DyaFfhSUPymtt/0sFOAZCSyngwQ/vyHxfEIbc3a1PaIdss2eWqozTlTgXzYAXZR3nXjlpIsC/n1brG9TqlPfLHIPwNVKXCypAvaZejuaoyEyNSfuJeSEYp1DipGQOGNth3bOCi0ukxyiwMAYNihtd3xEt+DSlFgZgoz5L7A4seQj4X96SVTXrDjtarROKM0GQVMZFH7hJAB7heC+SDfxhSb0AK6TNo3yL7fp+zVSY/xKS4nUyTJMrps8Xyen2+NkjxR5qHHFAO9Yln7zUb+NgHoDKKSKyFf6Dvfj6MCiW/QUCZhrckIjacDH3iwzRRCz1rQ5WICLjy5JHdAABYauChPnQvH+pFZ1+YRy3Szjfe5Xn2tpkY9leZIvK0O9s6xZLDYr68vWi3WkRMTcyRgYORm7UQWuYvepsspwgu5r9LIE39sAMASDalU9LtLdngb35OMhDQ/O1W3sm2ktgqm4zTkkPkeqGHcK00ASpdVfTr6y6W0L1NEb/1Neyxjzz3qvqlGs4R5DdqZxIcalVOamx0xD1AgemJpiIlKy/CDQHQBtW21mOwFrd2Fb9+HGSCXyi5ip2Ua+QCMYdCQn8J6op/7nDrqB6zy92HuTyKVDR2zFFY2swdnnwuYTgDa4vBeKbz8KUFOXeXdCb80I1eCeu2p44UAH65UlfN7w6LJdDODz8Q4qnyIDjKXlXAEi85jpD1Dxfydn7FdY523Z6OrYkUjhLfwZve5F6wwhOV78bFf4cZ+4KjWLBGAoIUIdLas1TQPCYPmk5c8ja+iyFjgx5Xg80H0W051AuHe/1hLtJB2ciqobw70Gb2uAZZ4eJjVzqlPgE4hwDYkhWBTqAsR2fy/aYOr4CC2gRgwk7NIjEIsNNb+ln86lLoYdWgfkHQkG8SmNK08GQhcuFw5iUlztJz+Ji8vx2Y0li1WLrKSml25jX7RdCjeirpXtOFyHrjSJgZAmIPYTmj3zwkViIEV3pigo6CZ0kgfxYCxoKmAJeko0+2Pyc9QpH7F+e5hiKWNXuCIJFSTxeOp09XNrN1T9Ix9ooLBnwBL9necAtnDFq5fbM0HkUGef858lCE1Xf/iSLPP3ZocFByPImXwLhttcHnIJBhYLO2Ny3EecbpIZHPS7LOaeyodBSF+iHbWS3zbp/pXVNTxiJBUURDfAPkHY9s3VPtG1HiH25pSLA7FuZdWIf1HcRKXbSkCtlkUKaBhthjk+fY7zn++CVV06t9SxUHK8vwV2HCT9J0XpPRd6v+H2Fv3NxSTVnBV0fPsimv5q4+bpOQy0Ertf5SiGeX0RJLQ+GC307IFc2bqLQ9488B9hukXiIjSZw3umpxO7AabggnnUR+geSojyen67yh30yI9DLRhWPeKKe33vbQvbWk3Os7/m7UKCC6myNTQCEB0S7I2tcRvbfPGxW5IlI5NsVpXd1Mx/5EH4Qp9MqlWOoTUrPcYrSnpGGPsZUw3MWCINMqrZWT2yf0/oRNv5zrpV5CQs0n2QVzoviZjfBZ3oMehEPPK2Vz83XKaipgBi6EIJN3M6+y1+4fc4bAxDgaXXYeOzSN/ckFpWv1bVONYkWHS76H1agBWgyX88u2w2+WZEuGPQLRN5WdcTB0sL4KQHCOBjvAClB+VYOZg5u3oeYloLHCvBKHYmaP3qUliQtBumsE09vGk8mqjyXpCfyxM6+oBHk9ORDc7BaUZT/0uhoZMIz3iCCbfOV9bjOvGXPkdyH2couqPwTHXlQ0MIZdw0JIN+mD1OsE97dmmxG/lHV3bngfoDVoDSsljT+nRyTg8DrvDm6wcriI39g7nUxaH4VyS8RjxR2wqab5ktJDc4RGAGCKuG3fi1fPqrL+4zqi/LLc2tXe0mrfkRdZf7a52rPDS4DuaCf2fXqqD5eGTDB6KoMSbM3vrI7pxS+gRpmW8JHDIUU6IzGSUuZxFaQLrlyc5Gd8gWzVHsva55oAHAP3RGUOmfUmBRKVohYW2vlUorYkc08lG2GxXmBF8dIXeZsltwZaYD2Qj/ITEnz6Kfbqh6XZtzuXqkcEc2XEpesZrYt3ZffgY9QJazTQSUR4qPsBJ7xBBF3XXMSIaYdOT7yGihj5NvY+Xt0pV6+YjmB4p3riq9UD/9kwifKJj3l06WmPxWNCHwR+Bj0AlYMXeH/JAkWrtu/9FvO/gmaVV7xxvsHD4piEkHbhBkpZ4CWnQ4hFeYMPwHBD0gVIgoqvWTmVbDMtLdYxq6wUJ9XadS57eYFMnEduqGtaoVABhWRm6umHeAsOwMy1HQLQdWuikNZkbRSzNSREs8/e5xJlXHswhzakM9gwEFOPf/V0CC6tz5CeQ0o+SskZ6o4shpIQIhDBFwL4C5pPgGh/YZW8AUKoEQ3muekqiWgIaswVTeBt1M/WYXGzRFFGa8cGcmzdGIzbQF5zk2oawflf8XFCwd3LG1WAIe5dt43E9c0rBshEDLvssC/vSwbbL0e1XMXHkgrHDi8HsFVzvKsND/GOLiECVMyGNKxREyoQrKjGJBFFU5XLJJFdL/ExluyXX5Wwq7f4FNWFE3FjcKxiuID/TOJX+V8Gvl7xJWMi+Z08DeOnsJyoAiciJ7wbWxL3kMd3ryJAsOZ3AKMgkG9mCaDcNSWsRRd/yfjhjP6hCPQhR5qojfTzFpFb6mCdtP4rViD23kqixto9rLaXRpyQlRzkW8YuEFns8PWQMheqE3Tmutw5C43rYVHFzwz4wEtt92Y0E08a0QoUqN8vciSD0V4fYnZGR9CtFyrIJFrfpDsF8RAAR9OXlUSp6QrcoXrEEJyHiMCI94IY9dXCVHLTpM8tTeDuOrCGZZmbT/4T8PVJ90k0Xz16uJ3Gz84JzujcJVv2v4tG4QqB9r/3olACXzQutZbvlqpTps9GLQoFF+9bt1wEz21Pw7RbRdNMINsQGD9axhOpbNjcq39CFcCCK2Mhmt01NR7EdWgJsonJIyNx/C8zS7E1QfUWiP3KaRIk6VENRoiJ2Xz1oSxdNvww+6pdI/dI0wEyFmRpO09k5Wh2n8Bi9658EqgDnYnFLovjz7eb3vo9CUPlX27xmfM3zy5eUk9ujIKWWLcUY/susmSm9GKC2OJEfJyiOzINPpx3g0O5+FMsRyOOkZC+oLlWe3wk5RLyzBA6t4R8doY8eF7yFGDWwEnMKofMPX/1ENZ3IoPVcw9Nt+KsAgxAmafYBwM2oQ8HYnycMHR3jnAz/dg22yruPXwb9gn251dnMPJCHft8V/c4XAA9hDIWuL0PJYXuEi3kUvtRJ98ehJOkPQJ58X/9ls87UVg88nQ8nMgYdM1Kr5SoxdM/MYlaSxJODmnX+YFq5iS9Afo039ilGUUFQW8rqaCP6xr54dLl+ULtpOGhFdqS6bED48ZKsMjhYufcyWjSsAZb6ImDUWxfnJLIG84H69A6gPf7ir2jMlG/Y0kyVcIpVMOfHIwyLLo2gd4u3bch11j9nJc4bpQpKuu8xyP5hxlPN9tWSPpahJSNM7ltzE+GWIey7ar3uoT3TpaOmj83kL35pu6DI6fLtN3kPxYCF8g05FGoMoK5QduT1xvwNf4w4mN2q+onbSUA79vydd67VY40SG9nMZrkrPl83+PnuIrwJzAKziwxbc7QBoJEYaHoxB/DPoQIgEZICB1BngMqjEtC8H9FWQa5aU8TBCvFzvRXKQMRgaId5AhUABrOGsx5QJRvMTD+Z3binINgXaaMorp7vAJcG7ZzDYfr/BAZfgKQSnjRO/x1fIv0TU3nZV8Buby/ZZ4ewLX3+k5nAjXM2wXa+lrErR9/cYImLRI9RnX0CGcUX/tIQSRVriHgZKbDAMTbBa9dm0NFj09ehdOM9V68y8MHFImf8w4M76nEqiA51LXS3araAYnxjhh14mP8wOVRe2/oE3Lj8ECflxyX/JYUDowH5IvR//9gpFC1vl7CD9PkXAcCSoQSWcivZ1i76oGgsa9k2KQpmx3WNcOSdX+UOowWsm1fumy6V/aYabe/eOtwwv7vZ+F33DmRMFjK8Hl+3df19YQ8g2uuUFRH/5/15eOjDCNOyB6L5Ymj4KgQiY6vX7spvr4Wy6AYm2PyYyXS2N8yUGpzsmw6RL0061T7vgjS8dklNh6JI4xo3Efs7cZ4z8dp1fhxb/4ECR4uUTxuzvryUrFWR6vRA1jEUtqkI/7HImoVjoZqCZvg1isgEoHF0OGSRG4nhv+N56BJKMK7tjY4z/1fMZVNAtDGjEJtSL4/7vN97TduEqOL6CToCgzZtcZ0POnMkX992NmVnySnJPKC2ut5ngxr/fTbu7nGaE8PjzqvzahlIHby/6QtpEHp37peEPVpdJhdjRkjxVpR2qjg70rC0Nsbo2UM01g6LnGg/nESDCHP6p4LDqW/XOH5OM0TUmVgsHjscX7AvFxfTEdh/P5TvPhQ/U/NqNhhisppypNvekx0lYa1beRGvd7uzNAW1CUeblFZ5M/62dBXI13McrPs6yhZCp6lYiidCX+vCRBe2m3MX46gNIqawO2bHlf1TxyDtA4/Vu+hfIA7oB3TZMYCVc34ajDW9FzS8aoZlRqfKmzaETmyFF/FmjpnojN2XDpZXVIqMN7Ufn91AdM0bpwBJp5nH4MonY8J27qkl9aiBP5T5/CgsUuneEVHHQxv5XxmDPKeEAuibPVXSIoD8ssX6NZy327Eu4Id3fCqaRF3bQx5Aa7r4IQeCtI2Xy4vsiZRKMopP3/t7d9AiXy2k9clsUoWZq2oR+S2HQHn7mJf/kGwvvhZK/3kJXp0HwoaPzwaLkCeZmxnxUUPwkHskbsIUiQagGrz4iqxdfydnAaVkmsDIdPMmFVaSyKQBmr1x5Yx9mE8K7mEtiKrn7oRGvnyW0jlpfKhmv5drNSsUtGmRB0oz5RMw2adLg8JONe1NCZoKr9ZNqSw3V6tlWSgJkPw7/KE10PgUpqDcT4iPzVtWFZzcozPhW+5pMvPjBOz1li9tPwjbWLkx5szNoNitIKDJ3ghzTEwzpQW3WCVOb3r6WWYGc3rHbFZ0KbbFSJxxAy8m2TVv2ZsDng9qL8lTAJDagZM1ZvkJdnLdKtJOVVYhg5wJCfHU0jU1HHy/TuF2a52RY7EjjJgHvTlUs2LPHKahYBSitjRlbQOupvGvZqOhpwSeOONpetEC/IKjVSvuh1JdlK7LD7HB3XPR5B6J/lGY3sHX47wBVfgaMnbbDFXl6MKbOMj360g9k2Yx7uE+eQh7dfWqalJurs67DcZZzy2AZlwTieLWtdtGmYVN0U1s6qnrg4/YZenmWmKuI5lHpUzueAnBHredOVpzkzhUJc70NMABocdvjXOzkH1+3LHktnnLAtuf02+HORwBjXeRgl+2Y4M1qBCMWVknt9rhrKLURHKOfCkrjosMF98EhJiPnC9hY3WYunbf28FnHLhBQwNT8Idcd25vOxYmziGopFvJwqqeKx9m5vPdgAFPOhQiRQ1rMum42HHSL1y1yjbmcdVdanrgo1Kyv4UbpTL5iS8ABVvTv+lUTKsVI2jlgfwO59HRLxYsSOTm4ZddmaqFsZSDfXpgefmr6xZJkbBB894wr/1wN3eXfdyQxwjyAZZ4J58RV9Dpi794hrqXxImV6DpUl2ljedEbNvIs/fuqL4PqjYcx/u8M+hodiPZ/9UvUo31fs/kIrjsaJK0egQFfdZcEF8R530neQ6agBmx6o8X/s4Bp4kNOeS5jegqbC0Lf39lCGaQ3oLBP8Td3UYVbGWcV7cIT2d33PSWVBV8EtjBj/mQH2dAQcEl7gkbhwSGCHz8VOIdhVJ196LK8xIws5Jtn9skhl2YetB4YgdjHxVALLwsrwiLza2O0hFPvbU+yrLi4OogDsxtNOk94rHdjlaa3ANvJ9Q8P6Ygk3l4W9vpNQVv14wfVLdMZ8tzGhfulxj0V6YE6y8DCJfSUYqW1Ms5i3bFYZOsAQvuyfWnnVxJt7kRiTzQgCkUOziIyJ09xtzDuLySOHiExie7GzptHEO63kl4YQV7ovekZznNxpD6BChaKgmv2ytP90iiJnsLNDLRRwe7ByqekXAyWv6U1b0aK0xNcXxe8GjUUyQ+JMg6NnIUBECyM4rzO0hoKCMnO1CJOnDa115mt1x4xbtA+JEOCQyrv7VrK5G+HB3u5BCBavSWbF9EO3DsEzh6TusfEhLHX98dSuR0Ilsk+HdBcuIcEiCj6QFg6pSe+xfhoKJ4GlnzdyLUscKCMSoNAeEhdy1xjIENRdqjQmDCN0cVNDk1oZnd/lMNOIzvKVb/2Sow92i6J5Zkp5bt9EpivUMnt1PPql8x1wruMfKUV2Mw1cUNUdp/n46lL8eksSy8MFNmBkIg15ag1YPrKx7bxaf+1PmvKkWp89OjayqQcf3Tkfx99zjjN434Nn3g7+UTlX9XERS48JktsrwHNx6He1ueeK3pf85pgQV0Lcr1LqsNW+D81IR6sqMdcntkHXa1avYNa+jriOorCMYf9GdEbBdtTtnFsh88OIEAAJwoU2IZfLrIqiGb2bsb7RQHt8DKqJRbEZxev2XRLQqk9MBMA3uQ6Sj7ICr8XgXblMRYG6GxVjzi0DqWvt90psxYU+VVl89luC8Fu/fY7FZHEWOXDhXmH4RoYLQyBIGRMUYinDzKPt91eVqRAPqINm8zOMBjCxAOV8GBLx2okYKvgqq3KTGkpVZNbKeIbs
[2015-10-25 08:31:20] Phpr_PhpException: Undefined property: Competition_Name::$location. In /Applications/MAMP/htdocs/fars/phproad/modules/db/classes/db_activerecord.php, line 1891 Encoded details: rrlpjEa5X0lPPyRTx3wdLYZ/yKI0ZGvWJzXabVvc5FW7UZkUcoqaQ4Qpi7NRSRCW74P5rDpiyJVWMAWNRbKtMfRX1TAlSFLpmHHTaAUsS/TnXuJ+NLWbURb2fK3FtWrl43uUsroy0aBjix82tCkjbiBFvLKmxR8lG4pDXZVmirGtcRQdNjt2j5perPE+2W7yXjA+I9hRJOH/kUZtWPPMtzQvChahYIZsp+GUuFVwLkBZflaK9gzptJnPwZjCMKiXmkNvdikMC5tyXZcipP/MKcIBtiXbdXXKd3D+cGo92TIX72bV4EevCh5S8KQCu4SxIS2CYI12OsTFHfv9FxWtWvpVeYM6Od+8W+TXQ9XSsVp13OInkLugdnAnST5rz/TL+GCd2184GMKvyrL8NToQDvFdVBBj/SH4iskXqazs0OCZTT+Pywc6j3ZpnWmcmK7u4/7zNHKgLbTsupX1qMleRAWdX/gMn9yUqI3Mxj3qHkojJFmYTthMdDJSjIj9M8dZ6ZTFaU7g2XNlF73HAYruDPhgBgjLy86I3uaWnvrZYI+5HupJ/V9lRyC2TsKJh6BOaIDEn6kxEYWg9jxOVb/CRBieYXHw6NUGXJsly0CaFRJqn0vwXaA72DMQ+8p3ziIMa0j06n7gyUqz1OHRyB2qrq3Dmjx//7TLymV6F8n1tc1o2QCjR2k+YCBd6msy7UhDjAr8SIOUqfwXywLg6DFZmxnYA2WbCIR1XMhtnQsYeJh4sp7IMWbqwCJeihjjLZYC4CE+U9LfPFqLVOoCNGcHoEOODleSMZmnowoUAcTnx6d+qVC/A6vInFmWSWUdunq5CcHq/UWqUO+bVjA2UeUYx0zcfyYOcHVuAiGbVL8uDK8vid7eJResRwDKpXA+BgQM4eQkT1gzFxnIHmLzS6kFeuZIMjLQ3BH/UFbtVCZ7xh3K+BPjXBimMR3O3Ad50pccf7Eu7EEKGUsYzjPdpdrNeO0KXfBrC7UqjpJTw+cflxcbiJgK6A1WpN8eLx47rBY06UjBOogDFV6s7zGkJEaOzarRAu61QRJcUgsjA0VfNR6SIkTV/68m4J9rwtrp6cu6gf16tnB6rhNYn4BhqoLxlKdl3FfBs1spvKyppV4XEfzR+6gTXVbl6jdvlHoS3BFtyDM2eYYmVhbWY6XilkLBQMoHReDgA5rMIaHxNpUMSuVOhC4ubfcw5zr+1YjIburcFkOoYkzrIEyWfqQ/3+Wm8qMoGFe9XKBrzikYBLFFRCY8HjALqhUxUxahpoXtzGPiQJZch/w/VWPCgSzYpCyB/gzwLNCnQCtL+2qxkFoleNlbWbmjvt1zrlyuZJa+1SIhHh1wAKMQdtkVXk+y8onPjyUu/WFW99fPSmZQNfoxyc87vsbX96BtrEnA8kCTvSfU8z/02cfyjz5Nj0hvoU8L+PvbaF7PY5jNGxHD+/KiMz+/IwG1GOW0ZWOKtOQinR82j4HqWLxPxpJuzMJTSXlXlywRFpkSKmNZAZvoXYWm7QLVHa3HlQvg2fjUHYPlpz7vnyHKd5W8ZghdPpnSoDIYVuGYiPc9NpRpKWRlop50sLLQBG4c76ePhuOJ6hJmTZhT6Ft6aeDkIkYvb/8uQf/04aMD92orGNiwpBEJXjDAaC9KnQKxYLt/cSCOlo4XW9QCM8gPR1S+nLBJh7UytrhByTvUN/Qgdkh9JHIDA2qE4UbACODZpcqOMWpZxMjMVwYipb+84+B6yfBf7wwbnk5BXKmHgihp4lCQbgu0SEZhaw7Hm4an0KsCpZJP9QV56R8wHpEe4vhDfp2k0Zqq+S+Fipob9B6fOcLhj+sBuTa3zBaBWpFAkBLDGBG2QUGqJrhgwYA2Sr8TofeRIItzZ95Jdt7+5Hzd6LP82YM2J1n+OPuO1CH2p/nKea9vLu/mcnDVoWe4jXQ6AOo6OBsrFkcGeWylqJA54V92mCysNJJXPzbQr7lSRhWEU4JFbr9MvbxG29DPmtLGfOlJ0LIDD6IOsXhIpQE/oKntoYhFg0zTa3nzdnutQ0Jchy86Bj2/XV7Z1B8rcaK8t2Mb5o9ceN06GJFwmpGhwR7KGrflKGR0DAiaMXVAkW3y0M20/Qd1f/EkaWIPNBnd6q6pm7N2WbqRMgwEIOMRqVgetm6biYE6tZqIBexJvSeP8cqoRUkttWAO2plzg9dHh09nrFctHXMJYaSSKWgsCvHJzzIkvLoOhgQhtf/52ABEDBbsGmaXTZvDRO1Ql7SH3wFLoiGE3hNyn9lKyhPmO1gcRbGqkuSEvRME1Bh0PSKpt7iGhKs9qywrvz5pSAi+HzualseMQWUzbO5j2o9t3kTXJqOJnU2lS3jpxTv3BZYt6wY5kVmEpsErjB3kvaAWoeGzV9wQin11d5yXpVoO3TkHja2MoK35QbyMNcIRi1KKIjwYv3DwwwcrK9HqfND1NP7NYXUft+o9UIfPR37pWVujCWwBEzxPCS450t62QZJcEay22GA/mpz1ErIBT4xtGUQuFNRmhJGj/nxDO41coeyQV5AdWdG2+v4VLsBd6IzH3dkjmzm1rAvsmc8qcQ/EhN2rhy2QxIjNAslr1OTr2GjZAbY7zuAe2eilGPpG9tbeRajrEO2Eq1YAXPGjlTI77lDYpxnfWGxlwqwdari0+XlLfd/5g1ZjdDuDQLFukklLgHzW779QUzE3B8zPWxX4knTkWogswZHvdEpLdP5SAmHpmqVMTTWnRDUWv02mfX+LuicnCYUaBWWoLvqm+KIm4Qx1xxt3jj/VGTJPExJbAyKfIJCdHejGUc1yhqxOsN0+ihGRlsIpJ8cnkfqXuVldRMs5XuxXoa2J3RscZ25J3nakpFwFysLp2bTuE7kzIL8fkgsQUKJRv1bsOMMEd6ojo14SqughOeBiZjhUa3Cp9WNXqhmkvH0SWv7UIxXaOf5Xhk4cK30zutl1ZKeN1CMZqwuFYtV1OJBHvSr/fPW+TWwpfnsBLTIjcU4hpysJ/WWDbcTuFv6ihFE5J4xVsXfnlDgVaQwBninR7iSvtfQPAe6ly3AOBSdfMMAR5O4oL4APOopCFYLXk1V7zEIgaOCAojTcwNFPuCabPLHIqlFZnL65OwBmoxBvjlTpHoRoTiSQ8odAfXuKVLj0xrZzdYnYJgeTKSHBHRwunBWYF3/jpne6Mka5J562vmrnrR+t83FdS5lPv24Je2wfW45TpqOL8hYkwViXlun5ivHKGiZvF8K5zBw1HO3wCI+jiHV1CLrE1UN87an7NKZ7kWwYKguGiaecd5CQGPQVbyhWmrLdNF2jbxf4wAEM4Y/r4zRc2bRpWtDGA1sOMtmAmb7ekjZhzmz/VrEhCH8QFpjG7poM0GzgxfF265HKL6dwLs+bBMX4+FsvQBAwll62+0rZ2HzkRfksGlY9EuiLr0NKwfE0Z7ptlo+KyOqtYMzxzJ4a2yJrje7tW/E5jCBD8GJ4dVey5qZQYzaZi/a7kISFgKVBQrey67Q4mKM7KopcPnEZyoliZ5brDpR5GigFN1/i6r+AdbNi1WUk25/lAIcd/v9SK2LwodbHwXHKlqFV089AAwaxzfWiwhrKgcRbC+Fmg7fPrjgsEDvUc3wzHn164t2bFBkcHhUjH6iTlk6wIJtLFI5MwbvGthdCRv9lmUxK7VU4bvRWxbX1a1EmjBabWK+KzdpkzNOplEtUZ2qT18KkzvGx8ILrSC9W/31tWFxjX8GuW2QGYYinpOWl1bLIdo+53C7t/PZwm6GYVNVeipqHmyupHgtAsfwsty2GZ7KLOOnVsWP9Uu+INH8wZ6JSbohUt38QcXcHgCb7ZWVVfGKOwce6XIonNPeqggH9k8pvMGH2qhhEGifDj356RvMiBU6pkySeAzQ2n6KKPDMhm1v6mH3zrZ74tAzarH/ix+zmGnYiK4KQEiPFGJaTISnr8TPprYPTTdn0/qD4Le51iianJ505JZs8EQLmis0Y9Hp84xyjr2eCSiSQZQdCqh2nKcL5AdiEcjGj/n5xfYGHAksvbkTF4YkroE1O871+Zg9adODA+Rb2WwvcaF/uAMj4HrItUBpZkSeXMyzQQpE953NHV5YxYmc3tG8ywNdG+PZwIMEPzv1JXALBdJT8SXel/0zSh5tihFAnv2BV7QHvBfje/xdhdh6p2XezcxAsDqkMbdvAEGuoPKYuOxH8PAIAD3oFYyJXUhKUExO753fawDxr6F7YqnNYiy7cty07MrF11MeZ7omefnBPITaKWBKmhw7WRWUEOWhdNgvASEvJhfP1/cXD9AE9z19WBTxOi30uPQV9GhjKJs4RoQoZyJMJahJ6N0BJWmjiQfI8dk5VqIhgEwj9lje3HzIGdkVWFPmV5NiMILrzf0TI23PoPCjHHcv14sFvkULGO4NyU9qlTFaZkIaq1QrVZFA+y59tvJ84j8b/RtGGzvg/Nbey0wBAoiWdS2D/V+mo8hemSoKukXndzNFb12OlFeZqSfImqlrtBu6N93kyVCrrnSbl/WDtyQvE8mYWX3aMSNpDqvGiGwSVUbqphYFz+AQJD/40v1TNyl/w2uqGXyN8UEGAO//Bp1L8KdLLwJL1+qzpuRJ2bLcQ7ajk0AGcMPLC7yxZXMvhqf9CGJfoyljdNbSlQm5WoSQtMdq1sd/Vm3LqdY063dk3Dje6Xj4RfS8s578+4AxCS02rW2CFW+erQ5xSy+u9CBP98cXtB+q3jj0K8l676Hr1X36SiIc6/0ydYiNjAT5eMrq6roVl3LWI3q8/aGPiOPhC3ZAqY269/SHfZtyv9gd54OKCxLeGN5K40j2ySZ+9LOk/yAWeKOnr5vNKh4EPY+3AH4ad1/rXwZweRDK90+SS/128imeW7bToSZv40VmssRiZ/Mq1IwuKLuc6EI13AitXQs7EL7fZ6+AiqF6Qmhkq3VOQISiXmGDd4gl5QDAZjvj2lUoLzNfLcRLkgC9Kd7Wo+b74OIM0YbewAWoRkbVbGTYwWnrNS6SZ3waNOOji7ACgSmcZU76onj+PEfdJpq/+8iLo+IzS61Itw0P0WoJYIARanpgPPB0mN2VuVA3Y/X5ogWQvaJbACY2USNFuAk579Yn4InYE0MlIZJS/yZKIbfKVXCbuofErd2LcCH6t4uUWn2ZTXPKzW55MolYdvYPSGEGK+T6ZQdTkIeGrqdobdY4hxBmBwEeRfWdhz0xrLILcvDtIL+pGc58OOTRmYWhL7yHHLLcOKQHTy3IO9icO8mHVC+jyOWiJA0jhbNTlJoYyOQK7ATewx92CGhWA2bsu1YsnkSLRQuJkN1EgwMVskcFmOhm/16Pj3dJ6gZEIrmU+TLLgQ8axgXhWV7UBV414oal7Nm4yLYbp10mp4l6SWrWymgVo7XSVNFZA3KbUbJVyuyT7jSBm4ztyXJxKK4iUJLd+VIHjhYTk/IVkCEbieOAzTTmLEF/KRMipFg79dM9a3h95p1C1Jrbaf5z+ZzhYd6bZkJ68cBtBY4H9iRmb2g8A5mA7mfUzv4x0HfeS84ujBNZ9/HkXkZYSytdQ8l83trWEyk2BdsuA79ZkgxHPdMdmfwPU0vJw1bD831aEUXXJkgC30KoGexlolsx1juKL23aTFww75E/0cSZ0m6I6VzhAe1fe2UH1v1YaH9AGtaZSD3Z1Ubb7Q7zdQxP+VB8gQLjmzRZqZi19AIyR05NSDksN7txCXR3sLvcFxVrkszSpRXkb5NWSPb9eHgORjGbXCxclWqs4zvCi9c0nXIHda2IV7rV7JqPyK5o3zXdpiyvFtiwdXkTaUSmqGvZEH8+tqju48bQZ/rjiCFhtrv66jfernmnn1n3IOtbApQjR0fz/kvEq+40Y2QbcNrMJPa+did7lWLrqFc12XRORhZs6/gMjX98QY0onfUl76PPEgPQHC+rnhWtHYfaycNwTXnhgti29ebKu/slX1BtsyzdIyq6nA1pSS6qG5RLCZ2Yv4RQMeAwkZOVoOdlb1toqPg69Em6Kr84NKTuo9tyFgUpuy0+oF12ZKKf4z/IHT3YXk4KSlENnICl0O9DAVpFYRum258+65xnwXaQ/IsnyRmBgWbPii3KJNKwbdXxkum7u3ZCt2/cIkEZIAACZp98EA2dNCwon6uvotb7Zo4d3mmxjpz/+YcyEziotSS8/3/m3QpVg/9MUdkWRDdGcz7hs2Qi7UUy04bf/FRTRZqZsJ1xmCzfrm6V6qSqh+0Q/tckIYOxI1kLAQXD6Ys6e10Qi4KDpr0zLTYzrohTJxpwQcHtJ43QA31htKEhnuhc89KlMG7AGuHFL3HbVrDhD1Mh4aTt0ELwWonAEe0gaWgBqnkiSdF8DOLZXYy6YkyHbKgqZ43jpyp9UfHoJCR+jehH2KTVX0hTaCuuznuLEJZ8x4d6hwYRpdC+0ThKMaEXKclQoOup20gfCx6mNdZRx39QM+3TMQkhGygllmS/LQFgQoRZHqqHPCaentqjHIr9tD9UMkB5cFydbLoDIM1os4jKRA7lOOMAlr/cgMYbmZ2UWQbCoFg4k7K5d0Zl49dP3r3AY1QK9z2GyJFQ4qs+PncRyTvREEVb+cDA3FiQpq9CHAjUtGW6PjH1N1zPXMtwjehnyYoE/pkx7mCZlTO01X48zayYA48yhxywfRnssI7YQKftDRMD1wxSZQFGnzLf6KlpvQHiilocquYP+axQPOGB/1HjMallKSgBMBKwLMXJ7BxmgNY7lQW0fQmVAsbvPIIwbVr+wgseRyTt0/RNnhzIKOJdGxGweUGEM318KMpjuatd58caqf3GVl3yd2LP8fhQI/+tWJuBHid5PctlOyLuhSxi+5AKRIDbvRJcd7aHjjH4JmkFio7+VUtTMSK/aTRg1ogUwlhUCv9LhYr3cbpHwkkdw47mPPjw2/v27jtQalPlbsBuCNzcEGxOn2kHHdb6FepRzdcIYuqpMRvUvdQnPrTBbTHbSJzV0doaVh0cX41m3saU0yfV4lwZhuZjj0G8KnXCmYcf07ftYuqXgbP2eWWSVgnowFryH7dYdXQ6E6gtLY5W1fKbsR7fchHmvlRlkhzXbpEj2rf1CKuT+qE4CnIJLNCJcLXqGaiitPEkRraRMWTs9Thu1uCDHBGq0SwBNz1CRz7N7ph1thR18meMUKszBpJnku59QnwM+iNHrbUHP+62J9pGUfnnv+1X/0ZVbXNC8zTkftkAg8u4m1M79ovZlYaI2nO845EShRPz6plLTiryKfVqHNEtiOc0POi+VV491AdKC0V/wNCM1nMZbPata9slKG9LInTUS/D6Q4A4zyzgKe73H/btd07JmPSq9hzLoBnvwvyxuNZocMjRvJIfOFnsxpX0w5Hek0qRC8zFftlh/1lk11S3bBD5OR8L/VgTJDKNdMh/VweznVjGju/86+0tME2aRnW+vWNO+6/VUx7CH2ZfgHHusI137Y8edgWHzEJuNh8ghiMkXMNbrP+w5U+LVYUO2fDxE1eWJixaLbIiMjGbhPckMsDFeloO03BBygBBjtJ2M6/1sB+U0d56BPLoHaq9HFrbHoTOhatKfilioY1bLxohiHy4uLO78K6KTemEdv/A5Tf2eXuk8N8mvEbgWks2uDohszsGz2h49HW6hGNcFC7/bz6f7MtIz11qVmELb6FYyzyHpLYi/Jn4U8tnMNNepWHyBNqXEEPoxBGLXRNnMC2EJyN6WuWxG+GETV/dfStzJIQKannosGLWKnzGH2y6Cu1eRtYItHbhbW37GAc3g/e9xWoaOeOoo6HP8ZU6bKQjaQ0viwCWzlZcTdB01xd6q86+28nWdP6Grjq1qtFTq9rTfTdg99Kuktw2+mved+Zq4ngxcWveCc2+W2fFNfvIRjJUOJr4DGmfEVmGe4S6GMCLcBA/4awJsvXJvKVgoL9VDA85pqbiJMPBba84P937Rb2ERYVKvBJ47Nx631Gx5G+g7JdXIsOW79DYF2XmTzMW6rJ+MZMckYNnXPKAUZpyHOclNQo+z7FH5IZUR08bzJpYZdaDbJu5pKtDldiHNuVtTEbAh2zMb/o5eKot5dLNdFt890KC4+Mhk02mpn3ZfOTH+mHSxwXAarilRp3j+jpHzQb/s48gEGLiUK7PvQlGhOWA8Q2k4HXwCw4M0STH4IpXVbrjJwJE72Y5EUNaRwvo6Eydm9lCI7YctrF6SzoIiCUf2CjJ+920dza3eDM92b8cvctnQR0ITqzeq17W0qKv3focQa+Z5dbBZJNWHQLewIPFgmbZ29QQtPqENsyrCjCc1/jmSMH8WDktrRqts8vHI+J0GHHaAXGRTVEa4Kg5EVZG+cDpGyS02CZrtF9nGw3eIE4RNKFVn51SEjTVoHgMZH3cAuK6nXx8KqlhimMux6+EXS+VecSQ6i3Mypt3/OCFI2WmTlQPz+UIRHjKNnygMIMi4yKbNHMtkT6bXWuDiK6TPLA44nQtP9HwfBjIjMJII2DkDz7uwnARjUeyQKytm0x54+jWxcExCZWLRpnK5klSam98Naqg2ETsaVyFpbPdjd0MuRLfyd0ZaMfeplhX/cN4vzuAHhTKqq6F6jfLwKIN6ndqFd5ZiMAgCKgGwt8I1mZf6oSGbMFwb95LBf617K7bM+MCNwAWlFAO7ziVrdpp2eIGu4Rq9sUjSVFl0dwud1vciODut6Qq17+V+ateARPh9b1yk9sKy8Uf2+XMnRJ6fQEItKmr3OlyJNODCfF/iRrKAb+M3+5ncOBZTyPe/+gFOu1FBLsU2h5djaOdeHVmGu/9GYCAaNOhha6kDsExIWDtSi+D5rt9KqpgTOiphkaMD8/VKdq0IcSRUwlHpPqvLQ4MmVmyh5v4UYARF8hXjPepnSYd37fEPCa8GZkHy5kd7AXinyBvkkZiNvcPUCQLhe8Gd+npouaIwWdoc1TZJB+QlAbV1d5oh6rNn7AZOPfE0lXU4v+BzqsgNl1TuGNy2rcAf2S8+NYlxJQwcR/wwM152wWLsN246KaScWHQa3tuiMx5NStODYpfhbOUIhfl8pjcJp70cLOR/iDBWSVQM1FyiH7J/ui1YBp+aiFwX0vY8lrTtHErtvigs1+xL7K8mfbPgVZB+CQCbnkpzXaNr7s3NHOPcQSOk9fyYBV0ktO3xcxbY7LM01BNXeBbpeRSHYRrUUCN1ppOvPlNOiganSMQRv3rlqZT8KgFTnfTDn++An30GoGU2kDdVkEFM63MqhhEAHz0jMDH5+Nw/A79C/MDQ2nVqrCJFqWMiPQOJ9eG1zQ4tMFmXinb1W2Gi7g1ZKD/gndh8FJi6z3nnXNyfPbBCi347QRF3TZaAiO8OyuG697FrutQ6NBizdse8f3/lwhqwZB0b/azvvWi/RzyzNYGOjpqdSKB83/iJgjxfx+IX/EqploR9Zom0Y5Yu9iOSkLUzOF4uvm4UQ+fuBSsSN8HDYLEUE/kO2AaKR5ghPc7INJk8zKctn6vAXJu4VyUNYSjvxk/0qHeRFVUYuS2I38Ebe6R6eIaNhQdMDOKiAxwrBGeCUoqfcbMihZihSqtYRWSRKAk1Xq3WPy/uVckiQSExG8jYpbahIv/4iI1nbWCkaijmzDiKChLYCSsPuLf4UHLnm5fwiVdwZt2XvAqDzA2vtVf2t//IiBsCqzT9X2hxNR9qfvGzcTw1y9KiI1jvG6+6mZJE5R1JTlVJKVllBxmTdhjOgp6x+ZUDWQVpKxq0Ffk5pVTgbQ7Tk4VouXPQgBcySYSrwgFOURuzpoVfjz77HizbGaB/mh34U48gu6O513u+k3J788g38oW8ARJbc6ZRE38gOaIp02JmVVxzh1fY9W+g+DVllVG0IoMa/hAuOS5JsMVIDahqsLp+VFZpStGQaxlWqIHev2RFwaWQVVteXgW0t+tBk1ys78r9AmoVW+pEyssIWw5d9M24Pu1utY+5wFKfrAm0gw20j2fEYcGjCcieCsv1UEHFSKTtxtqxGhmgw8FgdH2SwfLRgmuXFVR83xyjURBpHiT5cxipbT/4N85r2J0hYKnnHpFRzvXe9FplcAd46LqVCvCsvnvPmUbUD7U+2nCRdMNZQK81SQF25TSJKSpJKhdm2zB8mdJY4CZqVxEo3wipYyZ6KquRHAk3jiERm+dUdXCkLKJKINkqNzG3wI1fDsfDu7E7fe8vrMKkivwTxuzYEyxwC7N/fsOFuR94gt6tnh73y2Trh2M7UguukGje8gREQ7lmvWZc1PtSwqFDt5XFS+A859GAQbP32AbDvtNa1HLJ9Euz8OKH2TztAh3uaysorgYs5Asdm3WJGgpW/vxhn90J2hiWsJR+uIKhKn0o6av/iLRwNQmi+r9ivL9xudxHDwRZfuSGZdDGpTdCF850D3F7g3LT42zzTyPbyPeM5HxpR+ib4vOdodN9/O6fwocC8JAwWqtltJr6n0T1hTK4Wm+CESvx/fdMpJ1ERi9o+1QqPERkcdbgR3k+4EmR3N9iFgTjOEI2bcAV207t6cUp91NivmDHZaTItoO7yjdc+VlT7hS4HE0myp9T9ATSLd4ITUgUGfdWuMpY8RUBPhzbreNW3JgVk44zw8NcKBzvf6uH4vZ8YA8hC0TBjcmbjCFo5IgPm7Se1GTDGaoXyPoGJGHYf5RE+iW1rY/PIf0ERDGIB7j1fkw90JPoYutcKflR2xfzqd24tX1xm+w3tdBs1BCztbpahHUQQEZLwES8+/d2kEVa/Fe28OZh4E4gWFksaeVly3fLCHc2nxgqmWPTENSTyPsXoscrvt6zUVdqd+YI9mSfAjo5MowDrIJqT/JBg4OVQLmWlu2Lc1s10lFpHGwR0du6u+Qojzebes08AI0qTQqSKBD0wfTbyD1Bw022/C8u3kFuOwBd4IehdpVyo5fQgdyGex/XKfetiw9h+QDmncYOs+Gn9EhEdzOkAnTI0yWPnzF/L78PDKtNxO/G4G0H/u204I6yx1Xvk2LckLrK3M2tR8vzi7mvEhHkz7weJulelf0km6yVqbih1AydG2qmXs5rWX50X+YsWOxoy/7M6FZArpAWl33wrxDHA1mkcHsxANJT6xNJhaemrPR9K6Xf4ov6FHC8dPAj1i4fHjNcnseN0IycApf5EoTvobQM2JKl2r8FncK+uSYFQTIMSY92Aylq58CHiuUimu0Sxw1ZPZfrzJgXXJFEsqViWJzF9ab4SMxujowDWxH5mmED2gwuuUORd8fvncT5eSGR0lOxYmJfdhvGf+Tj8/ccd+NE2AexHpnzIXikmpzjOQIROP9wSg1IGvP4kxihHVrz4Iq+mFVbAKhqHIz9hzGhWCEN8ruK8CXzmVAQUmcRd4a/IHcwi2VDIgf+Okwu6rI1Q0QeJPBc5aGlb9jOYPqJqKVq5qMZ4B6h3BeBgUJsuDCfs+A2NdhXICpVXxe25CiDSyshtn4eZURF2U1E5T5y+jhfoxWGpnXD18fPDm7fyEH9PGiaFkLA2/3ca0WsenCGLYyjrdfCPNF+PwVQ18m7ikBHhCffxrmcwKgRoZ81I2wT0LEpkPQ71RPEqDcVY951xkn10GM6cYq1sTJpFM1oHyDif/mW93nylRpy5cqI6hE/KzC1+09ta4lqdxhuB890T7RsRlCNSQERvGAKaadmrjH8CUB9dROP+bP1YutUR/2ssRosCAwEjGLfp56FQT5nxdGD7BeMFGfQN1rWN6izoybKZZgJiz2MQ2fpBGxjZgUhsAml0tMfbJKijOD2GkhzCLqMLYuqb9mFqVdWfqaLlzvWWRt/uqYPNBdGadiDoQIGtpT/D01Sh6umL0nTC3U1xAZZYPaFloQw24BShbbZXZd6bcOYJtfX7kTnVeEYy6jtj+vgpby/dDv+35JoOHHybI8gRR6ra7j5ndqsg1m6cz2my7uCaM5p8Y2fIdJoy2NBQU3A1mQLFeBdaUtXa4nkZ2tKLLih8ksuE9wEZ49CcxVIpjoQOWdOk4d+Rb2tjzFAZWqEBLUQpszJbIvMSXDKVdkXi6DSP88Z4vNrC72Qx4eW0cSjkYVa6fKPldmZrIwPvqzSbxRNyArm0fJb9Ot8i62VHT2KSYSAAknIH2jDLRqYRHAwvgAoqUHK1NkgSUoezeoUWjDhJ2oNmFdfF3edk87l2qaBLuhWgyeItYOAct92VUVSiNFCDHIAP6ZvtfR2Q5nCwwN47iBt8Dz0nQTQrOeyWsHzTvypyzPSY5gG+A9tLKvzOeKlOUhWEz9WpInZbf1K8E3pV5WivJOlgkqUxk60IB6nRiTNmPFrdukkzufezOFGgjTM+iL5D7w2KIcqy3OpmZ+qnqg2AHMC2tafVGKpntN5LxWs/m8Qm4CwV1VOIjctgn0tlmd390ZUs9fNnBZXk3yhqZ4bcRzJm0faD4qBC7XG7tYPywlKxb10tYvuYBTsVtS11YHmp9cZTBUPL2knCJIMEjbhqHO7Ryx/ad/ORE6HkZagOwBYXMuXZAy2aZgqzJeSKpu4D5soEfj/8ymViPh8xfaXSSs20hlfpa/JSRM4Ojw4vT/p8kh1J+kP7PfKPTyMakWcRrvw/IUvPlChG5KIQjEWAyH4eLqIDjkv1ePQbXdDBoGOIBCtB3K5DHpvfCSpWwImV0NeMUPV2WX04xEwx5TxLot834NeqolrSihcR0WBtm+LNkzHYEsFLgKaHHaKEdARXrdncm+sublBahEzh+Db7mc2b3iHPVy1zucbDb94t5k0Ijk91xUMKYr/a6pBVLKLwC6oFPtf95ayIMR49fo6YP9536h4LWis858M7V/ky8rzm7dy1XpnGiUTuhf0SgKkxfdU9sB3N1M6oXZjsoEDcENsfRymnoqxzLogHKkEbbd04h/vmxvZW4bQz2y6HlF6x0PODjxkFvA8pRVLo8SA8K9CCMAF3ULHBl34IKfKV1EYJYLdqN15SnQDDBFNjgNuO02uVbeUwpt5doU58mfELh2mf4ftfYcmlNpLxwKs4JqujbI38aIH2fxcyRYXIeVGYE2nL9k5Lc0jHbdfd3UgpSYDOUa4JiwU1dT6x3NyCxVv4pvB6ALkSWXwYfVmwlssw2D/5Lpii5Etoi6ptRpomH8KO0TXV2bbrAzFBVo0EQS5K/0ehlmPS0401Ftn+qADnR8WyF6EqOct81hMs4zEIm62KdTyQEcs6Nae1LjTS7wxCQQJnb608KL+CkniqPzS9JOSStY3XLxit6dMiwzxGi31Dbcqy7SReLg54zoeNQYJyNkpKxjfQRo+aJ1qf4oPi62xLrJRt1ULgHUZmoMkp/3sQiiMVfn800kmPvRUHAztJl4ZBKBjChwlfZngqtaDzkOjMjz/Ozp1tcUl00vr4XPRahO0Ihj+s3p1q3UUSx8Y8kQDp35963q0I9C2hgb7ICYluodakQ71PowJR0MnY6itQSNvY+VE8TpRpMG7PVHGoLTysAe9Z/uvVJX0yF6j4GYzuYO2mYV1lXMCNxlOVj0ErNHZ2DvCXF9NPYXVGOCAtuAzjx7Lg27dzjjUqaWz6I/iDOPH27uHKNtdCqun1TpEfAF73tgbUGUX7i40eRw2HRnAWXvRVjdtgiKANByBqlo5SnEQ8/tZlR2XfH+7ktytPfdR5K1ChwTabDr4D0oYwjtfn3QkX4hZbJMUAuDFC5gXIXvZF1XX0duXUMj97IbF0Fstexf2Y979CHE0kH1z0FuvfArrOKoSZ5PuHGpL71HbqhN5sROXVVT1bdhSvnlY//Y2JDo2HRaRrdzhNhfVbrdiycVNms1hJQr7lr0bpSAMFsT7cXnlLF64bjUKg4JdsvXK+wGZ/yfrP7DvXeS8Qs4JOMh481V/YeboJtgj0ezIdHf+8osgMFaVmDa1Fdbux0zH4RKaXBeN5Yv+CACuX2ykUCJ/DEN8qnveq80C94wbf5UM7F7g6LOCbzvRUX5YHiwk+ju1Lz3Am/OTbM4/2W2g/qWdif+8YoExX3hvdNi1PqWwB8QAGu2xlt2fb7FH3+zByRlPNrasw5Q3eCMNmSgdGveaZcdC2TgMb8RGD8lrJDnT4aqLMaUrPA2NOKyT97RGC2kGOUhdC4c6wYQpOFhEpJo00x18EvbDwHKjToFw4tbaXEZdl58cA/LizXDAlDOghSFyRlr0Z7LHHzLfhLpGMm6zu98scMHh5KYwuQxYBuRj8MCvmoMYokPmitcq5128eniyzuxgnQyrIUb7oXJCSwhCBBR3FvIVmfEwjE9cOpD21haD/pL+6uMTNmskJQjwiK0RsQK9H9h0ExDpLs+aJT6pVmUjQgYDZetLNE/Dc25IdSwdMurzUt/t9c+LykP44hyzZ0uq65l5Lja5er6S1eoWg2FiBvho9CLHUGnYe+IRjkJ9V9HcMohVANcdMshd0zveSqwu77KAIL2ym24iGR6IRxGWVBjf56qO9iLS4sQ1uyXR9R3WA1adX5LKY3jw0bk51Jhdso7glPbrfCCnbLzllm/CdqgmwPiLhxtUV3i591uBQx6VRe6zricFYqADGpw57AT37cit++Q1k4w2DQtnczWC70qA7+7GfZRZts2u/aVNV1RzRONVFlM+xBmwdvlhb7ahFhy0d0kwshUIeYAFL3ao/ItYqvLJPNcZAh5DZNBWASV5Oq74k6oZlai8BFQUKjf0L++EhHdbzhyA7gRzKVMFLXbo7iIEnGMZJj/lme+dhzKyQX9lasEddHRHbr4o59XA3p29b+nAINwsgyOSuy0Z75YH+JwPmcFVynhAGRdFwayqpcLaJQrWuvwXFuyR0B4iK8kTk1Ml7DAL5A/O1v+Rr3huljukbTOfo6zQsukRxTK5MrWmjA3DwOsbuMnloJTdb3ImchbM7c6FUhJp0KOZJUO+pyNI3fgLfWlTGb3lhi/0jLjZ4ilJobJU2I8pNCxvSc+AB0qxTa8HU8bFLge24FTwYfbB7wpurHIEvu94T4BE342vIlJlA0DwaGFiHbPFBahg168gDjr2mQUc3TycVO7YYLFzGn8EnAm0IfUieLfhOaonjCkaDdpNwUoj6Q+q9LbNABUI0kZ2dkR1xdadhTX6G3v1u/MvfNfDQAAgrAB9Mrtb9+DShC0TUr6bwHEbiI5ZPgVUDeyFc0OvaJYQCjOolrhhL+KurX+GR68GpUye6kVDE0KNvH8ZLYHRicDooqStXhJWBThJJjoGF27wiA9vjgJKVGoLNU3yNilH+gIfTSsgCos26WqjXAbpM/aV/VnScjk5D4n8xZDF1UEnHc7nNYJ9IONkXy0Yz8K5Rr31Lr5507pWvwRCSDTNY3NukzoaFNv3DhggJOHjj9P0inEi+ZV9Z87aRliyI+aTxMHrdZ3yPrtUEbhacNY0kYDn2neLFH4XC5xlum9uhYBUAAm9GdxDT0teszlcB6Y0MYvLUt+y12bf6GTVzNqyUh9l2pJZYQlGZNpBLdpDFSIBxgugKNfG+RcUzVIetaWLZ3oW2KfrQpYjd5lkGAAdEZ+WZ0COm1Qf3PGmMVSxlpQRL/kNyJcmxPk5Ckb6/gH8kinQQaTaYsH5aGksusCavXhLV9VGgV5qGAFdEtU9VKwtkDdJbjULIZofH3ukGmBabFhzFPZlRGdCcGxc03fU8osViSANYYGL/E25cSTiJu9J3UkMrYcF7hMszI5yUY4w37x1XkvWiPjadA1CQSU3rlNYUPtt6hA8nhKNR+aodx7XcJDycSPOiKl2ndhot8UeTVLtdIyvC1vmHqP9PmXUvAtVgDkbp1BvoASvErQi09xoszNSdcJ4W4N48qIk+O8AU/tLvpDl7J6mvpZ2RozeUi/IGGtZoKC2HbUtO9AjYGNzGEpzgQ5emZfrJQV4hof8EtJAYgaDOlJ7zo9W8lR9zNp2NBGVy4m9rRuNF2kbKFs1GsHedJtfrulEOsK2u8s47rsolL6T15HLLLZZN1dg5cMSGVH5tzVElJtJvsBBLCALIO6p5Zb13s1yu5TXapuWgoqPtPoYUrFxYhk3cbvTOYq9cf7ImoKQ3F+tGJ+gooRKHCwFSR9ElgbxGEQOzaPQQc8OCmHE+EqwkS9fYT43eiigW4aGe4fRsCTxEdW4gVg2QUyhvsm6GMRxf8/i0HkZVV1t1kOC5mL3UXZzFtGQjuIfqJnwZA+bi+PuzWWzIHI2oFabBNfltFsjkA6oHJEImMNW0zlpIpwsx4S2rS/pPKnpgH7nMGH8a+hC5cj05i9G/tdrQRsZPrcKhElm8dTjeHAXcCyswgb2lG7zAafaHtrbhYaQzunT0ku2u+5o+EQyP0I9kve+7uqVvbSxwp411mNfQ+m+qJPKwnKRGe13dWyRj5SQCz9fZbLxVbWUeiFtSyI66s8SD1i0W7SW0i8pg+1sFpzprwf+luy+QC2OlcvetAxMwtf2k6LjFAsR3O9In5x1aCui3Jct44u2X4wOa6jpG+qwVWPbvscdFMoJfTZ4moYDxuooTCAZsKx3YbEHgtgp1r9gwBSsoEact6lrHCB4cYT8pNdbfPQZKCJxZHUvGxnr0BotLxN3041s0WSXemxev3Ht4bdfzc8F5KO9OSoxJoLiaE8rrzQOylcbng/7XmhQLyoyBv4xhrecW1ek25eh1GtaxPPlbhDDs7HOC4ICRl/t/+vgJtG36oC3ubgTGImXUFalB741nWdGnDk9WYmaqbXdXQRrRqcnehtSXLIDVCL6hGEp6lZoTpAjYdjPJjpkon3jFu5Jh9q988g6QByNCG9XZyDa43EiUBeVaU0xcWUTIkhXey9qlm3+F6MmmqHWKjR017sb61JW1nSfHzt8Z43k/thr70siXDKvKhI7f6qTLURJ5Y4Vrvonn+srzFoWb/vCdZrro9a6pPQaH3bqbjW5TdQIbPE7frcYzQvBhgGSoNtx4PnrE6V4P3QwJoWziQahwD0FS/ZZy4DyXcqswSYxfb6gkmT24EntA/fXlWKJqEGXVtRc3RIrZ1zvXiGMMEPWYPNxXt78ces9K10anl6ZsnCh2X/JDNkW/tHX9iis257WnVzl8zDPmMFfxp01m/k2g9lG/HerY8zigPdr2yAPxiKBaf+26jAUiZ3HNevbIRU+0f05LPISlex6dKjN+rA7Dlz6T60dREpLQCzYd0C3hsRZvrcC1TwuAMclLSVqBY5fr6/oh2tLEcHsj8dI0khq6LjH4PBzXD/jhylEJgAuXDR1yr8QRjMcGu75UKJB7hYOz5ovuZ1tokRmwDlq85BsufZZs/TheJGrpwZ/SbPBqBsnp216h/iTD7FCsBszM9O+m/mzsG7Kh/Ar0prvFhrxg9dxaL772YTd5xbA19r2xhXvAX544FaSbuJLrRMF9IoZOOJfyuqc7jbCgK/aV6vkF4Zq4lFFvp+crQlLz97b+3gVkfNU1XpsKcZFbVJbKaR6AI62pnVV2t0RfwwwxBcbtvnYDT+JnCY4L3pMjOzZJ6nKw2yGkoPE+TTCo+cWqxZ/wjxW1c+IbtJ0i0WrA3uFe/vN9vGJFBWGMubtg+dZbUBsiItVggjoIqrsWfZ3U8OCoE0PAFmhhx26MIdxHwoRb3HmUq/PBQS/bzNm902ybIz4yrVLtZJe6ep2N+O0gfIGtapineZd6AmNCPIQ0I5Q8PbgoK0wBV7+EM93jCF9z6H0uq4sHRUccBT1IgD5BOZYEhvX5WVDOMjUfUPDBzb2491ZJ/PE0kz0wsUQVf2ZPkjb2W0I6wOGNdoNShE52KOthakQtarJqMYviPWbqyI0N/Yph1ioztejkvJuHXn4dOBIpNBMb/lNZGeLoYRjWG6d8yDBZN0utGw9roAO+YQZUzMWbUvrZR/mvsoQ3EKvHhaPwLPoSVFcnxb2T6AQlpZVQTxwmtGwxnBJzH4uhjZu0CqhwucRCWwSiwMHWEZ0IoQa0Epin8036NjjCR+Q6F6E3OK5r6Wd6JhsYNojPrqYxZItN5W9PL5yEYedwPntSuw/XJr8tMioYwl722KCLu3mj36i2Ks/6JQhViKJIgzfWceNku85QdBNKbu6btM7cw2mzGRoQ0flRX+uAOiwpo6j5eie64nURnjzaXG4XHAKCjnlUYvkfN3rm2+VkNqUMMOIYhFMPKaPY52x9o8sL9NNsyDMCOa/+EAuGU+F5WTmATwC9LUfa8+2CiTXDgPQCM4mEvN1I6uxfhNyhwphOWtO+osclAVGWei6lr/th0kKBqdNnSvm78YiT83HY91CX+uVvh1pJZC1KfO8jsj8kBTliJfocEevJ3xEntiKlMYR/36lEk0KTcBezKwxmyqwloA6ndixPE8ZMD7zFn8smYBEwpgGjOJUu9sV6XlirAY4Khqo9MCbgu2fXZhxcqWbmVqmw9/5R1SLf7LFqds3N1Ycrj2Bjk+m4WzJlaWlTkF6tJADDrDLRqDZploiixcYSMyzwPiRkKsy5otd0n/rZuvK/6MPGHbNdwfjGC1nEI5mogIocI5ga1HWkENTIiWqX49LIbVWsPSx85q32DYX0hoxx73NpJ5LQibnCnA0TSgYWaeEzHaT6hbxsRfLgQsXarZYT4Bg+VPTCuP0yUbJI5iVXAtqsX2OfjVF6lomiQTpvmbLdUUYkBQphg1rewPjgvIu4XMHoVaX1UI1MpSuMIvAbBhdJBA6dgM7R7Vv2ZBeDdWyI62KwhkFOvb2stkZWYMC9744d+5RMPGyeb4iQ7Q5CTuG6FhKVUhaEXsIkLwCdByAFLtjX6faSCh1MCxm9Il47ZeghPJsD288OlGVVArbABsMYN6zYeFqUW1LPH8jQjLlGM+SlAcgulHIi5iVO0+j5d3VFlQDn32YmCCmlVk6oK6HHs0csMLmncTU0JP3trWu34vNQTFK5ho3TUu2/bGllQMR8ygZaYH02j4Y6Kg475TDBlsun7RAsjA3Fq8meZpLy9t0nLnjoL5A6EvzDZ3xSd1dno9dlysnWIB2+nwAWovM19o+jFMNATlY4zWAQ6u7K/nMGoIQJE6RNLCR+JeZBRYQrGfQzew7o8MIt3QUJ+N4gEk4kR/CLm8mzM6nB1a50+oxlFrvW18qWhzR0DhLbYxBUweN3zxG8Vd9MWuRC3okkQJ126LSUEizv95yQhdnS3KpnmSn1O9B1bFOQ9JnvY6PRqEI4Su+jLFRFiSUMRiByja4+2voX0m9ldyIM3YjijzVps0B4TbWe68xvz+5zKU+OSsB9+lWYZ7duiXOxq0faV7keR5JYciAUDuM9UUwzbcQJJsMKmNMgwCYojsQKdvkgR85O1nK6xXaa+GIXNzFLoOIZcgwUJsWweEVCwDxAkYcG6elRsy5hFX3VClYkZtXLGaFadnAajNCtOemgnU8xNKc12zi4vq+HcJw18spwN10Ujsl+k6eMInkdpwcn28AcQe69oepRmFXxuC7Vjv0GFKTNTquPcTyEBOt5/Uj8U4wUjeSjppXvPvBbV/nipJTIzH5jsOJ9LgeshIwOmC4RPOwOAO/z7ZKBvw3usru17FdIKwkrTZKeYeZWwILGuPsjAxsfrInk9JvM2B6x0zYO9mL5oQdYw2yeIfJHar1bl+ZpFLmCPJpnpnhgdp2vWip9h64cC/x+G3uan0/NDPBFf5bJFscCxtmcPx5Pxcy+6bdsp33yoicp+Jefglop+ENF5sbfUo6JoWXRp9Yaa/FKVyxHN0lRXyRe60r8goSzwHI0cQ3Snrr63jTxKjr8/guKnsVfOwk4vi394JlS/gZmhVpbsa3LYl0r3axigHgP91god5QFeEAZFBz0t7XRAa0/hERLStyumWvb443Ywiq8eQNFosBxy1gRDgjy/NRBALFxNjd6SNywSDpvhnRWOSWpIdiWl4Y8DuP1bDQSAITWAUVsez6pvDIBJf/t8bHSjxZTqnQ5kIQkqE50GmoL/8xBtDo9qOjgzuiOJdhi8vLMUEjrnRGYjHRzPvVMfbKqqKUxzleBnWLaXW3BSoeUX2jOv8yF5ic5JRVF5Pet/d6ofSD+3zCqD1wWzPnrF/AaY3jXWhpe6tiKztSNr8fhCo8fDlfLUQclU9M2+Yci5uJO7jD9UkO0KnrDAgtzRPLaNqo4AyaeKTYS9q2QJGYqkcqHiT6bpJMjLjZxtXpMdsqNTB1va4ejNoI7vOJfckC3XOJZESX3a4wQktEsRGHRTO+2ZzKf35IIuZzFW/AD9/Ule5u72SOE8kehseLdRs1lMeGSUKYLsBAIIX8osDaAciVJsFhvf2Gw9cYGuftrRNiChf8jTPz1OORpkr+EecLrMq/m4zihLllzPmD/FZMpTrMerLO6NBdhwB58LzNwId1JyG6lnMygTbDLeW2zCSFtuXA/57Ww4voFOrJNwUth9pMY/9wEO9ze4bTKkM5KKTXiWam471BYWw7L+y9xrCYVgG+6QOsC5heF6DG6Mfjtx1PlL9Y4ml3+/xSY46EM80q0j9YA0haSCDW+s1hfPFpBm65lFrvAHNXRl+VVrUpgGaP1sNlk1Y3WuTlhGxB5QfsWyuucO8WCl3jhrZKL1EjsLh0xQRIQf8p3dN1AoZmmZhAE5jxFH/JXeehHIAfKTGMiCqkG5G4ppvL6YAnS93IV3bN8NpsFzSmKtLb22iOjghd/tHhW20a3YKQUQ3vxC334DxKyhq02foa8LtB1VqdQ/hBzY5GLF7zkFeGoeFEYi4s9XbygkNRh0oZkyzA7aynRCDLbFi9Sf9Z
[2015-10-25 08:33:01] Phpr_SystemException: Error defining reference "location". Relation location is not found in model Competition_Name. In /Applications/MAMP/htdocs/fars/phproad/modules/db/classes/db_columndefinition.php, line 494 Encoded details: I3ImPC6dyDMtpVMv0r0wSbW2VCpbLkCWCGfvNDHziBjAfW3yYa5V2PKJElRV+/Jtj4HHFUZ9mpBt6XRmK0/q85R7ZjvG057FIjxoEicrE8jd5bpsISYJFREJ2y/x9y54yMsa5aUTKLjURI2vzSu8Cfr8g4c3TekMpDIl0ArsJlo6eHI3kZ7A5Xt4CZ/xiJOoUkDnyoM/jz8G4A+laaJwcJQK264lplTx7nWRWTVkchwerUdL1sFtqaWtZ23P8S22nm4+SQohiXs+bau8hw8O/iZcA5jyolLyoegPcmdJrMf/TR7CEJu8B3ndYJloHmu/gWtIjO+mu9dCA31i7YcDr3JObgscKObCtRl4eLBfG1hIBeL7V7/V2XesmGl3EOZnqIgKVUmjfXmnQiRykkGsLi6K2h6/cDRtwBi3K8xCB8+mm27/gFds3VzStj56wKPhmZ7NsI41jGzFUTGpU8abVKSDT8u2WiZz4UBf4FG/QD9fBIm6t3sZ6L5IUMMbLWW01UJXl23CB75qiYPdH5gFkWeOxY3m0t0CutENKjirEXEq6Q6GJwrxE7WPPgfPg4m8jldKpTcsCLs4Ol/6EV5C3WPNY6ZVP9c5V3gg8iTnS6xBui3psGJbNyuHNjkh/2HL1LvsEAH0/gTvy4NFqSvsz+6tUPu0/CnOrsbznpa/LRLYHE3dnCjOhV0temKE7vOVm3CjatiuAdfuotdnjLYiaO34f6/proA3FdJd72Y495WYPCyjIlwroHeSGApmaemlXulCpSoCOp91VDQ5e4363+5RVVsBUnTcCz+cxLZfYANYVg82XaD8ib8+MfLp17IYefF/6dW9ZQIfggx3S025yK3zNe+LqtQUh3J7lxbkUk3YLNd0dYqPyPd+n8bKZTkYlW4A7RN7YSkD8deNP9PuBaXhtgLOPvTC6FWeKatuLdYiV8JDvsXjndYIPcW9X5uI8z2r46oz0b4oGlvZMKXrtT7uSQYgy/yadMKsyGgBsZytCZYSw/XSXlhLbNgI6FuODIjRQJKyGEnb7cc6qkSH32+n+vkBdwP71wxNUjpw6rC5wpUF88Omsp/vCvgO2fFBiSjs1K2rMwHkNH3GwOFtMV5QSHubEw2PwOAjN263Kx1HHXCiHSN3Jds+l9TOlUWWR63JTiyHSTpQMAkdPDkxUrmoQt52RAb3+RM7bxQabbnFuPXwgsFoJIPUq3pR+VuFFRQ+O9mEuMGWIs0Y6Ne+KUb3MZ9gqnKSQXKPv/TvMQGozNj+AWp85HOCO6byn6/cmTcmJPH8D6w0EIGzPAHN2pPffv/F2qnnMxP14Jlys2hi5fMXAhZg9SJVqGYvGtlG1k8wreSQGjH69TSHv8hxRbYKe4KYL02QBwfx+E0yA1enQdhchKKXW7KvLWBsO3r0d5auEt0h7aOeosOpRQT62Ayp2YyPhG+ftqhiEoQwGzzpr36T1gmJ5MZUiSAqxiDvaMM4b4MjVcIHNmvi9GPKkLoAErYXEeKZPsbD1KRTN/ndskIlmywbySE8ibd3uxJP/jOmgwaYH02+c7ObU5A5wNy2W3uPQX9N/87yXeXSDZysePluKmYMMuSesQl7lyX19aMl/NsM+Df8pX9qaU4InwsLOUBDTk+/r+proP77yAtPqkrJ2/neeVX5SY9iP4kPnKHU0oclyOTwF27O09lhrqerWD7nKZngCZ6gXyv+MNfpFK74Md9qOgpu0/h7X5EiP3np6zznn72cokiOEWXoHHpXylsc4sLcwF/7c0oW8y3EjDBCDu7qFv55YolBp8x97fxzyo+rgtSvt0eNTDFqVVEOFRQ2ok47SvbejMZhy9KOBEq6ch59qDCJKzj9vqclbZUiG0XPC1pvzV+SpoX+y2bxPI0qwD09IVEIZafljnJaGuGp6Sab+GvksrzgSVu+JHh/TZq2C+SKZPOh2HJ3MPHALHfOEi1icByVWX7q8r2nC0KzNzGBBTzrw1pndr0KejAAB70Z7XF14JpPnhcIzpjJxMfuM/ZcmH3498foglN5gQpA6jJkUvEzlt3nYNYSkclLbLNe/74pN4rNkqtIa9+guMZQG31PLwG3fAb5lFCh+JL+Q2TDQ076S3Gezodluqz1CHb9OSwGlJ0wyJw2/98BKuFAX9eL9ZB0CSTdZuNuogSNzhceABYG6x0c5XIlqsqz693xNSNOK/1WMdr3xCCaVaGDo/+zwxAZqnvDEoU5tSqlzf972fi7eVUyKLPfOwo6gb/QNtZrQUDKR0PkHt7fPrsHpEyrDXXbL2TtutLQ78y6mxfI2qZZjIll5cMSbnTSGFuMZt/c1A5IP9mZy5IGPK2Evg2It5ytdspTHR/XPQYg52jNBimDreiwQVIEQ8gbUuiNSAh9I8sVrHOH03oE5sZVxevOZV6+q91p3EFfL5npHxElO71zhxK/jSglVFmii7seX4Ki1Vvo+stOL/WCfjkY8NQeihf2ailQJkj+unnVWvlZmEI++3Er0wr2X4QIKYb5TsCuWyTocEjDzicwAIkcQPEpokyYEtoHmiBjcUK2cfYY4aiJBTr+USIzJ8Q3bkEepM7q7Ydu+j0gpWvidAnxrLIscbmoNN5y9dBGWMFMkhkb/USbWyQQPgRAtASjslnvXY2Zg7GENFruTJA2MaG8X7YeWr3Ozhqd3RxVyu9uyc7ewGMgcTj3K7pKOQk8+Ta0Qqv4c518xLdhKu6B600SuUo5ygkuxSHZEOMGTE2eiKzQtcJbMPFN4sBwTayjgu94c19mJGQfnQ1dXhJP8/6PWWqiINaXoN8l68Dukm+Qs0DpqLjyzPu60/RrnfXADsOdtq1H7gwycCIruLmgfRExSHEq99tM8K+3ZcH3cJlJvliCg0/wP0AjTmQuthtziBFnxgYC4xSJRE63gPdjGV6xPouu/H25EYSgZB5FPJU/NXw896cIwotGRkiPAtSEomOZ60ZQpCc+i5MTOr+CPU5PuTdb5eKKfH9OaJpm6gIIQcp6V8+N6wNKUaS/ZVMTTFQ6vwWCoTELewkfgp8H/5EFm1mNDApuNOF933Xld9qQ6nE4PcmDui7OddAfnFnIBjM8pHk7Qy2DjjT7EPkVZhf1ma8NWivHxFLweXp267jkjHyB6hQfgR00NGI0WDgS0dP2XOW35GvCt+OSMAX2WO3N5MP4tDuOW6MBx0motm7nUSc54lKohYvfnR6AKj871MpzaIgydlrQdbAKLA8sZsY+PDV+XWV9rWyYwElURtePGpmCaKIdfy32e8rDwoCpGzDwk0xeLU75/4qfYUNI4N8fSvF1WccIxLrOld7spuHRQlflg9YuqX8C1aZPkFRReO4337f7NlbswhEf9ByrzQTFVNIsgfU/KfaYasLocKpWYWIUuJO74M5brri4ZtKh46cP/NdbORIV6RAEGIeSHLOzs2PywxEftW+RNtyJ3vUx7STglot39tvtUyxnuXmsWwGg+FALq7R02ykjsbL/hBUXo0iH9y3U3gIb4eXoDgrOw8TusqeP/isvSVAD9Wzk1QWH3nhFDXE6z5OjrO9W6VQpzTvkl0/aoEHI8w4ZP4ilG6BAMQ43xZhNyBQ/c9amsaXocR2K5Id6r+FSMYuSGzgOsrNA6wkY080n3JzvdiyKsZMKIxbwDxt/n/GfjG83spCF4nmjou/UGTIqwm/n3TKuDnKPEQH9SUWuavYBk7wnHNv6QdbVMl41OFPVU7bvBvI/PR6O/z6BiGbPuaLUMXshSTiiVMPxzUKk5pTnyVo663knjPiVDefVHFiLiqxXwVbiPkBEn8CwO1IxwKaVrv0H3pvh6UHb6xBmFuiFpnoA46sFn1O91tlTlumdPM2fAaOg5FkPGhqvpIr86nHB4BkmVzyzTC0u/5iGQDPovBXL2gGLNRFvHPcvJMe6F8ch8Su5EtFdJ2zumsa8eAoCkb42fe0xwTOKbBaeQH1k9F/Qegh8WMLj9S8SdEM7QDbidGyULrYpD7Y3cbw1f+c2M1XaAjFpPJNMlPWxd4IidmZicOybX61D1KPk3iDIrvltrp+E1pSp65VL/psc1GIB7hhbpvojjPS5nU4wg4AD7AIpWozR8kCkrlyUsnkXuthv6KXhx528zeubGnMoB5huoxGnnf/dChJR0ky0yJk5Q7UtJLheb0DNffTuU50BfZ269u4XgvHTMtyP0ag7JtdwRTuHnBrDx8y148KwCkM3g387Ii2x2MoKygBSzyxuhxVdc+iduLFulstNBP6snHa5N+tYxN1HNXSHTE1CTVgbwlXFeS7H88Zom4yx2Bbquimcs7Y+tMIclFeLcD8jhCBOtzpT3Z+LWALq8JwPu5g/CG3zlb5x2MSyWaOwUDjD78ATtV6BG0C9iBzLjKzRJ533oUQHCRoGcc93deyKb2iJBj+9xf0yoFqClxcVMWPVW55t+p0Pnx0KAbE7Lj1pVvux2u2yj7tBI50yV1gB7we/sHpQDh4n76H68RW4MMQEUOxkAZ6lAbEUNyiGnw2VYEo8VhyWm+iU4FYYy7MLpFxqXNUFnzk7ynoFpWY9mt6eYhQbt5UrjMkjXJey5GdZbju6dNPhS1T/eJkty63t/3j7GkuU6eCF+i37aROhyruSVBENEfzIGCY926pBX/8XvV32jUz8TV5Ewn3lEWTaKQlWxw4EwwfGiJtWP5PcfsjAV7JmEl7nkJ/3AqtnELCeQMN+g90gHJWCmaY/psRhcP2OErKyQiaNFXtJl5Csusgs8oanv07yR7fksBAG7lB4VG5v0xh2onwPfnBGlcvtvpvuh13yx86qzdMDZoKb0HwKixMNSTbsWbKwkM06vjDmxT1/ORLmr9IGyCap0P4Knz0VNTIcFbAYSVjCf1S0pa7qnQsJh+fMpNhlA4yJ4OeatCVPU2hUoK1KqsVNYnUdxmEFO08ySrxObr9CaPNw4eWt7stwpOn6oOJHy3pHpKL2MCWRZirCU8Sde9mv1k5HBSjyJPiKw/Js9uvQ7Zv3Ygl7eaTD/doPEuXSftM3dcP4P35zcz2WWQMn6BuQUIPi/U2zs/auci0zMZBYmeFWdg61e3wmF2dMGqpVNAGQM+KnIySxIOrpTvRVTXlvm34xrp2BdAIsIiJHCpMQd7ZGh5+7NBauCW0Xrm4TKGq7z+yiWK1sJiOuqx/mId4WJL79q7rmx45TeGA1SPATyJ19/QTO6ZMtJ0OBBrL1uFAu6KGyt3wq33N8h+TwVDmvB9pZeZUnj5lKUxbYYFX8096SijQrZiFohBvLAi26+E/R1rNgkPQyb9LPkCpr1lE3pPUzTkD/SJiYNgTNT8Cb+gQm8cU83C/uxXsO7j8+8SzDjCT3fsE24PZiMaa1zNANFNP+BQ+Yx6nOV0IH86L4JCk51zh1CNL1Gj/qOjFhpXjSxMquW6JyjXV4xFbNgOsE6/hTJQ4ttDnmP+URIRkSPa3f+eLMbdghtLCtoJFY3B6+FOob5PQkBo4cZr7ON3ltkXoDU+wvzCWJtrRnscHGpAEBXCf5IgIlUxnNHdUovV5LIISyOxPzPNnLwWmp38bpaFOmvFwDqyI8lxh7kkqKEnm7XytbfpE/vqFLI3ycqNdbG+NsyY2HxGOELFiswz8kB5dxjXZ+l/kBgH/eFNPcLEprZ31fAzVdpPtnX0geWT5go+VzSPfdBSwVj8GLEdp51Ak0qXoKhIi1semLviFPvYqcijxoxnljwlHhE28N5S3Cizhm1tNzQQtmnF6cKA9MbrtZXG/nZFD4i9O7uRhbRUStMEPM0DMt7Wd3uUomN0hiCnLxeteL26SIImadb8oZya6i1FZmiVAhWfi3GT/2DA98HdF0oyQCmdtWTsMpcmArWjBW1oPFwdhWBDcY5Tyi8zfd0Sr9HJ5ChODkPBJSwdozHJa6rFqZqxBP7I/V83W0cN47uX5WVSBUYMz3I8G3RObSJPv/xIOUXzvbDVJGcoSBGFI66T4MZUROhVRtaBn8Ob3c0BeZFiVlrtYctWaf+QwfjqQBJDf7A0BTrOjz4bLxrx0+
[2015-10-25 08:33:54] Phpr_DatabaseException: MySQL error executing query: Unknown column 'competition_name.location_id' in 'on clause'. In /Applications/MAMP/htdocs/fars/phproad/modules/db/classes/db_mysqlidriver.php, line 101 Encoded details: 6ULsBAX+z0Nqeoc8FW5RcYp+19TRwG3thFviAOqephZzdlDOKwY7qigyUs44k4s7KhjGc6TqbmZUe7okKGLL4VWskw6j2cLAIZXRuJ9iqrGgAinBFy4l+ktGJCAeINdZwAw6d7RoBU10n9HhvaBRK4xKi5s/9fFnBSLqLjF7eDUy7fFA+5syHqYtKn1rZfu2QuI3rfKqx3Wcil86gGEFnLUrXuy28mpQROVFzDdPjJdag67vxWfI36uF/VVbpoBEYBrjwi11feQ03LdEfykeZRWfEZy6WT7iUcSgvaLyzG4d+0vwo9MZLth2xbgh0Oz2JlBdL4RZI/xitALmqWcP2Cgg0rvBCQtUiQszpwsdjVvWvMWQNDnzPyCzkk4wY6E8W3lHlqEzFaOA56Si0rCdAHairYkcwJpaL5pPSNXoILQvpoBdlQLNR/01iYxFC3Pxl2SE4ldIeBWHPc8zX3ggOV2cTvzA4E6T9ZQG5FSpV7wQeP3A7/4I81+6gxHfJZCxtENmZiWoPdWSSO521as0uXzFsx62fyeod/zqPcVaUjA7Whb1RQM4gdo6/oRzd6ckcMqIDO2gXdXzkWeaGiHjW01bu069aiq/tH1M0t1D7HGo2yHEG4uMOUZ8pvuOZcfst+yvgshjJ3TeVctzADaQevghIZRyLLfe5h/hI0rGp+9a+tBAXEBwSoZgeToV/gudEDFZ88UjqSoUwYOnX78a/wEXM7Uw5HEy8PfVdo7kUuTwGIBj0z06juMkw9Ba4Xgg8R3F/U7GSjPte65DZHY1XZvI+hpx80RWb8aO/nGtQVqMn3HCvGlZrwbGcVsjUf78yxtyssUASsX/mE8BSwIrbj25sB5IOCUsAVyZyeN8shgw9DYWFUNMb+1cfRN7cEg9qPRoLFLyzX3sk3pIsoclBxw9iczjP/n0FdKbu/q8/XntGSQLRjWYSe5Lszafwr9PXyjfZyTv1gEKufDDQGe+hJ879u1+x1daMKCGhOHB/bJUmIfP+YNi5f9Uc5eL130pdhsp/OqK5bbsl4/byXnMxOfnwO3kQqyHb30urMmwopVWy6gkC/0irjA56tiekl7ymWQU3jUvSJVqFsdZr54K/rgvS7A2S43VCE6C6j7H873ogTi0I8GFKughYbW4r7C8EB/GG2dqQwR5hKdnRGwACYaEsJvTvqCYv9paW2EFQwOCr0gcFoOA/MgWHu7AMFjSEZID818c3HHioAZ7y1q0PHMjzcCS3Qnb/vwsnS5yhE97RR4Kz7wgCvMzYdo1ft/Kxzjkcaf4bsWKD2eRWIbZhza5lCQ6Ou2Q7bGMBT9PtQneV5HoAQWqpl8ZmiH26OUMXmrcZsBSbZxNec8dFB1ST9s4sHoJwLIk5hIhb0GSqJn/KQM5rusCEAR3OD1u9rLJRXCklr3UjmhzWKHDzFVKnSGW8bairHOPsS8vuXS1uvgnx19X0tA/RYw6uSk8SbJSi3Mg3gDIu3cPCGhKb//RZDahFLqaXp8NUc7XxBCWIR8PfbvI4agTqmmcQdu8aSJZA5yErUUP6ljGNjE50E5hKPNq7vfWLjSdAwnIIxPCfPiHkfvts+fykax122fMi1Ygd6echGEVKBipOkk23AhrhvToqP/x1/QFhjBUWYv8s3//FYCWRDqWXFMRoF7pEVSljEA7plHFlU02S3L0HagGozvwZ9bYErdZa9vK6voGX1d/6lXjb5A7EYVPrfw9tYzjDlWmuoMk/2uE4wR65+O2/NqcCiMEZcyMXt3Nqq5z0tJMJ4fGNJd5ZAjUwaBkrKtx79cb/3vCIphL9J7fWPPz/9boYf2aEti6pz1N0GE5vh2BDvUFOIF6bzjf7A/h4Da1v6yVYlHE1z0MVslRqxV5t/NAh1jTWBTd+YQXfEz1P5o4lyu8tQnGomqsTPui01iILMi50ezq0gvvRr4CfEzXUxDOuIItw4tLgMeN/Jfz7FGY7Yjq7DFT54qxyGrmDSd+hASJH9ngdLl04+6ZwQ5UEEm1pojrAnc/Byf7j8ZL9pdlXi9oLIueBy4GCAuaRF2pyymeBup7zQ3D2yhi1o3KU728M9tET9W6Sn7wA9v3nNvjsKRWUv6rcObyaEsv8Pgi6jDbOdwe8jpB4LJlcItlrzFyIRwvDbUNOEFcn7e3zAYAQUJy9Gp/sxLXDJVIhhcKylOYF5uUhidbuEvwB8RprYlCnuQtXTQVcrQq3WNuJ2oBrIEErb76sSxblpWLZ/4r5lP52QArnTEl3in0IREpgFCjb76YjVYdRHRtsnT9KvVW3a4nhGK5baKTNBLKnb21Di4X6lp5bHaw2/4UOb117GpNcGky42Khl007J5qHB3dhtqv5KcdIK28OZraaFVXVvSOghg05q9nBaFSNPF8YDXtuIUz1MfaT4YZ1W2FZm6K8CokkOrTDJQRjxF/ezNG8em0S0T8IOQctkovu4N29t2KbtfZx9jr2cVXYzvGauarWlu/7kOtcmNYTPECIFTiCc8ZOHWPYLkM2PbNZY1GSfnd/0zfDfQJ8aW8HHB92s/UKqzmW3uk8hh9RbCRvUipZXEa2hy+ayVVtoLz8txeH626CDFtF1JFqO0uNTg1CQ7+0ZzhiRF/3QIBKBCBVjAayxNS0L65yEJvvRK7MM/Je07/nJqzd+7qaO46N93HbBSFoSOaGmnK48nYKeQTit76qUj9bIuad/WLK2aDK0WInPHrDWa+wOPqfX25xb+6nLLlVLik/Y6XoNj4dbonMZI3AJGd7Jy84i9zNSCXAJ8pBgTkWuvrDNm4/enY/cI1SdFKMJ3Q94DzlvMgBO5WP9OPx2Ba9cUm6SOf5mbJKM2mtt4gynvjYCANK6ZqCjPURAR8zppufHmPSbgF5lhD3rjXSEH8HyLcaKx9ubdMGaIYhQEwOqADLyTMJmgLlGz1EzArYvhr3NWFoyr2dFhbhy9uL17lgDkfCgneI7ivAyIg/EGlBj1zM4idIrLv/iKaQjSkyZ3MPImkUWfgFCzw4QWCqHfV0TWdx4tIuwLdb5Efrf+mtN5VKSjYwSxOtE55uVGykvXRKwf5LUWDbPT+/XyJLf+dqEsCedGeCur/xDtw/t5vg411rgXmQnx00yVVmpG7XQhYBW/sDistCxf/kRukbU97cRLGba4ePE9cmemzVqa+x2Dv9R3ZPhpz1IXINgDlmsiOGubTgcBKTqT09vaDxvnDNY4Al5tKtanYUBVR3hG9cuCKA9WyJe/FNl3vUMXaPNOw76I4UC3/jHTuuJj/wHMP3jg1RJC2b9LgjeGCD/RvyGqxD4OYHI2lHQQGVMVEj0iGND1ID3nqjpm8BoCKuzIRNTGg5RFteMIqB4uC9szjwtv8z08YOh683GK0Mvg+yk1xgNJOYsRFOoXM8+Y5U7i85l8YvwEplaTfApY6N1fa9HPQ7QmE/+axlwWWrZt9z17B+LKQTPNgrTQZTFZcNl+eb0iEi/FoAlQo/1wPYHSFgzF9s+RPRmQhsRK1aM3j+mql6VCHcoRhv+479fnsYD7S0teydYpmTmUvQV7KcCMaQsIE9W+OGfHzEeKNuEAyiK/timOkYP61OaVJbW4HdvQCLv4FRZU/ztKRKCLkaBIi8jfAMxEDxajjHHIyMYWx9it0yYfuRtX5XEh8HOJf2rIhosmLMpsKcI2tdhFJpU91ooh3TMUJPtoX2RPgDbt7bQFT8N9jupSc0rJA1cu5RUCsK0tz0RX5jbfRtFEhjxvnBNVHSmrDnG+DFocMzQ+YkCvQ0v+ntuX6V85lJLvzxhJX6PKtEWt3ijlpAt1UcCwFh4u9P02N0fTWyernXBYwzix4ETnvhQQ8M7lhee9qQODXqaKVNFI4/JhOeXuhhOQxAeGMqkgqPAE/X2BqGaL23UMBk2ILnMhB/FMYR7/2KjFVTbQySIkQHXru4GNgeoziK8hKbIFD+EbuFqQjLdhzr9fa/oNYtLQXAYkaf33kIin3qRsNWX6W6aH+IWL/03YdMAx3WDDFfcH6G3gvwPwyYHjUPD5fGu4sRnGvpgaylXALFN3DoLzfaqGigMDJsi+kJcE2T2Cd+ApWqZIJCs96YwJq+kiqEa73GqsZyYyWULXgOAMRf8YFS42lO8zMKV4jyES4ZFl4jzYNQKH59xkQJOCVuK9S4NCSiGBgvNS9xLx0DTVfL4b61Ou25gbuKRJMqtJJUaM/XW4tpl37i2SNPPsFXO4y1ETikRtE9zlOHu5Y/2/+UGKsREzXMZWOSCJkFldPuI16Sw1YGPL0AyyFtkOdpbRQR2/8B4dwGIWLO1P55bocVQ8z4C+B+HSrqOtG1li/fKGzT0glHJOyp+JG10WFwi+IKVhKoC6es/NR4skYzvedUSxnT/hwWcvqSG+zh+AlfRWGhH0Ks5Wzr7sB4O4nITzrXXq87Y4ocq0ulCKTKSbDSIv0rMRmHNDc0FHUC4rAKTh+GF3u4rb3vVqQcCeAU8gDTbCcRtSAy/7dw8+DVlujaJKMJFzk1QhCH/f6PdBwy0HFqUS/M44YJUJ+XJoLNppO5sXu1a5wO1nCpphc7eH15X9b/eSvSSPE6A/rb/sPPwjZKShL4yfjUtM6PhVBTrvkYNQbUKRM2QE+PmD2wFo0wQ7asLT9zYrodByqmGwmZBoWiEruMis6evvmoDkXtRmfZ5EI/0RYqyaqz3BGquWN0T3GdCq0v2MKHxvH7KbdFImecD1VWl79gY+L4+5/DnbYBl9r+6prkLpWVxeRh+78WppqGm9FSe+TtTEAQxT9o/4gFF+JaGRniaha2F3Kc1jvaZj1YkYsddCtrpkT7+9FIwKxfETtzEMcyjELR+7uRiLSqXbmk/swoiXbIiiYvH84c5WLM+RFbzS1z6kFmPpAHdEZNI6BypVFMeSrgzL+ZSQXIMdqR/vBjHeB6+F7e6hFkWGNu9C0Qg18ys7ZzyCnL3i8YR1XnZhx5lgEmFBHslFrQ3OVtKVl2+b+RbuGO1Hg2wCR25kiVOlpzmen/n9uBvy5wXSnFEufHIZHV4jRraIRFs57K45Baki06TphZPyS9K+WaE+Atjx/XeqtBldfnHv6ptrcF7tKczzY5gWSvr4P7vdJYkSP1/QxCZCebjQMweFtxCSmQCb3RkZHfFPlCCDkpF5mU4ZEsoUcCuiZFXgn2Dit1sVDn7rA+xKr4foqSCPWyTSux72/EPnXHJNXxedkR4J4AtMO974I7VJHW63GGA2gymJhyRwU3wsYzpDt+4v5awZIj4ghP4fDKv7dKdTK7AMRKfUPMWA4baKUv0nlJtQstWBV5YhqH4nsL08Dn3TIVlbui1uetIZtYAaLFqUrPCFpsql89XUWNP5c45wZZI5MsgQlVHOmFG3NuwfOZHLgBi4iBTb4gxlc/AE7iOiDyKVy/7rgdEt7QHBer7uI1wu9OVizhcq0gjH/Q4HgLC7gQFEdUyb0NG3jj9JPFhHJj5U0Y+jpdi0A1CyM/l78rFCFEgc4vYYbdzboDk5MNTjFgNneoizEavHNiabenx69LNyvFC+YwvFu2MiUoh93aF/xNBpZ0jeZrWf35UdhXBfvb44LRDJlggzMdP/idzbk3fDajA7SUR8/UXQvjT02BqPhsJxDBFKwSXTV8Mrh2ybJJwCAjuKXdti5rvDS3GFmy4pj3wy7cVQLjdrqoZ9B2TOhgAs3c/oIEhE1lC72W3H76Y7TxXDCU+VCfw0bMRh+aIc9c3KPTmwMQloy7XxDSoJdLK8oxqZ/eSU0ZlQL9h+E7L8vduJ63CAOOO4n7V9H3kSic/K1k/q2BtnrIIMfHOuTVSC30Fkee/KECYX4EhkLh3mDTo0h/TSXk/0dAPqOdjParQt+lhv9jP457h19ImxSYPO/hziZcsrQ28KxAtAZf0ro2Hl54ZZbMowVqcw+4WpEXRphJtY0xGBUM/cKrFLqxwMpk+SECyqGm0RulgFWYhlcEdgLsao8wP3YKgYN3sPi5nvSjfTK1xUPSCfCjnCEbx5hhHD9Kv3R6F2GfqnWLdAdwjcAXUb+KGip/lJoHctcIMduNslZzj4ZIxMqxghi8tHtnh1iu3nNuVgJ7ngUz6gHXGYdDAJG+qX67GYAdj2sttmBrtu/SGAfLOD6CxDmPkhteEw1pfgJRbHHf8jpGKTk6oe0KM8s2Zj1oSXR63jv5Z3YPTH4lAtKhNJh7HX962Z879Ht0+Kcf5tLEHxuVqHqkSd2yOvMr3PGlIs1imdZOrdvoa3vg8zCEUvzKOIPxq+f8S80+LZXKWwYUi1oD6zUImFhOKskoh5RDCYjhqxttMjkr5ozYdWErJMN/IpYznBUDS8DeLLdiK7y8n7KmJXx6qGcZBFxDNoeX8vsBLHJCmlw2ZZAD6mMcFYKHCbK4Wl06Zm2kZejIuTXItJQU5AWE0cWUjcXKktKQLCoqBoif/IvD1eEApADAl1MPFJt9nWdvfbdVMM+BKQyElsA7xv28P5C1rrAg/MEhv8/RvNt0HyYJv218dm4axlmDOEJoIXRWZ0PL2wCMCDugiGMbOn6Dbk+Zs5fn9RDI9OvNBzSwbW4wcAKwEjWxrPdJy7BZk+Aw5EGccuceBn7Nb2NMyN3mnb588zg71xZ4gSS9kgND6PmMjyidpbrwMie3uP1oep1l/wHkKLhKI49BOXquWYo0jN9g1c4v9ynJCL+mHScV0ecmgTCcWwNMRUN75MsxaYnMfG2fHO8jZdIf0oV+3sb9CZHvwAc4YP+hx34+tXEH0c2DRz9mJ3rFlyYWh4utEn5xLKAU354mM8vmjz3JQgxKzxSk3zPAdHghSpnX+ifCX8dM05WGRwHdJfQb1N3j41HavC3rk+C/Bfw1r96s8eZTuERF7RoCNtV3+6Oo8sx1Vk73qTp+siMUYLZfEoHwxVWcBU982/8+BlouA+mpdhsg9bSv
[2015-10-25 08:34:37] Phpr_DatabaseException: MySQL error executing query: Unknown column 'competition_name.competition_name_id' in 'on clause'. In /Applications/MAMP/htdocs/fars/phproad/modules/db/classes/db_mysqlidriver.php, line 101 Encoded details: VrIiqW+zNc9AjfrrJAmvxcTi6hrWLZbAoKYBMQF3R98c/iQGAwvrjc+h6ZIHfxNR/zCeZ37/B8C7FN4xkfRlzriz2N3iOTjPUP2J1uu29BCfrLrilG2gcEbHMUpaKSzrpETnz18lMD+ZYXQnjDxLDQBfpevVygHfbfsyeRRzs87SP+YCYei/kiOzii18l8DWrRD/Jhzmobwu7oj9JjI1XZtjWvr0iM39U6pJy3rpWBJTd8yY6EqnryOCt/NEjD7O5qZofz1+gEFU50mrACoBn7vCUHvmEk2gfeJ2/r9FlYZt8KmixQ5xX+NQJkJo9CuI06e1+XkOYNsfBi7iGOzO8Zk+382tK3pr9lvjl4b4KA9ALpNaAJrnm8HaJT/U7VDMEOX7ygCZwifwGEwHWlos08gCmdefnl6xHnc702dL0CEPe//ftQkJGpkvmktLideBuKUyFNEGxpHuvLaRueN9ntikqpSLS0Yg/62xolMfJCl+dAU4Txh5DVTy5tdKPiyWpSUxEfFqN3F1G5ASYNV30tC5qXCenQNZsCDE4WWDEFKmbv2jvKmgsrDKL5vxiahOsoEEaziWSBtm+PcKO5OkSv8DjLYnY+SGfdbiDuEqXWFTyrBu4f2rLjuKybCZoPs0/xg//EYtZRK+53LpvQ4VJVdrsX5mCi3bnTtdqqLLr5IyqwO6NoFATqaBjiZAzJcHX1a5KOLA6WTGAikuVa/KkwVVv4xLiwAAoZdug8W+tCmCxFxs7YLl3e/TmanShkOLWuQCggi4P6yREz4ZychpM2SUk7SvsK/8DtBc9aki2+p5PAAotP3dwH0K/Q6me/PXH+v9m9q/Y1VuR3+hBbrsq29Z+Zom8Fz+sL+2FgCWXYqyNQSzDW0wxgXnxxI9mttRj6AH4kYnFLcvLYvKlwJgvjyaq5PzjGbL0E9IILkTrlQknAWOAn1c+zvy4mRP4dGUqCXq4ulQOojPdLWMZ/dXA6bdZXjGwkgwNqkpir7xmluYtZ4fRU0bQjWmtwOBHkDnDTfrJx6NRIeVTPrZ1EE/CcMbEqNLr+UBKqrwIO7eS54SgyUkuDRNmWmJfs4gg1Ija+1+xHWrkAtBr/48ovBjAOleshif0ykh1K5nV/R0MbgkNnGg89VsH9C4ThuBVzBYt0iYtNqld4w8UcETU7A46XIG5LmVFyoZdS2Kp2ZeWvfWPKrDJmvYXGf/9S9e0/VuB5EhvxsUQyIgAruZZlvR0rU3F7REc8riEA9650p6wmd49qESEFjv3x/XMnR1ROhw3KI6G4wIn1z9ZO5Onw+Wan25TFgbyDBzg+rytKhK3bXyiwJxCncQlOIrW9N9ucq7BjaEuLmCuB6agLpFaBwrmFVCr+dHTMrNSvi9WlJb9UQK1CXC3fiJH31h/ZkyHDToM1P6WU+/4zVQ03SXybpbitlXCZnEBJm8tf+g4kiZT02y9U8JtCGfdtL/Fg6IW8VW2IvoM5EDi0pBt6M7f4dO0/od07GskIgoPZCc59oPUOxeDOQOl+YROpD6+CwZ1IodgeMU4TPCAKTe8vp2DoeSlxonIEY7M4IwVukGUzInIzJe66i9vNVDia/rDAJg/ZLwxU1to8mp+O5S78Ld7pR58TG02QwI7rEMFeGNfQc5MjR38i8Y7WVI+SUXV0hosGCSonW4uhhviAf1PldDiPu1OHuKOHyJTCdciuUbBNNCg1Lkk3Q4nRnvG2g3YGKHOvHsQ7PH+3I92E/SHOflhtoN8y030j5wf+cEzFoq++fQafrmCa09vlGiViO+HOt7SyzcEvijj7e1psRIUMGkqTj7CPFOdGPXZg9wOl7yjm27paJoa+Pp7VhTNtMpB0NRiv0v1L3Fpp/3k5EmNSpb0O3gdt03c7jkAN/+g3Btoyhkx+0fCdGoFGu1Oxl2JjJZH/12LI5HDWU16K1UeiXQP1+ecYSfMmXh8ma/Z/SRkJrcH4iiZHF1yAe6t07a6a/U8/sF1ZAkpskdpvOCVDXP9lJWKvoyFoZC3/9M+HIrUU4RFubtkh5rAeugaBDeXG1wT0MqlnemH3VifaoJMLI5HsKtLzGHMoyqVrb7GmK3KHz/oQlQ4Yd/f2uTmTISRgdf8gdQpFcGKXeWtiRjOQ33fdNX3bKXkcI4pw+BwP5ufr/UCzmEfTwdZO+D2bnaPKBggl++yAm98kBrxo1xosfz6aWlhJXY6oh5DdXo2fqcpFecEqSNa7FfXJCL9VmpI+l0q3JwX33YGIxVMxzbBH7HuzarzHyxb1Lt4D5JoeXUq/OwK4cCenafh60QXCoi18yYVafpnF+Fsr6We9gsYLu8xENvVvf1t7c2uD3ndq7C+D7YbEQK2Vp89KI8KXjif+iAO6VM4g4yM8BoWP8ygNn+hL6iBD8QQ6CUv8uMIu9b6E+qeSCrkSg+bk78lcBNd8pl8cE037eQ5HJUSJJnEqVRTTnFedu8JChvN5nxOrbRpKWdvPW7/XA63FreMxsUe8+qmuy+YDono6kjpn1UPeipPAHnt5f3s72NorIudRC+whM5YRsA+VXr54Qdc45Hya9W5lmz9HvV5kS3uvjLf7A1MGYsfEOUoXlkyhgptt9SYpqEMWd7Kye94HpEbK3ZOtRtZTIbnxashDxa5Wa18sOV7oNSoVBk0nUInFavc20NSFpLy7NEya4N7Wt1EpcN2fsX7Cy3ccbzZg5fiTlCCQ49SA32oiXzPnd8NR0e3wpcLs9A1NzwR8Uj9KmVDT6BU4wKQsGtefPbggjos1N9XBm+v5Q0Ie9/4dUmRSvbWqanQ778PqHT41wwcLXJFm1FsmM361vfUUKMY/FKsXkyujHNjqhKyvsz8uqNhEy/Yso/KY7TmLm0zqaDo1rOjAzYp7CZwzcCVPUCo8cp157Y/v9E/JInO8cOftSRRcjW1iHn2J6nwkWUSBe4MaSwrMI4G+p71deMHU6IILibVXSPGau45PSVQb31mm4ocB8qnWbfgt8/PDz2djpy0HOr+iqFxUFARtkGA6f/by6VDS/QKAVagZiFS3I/mWJV0GyC1xGLUYvbtOLqXEVpP5FooLP245i2DbDYAQ0BmXvop7ZrqsjJYvPCVFeKGiWzc4UcTc/xgJp2IJCTSbWvrRiL5U3qr1SMMaHLExPNyHE5XZgnAYMz6HM1RU9Zg/23pfDGm5gNs9PwOoCZelcpkbRj+6SgyEFK3dvKg0djS5VeCW3kiBBGy2fZ5xrtfb0Nlrp45Wl0ZMMuuJ/gckZebXgGbrB0zBcC5drwMXhPGbv5j3xBralfLSbbEHeuyYXm1s3GtWkexS+JtVv3DC19xa32EaeVSHdwbInA6B7VCM2BhMuGmyDm6PEQWpsUhn+agrkru7D4DH3h1Iqp/mVUp26zSI93CqRzJm9jk2fukHa5nXmi13ZcEbC7mL7sHXmYx8Go02hxDvdeWPnrJJAT/ZzX2l+CHWfrSejz3UJZtdXvQrHHhpeSRIzlWtOf5wskgossdbjU44Qh6jvIMxsjKJ8qqHUBXU6fCN3sn5P1EzknxkCfV6Td1xs5Wi9gCWOZqskbltUwrIG8QXTQYMnq/gViB55npY9jEnA2JcSr3wJYRYefoTWjVwfmgY6+9AgnuJpk9WRrT2NTg+hKFwc2WpO7e8Q2qUYIkPasft/wOHFEvp04Ht0e5hWqe9bvAnhdDZEC0L94mZKGpVIflNWgtzNXDV0rm7jSOwWBF3wZ+AexBSqW2ipZia5x/Gz1Ca7uSPgKbJxJUEfWFcQufE3SB3YgDnkQbYK7dTRlFaFKnjTFKvFz1BX+589tPnIURykMscsYnqcF8GnufWoGemgCLS94tLSY5r+KBJ0N48b3rDwPXkHKkeEFI8lmcKEVMvB1a0LgJwJT2lyTpFBYf4IyiOsXImqedHguvWdGZ1ftbkgnBEmoMdf4t9vAlfJeCTsuGb1n6dRIGedUqWW6y2mqeLPp5c1u7Pb8wzbBXOSZ+yIWX5SUqPtuDJ62c9zkqOXns6q7KuLh056+tPirh5biohqMllsQbOaZXdGbwVFnzCYCaii7UwptBDhOBkbX5ebjINbhwGVoY7rlsFxeCrkjHHu/XRshv/MvipTryXWZuNA39JMPwbJahwWTUZq4tGMA42ZZyZLr/1Vj3ZRlU9S2tqtqO/DaUSpvBYuLAJ39KPNtNbw3Q8IpwMg34OIYTspU0FgFfgZlo5vS4jt54feZ/XdMWpR/lv1wZRhCWEAABUGiyJP7y53naOH2PkwtgZ/UISLVMCxEJYx2DqzXz1+VmdYlG4JR5+le0E4qQBO81K7AHu83eBZE5kA8XLwX0XP2Gb+YYuMD/NikkOCAJQ5pwRuMgaQetw4fCby1sBLM3hRQKdHYOG3XhCZfLEWeE8eN03X2g2R1HRv3xUHaB6s+zgMnLCJjsBCb8MiTbrlyJRpiZedZpJSyKYkKAHu7sLabocrxrW6RGfdgpuml57UCo4NDm7tb7RYprykIHVD1F8udQIeOjVMz8chSPtuTWC2rjkXMZwTWRNc6wMjqHz4FLyEtVmak8gwSNx+pjnwE3chGS4fgrUgl+SneCrWqnsQMj1K/kpLvUsdyrEe8GqXdddeOC1740FPFFF15CXRRsRN10hOaTXuafkFbndDoD3VxP56kxEaX4ArHfkaHzBbvgd87+mamu+Y2dSxWYoQpruWa9QAS95MwlGvlysg2okPdCrmazy08UOfdpWBxNYBFl9f3+VqZFsifNbwHb3i9YVZ4g2XDKeIth/B8CU5Cv9SNB13eYGoNznjwgN9I9csc00Nj1Mn6UdK9o7neLOdf2in0SiZbKu4ocHl9SVgcM7tDBAgDAhO7duHyNM+XbX6wbDsyFEp6/aUsiwm62rgdD0yY6G7gEJqoIsriO0KbIsMCvTR+BhcmS0O6hzwsh+5raWfnsCS7djYRUBYmzwwmDfh2AsZkV4bbc3UJfdegZz6cKQ/XYNCAgl0tNmCj030T3H9G2GMlu3DCq7sbnuE2K4q+g/2Gdqi5MjF8ccBehyrhhMWKK6bXdJJt5x2r5HvWPXXnqHWClJjyHFMOJb4cxXjsX30+UfM2ACDljkjh/AlK9DaNd3k4urKVFAc0lMIB7zr2NLUS0ncqHDgX5httj6r4mY8DQju62BMJNDxcOZB0iS4XxN6HJXwF0ZnoET17fU4HT0HIC13p+Z1jdho5oqo1UWYjHxdUmoF/ng7UojLpEiClfX2sg2vGSq3RvwskQyAicH9C6L4Dsqw8h1FtPtTV/8aMK0GR1BkQ4ozmu3RvF6wIIfbL8/fL9VlriB9wIATQ5+cPEIrMv4QIrHEEfKNx4FDBVpMeCRwym4W/mSyAvDDjIkZK5/QPRwk1X8cLBsfk2aoltleLk8HigB+oCuBJf9VF5L5PgI2NRg3HXIWTTp2DyEde3By1LD1SbryRSewX5o7qB9jv6CPCZDlitMT1/hVTcM8EuBFRzWSX4G4cwG4Y/FTpPiNA5yHOzRrrIqBrRDISBID0P1tzVukQ1WlOnuCR5gVGC450FJ+5Wi+jKCNaHUDzMdwI+7nbQ6v65p9ZQa+wTA3MN1iAdE04ufq1masrgiGnIa6ZlLgqSpK1knIqGuBDw0J6oo6fheUhhGZl1HVgQDt5/HHKh0oEUh/6N21mj5ma89jNImQ1y2MfJQpH+pmr1mBKwT5TaWRYxouLNZcGnNABmQOXwwhYeKZRZus6/rQscqOUIUQRQqGP+H/RcvUnD0uLIXOGtvEFtPhNcMI0L4pC7tYLDFlsxigQ+xH4tOB3pB6pN07knzs4USMSWx0++unNavoPS/cP/hX1PcX5dAioFNk314IitC1kmbf5Iil7R0P56bCCnIhqnvKS9MYb8QxK14ZnFlp+f4fd3UofvH7A+KJLjwxUOdHSuxpeUWjHAMZJbUpC5YCP041aIL6ooBRxZiWg1NjqJj4KiD0Yyah0sZGTon4XzdY7x8G4dk1uWRL5Bggrgu92ONSIrCp0Gk7AxPfwl7xzQ1GvrDP9YQIk2Mvu2qzKFn5EYZwQKnA0NxNvpYkFqzbD314JcJDQwV1ugQaV+sSscy4IlqYnO+oyfBPYHRzApvECL8AkshmZMFQ4Vix+mrsqRElrTJbOAPLvNuvICoi+GliGj13EhBCJBGO6G/3y1h7r0VmgtjgNPNt7eXnH4t/U7sh6pj9OSUMuX2lKACsWAavuKGVJJJjB2A+tF3nJR4/8f4RgxTha2LS5J2t1MtiAkEF3DRL1qqEFAN3UhguoEzynGp3CoS3j3ml/2VvpfWicBU2iGdYvvr+xYxxKkq2r3byjFUecD4p2jKfE67cP//qiyJEGkEJWkIHY/JstXtrvQolCwUuKHa/84L8KboaKi9M345ZdxCDUKTYQhTfJUE7cd1lQPDGh2gWnRSz/nArwzPLW17ry8KF3o/RKxis5Z0U8jGYIImFrmO8qw4eaQyYGpOGBe6GOiVhjjc+eOobyZOhZJjeAN2LTB3YF4It97BwV5AY1xt2jpENxYTZ5UTSFtJ16yhNiE1xorn+mB8Z2BlNxDZEHR59mCSms2kstwwhrzFyDPbraR925gOlikeTjN+r7bXDoUkEaMwOkgtxT1EchbK3BCNUHKf3Zix7N9LFlBBxujVi4+RcaIGHC5CHAvtRx6D3uDjJ/B4u2acQaIDGyPwMcAiR8MFWUY5fJPyTg9Iu5u4FjevEMRW17gPO+CZAXV/km6vcj609wGGRsBOAT6WLcmaCAXbp/PfnmJWyEwtt/W2eCHB2Czsrmbg7DP1At8Dhwi1oqT6cbYsb9LlfLZ4c55sXw5Km28+uogqUj5UcStBYtAkYgoBoK9pdPt+JIU5btLatFIA1ed4DU567P2CqrDy93Yo7FU/ZlCnO6SFJZjQSkKD8145th9vmLwXk8vOOZBH7pmaVp+9SFFVa2YjdCRfozjgw/DKaos9uZYwjjOG/ClJ/dBakYBWfozau64STyRTZdutRSfI5AQO7N/oxKZPD/pA==
[2015-10-25 08:35:44] Phpr_PhpException: Undefined property: Competition_Name::$location. In /Applications/MAMP/htdocs/fars/phproad/modules/db/classes/db_activerecord.php, line 1891 Encoded details: dmtLRb7qBrwHVm6mjPOoUjAk5JxDgqPP43rUyc26A2Jmx3wMUlPz7dAqg1AzOjWzhKbo/W6y+PrLMd0ReRxcZXNRN00Ap9tSUw3mWanhAu0ef5QawAKYvJYGDTZCssleTeUdS7Cbc7AiMvAWAKnX2enfG1zxiXj6cpcYZ1jaj+bpbR2Gw/YdLaIMdbAJ+4MFgsTVw/+3evjBroJw5Qm1o+ZVphbCmyt/4TzYIDhWRYIUzl33+6NaPMt9uMlM0Z5KCO2qqm4QrTPYPstzeNze+v6owAS2ebhKe0fhYXMRrdYoM1V9Hoq4MTT3ukDGSTys8qCgNTIGKMxFPnflmFIE2hYxTg76WNP/DFagmPUFejXxxZzPrdqiaXtHb8/1Aubpef0GG0xTvEplkxAKeghZmrrkE3lLavCw9TO8Df7V9rVX7GCUyMT/z6wh4C3rlVfX2JrMfBFgetavKfE+hUhuMjDWty7S0zTzNu70iGZI/ogI4zZ1k4QhuWvb3ZaV/TLiGtcuckKZlq96nHeR38j73yBkkYmIdQ0QqVLc8PdlrwhSZdlzxvg3WdlEqtfpNobn7hihWQPylKzx/Zm7k3HrVfiO7UV0cLC6vPS1PiB0stQq+z6qF/xelGXqwryufiaPI65WUy7BN0wEFuZ+jwcVS9B/TbkOu/dKKKkVyGQkQJ5/Z6FC53Z2J2A1S2g+0L6QtEmfwgx/wiiQ9DwlxU7Di7jZ2qrFgXm9bYzUo7SRMA2I5ABWs3Ycj2kvMNBVPssKSJm4bhsc+ip2I+n0zumMUzxEtTZ9bN1tFEfiVVkNk2dD2p8gWVOW/uupEkG4mWRNlstRBP7Qd73jwHJCP9+afj7Tnica6rD4VKDLyv0CEGYXj7CA84ezUlA17LMJcggYKmMg2Xg1VYLeZ1AdElCkfSbOK6+Ojtqj61UlsCNpS/3MVQnEkKyY51zapeYWEPDmz6eLyyAWoQcfJ9fgYb7yXUelXwvU4L7mvc53JOwxVMjWjGhOvdrN7f8soSLnb5jJvPlibsqV9mx1ARfwAVEqhJ0uCSN+3vq06SCdU+7W/pICYYCFIOdlAAT03QKbiSy0/k1zTkB8Sc9TDw36td6iYJraCO8293vMjnVZXGcOQJZmVnyXD1ZKYG5CwZc1Qr+ELKCDxtW++kyVOkxwTKTvD+1zfSg4VIBsJerFQZJMvxkWnLeV+JZpfPqfE5G7yghDKiUbf6SF7uFstC17RClNG8oMcdsgsWGsiOAk1+zko9LIJl5JzDpdC9+BNa8P9Ha9tLEriamMXTj9hB292RE6MVzdJx1PHHs0ann5haL0mfD/V355ppWXJZLXpcav+JOLy+HV3yLOmJg66OWw3iNNp2NreHCGP68b5+TDekULTPMesyC1lHVRrp2w6D25wTcSthu3XpV1zyupUAlCJp/x07SPyJbLtUcu3RKTOzqv1xHQgfWgUaB5FXEoomyMsPqTcPNYzk7PwCN2Q5blBBKi6YjLx6UyIEPAAO1J5h5VB8OT3BBoUX7aoHsnuvdn4muSdnmeZCHjoKszjIEX+fnEaLNYiEYrvh6rZewOIvqX2eKH2quD80ymL4zyiUvellV73+Cig4prMreQ6bvhgaRHK2W2ryqY4fIeT0SUaZcP1lopwyfv+tXL9WxYHrk0oh1iQSVxXPyVcMX9zacj6/rx9ALGOTigg8rUUfu2lI4wGe7Qleuuxwk4gOLdzp71LDhJFGE08H08pD0q14v4P2wnqfpjtXjAtkivZhLnphij2PHw2JAPh/P5z7vlcqQtB80WLBLgvhdZytCYY2SrdQKgAixfU0uHW2YdT8TKchfchfXFdlPepmIDOSnyyA4jIc12y8Azvf83Bx5ioHVSagrKNAVad2lkr/0oJ64n6yBCjWvJfH6eY6avUmui/JtIxDjelTwBf6IH61jBZjkn3VPelXOqUSQuRuOSMHBnog2lsSKvPu589qiTiNVTCvf9pWfcgirwrO9Qrt0QPATvbB/oEZaC34feG7ju+94rVqLMk/PVirknCDNptP6dbOUnFioL+P0sQyXxzFC6lQ/2TJteE8bRnKXW0nj6aYgr+22/NH1t1CfIBqaCVfhlFmBagVMfWrT5L8iMWaqslsg24xXpDfMygoVKTEYd5MAX8ivJxaaObw7uktu4IjICaMH+UAZv0KIObk0RAApzQSjJznF2eLKX/ctYpUPQBXiQpZOTKXPXlfJ7RJ++Ln5snjtqAFO4C3gyVNpQGmsfzWsTGdbr96ESmk+ekjcdOJkWOd0YZ3wt7kbX2gn4Byb5lwzETJC3AWtyKecF0ZYqLPvNGoJYQVNB3z4n1NQghbCJ5J7o85vMmER3oHVl8MDJnDgiIX10GYh56GVQQfaPG/hCAeBqwQK1PzoqD6L630jJNBCRnoQ3YxsBq3WtAiWuBRwmYqGOuwCq74sp8pzq0G6z8kvu8IHBKDwa0PjlLBA5i55P+PtEvLjyalGZCXsovuLDov6Wj0XFmxwIyjzakMizxS5w5nibvrX6K9RhYigGIfI53nMpDTxrdhjZsy03T4F+x6FOA/nwYuvvf9XmmIqwGlpRR2BE1q9/l2aRLgpmQEjtYzYnqmdagnJ52aJt7+Twk6CdVdOXayqBnB74qjzv6MLmD/7BYktP38SgS49GmPHdBTpF+4ILfcW4aLsf77sHlotYzSqQ7fBkR2dA088VObsYCPcGDy4+jXx5/t0d/16dlfLX72J06dWLbwqUCLtkhuJJuFMEaWwuJ0g+WvUrIMrnUeFz47WsLZhjWGqeaVP9+DFK5LM1fHQEZeGdFwnm7E9p5RfSezouUDpQRYv+bJI22EmyskS+/GlCb0z4CNW2nEYbI6iL0A0f0lly2ACzkFr5WzQtAuM+3aK037uzOFxapq5QmmbxfLsGIZ80tkHZdxHhRQbgy8UvyOArb43hVMXWj99zuX4hyRuOFrkA1S3jyFStR4xxuaUHwZ/PpkFbHTY3LgrzxHW9QgpHzOM7Oqs5hR+3gO1sxbdkZdOy3whPC9ytcmXaIA2Uei4+XR4Vx9fuWHp5fH0B/gU6J0R5+o6aIBKTaMTLEnMZNqON4OzeYlPK9DHVxmzqIeFG0wCXnrZboUJBkhf7KYu1uFz646PxRw//ON9NXK0AS8VLs0EEygLae6FQmGzgc0phvJx9C+PE3L1pcxuwm4tqG9mGRwrmhDWFQi5XbTH+cdJN6ic1kK6O+9EQMwO5VJo1IlvpNxbCx3kt/xOPn+4PA/MpOyda1hBaIHO+EeFDJIS6kC/DQtzvfljmXsUMkhHC7lH0rVH9zXI/KGf+W2FZq9p8BEPEXlwVpcq+9EXTt4QKLHRhKuBLcWaXKacN7BuEfLHPfDVTl+GMue7Qe+W5RQFZU54ZFo98tziu+O9VjvO23sXU5SvZ4+lp9lU0wTwyGYOLDx9vus5EpTegZP9m1uQjbThFwSKAEeUS8HxmL9kR+SoRk1ZwZIF651e/N+MoKi4sYHxl76WQPTDYobCIcYhKbrRiMvhAJM7mS3uDD31PbgdqotOo1GQ5vZUO/a/3j4jRKClgeTC8DFOfoD3qkd0FDjG/eIYXB8DrdLazNXjJyC6W+IQ3Bpm0HBQbkvdg0Vl9ZNLgn2GAPgSXxYBKElxB1gfQtE4dhlQI7mJCCUpIxjaQlzNIE46qJOvZqXF9kZ+bM82NEtz1UljFSatOU4FhauGCER+tswU343VUkUnId2Nz408+eS8AAEsAqtTxlzjH6RRQ2A/bgIYwvxMs2ml5U61fJBgWKGXYHoYtTik2mIFPh0MrHZiHsT1Mrmx11RIScJOy1rZTJgPZ+TqTpdnX1yFjc3TlzF8IiAqfYhEA+rIPOQddAgh3nEmFqPuxnxya12oHZy8rXZJwh+S00Y5ONZc6IXTvgXI2jtKjiOSN2r9kxWh8bf+J9LvCRMkDqDbrxvDRoYj5cILM1D5NMX361gouRNa0gjv6qnUCkZTyyZHgdK+h8jVhyxGPacGm5keL91mYj+mHE4AddX3ArUokMdtnBB42lX0TBGd0KDvnpD/1gEwmFBzG42qzr1ROmt8DphJlrffGRDniih0OZ4ckNOySKT1X7VWWamgCqyu5JzkYd7mQNzgxMRSpiOUKtl3C5w1TY5QzJIW6aPM3sP1kmlkU1Qqu8LOd/pybDlZitmN4/KHLH4BGjYP7CeWLRFql36qmMBdu+2mEnO33kdD34CxO1V6zJeywT59Sxo10VYltCtiYDPQTJ10sM39xVOme3aQPIimDgSUyKOzHUVLyVWJ6VTrhH9nzoRCPIxfXSBCCza8yFdvZQRDnLWi88HSId1+o4OXeqfpeOYd5za8djLNjAw2WZoxwWk85n0WPBUataR/xSXW4k2Zxe4aTs+htPi6hQbC9jOjHP0FR14Qdy86jSPAP/KDeb4Atx/RUp5NcNLEaGFJrwGrnCvhAUJOBouhtWaD1d8avUcvRLRYf9PNTZvJp41oNknjSlNZyWEvcMmxdx24DwczJsk/9PvkAcNrSEIV0KYG6m5lUgJl1KuxamE8cNj2X7rFfYhWUeG4/SI6XJy3KmodvkWagiLuhtXKU3ztaslAE/6ttnrFenN3DQoFD/0Gkulh1V2XueMoFVdAClKKIZpU2GhI9brcQUYB7HOGSyRbp3IUClJ2mlHplintxzifbK8uVZIxIRIwWBRq2HYG3sf/6qgN921VrVz8iUEztdC4vwJOBcq2Ei6wzj/kOD1G0wrfpJNrlePlBlSH9cwy8zQ2d15zO6yZtOPJCYVUuu4xsngWuLsJquAqM12vSHe76sntbXbCq4/VTixfuaNUhtGxiEfbQB7UxtA5E0EvMxb6LaCBISFx9P+ukslbnjrv9Kss86WOJo5VaWidj1H6gkLrzis/oJ0snshB2CBRXpAgoQoXxXKQK9nrsYh+lYa5UWEuNZLsJ0S6qaHfYtryoqrJcd7rXk8SFeWaqe5IomGYBsCa7X1LGtGOlJ6j5hg9F/7LvxxK9ju+6YFhAre4beUKi1Q50kxHnq+D12GBpHKR9/ZGWP1kYVF4MCoXCyLDU82cKjqirB9Kf7RBAH2tawfT5B7KIye6r7oyejCKY3aUk6y3/XGWOIGq6wa8Rvr87Lu7rU9el6p+IUxKLduMrPP1CI0ES9lvHEcGcaCVwQ25I2Ka/TNR97StDILB9LbPh/uJjm+m3sDnVqGsy2yUtSB4Nk2jZ31xs5KFuFauNT7q1qLSyrmrchvdP/Tu+1WdY4CnWrqmNUouRgqpoG/En5/uc0i/fgTqbOijg4vNQiejhBRm1gn/8QM6lJomcLJDAV3DsvH9g5+16g426UeH02EaFzJsNBvFVIB55NYa2uFYWt9nkiG5tycEVyaXs1kJMT7ZDXAtydEZCsduRbJS5SHNRj7B4xRZ0rQ2tADvSfYaVBJpdeOmXIO0aRzu2T8JzjiyVhYSjkzIfYTElK8DESFAYTFSrDwyrYjab3eHs0t+0khNGvng7m9JwGK1TcrmVRQnB3zm9sfV2O6mxR20Xx9AVAKnDpWokYgr21LsE2sVYMYPiCpa4pV5vJ2eWZ5dfh7KX/MceYPKHjZUQXjxJEBzSVtp1ORuDFGCCUZkq9V29TY4GoqmdM+9BUtJIr9BO6cJzP7zrSqIhQC9MFJo9gZOYoeeuYgoxmizFqOjikJR9OwuxWJkFCUvhbPkSbDsLmPSKLlU4W4gE+RE9b6mj3jWD79VrrOhqknYKIeLPg8oipVSmS4PZKVlZ0HG5lzZKTj3iJ1c+ebQUKB82596COtu19FIY9/7eMhdCo+ffG9U4+FB8HqUDImFgmWdCVVJabyhubGaCnN7Vx5SdXdQKPjkGsstbxqowjmXAEXQxrw+LoS8IcPu/GeFgU2nTeJtooS5ZfwVNQvV72Xsgbvyy5uz35uHNSRTFdd2IeKd2LtH8yH4OfMm4LHlQVuiXHVKqhKITY1t4w52z0rfQmXyRsJugh2K6cDHo03rN7FGCR+VVCIaJ7wxbp2GWRPWoI+j7fCVOfToH0oknWfUWPCqcG77g/2l/gQS+qBKDCm+mprWAWg61ihOG8e0nklQKR43vpqor+DypJKmDOf4VUL4mgzzbD+bhbQ+jwllrV1/E6hOJCjpojiD8kOq9SbocdO0CcXqAPgjn07aO0Q5sVrDKPUMiLn1ztH3IZ9xz7iJGBBCwUUVtj13xYSfQF5RNDkbsletZQKmoN7J52bYk8sqXflX4f9Yj0XnqRfiGhkKj6y4dwFqOlpPPsozYl1mWDQify4ZaKwSv6zg0GMxpy8igp3aoPUoeFnSrvnHX0t9m+BVSAFBoH/FFVsHxVanGeAHHdrfeI5O2h5NhJfJY6P1p2L0l/CheS5fvemat41lgMtNUa0o7B8Fh4433G6EZfbWs8matyz0az2kcE+xo0wrJywgn+qqDw+lJQWO/2mG75+p6CDsgcI1Oq8AZ8cyYjTGIUNa5jI7SVS3BFTRZDeogNFeylWq4y/wFWsxk1hyKdy9uMdigID7+yc7R2x/BCNg9LzLynygfoKAEcVyJ7um2i6SRTrfmYqP9T0IUOwDexojOonSODD+FJCUdPhtX6Lnrl7NVDWYkbFTt0h+4l39ElHETrZtglDoJcHcvDaD5y2cN84ltvfqoJcBpCMx6NXXD6JTerxml7AKKV1HAAxhP2o/icuLXS6dykuTqIQ/EfCNWRmOz51G+4bCUs1uq88/fnWDkuGiqqYFm+OLnoTrPtxSCrkru0hzUUqqxlRGMEzqwEbRUbwKa632NZMCXT/vgnwuBIsh21jkHE/wzXVY30MWNudPfCD0x1/5Avw/VLy1WIxQzilaF6X+/t5LLh0IvxkS+QSGt5KffTQ9VRidvdWlODKKaD6ifFyiFZdm2MJSQiw0k1i3pj4G74q1IkU+Rbl3AULLYLkfsm903RRS58cNAi24jQUPc5ZzFky3L8OeY6dfB3IpXH17rPfZR5owKLF53GFYyqJJHr+KeZwNc5worpHXZ+4XhRBzIjfkj1cfYP1u5GLOSkOVh8XucnPIROoV5h0bTDAR9KJ3ffqSm++EWNWmmQ+h2yqXPLT6HZJMxgHMJdCDI/xKcIznNfxfUCMqXfESnIclXyAKASb5UmtkcpZSAv4RT/xvIeisctAFsR06yqi8x6xUUKHexPyTrYSQZ8lraugfwb6aaGd6mDdPScZBR4WWWqdLmpayJYjoPFJsF02+FWC4j1HfhS7L2n4NSvCN8eBLP4OMtm2whuIn7CJ+Q9FmFuR8ksqkpB2FF839FjlL3HfIwSFf8tsQ6hqeBZSHpNR8KtiqrYuxPU1rebuPzJEv7PjFYtfyfmahf8qeragOcgnWw9F27oyhm+S+YBUtgktotRmxRiuShHYHPBRCiQYQ73qJ3iMGUhkeUSy8u3D1tQZrowfob1+xdCtG5DgT4L+VxGVQpgtBtOp+QYkZPStehNWNmUHPPl/yGPGeTvO+SttflioK5RrHZK8qcnkDnpseuQCtZII4GI7ny5a2cp1iDQDUAs/+XJVhRWZ+MXlJN85YQtiIDMcSZoQ8R/1lgbZFHu2cZ/0pNjUWY9PirOZIVAZVKAesV9A9J9sudZJINZdnJbmwgDX0PynrBhqnmn3Gy/6kmBcE6c0fcVTOCoNMk51THUqsuTY1EyaHnjcKES1Ehd8TTaRHe7YdCKj4qRLmrGGBEubDfJAJaaIBc5DTFNXl6Vk1MR8deAGsSMoy7Yvq1txJTNHXuI6qa8fDM6Z8wlB6q63eMTEykMMB/P01bSlzuAZDR+HTX4INCOoZfKfu95CllpT/Y+wEVGZF3AzobDD8QwD+JXytTuSST3aHl6wjToKDVx/SmjZu2+wNOVGppOnpaKgjvtTT5oEixznw5md2zxOKU2r8U99zKfMeFZOypSHOZdc0itv5zU3QWXvE5R/ntZt2pX3qkyQ0nCsMVIlU7bkWHZuq0sX0ffQIidNvoYNMZ0kGKiGlwl3wTngzvwjpEauH2HWxAydc94EJE0+bJja5vtluRu0HGsJyPqqYRoSGMqOhf3MLIAiq3Jwe+8gIXgeYy4rbWwPCVGj9ce5SHxcZGolwBu74MRmOdXv89oHp1KmUTksM5mrHzE381VYVrxZv1xMyghKrEkKEQH/cvYqId1f6nbdo7Z6bjSuVK3pqlS9FDT842PiAq5Tbd80/VqHhgZcJHlesRKrL6yg0RW9hqQt7r5MJYvU8DoUZRBicZ8YHL61UwOwu5DVYrYcMT0YVZTRup7MudGR6yXu9K3+BHu+auKaupDvizLAzb04Y4ZWo2OQmiQzf9v+NyBYIpOkkzJ96AfwWNepcBQmmOyXXH/9epqlUQu74Zw0jd6RxZhmu2yYBgsqcBzaP1LMrUbWmWkbgvWaaO1U1SCLSFdw61CO7MXuWSu6iLLpR3Va8xGsNqTU1BJhR9tdW4K4dsnNHdquxLfQgWaT3P3SfMx0qpqG9XD9Hg/kYQueKUAQj3IgJQ2HoEkwrIvrZPo7k2kckgrWaknN3Cv9pX0ny5/QMYAJrejTdsBYZvF+kFXhp35D2v92CSQtVGbcTEwgpAKwDLee+rKlt7aBQD2hbt6Z0I9YcddoyfQivXrNh6kmh8mYftIHS/SBlMuoQn4LB4x+BO/FQ+vYsRzEcfZORWT9wD8conEMnCHIuV1O8NAaFIFSK5lxOkyuPDTd/bMh3SBTtSaZQeJ55Oy8JAPc5E8mdxtEb0BXjaxYwk5AxgwCwqZk6Kg2AG3qMLqhR/LtjIMCxN0PwQBHRyV+D+ic5t6wXSTrmet1yxSLXs77BvPCFlXcn0iEQaes+prthEltoLv96BapWfw5nj/2U8THZffYmc57bqfRA5ZCt2cyOnA25Nv79XIsk/yNibEqB2YBDxTAF/a4gPj/cUgNz6QEDPxBNjNLjCYXTEQLNO7RstKwVhVXZLhRk7QPb8xWQh6lXUOgRAZq8smaAK/tkuFgHxCe80iXkIvNyg/xjx4DNnmyBD1oERnTirIPCuD7wU4Zo81jGwYYUEsz+0uNnpMoT1kE2a5qTO4FC+C+NcDcYEhR0ssw9/mnXCc8VxjY6EhgRLbr9+jG6A4V+sgStHbjyvNjtfB8E297f7JPIV7s1R7+ZDNwdWfqoLGk6rjhbY7VFuS+5uklpFMuL3Bjp8lrU/+eZIcIkti9SygLJ9SMlCVSkihFTG/61s92/N8yEZKT5X7DPXBUw2DZQ54EeUO7rnf/QR/OOQt4hoXMc8NsH80ma46x3OOsP5KHWKKeorOTQW7yaapOtgVkh8Gc3uGCv5baixZaeLZEb4AuGjw4QmMO72lHSDgoqmch8XHW24INehptWgm1pYP9fuDdjyiItG+G3Fid0MCEZ3nOk7HR5vt2ijJIAFM0bgfU0V2heAYSoQXJKW43TcXH8rqK4oGsVXwcu5vZUS8yudAJYhAZ3K9gJiqHUfm5rNUp1fhdWNV9h/Q6DamODe1Fq6tEW62DR8LYg6tH970AfPHuRWylAlE+bYXwFvi+Xb6nIMinegTnhsVk81fIRzfiZKTNe4mcVuA/uw99aovBqfoIOrQxXibYQ+RP9bydaTKsM/lRnzkOd65dO6Ef7SYrGe0cCoV1SM3BVfiTB8r2vlFJDxH78U589cvRBEG7E0J8XzMkOfv+zmpbpZ8nBWPrqAIXQeXpx90exUnwSSvlOsEI9QagUoHEL+Rzc1vax4vk58ddGBFJOHh7MAHOSzLi9Z62C+ve4IzUOKZ1idih1gKKxQTVNs7WGWis1QOpOM9XlewOx69w2ZMjEAKwneos+kHIjpdI4FuYhhCcwsoiT35Hd3fG1eMvci41ZpYWXYbJRshY1VHV/KJ6NDprTItm2/xY6wey/arx4bNAqfew1zf2G1OWZSwb7M6KB1LVZ7goNOovV7O6RcHx3sRK+c0UYMfV9qDLAGDAivBYAGf2q16zok7r2oUc9NnCRMV/lKVhMwTdxAfzxIaEr2HDF9Y1+NuwKHGfeUUSnoaDmEQq27KqVbvgRwhA24hZURXVczFvHPReGkisfZIKrq8wsIvsinsNkAcTBnaak8n2tdjaXAobojFBD+/9ZrLrCDuWumA7JdaiKZJrzHwsFvabEE++FkkfT1UmrSUqphYWzJJcfYZKbQaHoaTAzPqYMjE0xAp4WxOeRlqQd3p7lTJYHAzcYe2T2ZfuhIhtYl+h36Kzi6IzWgmS6gVo/aan4vuXtyd22w+7vv3etVa1vMpe8DVDNvNQ0dU23Erg4Bp80ZVOZAjuOAmzSdDEsYAf4VlR0jJt3TTz2mXABbcfqrC0X8rKIQQ605FdNL/kGr4Y1nwaaMyE//OrblDkkk/WLzCwfwy0HLC8w6y/4hM83hBVzkwJGsSfwDXUx6pRh652HksR+moMdj/QN7w+kBbPYrNWn8j2rvcL8TNiOQAHIEuwzDIt3kzr10xwLAFPSVkBarrhisxJ0HY7w2QGU6EfEiKJ+ONx3gk58/w1ttCsLIev5FcfFsyaKFP88kapopnK5EZntBNL1pJCbiUovYh9WxtvXaVJaKRFz0PCIZFbysCDeguUQsuaWRff+0SqocHXQWkd3wL9hNc6w2LIdTWY0s8LgMoaC/tyLJs79giBkEdTD4T7zJuda9Q53wktboZWzraPqV73Wb5UQkqDQbe4D65tCogCaRyRvcLNxrIifAyi8R3PV2TH8jZ48Yf7HDzQiVWg7kGkrEfWwdKozRfhIyDuYpowtOgZyk7vDH1ycLRoJ7Wp3pmyp8mccnbiH7xe3OQhEAVTQTKDuacjs+OM8amkXdI7hIxxkL2TD6dfH7znrso4qtHIt0eezSlcm+J0zq29w3HpoM0+rehHRNynUeMQnAlh8LVZGx1QHsaL6+hG3GPa8UXiduji0ZL0CuiEvUHd7SmSh2EhjVF3J11eSbxpaE4v3w+/oA2XttTfALiuygddTFLuD6IynZba9BBToJiW5KhW+5F1H11dOPE68Pwvy79E/pEQsiM5Tg4eGTlxjYNaY2K8dw0QLGJteYmagkHSQ4uJ3WMm4Ezb1f5ERDcNXHAGLV/yOEDLpJDOQMF9dYOeam5lDNzhDSp0pYvWJp8HYX9P3fKvG593xh4X+XgFXsBVSxdq/XU7A4P4EC8nlQR4D1YupVDiwv0PPr7egiIUw+S2oqTf0IC0wIsf4u4Uy6ilx6abgzWcpL7cSSSw1v+UEmLElcP8N3pwGcr6kc8SzWiXRN1QI8PMBOIdSWz2Qxs1D5o6iQV8C2HWSjTo1VAyqWx0dTBHankll/QptfbAMLS+Wa+qtLUnGLt4mG41vh7owlXlFA1VgmREVwfalGvDLwkhgcQwjjZkETJ5mYKvWLUKGeqoExbMNZq5aw6y4T7bqZOxIgmIW8ny7848jKssU7wDxJZW06uCKbN7+NzEi7ugbcoU0ihGJL3U3+CJeOrRr9Xig5G/mRgEtFtLBBmogwkCnL7ebida2u2VIQ7SNYB02fyLC3Q0qL6Ctyj7X5iPoYeOf5LEMwRTbPCealAvt/gyKdWPZqhwKJAughqL6Ac9DzfMYJ4HKaFfySrKl9znKJimWmr9iFxD0eTXCSs5nn5yqSvuN6yCbnp9wJFowGvVEdoUroNkiTO3no9kccCfYo27GH/S7lQFtTHNvW9978L152VN/6hLliG4MUg0nCkG2pXIX9iRykqZxCzuoeN1kXfW6lkHJmERvI4MDpfk316xkG8sWfkzP81GObc42MYQItAz8l6zWN0mmCJRQQ3uVCMxT4BqL8mE00XE2WeZwTwiHwWPLjF68xxSFHA99vAEUX2y7mjaqXliCqXpTY2vFfojQEThMwD6Dmm4G1aQ+Je34H4ihM7gJp8yZsnsWsvBvL2jh052uWXeoaaGMtWWxP1BSd2LwQEP8DmZfjkxJNNH89scn/IIQZzbcT6OE/qiz+1afHm0f80q9NBnavtU6TJ2Sqwcom869OgxuP1t3dYv8JBk4oZU0OCg5G8CkAVAIux8BaXrqipCEHDjKV3RGXye4OWby8V6dFB+AdGp5YXvkCC98iixXoTFBQVv+Hl/OpP7ScfrKmJZEiULlaN/oiD/2tZhR8SXLI5JDCUhJe8Vt11nT+IIfML6kZWoifLbcNKgkoyI2mt0cxETe8EH38V3cY/T4z7YX7CGGvKi+cBpyrLMO8hHLf4leyqfFsYjIeAOa+4Kd95ek633bshX6Veh8nJoP5nDH0omqD2XxU76yGqA922XXqsXg6ioYTYGVT9xjlGwJh6ZyoGk/fV8qjMnmw/vwrVekvEpz/VZkB9gL5ceEIHr/OPQ7Y3RTtyFj529EiPtDWhPmbAv4TPCvLD5L5c6lHpurImlyUgoZKQiwZm9ThEDVJTsrJJj93csFECbhyYgXgG2itJ0eavb3EAy/rEpIpuXLrsOKQxEzdwtDDC0skvhs89Wve/BOQHqR7aC+fmGJO05/IXp7loTBLL3g19k2EZv+7hEpI0KHa96nZGihXpLsb/CQztDu15B9ySo9pRhJiCu0FW466HOq1coE0PRn2jR59zywHSHt50Ml+3rFEmMRuiMc52UwRnaWT4fMThs6Cg/Mcl6OGlaeQdJ/5WEa9nbM8OzZD85GTcvmxy+Jl3zS8vb8/eo6xF1Frgi+8E31EGxSxzQ3SwQCsL+nPlHHz7IwJu2CAPMy5NfiOML0UmIfwsB+GNJYBltxse97bNsU0GClA5sb0/LFpBZo1zs92s4CbSY6rpaqAviAo5/45lK4ITbkiTUQtZyBnX+kgpyThC66/xcV0wTSeoVrnSpl0F2TctGTy4mxiUFhN8K6HdtNkW83rCNROo9gB968qmOxv6yN7/fQOwAJGkSrBqad8uSW191Iif7S1xizm5kI2hd2NYtiVU258LZL48x38YBVSVHK6pqyv1yE0AazEBn0HbhI+Cs2sRtIrCypb05uasOPo4Tm0qwUzR4lYbsR+OxDDj0v9Qt9/UIVf/AYW+HDKADbVXnt8KqbcDdOMBhMnnvpmqYNKBYD+blwNc6UzG42DmVUnJ0PrQ1ZiD+YrpRbFec0T8bwurQAwkaKzny49E18PL7/SCXevBlY53FEK3i9Na5z1aRU2PgSj9XOuNm5VN4hmCL5Z465LCnpmkyU6/p7wo0w1I4D4N//ikCUrXaGU4k5092epAnLBsifnZDqnYgCcMh1FeRjT1T9YfDgWBjtvmscbNXPuaZJPNNu3s6lW64YEj6xDM1zwzae471J+okIII7Rp0yBUg252LLhmOuFBiwDPws8AgJdcLYddsgaI0JCYPSoT/ZSyWcSnENB55f5QKfBS2TT6C8quAHXNn4lgqJMqWxcc7aSUbOW1U6nSwPHyu9JapWgaAKjo2XmIv/RD9qfj5cyF1eSrkdft3dkSlQJNDVxHUJYbESY7mclZuuJuzUJ8sXXKWJTKMFqhAMJ3ljVSN8Vs1hg9L9kVuK3SSdL1K/5vCqKVSu4eOTnRIPgprr+g2hD2XZkV9LbdIF8Gpsn9aZ3gJ9dDNnHYDVUfv3wYMXCmZxhhUAXF4vpNyw2x40vl7Ne6Av6edNn3MHctsvNwns6IZ8vVMAKySKurDsDyAabWtixQSQ/RgDoRQ4ZuQwz4phbLQP1LuJmVjU3/EameGuWheZOQ+O0jaPWApCGo2nzz+loLlOMttgWWKEMdnMfVKajqN/L2GGb8E6701ZC1yxLa+v5cMdPY3LSJqXVgg2LB1Ug98jMbOcE4PNm3CovGsbidxhOBYD0BWYg/Oi+3spTWtFa/FzjKpr0Pfbt6AZol7elpLzGTZ8KFUPs8EwyL94IRnYN8rBKilX+qzkF6us+w2RRnuz9RWzIxpAyyrZXlL842NBO7lHrzCkRcY9R1WDm9bn0fLEoWqZ3pqr1iz4R0SOGhSOGB2SNxc1R9+CsjCnEePHMu75AQg2WDwvrMB7YpS9rEGe5I8y9KG5ysSYEWrcrjf0kzJOmQMz+FGRHiLg1RNcYXYWs4Bsj64jELxz5IZEBCV2P8OGA1zyFFeABFFnnDNMB0FASb4FZm3qaeHuRxtm03ybjTrdaY1M8mORE7720Fn9ONJCE3eZMERYJjegKZUbnfOz2JidJ2eTQOlbNY3bAzqd9E85GV6y0bXextqkeDvYdVXm1tz/uuegDPSjcTQHdrTUgb/y4yJqvZW/bMIeLtWkjJ0EdySwhrsYG3YKlikaes1PYkDxxZGr0cKCcmPdVuteqtaRtowESwlfpZrYV91xMvM14OzGxcJrd34Vk11X/hHAh3PZE73Lj14URmDlITlah5qoqB4IYdu55XaOOVYikZpB1e3EB433Mr1uRxuSC9aJOmmQyoqUky7o2Yjzefj9LXB0corVVI7MkDSFuDJQS1sYiq6CBYiST7iBAtrophb5vkSM+IMK2pMwoztDMvTvwdB0/h9zFeWYnZ7BYR6jcsiOOzT9XjpjrtvX7Yz5ecN3zqONN7VXN5mQvei3IPen1mH3pVhvw/E5ZEHGNKK/gzW+TlzeUs6G3YP3UqzP+NLUxSfIV9bYdYOwa/enKy+jEsYEJQLfJLsoC1WMzgGeZZVghc+P0DNAjRPCYgqBsLOeyk0N/elvPRbl1etrt4Iu1NO2jWgDUMc3TgHM26cw1/t0nR1oSC14QRLLjHBuuvWyT/kbCts5qcfObNvAuJBzsFq+qBNbf1R8P3ppCVB6+az0IieCl9KQAzxdVm1CA+/J0i+l60X9S3RKXJxFxrwjx9/Y8/JgPGXA8w31WD3oHqd+3fu0oT4aECBP9C8BQoWx/Ee/Xv2NPqygmol3sgXvz44QWvHi2WXPzXbNX/Jx5Q+bLG3pcPOX5DC/Po9Ft0Q5MudpWTFE6SgBP9PTjCzjBjnAYvjJ8jt5/hayLRQ48RMSDMDCi95EcprxWTjCk413Vvn3GhMxCVkapqzMuhJssGBUH67ybRf8lbmMKZzlwPeSzDrHyAmqPEj5IbMTePu6eJtveVYq+KFNI267yzi7bMlmPEhB9VjoILvCOcG/NF0fYaazvLC/m6gJ7427O6PPx4H35V7VQG6zxwIqe9JmihG1KNEP/M8O99X1KImmlSpQ/iaNLlRn8iG1FwnfWzGAY0nbhO2m/dlJU6tD54aG+izMr5KoogBjkv8myfeO2NZn9DeaPFHjy+13jCbBekcxLFCz/+bwxskMM+4u4ZA+ExOlhyTofFv8u4gr6Qp1t+/BBwNoy5CFiBqROYlAv8dZ+CwnW5xS9ekrplFh9atkIsLfJ58yT/jB6fQFc2kTlvNrbkrXfqFLuxpw2lZLIKWS53gkzoWLS5rQkEd/DHCiGUbE/V1zgkRmne3S51Vsg12mMKkv2TdC9i+jyF+Rda3hfJRZDED++st/fmRLPex0Q3/ZKLkjqYOldGucGaU5Oyqt9uiguctZzga+CYE6/WltUkfGuWwMXnBsVblkYwGgP2aZPmEw+4aS2EIvqIgbA5GHuldPth6EaPJ0WYQOPRRez+3sbbuc3lBnZEhz3mc9W9oZ6rcwG9QDQHfvDWWoT1Q5msd3mikzGpC2U5pVnORkTi21sOWwAl+zxcWljWVL56q6H8Fi7wUE20tu6mHYCyz3LEXzwTnyAZixpquzAiC/zNMcu57w4fsMxyUDdH44EldV8vGqYKOyQhRTaDaeu+ilkU3UiEfs7aTHS/S+LgmgnkpcSUH+CGw/JxaYF1CVEyYwQBl36Yu7zXUwyfq3y7vgNRaoB7yxJBx9Dh4S4S+sGBubL6qWTwvwkQDkP1LJCYPcgvdBUv5yIyQMtKPJ/5p2YpjRGfTNV//JB7dWvOqGHCJHN1XEEMKkQe9z+ORaa5l2myFJvnkbrx5OzgkM6bSotaDGaaX1hLPIiTCARHlmXgWk7onQ6ej2YVDw1kcGjvCX9DaRJWiks5wVzLaShl/QVi+CrX/4YfbUo5xX4qILdbfvnPP1q2v7aIsdrujNfbJBHDlgul0wIJpCtCv80bXlfpqjtZvb8QJvs14FFleHqYBo6HBElIc7NEkpcyy8NJIjKj4k4ERHiyKws4fvOeCjc7qQyUA+/1Ayv1KxIoKcmca5+uCIa5x44NIu/bVdAIfGT/d/bx97h5IV+4icbQBf1TphkyJScpY6rtwPPIbRf8IdC7D6s2OKfOhkSgHFXplGgzcryhemSG18PkJkRzdF9KLOs9KUIdLGTy3aWeTEvtTgVHMkciRD9ojGyA0iHEpXNXVxlDcM+LsOsW6PNswItFqwWEqCj+p1itcQgVtnM7JWiZlMz9zU/IkyljMB4oO0JwV3Go7/WVH+lEDvQFTXoaZLZisP7BGhfN0duPVdIzhyopbHP7V4i22Wq/TKQxscGYPSQKNbZ1oaj19UgjKoD9g71Ttg8UCmLkdYQXISweVj4gDd+ZW1l+cf+pFumJ+VMftk8wJ8AYJqSJAyWDuTpus5xDOkM8rWc3J0+Sqhh7Nk1w2c7UyyzvSWOosnke0HNxOnKuG+ICeL++EUsNT6AcOWe07yrFQ4VdGqAsLBbr9zk4eS8DTXo7tvD6xEucdTz9PxhEzSH5HFn50qCEJb1oqcDxjP5h25FnU9QIbwL3eGr1f+w/79LzV+F6jecf1FyqjNBT7z60EuXznUnQZXMoPcjj/rVi2Gao4FncR+93NnGur1bj2jj9eB6WPcRAkDxezy9FNke3pusR12QZgJ/knHuLWQqxdeLEWmh00kdAKAJsEffBqYNsQOdUIbYhEL7OrQ4seLpV8mlmspyT8PRKh5dhq22fZ84Z/EWoNRS441K/SAQy9ZEOBBpEDnJOPMOiDcUsbGBmBZ2/KDJBpKr4TvSWWb3oJSsurZmFcS8wG0tgZVtgq5p0gL+QsvzSyoc8HJzMCB6CoCL3orneeYgAPrWAn7bnF5cIpZfdzFOGgIPf32Z885wwMxOMyPSo4ae7oUDjKeicNS7miPgwbRMmVSe9748SNTAAsa+K1NVUvkECPiJRyO2huUcDi0noft80KLRu6gYZpcvlE8URH6Ov8p3SZRmPW00rWb4sRrW028KWesJ3iRvvq0uS+f7JZnQpATLGMfszdeyF3/MbkjWU2rKYjjLNS8DTthcJDD05zhUEoWIEGM8P5hQZ+0Eo6NJRwpTYMr+0dbWYGssv/LgaThrfnD5LSA0O7uelaYv/sWMeZFMTtiR+AtePlD0L2VDRJjs9o3b0Ujmz+Uvpjafq2sViKB7ErsjlexCq14JBuX4wLawU5Ve6Y0cVtaw/CXPKWpbeA7ukYNB7Y6SzIAp0WAkV8e9U91SdOeDLw5MDUv8A0inGJLwiDIfOAyT4d+ClsrtlAvtBIyMXxr2Efw/FKDdCntJCfpn5xyMcpfPtuL+PsN8/4Wc+8lkv7Zpa3sDPyTXgB7qTbUD7B2893r/0su2ASoZqW+GKWf9+ZhbPAV6IAt77HU6VKWFW9mF0rAnBJsdXS4MwEownjHymfyYyLRNpC0OvLqxsCJlr7L8OzEQsD/AbBBlCp/wjwKNrOU6yCTv7m49eltIFIPtAzzNUCBzvPUwN+61cv3RgCr991mZI5MZDQtej98yj5Fr52GSDOttheYEEg4tCD8skAdrSwd0ilDRFO2aes1kLfp6PoAcj/PvbUrAv0W6HA3JGR5RaqzWX9Y3U20q6i2LA8c8XTeZRKuE17a7f0LFM25hOpHsQH4mZNB3nBGEjB2/Omz04E1LpwIlZV0D2Mh24vFxHtZ4SpTqtymLJWfr/IhtVhChay4cmiYPuB4x/T4WcpfjHHqxQxxPl391DXanTK8a2NLnwm75yDNH5169o+oNva/kECAkEOMc0NrOoJgEHXvpuAlg85MR78OdSNc/N1FavtWih+Jav+pHCXFxasOVOlCA3Ok2Vrk3mGa5zet9DNUsIL5Qct5ioz9DKgGIA7MQX56gKJx8EJSWEVfLOYncoubLC829trn6HOSzQ8icaGpak3UHZlU2K5gWAIr58nPGAKCHKMygnzCvBsDWG0lAWZHt1TJHdHaPVWoO1JLiGGomcOy3PEGDgnJ+HYB7uHOfBVQ5skUSlbj+0zeqMvASPPjsV48XiqPCKRNvZ08eHKJB1jkfoZTvEg6K9IZcv8yza2bxeWFh5JnigZCVm8puWbvHZK5JSml8vfZxls7C0zBZGL7ViIHRodVPOi6m0btAQhamYL4/mwXZRJmvB7486kWhoHG+SFPDI8zi7LgOrXX/1LH1jDyUNypTZhM2PzeVQT48XIfOCFGx5f9/UXMhEiCNe6uEjYZ0QaXRjI0HRRomGuSvDiF3GK4UA4UhaTRi9hvifNYDXgDeu2QCUwNNiHX2rJOVdxY7gl0rrrAMYoPXas6vqxwaoZJtMvVyt1tBglO97GoRYJ/vztU2iR9Ea/mrS80pOwyH1zBm+M5cZSum7IsuMLhyfy62azIU54zcBmFJY5SouuAqULIHzyoWVxrgFTUnMjlxepaPLoHoFfBawDQfz1+5vDA+iNiL1VaCIGMhnSvtlIK1C3hGfo1SPHiGeOgMAG5sIENyUTGt9eADjmjVWChfnVXeZYHYBvAMYhimG1qFN8KQ5c+99pyj97H7qaQc8i9K0dr9L+PvHGfmWYmI58MAcFJcw5AsQrUuwS6n5mToIWWp6unYnXBmB2PyMOEIdjlycfWnsIkg+6M+gTEyyorBOnRhoPyZRZKA25Kn7x4OY47OsWrlK4CdINcFcqmLirtPuqOkNwouY2JfSr+BdxdE3ndAWmnh938ta+NT4FtjwkDar8OZN4uKl4rEM8hW4C5fltstyeKJD+9HhzBdSJ8msjfpTOrz1uHWWfT/1onIREF6IlJOOfNcjPvLVmAKPasR2O1z9RJyTXOvCOIOM8M3KAzZhlPO2ddpXA8MImOlFj+bYXnb5uBxeyC5EA9ewXb7OZcb1AW7/czlvw+AhElplTMSY7VSHfBI7UzKHeNxBZoJgkGU63KHsTwiuE6dC2eJ0Y3LTjLWrS0+/6iAp6vF+t7q4QY9AweWrHbPUeuZ6wRyiS0etsV0K/69u5pCkNKwmkUdKFrJkRR3P63Zq8JQInNX/mXAkGHH2j+vgjYdLSjWB5PRiVS3msoTBfiO4yekDOGYpkaijCNREVC8PnDi/zDUz/jIzM1OcdgK8y/fRcZRFQ0MpseRRK5+rx/8Ko3eEO4OuHCuNBq/+SYA60vcFgdoax0Dk7H9pXuWFjyNkuOy5rOZRk+l6DiP+g+ujXYTKzWduJOSgzEvUbApoMFA1ze1CZtLiuPBgbPW5B9p3K9DZtPqaWVch53fRGOVfnhPNkfpax3KKaj/558kVu6oJM7xVvYe0e/4hlArpQD2KDkq6yLkzzUbmV+z1nbJOPGbipaS+R9+jCdglAbye7CM+69q4kGsWLLB/wclC4DIYuebxg0lQOH/AQgWuXb88Pye+CSZPHZb+g5jVyooIb/PUFr39O8ylNUhHLHVFHkxuq88uqz4iBmKJ2MI3h5puleUiivz2gQPbSbZVoQ/udpgYLoOszl4OSI/HQ84emJzCQTx0xih36NYLsYw1LdMzHKQ9Y6tboYL35IuEW869U+x8qgOKnm4qiO+3JYg+pjZWzyDpNBJfm1FL/eDz86y5wqkw3teI6JIIBGw75DyIKy2zgDi5cRrRrdTiyn2jax3PQTV3ubV/yZFNt/1VJm6YWnS0doC4dr160ggzCzOm8gDykBRkN+pnz8nsjEOIagjXyXBxYyagoqhzDgFol6rovnLKhtDM4R/7M7Eha06VfMwX0wFmsvF3qNIXMKAXiUDFWZxeQAj0BCCTtDnTt9s0i0nlUFB9B/ZovPX1055q4N5Uhytzfl29ZJoh+VwBaX2Yzv0mxJyV+KuJuo/HEdPt3VDQjYAREnSnfZXVpKDUMAEC+dv/am5dxo+gg/cazENgc5143PrChV8z2g5kwg2H6QExUAp4W5scD66aKSQTDhCxIFMgxVkbZz2RA6kwjIFqa9P5R3cA/a/2JXobdN2V6driAAF9oTWLofRNwORfoEDnwTwemliwNIa7iEt5O0M/Opz4/8uBWbnAvkWD/dCAb/5d5+0Br9JNaNy14/EozCuzfI1zVk25LEg7M9bUz7Yt1esWRY/fNyq/RModGgT9Ru+eqdoorwN0ARzss7WhGW0B7DQF+LuGJ0lonvhahbFRtITocz+BJWU4Sg7Z4HfRxf0S05LWvZ7/NN2PSZBoxBrX8s7tXlAuUgnxyi3Rxw8ASjgQiPfqKDs90vLIhkyA/ZlsxdsnaodYhf6uuPwyDSLEVsuxKGFNB5VXUD9PLBK9nuubE6+W0ONAw3GNNN7+s68T6BlqW6iW/6Zbd5ZBdvO8m7BIOtQvsDwWr3FyJeizmlkZFO/0S1caFN32+FRybo5zPFvoiF6pTuqU/8MXXIjQSdTNvTHt0AwyjyFv9Fj3k6ehUsqX2+CYsrCWMhy34yNW9oqgEhLaKj1qSLcImvJHAYEpTW5773pO/NUn2kRaprLOOWcA8wDbwSPFtzcfq+IiO0CbZTeCxKvRfBzaXGo+fYbwS+8kyJ9zfjCm2C0wNHOEfvmlOC1ni50PBpe2yLcYKU4lji+O0lYPWScCZXHzLs7rpxSOK8Vaz03ZAGhyoNei
[2015-10-25 08:37:09] Phpr_PhpException: Undefined property: Competition_Name::$location. In /Applications/MAMP/htdocs/fars/phproad/modules/db/classes/db_activerecord.php, line 1891 Encoded details: a8KLU/cb7neNUzGv5XaKVKOxRJ+OH/vcWjMZPKWUxEmWcou2N6hXrocO5yldVS5g2z6mx2qUyuVB549AEqjjACjEzX4hQcJG5JIV7RSr9Qh+sn4gfRMsXB/iqGM6BGmu6yEROHljs2ZFXIBGOuJY/mtVWfD7nyyUY2mixQI0Np9hr4js4JwLWn0fQLCqaV9EzVcvU9MuGrmip3qkO9OFS2rpwb8ML28QKmOHCUSY74xguMZOV62Z4gr6XXmNaC0zbEq5DY8KSZQ+o3gEQIZzqPiaC+jdDnROCqsKTGqZY1aA+O9sivqzcPUQXV306D5EmeZpWC/ZtcZdQeG8Tyj0Hg9W0RX8czJrUUUdMGz6CAcE64YEgyJzc9d7BLQKSqv+NNCFqAsd/cJ0sLQvcCT1DW74pjrqblShJHojt/movhfiwfmXYyIyU8a80RGWY57oXD2pyyueECZfbrTrH6ULrI0JKclaKaT2b8wRJBh4O3JpzvSB0oGr1fhvj68FbApt6mhicbWW/DGj6LXUlr/i4+03yEF3ggiegueU8G5FMgKjDa5tW19Qmch9E9t5/A0LklioKdRapYgZ4ec+YIrclN7koDDv6oXBkbWuOS/LVIWEoIUz0N/zmLhOoKtIe1FoQ3egBFhtkiUVp3HdKoatoyGd1bGpNiVsDmDU2l8KwyS5qTphCi44DJW0yEScOZCTZDdZ+rd0LKgsAd2FQDMj3YGujID8uL/IiJ3T8saV8eXEGwSB3pCRcYOlMui0rIcSCD23D2q+nkjeHSHw2X7o1Q6DGfePpWa++GwTtu/EkONxAd6P1FhaIY2q6S3H4d3oGm+LuScMfYei+Bu3GiU4vADuWloMjVBb5pLBtY1W/yQ+MEU2h32mN80ZXkf7CPzZ1XV94o8u22iCr6iv4nXQrsCrMxUIlN8Y7OhbI7uZkiyoLAOtARR4y9NyISBiriTRmUuNycDCt+aN/kLoBhZKDVrcZGmyQ41MQgYGwDMDiMEtCWO9xHZr+tcmV2lMboWC2VcN4vSJabFg2pjILfqF3NOgrdwcGFKn47ykikAtbZQ2CFlsJ7jFTEdAUIIst/k1t85bdXEHYCW0sSIUzb4OAghmklZRjDTxCGoMXtI3tEwXab5uTfyrUgPvcASZgqKG19n3nk8fve1Rf6HV91mVVK/DzohaCFYeq42STxIE/GNhLqvqtzJf28att16Kom7YUWZyMzvx31OkwENdtXbO+AVawktUkaTgCvSJcf9nF7AjGa1L15BmDM8al9UNlRYOKn8Izs+Gmtl5eTsfMI2VyGX9IBTyQePUG6mCwwsdN4OZj3V1oewBLRRrsBfPUNbBwisvkuqVw7nF11drQVJy5efqnZqeMD1AkrD1159Rz9+7k2FsrrYoYBmLjBGRIqFVoIi7xcvDrOI9si0ugLFKTZMu0wvQszf/EzOD+DVTBNOmERBpZr48kmwNkc1KDQWn7762OCcwss4UekQiNd+D3gKpRJx2lzprAwrW/nLSyFmr+GvS+SuAlwfTGDyprud519UvGvpxHOr/DpcIuClrU1M0ov5L4fq1hKoe0pe8MSDI0sTSFQf+fKxgAi1/zVY0OeM0waHDjvt8fSG0/TSFRMTByvBaSl7SB/NltdpZeDf3sd9A8tSp6SCsH9VhI9uhUGWn/iN1kHJN0TWXJP1nzSydjKJLl6SLe/OmwOU72R8C/8BTaCodDb3G5zE02miIojtrH/WsQKuOU6AU6g+5wX0TK1yKqNSMWTwRCWcQcOAodrlK7b/aAHFXCfcB0qasCJ275dU45hpOHqoc6z8LePwqukwwWxyF6BDJsr3iNvv8k5dhfE1vpfBTlDVUIWJYN6Wvj3by14bNgeMTWPfNsMrI4wh5WCoOiRsmac7IJ260FvUJiH+rvE1VgE60wsebHGy8PJmGdw2L//ACVdopK+nDjEc3B56uGgPJopxITVES4/gNw/TkKkvSbOiGriCu5AsJb1Ib0pemO0Nq94v+nZCvX2V/ta7Yks0LOsjoyVICOq+aoZF11hT8cBDi3sqvIB4iX5RVOkD0aax/+uOKD3tHKpabbQ5SVjCcXMV+di6Bth3hR2eNQgPyrYijZdIiCRtdFHQ/0APz54Y0Med1LRTTEGKiNp27UsJeJBwf0Zm8sLDS1gFb3KxfxQfGTWvlBubf9ng0UOAewZ/wIscUupStzNvFUYlz7gEEBWZalPCsmGqOYZPQZPsSng3J7l5giN+tzlhDflv60cjG8b0px8WQCpYaCFAns7X/sXuqv0uO3cFsiha07TOvLAOZ8dLfBwS++2/i+l40Sok0qI0cR1BBZ6GTbNHRIp/tnjxZdFEmSzrtAtkSOywbtv+XDTAWiwTw+t/S7nYESENAdLoJCzHeheWKKEY7VGMq1FFooG8CrKS9+2OjsNFDOjNZfQCQENu5JVmkWPGRjaZDu84KYAVDt/DFnlEBLSmxByJrIJ7Ap1b3A/VOZlMAluSgxUX34UV7kJkcNaZvRot2LBAe5NyZAv+OFxNH4JjIMBYBqa2Bxb/DKcOeYbDFtcILf3oeBihaV8H2M6biczMAkR7yHAn41QOtSshTDClGdiYGmWsE0qhMQPstcovYfCtCJBEPNxfjiQWF7E96T3rnSchUgfBkiKyDQdk6POfYLxzzX6PcRAC8odKhzmCbBFbjxqUp0k8Wx8Nw+a7AdPv31NfurNtAcsc0XIQdvFjXkvL0PODlSlMklX9OsYdl0jDapUSTVB0VnEcWN4GNxXnt2W/6lofptBs2ij26rJpPBoiVMkCE9YAAEvujFOjq5uCC142PbgJ3KHNB5SL6IIgfbZCRDnrHUy9v9/f8zB0uB67IwHuvCphqpV8KC43Gbje4sXzzpzshkbJJbpTgChBGuH/OjOh+HQ09Ghv0cgS8B15FyBqL1XNbJF8QJmWQvn7BYbUdXBcZBxfuX5iauwUxCfji6D6lyVdKmsfZD9IFK9EnQ8lW/EF1iAmYhcYc0Fes6prAbH7ay0WPeNsuHO3/6w2gDqeob5nyhrV+JRHQLuD174c6SI6cIGAKtwYGQKKpXRAAoVPQZwIzMCIVqcGJ92FzAtWYhHRxq/tEKzNuaM113i8ve6NyaxINquFLljopQSv8ihm+Nm6rEbqOOKCZbCkNMwTg+kzfyvnbMIpUg2UYu+Xj0dueRbx9+9Xf5Y5S0PSLjVUntzs1DrXl1L5w59Is7jf35eLFPC8SxTmfbFvAnp7ok6IZcQmZcQPKBA6a1PvF6EwjGtPwUk+GyZXCJDTpoJ+s6TSLIMAaHWRHZ3IjHEmSxlv0xTM6jLFUx42nhUCVoeNQVNm9LND4n34T58gu5DyV0E+BYCTeH6wxEi2pS8XzMR8XGjGQUedQBsKSGgC2fxIRpf3ZJXLukvJu2fORevJNgBrLSCvg6tmhB19mRvlRlFBFzXtdBTPazHfA6K2fdRutQds9UWGkzH8E7rnUGskYB3/S5v9DBxH4Ozd46WjuOqr8UxCoDSsH49+mWh0w3mg2E6bmk/iPVEMDwG+PIYFDmWxMa9wDcXNCCIEPG7/oGN+ilI+dPLt/wqLhYbBA4g55TK76TPxaOXXQDjft6Rf0UFDe3eHfdd0ZhVu/OBx+25QrQ8bgxSeR95kiuhMvk9Ocb7h7n3BvUrzanQq+4uLk8LsO9aC8WIgybDUibq+3pDPnZvRoMSe2MWJTMWa6UIxfLh92M54RClndzolZLqN5xsx2lYrR0pQN3w/sMGWQaF88YHVcutZe8WibuUK/1Yjom5pysvxt0KkXcdEUvztktPYBZsMdY2Dyca+CmG+NwhFvRKlfzzygnAzN29XS1ONPO/sfnWqJKYQAUNq2FZ0P31MFzPmLTJ3ebuDK33mXOoz0+Hg3CWBtljCVFLUlu5TBt0i56hXZL7Pan+X4otQWWmx6YGCe6EyBZWSkM0ulsMfHj8J0uuNUk6oovIRTMHtBJO0bNgEcwc0/nLZoQcpDuVH+7ALnl//R+rHilqUflVe1QJOizGfIKEOkHkhDvxp9VDHeucKtVV7VCZF7gCZvhW4cX4Ya/ew5rbGVmr48BxPr3eM9gQ2s70ZS/LopleMb9xqOO3V9U2QNe60dWxGYXQ7X29Rtu3JHwVdyCDXclh0tqqONkqt5Wct8KneDT/sJ2qfWlJZviId6V3+w1Y+ofp/Pqg47ieaXpegRSixeG+unnZOR5FEbyZidQuoFUVfm8fLAMoHqoJqYhbz8z6TNZRvBm6Klcedc6BhLKgNR2MOz6+fr06EUq0oy6r7Qye7sLc7oN6oP09Qy1cJ5PYaCTLEACEM5wC8quMB6tc1lAtljm999FCc/QI9Nplppxnsop6M5MKZXrplpvqjgJC3tu32IqBHcDB97//gbx2D/FLRDfCZGASgrGA46y6tuSh9yKemcGUfEn6jrbU0Ro1qtOac6g6ES6306kjR+HQNeTTYtb6vMDkSC7ZYYXomgk5YQmz2Fgp7jKlOwfdlmFyQ67Znf5lj45gIZEEjhtV5XZA0bF1d5aFQjjWOiimUkr2At3EUqYKpbmh6KI/MC4vtMeye6AbD4KdukDFVaTAbOyv1iBvxM2KKA8TFjn2BlMK+rlCY/rtDDwr29ZNc5T6nTJD8/2OW4O92d8vcJ0XCcdhoK6yzxZ+ECK+X/122PYaaYUEwAo0IKWpmJqx3PcalvpfBaXMzJVMSa2EBcdcEvYRuZHhCFYbaz6JwvkN6fiIOYtuQUaE9QWtd5aQN1OJuL6TI2jy4mtDmidNFOVTLWCZ4WCK8zE1iVb1K0xBXhCB3+pwj2d3W+rgIwUjGz6jverS0tsTNQT2eWUlUsLafaTa11P9mxLhGSsF3HORpbznVhwfw88sLmK9F4ol11Bt2Zumlktg8He21kl3eA2PdkrR62gUptRcp6bK4XSTUzrakHZWOtvceoRs8qDYAHia87HBzZ+Zq5l/dk4gzRP7pTBzEnA94bO4LTCPIianE7tt/J5Gkch3GYE2H4NodHCFuUYhBq+MKGUvLnjCokRd8jx25yapwkbMc+FLwSgdxgANF0NWGV/NavOHkFvMHJO0a0DxV+yckc1KTt7NdNlAXrqSAI3lpgFpbff2484sPJkt/ouvVf5p2Ej/otRJ0z04O7MJ3k4+/mKTNK+SiAVy3zPQCNWCfDOFkk7fEzxtXre3seDTqgK9nj1fYglWbUVZixmu+pvhzfXRbZTzqjWXr5Rfh2uKgtjWzeS3d5hhVjEcoNAJ3BNIGZPggtc1247ooH11IRB7PWypRoU7oKXHarW9sYXsl5ykDGok6Tq9NMjnrQButLhPap9+4CZOV5aevwAkJnna02CYAnRTBqFlQ9XlJwHqZ+unFDQ44iKxLaSKMgXUckfoXUN/eTp1brxbRnzP1yH+u+odnkr9EKYpog8jOgWistDh11RN5USTCGvb9sx3cH98NmFmTMqbMp6g5YGScGVQlImOa6bdD3VsKtrt5898Na1OlKT2NiRwVEUF9yZHHBHmk4rTbZ1IwClgHuLFWWqahigS80KUzRaHLLqo5V8ZmS4c8iJUlZUdXMo9Aryho4W+MO7fQxzYo5qKXmlouDFIvuIOF5XjlqnZq+H9ss93jujPLiZSUlwRjyz2ipreFc0vQNtI5keKf6ZmevWtJF15qIwy1ts+e56jkVdiSwi4CBZ32CiPtqG1ShnPxWeaa/9uHR944X6KXKADh8ow61MjyeefTA5KeNIjBX7xL7z5PIxYzcq0AY66HvKWKSy3g1/JZwXDRe9EHrepxLg1vFB2obIoWXzg6WDH5CsEIFBpxHxOi8NI4oM2dDpY3cGb0BpJh5BZhgvj39AL8euXqqCzkRhIhwJFi2M8rETLeaLNk/dWTPFIH1eFZEbbYTVYdcELZDk+KEZUu9aiLgKGcnqfHlJI1Th52eMevF0+DlAmm1RiFqV9c7/cB0CqepbPiMJp3wVt7uzG2hXXJMuq3JX17Yn0P6PMpUWv3028v5GYtDvCJ7bDg+hFDKaRRmGBKcW+OTmyFrjp2iQh//kszxe7iMRTIAxjSetyQBj8maiMxgnS5QihYHGk7Aa0Z+9ZsPbH2OGm71lxl+4Ii96nlkpPBlWHUzYX2JmSN0wUg+U3LEOeNgQ6BUToXti7RLnTF7JFSIbES6cMrQhUX0dxEiPyFslk1mA5ExZPQWdG9IU0GlMweqWqCmhUYvi4GSgq2S4BZMHnaB3WXhX4oprkGCu9j+h6R3njsmZz/LYCwoVOcZNLVuUhAWrMlHt31PiQLVGE8HePlg7kWSPfGomZ/27xmDHb1VFJrHGqsCpMY2NFHyl8v06WLWywQWkZwl3sIIJ/5LaFXf0UQBRvn80VFhzoe6BSfQ9Q8imwMJ8Zvsdm8EtVeLnVW+6SDynt3692EtX6WlVzLXLx+NJyD8rPxMkx3lgcYYkNhnYQhikqt+Ej+Gw5beZPiko3DPbPYF/+YpTsK39IJ5CKEEWtQAN82Nv6fmTTjrZAtNZHuOHRtyt/uA9CPI+K4p18VmvHBi9GF5tjg1qkMi9c4gzp1/lKvP2XcX896207BZSWhkNFN2bbRQELYVxWQe0gHA1FC9RmvCv04WoaiWiw5B/Bj0/zuxDqt1m1zFv6MRYRXbBP334zLgX5dN30P52Zg4l308K0u1Hm7L8lHv0O1lsAtiExY/xft/BsercT+qmFUXH8lPyqa3svbuQqEfJMjl9C42U6RXxGE23gRF9Hg5RDUzUz2pYJX43JkEJpZ3kVkP4fyAa79tIOcQYj69WWQCq1GKlSo6EYA/s1Uz8BJkcvLOGZlypWNZt8/+A6Zy6374Wr8yiEpbvfyUNxATFdQKoV+0c94IG26aQXPPZHb0iexoM+KhzITL4uv7nos3EwspISeYtyWBA3gM67ZlkvkKCx0kZPS9uS8Sf/yYleRn9f0DL72NkLui6oWpXgRHAUHTl+GcgUPjUIAucNcYNzr+p8wi4zgmO/Bz9JA6meaf+Q8Lv3ZfWv6BaYooXXOWKbkCz3br0X1/E/QCHxxMP8Qpd27XZNcraDOxdTuxgWv+/UGgb/I+Mc11aNqeh0uaFY3Hu7/IimMH/f92179CaslEENUnBgb1mZVmvVKVD5CVNjJF72ZyUyQm3xlK5+B2F9K79zXwHvhLo/gvqavZWu0ZSjU2tcW1KRUyNfkUL3SLm+5UMxEvrhMX9h0qPRfM8tdaTJn2ZJn3xTKmZ82KoBOfYRDAWdIUMdWeaXMZ74tSv3lF+1T3jPUiLtbe5jw5oE4z51MMsZA8x8mJr1bCLmQsUlrfrPxasU0iIG1OYGZkqYb+EIQxlE8eX/1FiNmfu3l3jOpJ/XH9ufNFimwIVdrk/fOH5G49adEP0C2w2V55xy3oJySgDT72/Ng/l7Vlm0ayYS6k6Io1jh8l3D+q3Q4aDbTpGWcyxZNsJ9J4ZDsZ4cksdlbnCoYil+Un0j0cDtgNQZDD90yvl9EpVmY+6JkiZd3CLXUvxIhVuhuBXMNEeUUywEJXMvxqsF72bsey1NX2C9qFVY1g0I7abTJOYjCteB2BOsqSGiiQ5JPvAC/n5+WPN0rejp7Im/gbYA3QlNo0l2A3Kn8iLdfv9L0kL+kghoW8jA+SZWSDicGsOJrsqfjgyUppIWm6wlNkN/t1orPkzmA8U9YR9F13PwSHh/wbz6JKBSbMSYlWxcdg1jaRmyOUVKz4uuQbNnpKTStFV5ZbCkwc0u3GRyrv3XnAxDL6vMDSvRHAn7Dh8JiJlx1FGxsJov+KRhSoL2V1Uepw2RAMl7kGDUAIMkbEcPjULxASwBTownF1vbYQfXKpnRrrY3uJR/RJvvptXNF6NjMXt3n5HCR1EK3o8Vl7VT/r88lg0Wh7OWc04ixQYJg1/717gbl7Fv/OG2kh/LdMpSGcGfuInT/cJUfvWcSBXXSaY45S5XxmWD6N7QKmabGzo2/hFiXp9GW826lGE9umnlzA8wTcjVX3jbC+C//3zRvqhoOR56ToX7WE4HDE3w/xmyxHdftHYtiB89d6g5D7ZB/I4npNU2iijbyS7wcH8o1+nL1AhDt5m4PzgsaopSBu/ApdNPH1/85KQmYU7z5YkacnqUBiNqVOcXtoTh6gvBeUo0qZuwy6GeltTDPIGQGz/gsQaNcdeNDYPR3rUge4V7fXU8MO8W56qY+HCZ2AsBBCrCf46XwLzinm5t75k8DslTitwFgrJF3R33ySyWNxayPsB9/N52PWKqBcTTKTEXyKpgON36qUqcjbsgR9OE0YHdYXb8f1XcKyZVXOn2GAmskmV4zUQD1X5G1qxo+Q/rHpnx1ZPZPhR4TmU8BOrzfh/snuKur4OWsBs16JN32RyNSPdqXaawm+OBgM4X2oM9lodqK2+EOVhA/njiMBDO8GRngYEmCwDIDUG6FVn56VjHlYK9XghE4ulyE+nbLfoA7vVL/dPwk5nWLyY5aDCK/xUqlmIlVtjiaqBiJG7/vcpjBPcyESoihFRuDKslwDQ1VC6/Uw/m3Py50QG19i9AEw/ouR+wbqPmZpIiNH84xuEenNZRTb4RBPzsYTpKHy/Yd4Uod8VHUn6wpjp8c4YZQD+df8I3olaI5OxXdwieeN6YP+niMnLHmHKL+mWHWy1lwHcBNWyWHvmTGv+Hwib3MIypGlOcrqPXefF0mP8TYpiJ1+kL2VBvHlhvIXFL8Dm3A4d6qt9vWwC+hErii91UozAAoulQmf6XsyH8HkfDxTtUhV3tTLnMDJgf3maKHgu9osuomrIB3ARk8U4nCZVOfskVF/DgGEG8k2op5VtiYUQVIeu+9nIDUjfWVI+PTd5mQgJKH8I8t5EbdF/xXUCSJdHXvN+F7hbnlxP347Kq6g2phP0CTpy1dQtG36SKqDWut2vajrxyymTYOE0tjz7tRDK2++dBv2+sRufogILWqAbuhP1kLMdlhke5SEIOOXvkiTJHrAXMqRI0ZhERbmxkS9+qPaDRwSpELX6ZywU0GePTI8tu0h2gelpJU9RNNwDwpBWwhz5+LHjda8V6hBGyV1w1KB8c722nJg8IHXZ8btf1bAAy1mJh+qMuTMICeWB5jdhVekOV9fbm8Cqx2qMaSHTqbHOs9X29c7o3W/SWAlSwrD40R9kj6BvLY/6f755nfQSl4Fl8/e3XPBzbFsg67IB/Q/E1uX+nWZXgm2PTWOiyx8fCOnWUjMU2gtH7+N70B2PFjLrj9xSb/uJ8S6UTeTghoI/mcgErJ+//YJ/LbMH2gtFFpmKhTa+eBNc7efM51D2XadAvT6N+ZVo779sT8Of2jByP0XoPr2J+voXjKB7LlR8oIS+0wrcwEhr7+V9mLaKMP53K0UWyzIePbN4fZtx/i/gSvSZSHynkAMcmc9r4udCI2cdqVZD18enu2CFbhrUmxNNUfMTy2IQ5fp+4arhRbaTw1kqeZv/BOgMki2LQMHWpZwDLvttt70461Rn5azuqyZZxSYfz4G5uJXMZkm6r+tXY93lNtnLyrWUBzAlR2SwV6iuBJwTMgRsNK7o4ioHSeQDlgf0rzbw6d+IetfbDKbUxL6uLFHYhDshqifWJ08YmCc/+mcQJKLw8uKqbN7V7wvBDN6CsKmf6fGKgCnfacGG0f3VvX6hN8pw2+GHX3Ocj4ObwkEqETaoz5sFLe8ce0DumfjlC7p6KIqoqIbBtZ78H4q4YFXFcZkRU4dFxqPHJ/QAg2Iblripf8qkYrJcTozzXLQRIoMVUcv1pRhmKvFbbhEflgTPeX3qjJjp9zT+a4TZlR/4tUBcY3JA99GnCI2AlvlxfHougds7ygNIdmHNfvT2noahqSBj4ki4JxwArqmmQwLgQzanRa2blLXLqJ91bdBINLCiTbrdigALE6txtC6LdHs8loCp3vf6TQKV0Ta0EOy0K3DEqV530Y8mf8LCwI0lwrXMs25vcUDGu+VSKXr0iXK+TGhalihfZ7TmuAzalXuHReMHD1z6qWuHDizWq8pdfYFyHrV/5uRsds+jCTMpetiAyIJt4ez6A/0tWFADcBc0TfWGu++vHMzZY96jlKP73i4vx+iIjCEGPfVXIOxwJm5ZFW9mQ/qzbrxxLifVW8qreM4u1NvdaH1PqmgnhNZH22nGdE0r7SCQnJR9/ubBJxr5LRPDphmwqvQx7mmxJ/D4nad2D9lz6JP/t8y7xEmuwzMDMvTFNOeWimALRY60m52nwR0Z+YgUhGEhqsj6eE53uJzXngp5+xx6qJvRQ9BWsJ50LaHNgxghnWbEAQQ9iKUaNIr6PjAhi3ZwCyKeJJ4uR//SoY71HT2iIoN9/Th4l2cDnBTFeMVsPHPZYy5oRKY0CqcYqDbxxLUCPK+8iYkyD3xdEbJ8Z9xR1Z8GzN4Vf1OEqQ6Ja3TnxhqCFOz7+86jDHxoXyI4mHO/72z8q1RhTlx31uczMMKtGU83EO0NAlOT0AvL6yRM+gV0fVoKM4o1SqqEBcbUjCtbhmtCdL+srS+SQMcWkJe1LC3RqvGpvFlipjyUE6lUD1BKeZ72i/Q30Nlt3dT/uRQNcz8c56EvW4ipWSvGE6sn9fJDHWqvfwwQ7EE/AI+PzFej+vWzexBQ7I+SECUpHxFagepqfH2me3HZ6TK40671poj7SYYzXMdTOUw2MsvnwVnrNoA9JvXHdyKvMz8nJbgZImikZ4UzAxYi0usO9BXhyUzb5e9jsRKLQwLYMhV1eWIt9oAMF+o5Tpki8fW7V/thRyqYgv32yNUsLRp4RL6IVzYHXhkYUgcrGqoVyA3pYR6EmlFvH8H4hu70U4gcEtSGVVXUjHGaOyEi788dSlnMFX4cKRYzv63r41olCZ4goKKkcJCbO2bPqxe8NJsoSGV+l3isAh/5+iQbqJCAnh62hP5owIAc4jokdQWatmNx6Of+zdDIOu+Ewpdq6OIESbR59iuV2mFM0pHvfXzUyyqFTXqd/qlsoJj9HJHjfoWH4Gmx8LjbtwYG1ylH7qwmMU9fmfOeTweVNCjF/HCuWLkYCJb2+EOe00tCwiZfAl7W6bPB4F3h/ucn2ZqWleAUhn8962rkThMBEka0qq+yJjDAGA7cqXIyNGU8MqxmH9fLaGv0qcFEWUm17gZMuDp+pUqDa/826lMZaBotgWWw6+D0rCUmfXMYU6FH6BOIt6R4bHTf1tbm8s85SHxxdZhRgcMlza4Dbb8hm0rCH4aAJhmv0FKtWFgWXawDF/HxV7ihBJ36uiJrX5GVVvHIbKkg7g6PgheqfY2W9FQjV+mxNGyfRNfAcHdo35F4o25ZYZj/1aubr+MHCSXPSmXvGxHJhcCIZVWkeAI6udm4Vu7iBjwiniCHYQ9h18rIUAGXOL8l3LnDwE93zkFNNAEUxXIdPxoFjxqhbGmpwNj+iTGmvpVBLVWgTq5eQ3kE2ZkCxQH4RY26brzoQgdwVusAWW0HXC2WTxDgLRm2KFHwh6YKm5KK6+bd0GmrCJvJ4rHvAhEnbCh6hHpNA1a7iHkvEV2FVFSWkgwzHLnGkmNgyyOrmuEzwVHk+mvdTLf/ba+y4231oPgfJSXFk6AUNgiERW/QYEDj6OJCsu1ry1zrQUhTPr72QLGyUDzF3COmm0rUN29i/HE97JXp5ORv8K+LM1q9KttcPt3fVmboC4iIOvfEET6jIy0KcboM3lVNl18EfLNTpy1dwevXPsFNfPzgJZ/FLMsfciHwyuHShCfYaWhARBJd256QLrIupGuUPpA4/0Xbr/AaTS9uRnRJMSjnkQQqLLqmD0FiLvvn+UbCgA3bC5rWwn7fGDEn6d2AMbIFkbkYI6KtvjZEgAEt1xw91ZwtnxA+WSQK40UUy3nU8d+PSoPq3hRCoSBwU95Rej6CemSUtc3pitJjy9mKobEnQKKhTVoOo5FJWm3cTYRv3SEmjnBlhQ0yevKx9aLy2d5AvIPW9QQrCMGHqctAJ/+FJIsXvAn+U5ivyTYtGn61C+jJNYE+g7drv09TdvXMm7O7U6FukrcGyNn+kaCv5HWiIm4Jv/5gTGzU0TpxFEkmg0p+BsIpoap3xpRrenBA2nKhXU3dy+JSzPx039zPJnYbTeD9koi+Hkvr/iQm7IYwS2k8ZPHjiGXjE2UJfnd+PH4IZlbtLgERdVcy09oriCIivL3dJo/Ocd7HP5BYp+JwBec68DIf7cOnnvK0WuLtlfZEMkAYafx7HOmcy2QrbCRYkEbVcbfjr1f1diS8z5WDb95GxxZTEYnGodFkmhzc6oS+tjsGapCInY/VujevEVLDnrsGGNFm0BqQ0oTkRKbDishupJ9rz3K2X9GeIMlyWLKb+N7S3uQkRtdhDIbhcHqF+MhOB0OFw1dRZ37bFWVs0CXn+YbMCxjrIh8ak6nN3fc45ERHZZKcmssrwdsg7TzOaYqgs+/m0CjGCBduFE9vbibTzhPfSxnU65cnJjTsfWtkgFoNVhsC8zObl66PmtumKSdp9kCPUfzfzXmAORHdLelqqPctQv8V1grME2KcEoSR+hrM8/m+wBIp9PFsKfucXDi+jRdCLOMnhZ5zsOgOstI0rDXKeQp6ezEYiD4IBBFmxFWYI3gOJ2yqOpAwVdC4ndSz0sK2N/ly2r4oK1lLJ+dlJB6MmxG55vl3RdLKYUkeIBhb05R5SLZNO7Lz1NiA1Y9iV7T0HhyWXHZ16P5KERTEUnY96PHsayamGbF6SAKEwtc+cfpkzJdrSc1wEIb/H1VD5VH3setywimyYFkci1LMNqHU/zrB1cP4wHHrgqOc86zs2hPI8MipqORzNBLgdEUbd18knIjv6zIuoJuk8/BrYb4Vi6/OP2+slHhtNVzLNmMzhzIuPRHZX99BzMN8WTLyAO5kBvbEoEmRhe+Sot80E7BnP1bRQCsFbunvn13IL7r/CV5q4k/XyWq/YIUiNyM9IWR8QbmZdm9yjOZuEAeKz/sdIJj0e5wI6QFZggJYyb+R/HBc0KUfgyeqmjhQKV/HzGVezlzsp06z46enYdtcKvnxkzs3HjbOtpEtuIv1rvdO7HTtD+mZM1zPemMTR3qDGFHyNPcYT2rOZ2PVApZ3yEYNsTpE16BSdkFaOMxWb54yM+bw2ybsXHVd4b4LaDtC6f9eqZ6xg5xFyw0ye0GSL9qp6iGe68/9Q8eRsFRlOMn7fGqlYnSvJlU5BWPcSugHx00qYttb3CJi2b6yGUN/JbRBS4BFenA34saKxTOedZB4YQgnq67WwvY31SiYdnPss0rZWfuP5kvq1COmqO9mWw52T7YsGztYcy7P0aCgPuubXmVcpR+nw1togEXFQDjZS77ub4Kcy44ZRCm0juv6E5pjK+01uL4vZfsyWxpGckxiaKq6IB5T5gsf1s3z5QIowAO8ck5Tkshi0Z+M5ouIw7i7HbGP7nTcsdMBWiEkX3noKdYH3DtVp5tVpWmmeFv/w7VNoZnCk/tdfz9wuVuIPDTUoP7tdCyfr1YxxHU5l/Qg7HIlsoBEZ3xDcFoVVJnP2XJJOGLPL0eRWFZ1WBoq7P6MbROJp+sLggdVBPpI7nKiqSpnEwxke1sDxSLLbUknrhSfUrOFaUYTsqjT1gvXJxZ1xXCcfOHQ7yUyY2v9D8uImR8FrsTWQq3QIhBBO0XtmQ3C7EL4CoB2HjUOR/wwJltAeT6OkLpaozvR419ifrjYcfpCp6Q5lXOtoefxlUfmFm3gB+0ogHmOjcPS9ZaiGRW8PzHAEA5hGNSTqWy2k+5o0j4fhGmO6H6vMHLwAzNedF4QMfnaH4A0QzuBoZIRozbgWbdfudykDuImfpb9sUyS90Yryhr+r8MlSJxTpftu2R6GuWV3wWm5/YsRpRPDRA10ZVPhGB1lzc1FQeW5qDqJ3z+aOtTEOvVltMlxbjrcAGdxvq+2rJCoz8KVTCaiumZOfysPw2MKMGKK1xIb6DKedTVbASyxgNpmpCqlbCLHZ/kigbuBKn8u0NuubNiQ2JXzMkZbm71K6Rp6rwmR7gTJc7cvc0ySSG5OQk6tPaCG/ByQC0wDlorT2LDniiYFjHBaXRPwEEsOTBBWEClOHrh2jqrn/JzoSV7x6WORd3dR+D1yMBN98rQVcxrNhx9ky/Qx4L7kIc8TVK3oWOAeaS1ziCCEpYwRVTPt9hZdz0L1mUam8dEiFn1OGBc5OMogY2+k5m/PgX7Bb47O4TPl+BhZLu9ItXeLf7T7RTYTOP4dp/zAHWTKFbl2sWthEOnnj0JjCfQQWymcXRv2m8/qVlLHqZ0JgMNxPwvEop310LLhN53W7dZNPRU5zoJCz/bjdIiKg/LdBMfzx+EzochYwwOi02XRX2yyQ80iQ3o8E/9gK4TjK1mcIZlu+MH34Q/srEneqZCl1xzCZqObH5HzKWUIlyDssoKS3q5Pu4podayn8G0/nxswuuvP1RDvgg9+z6A+dFnjN1OTzkWbnZUK6gmuzCy8VmjONgIk3/ylcSfSMhh9wJ3TUHXXkbJWOYzters57RS5hfu7sTJOawNUkoq/g33Ly+oASj0aOduKcloME+9WMjwdTz+3XMGBFE81W+rIgud0CxJxrYMZ3P6aOz0KqBaUnCir5Le2GiquinUHhFaKZ7jNnTk1LoK6dOeON7+PE1I/n735biY6iBxq3LpWSsb2lFFCCP5ss1NM2kgsCvZ26Bcc9cimBVUkGgCZCizTyI3dK/vVnl0o8DcEvKOKBEswtaznoxf4E1Gi1/s+ZnAwfEWH5K0rmqE0q3ZqFByBlNJPT4ARjXWho5G5mnaVJqUVghBRyo0XIqrQ0iNEUhKuYUPkwbowM4mDrIcmeo29X5NArxx9TvWUvO3l5FOXVi/TjQqvdN4IzMokqdFM4bQxLPfVwvST3BWB+poOka+8PEc8XLJ5kZHo7WRcDXqQJ+DZICyLTOHOmrGc9KHBJ68xsu2e6uJwvZXZ6+EZ8xmIh5Y3u5tcGQ3OJrQAoyby3zhnMzist/SrHuRBOIsXtNZklY4T/ZaHbeP/xU3r6So5Wf8kLoIo/LfVc4SQ2I80cLTYLwWhTkrCGFXRpfpV4L1mQewh6Q0OUc8Z1Pv1cMp1ra3VNihNkn/F59zvg4HkqnH14fVlzv6dbLabpl9YE3G/m3ydWBZ2WrESH+RfIwe+hghhYSbkaV6c9zfUf33t/itzJ9ObytOB6hIhd1N0TugGHxNn6p84wWDh6mk6oVv5BPGqAzP05MyXMKRgnncoR2IURYGUJFuaHYlRK79fEl9TiB7zcXP9rrVRkikdRysukNSHRQhB73KLK/IfEvnyo7opLdyPb6UpsXpMNFVMTOfTGPsvTzg+Sj1TSw4HIUCirZMeuhn6nB0SqGrgOqUZTmIJqnO4n5/2928NZlVu4ZdBanqtX8H+r6HkP7BZrGArNrrOS1Uu8+z/peUndYqowgTqYDvKXgTuz+dwIZLWAmrXYdE3Cj1jZOK2llCek9kNt4wcYab50NPpYeJZjyQDYFPjV2ChxcLPKitXnVBrilNjP5yYOpkpi6Ok/B8pCppz9oyyZP/xJiQg2wkSRo1c1xU4BdCQgstwz4xxsxNBODG0qBRnqKYGWjt00L+UsrELrP4B6y++PYjhYihUdEqH+B/GqPWq5uCnKO5XmaRhlUPOOMcK2FRSwSR1m3cK3ojMDbm62j9vufS0T+fzXXO3qT/qtWS7RnjAuDDieqQXQG6RpI1mRi4ZUY1fdpDQE0nmIX9qdJBQ/KFo7aUlES6iW1nkSj6z3ipho57Y8HZMMJnXGzyONHXoiHNV3KIRanmElUe6/CIEdpCdcaBncbioDaF7eDZbtTfUppRPWdtzMx8MhT2xiYqZMOVPdyozqVAi32hqqIvhUo9Y0bvgnosUcntQcc0FozGabWtCpRYxfHCuDUg1TiU0y4+EtSmTTJK1KCIyM8qA+siq/MqUpE3tL1kAIhTGoXYTmpFeTpGH+UzGAY//kWF1wfCz1x71KQVhDikAsXnmFvJDyjMquU1XBm+VrL8DCTGBhpf3S0drw0utnPW2NaV5o7JbwF2IVajmyKrjM8pjJm7omp6AELYJtO18y0cVSzXwygjR9VgBNtjzu0aeMzdj46CtvRJih1oVTZdZ6fpE2ZKsHl8VuPhWb93Spl+Umxy4W7joypNlKg0ZA7U6P6SRLbbr/UzmPDL0OzbKmM19YwejewZnr5Ck8AbF1TOmaNHt6lwseB2AJuhSvcRHGPzr06xFyR0sip0pdfW5/e/OIIiNADXb61Wnkvmkb42XmfJoP6d0BOL2YZamCSsJQDrS30g8oNSB/BFNYDvNbDDa7iuD3kTnspbdsNbYqijeTlIyCfgw1h9pCURlU4y8S2y1r0WJwvtFXRzbgTMmAwtkvxUha/JAK+shQbvLll9Q/cIgtAM0eKyJQU2SZI7RPsX4W3e0Lep+2fCEFGBT+teF/ueh2wnUAywVXF7M2lVQKoRl8lUj9a39jfWnI+JrufC+qjKvwej2m4IruPa9n5ytou4cgWY63I7FUUysJMY5tf2ClbOj5SDK9Obq/F2YK58pFq1RZRZHoV8YP/VmtPSdBnkxJpNkbFjCobl9UmIN1dTlRNizt/qE1xygRhVsYCt41CDJVBgoV09Mkr59oJjEHKnCyV+o2LqJ+cKU+i8qZJAItldFSkYDD1YdfhZcxFPa3k60DG4aWPqgKAKt/mndN1UZJUwYQNNlzRgPXCZbtKdcne3mBqjjazPoWi9bCC7f7QOmUZChSfPxk8DVZwmg/ZLU+kbbf1TqwK5Vt4Ws3xJWOSztk67JZoWIpRd0hHaOo2bjMRhd+wrvJ8md59Q1FyaSWI50G7rej8xoXPpjUm0rpHbNgTSj5HJcHNaf8nuTAc4mTh6eIhWmQ+s3YhkFRi05GUsNRXI2nIQMQAGZhKd1uPjKZb7T4sAvZ3fa2aMd1fulERhGxQzRj6+JXEeMUrMBRovL9QUBwNVnbmAgz0Pi+MaxyvRFeI812omm3yCnoFZoX1jzE+KOCYo/l0PMYlrkIzxrRKde6FRVbsFsUk4lkxGttUihaGiHaaKzD+iqXX6iN3Hwb+sjekdwZeQLD62EkBcojk7NsAvGJD8nvfsjSQnbgvQ66+8oYO59c8x2084R5ZrpCbN+wpw7x+24fTIRmEUYtKeYvTPg0Et4j2suzhYnYnOEjmgyyk0QCed99TLDsBgup4rvY4PmWhcZtzdprQkHDvZMH26IQ2kQP1ig3FrZO6KMs/kW4opMm7iTkW+z0N8uM/3IFAagX10tYi5B5SK5ZjFmeLeG0rNV6MNFtL2xVsICRt7IP5NJU/+wI2L+gzc/6cld4fxc0g03Jp4eT16k3hqVnTPZGjwmE6IOKvWQsQu0kFeOVsRCFLxUCijlN8TiE7bYTSkxs0YQ0wB4eFmNeEipJsdRx9HtSMsMzg2VzT/2FhNyJVU88EpHHc/YGqIXaOi/XLgaTRMvHmL5X8l+AD10w+ZTiMBT7eAH1V7LN6s/vHVeytA33g+F4f0Hih8eC6dXxl2mvDW4axqJA7Gy/OvXdinjk+It8vNLXfeVnEyVEXfg+b7it0Gt9f9LcewYfa9spEzg2DfZ1OUsIQlka5OAu7Ga3Eq7miRJEW8EB7gjPLBnKWostE3Su8Nq6Wal15+UYuK4tgcvTEEkWZy6eKLL9hX3/doLZwBo0GeXyDy+vRrAFzMH016ONAW4BJxI4+I8ubiCbrzRCLA67oI+3YtQFBd/e600ibW8nVH1l7lkYWImFg6+4y1jcsmw+ios9rQ1+jERMa6t+7dzaUmjJ4tRRLi+U9JyFVxLYn65c1WVEzhumyVXLeydm/w1ww/2NVf4DgNm7el7f3WpC5518trqKUDKOrmMFXnXSzqqS0FUI7ev/9Myn1opfTRm1ct35NhlQjuWJPyumydd4wNaMVgZf53C5rxx9kt2sEKeZJMkBWQrnzxVir2cAHtRiJX7qF+ijJzNpCLsQD6rWyPIALSiKhoeuNRZQ2xNTfC+xGmFVIEDWs5Q4S6evMfkj+KJUWXz0PwtUuDqw2trG4l69PN0ua2vmb7qPOi7KidaJzbWk3f8ydejohibtCr7LqZ4RQVQCaOZgsOwyehhV6X7cS/UjsT7G4utFEyQAQrAKLu4llIkr9khMzmihZqamJgAiMaDzFH5QtMakOLKB/tFETT5tSmOX2ZOwGTXdZS+OfgLEqukjVbj7p+2mfxmdtiMEUaxUK5lU5BkP73CFmnJuZvHdXmUfAhNDxSBPpxmUkFNTgNMxIlwdkAEqT3L24gR93zKXrEo4Dspji++gKcTzgeL6L+qNRq7QLp0tiKTacG2CiNBVIR6OfojC44Jz8/BlVTWqq9JoUXnrZKLS1hKZhwmR+aAHlIv18xTAw6h5ju6fSlJShKV9jJeF6SE4mbHPTXmVSVJP3J4z+uVIodH3zitiXa9eWgQf2XsWUMdUdtycPrmVhptY2DO+COABfniY5oNvIeUEMh76sEwpxdzFkVpOE2wIW8mRonnsWOxMCb5y2TGAjhech8Bdo4n/Q/QYrXT2TWePPTbgYr+v8kaZsWLas8mbCi9sFtrQ/k8jSxpg7sTxGxKAO9eNxp8Y2+uvnOC4hQYoCNGBhMVO17xy+zAFKOCFO7PM5yeSyPsCz5cN4wAkfbxbEA+ctUM1v0MTwOiz467gZbc4y04DitmlJB8VdRQkytupkXQ3I7PxEusL+GJ/6qwwiS/KH6vE+NvailFMXqkKCG+hmARb+bb3Ul908mMNXXlXywoDmroVmH/KOwiAtjq8uLw1r6lGSTtMdHtFtcEfxrStY3UdsL9CbP2bHm+kdSqJ7UPSazhWqVLmrJfMRw7AvtoKvscDz/Y+3zJTerRcRpCb0L7jXeK3jvlwU6Kvv3TmDJ7rYdBMMxmfuAY1Fg8uFoSniY+A/XTenmmk9d3Q3WmBUjZvc0VT2NYk8w/89x2JKQvqBpqJa4dk8A5R40675Chb2K5hDUh51D1Y/Vx/OBvxX1iQjDTuKV30IMgOFEPTRyiQdoTfgEBKdPIU5KBCeS4+bCGZYUsuhc9dt00gYdh8DU68ovr3XR61/0jU7CEj0JA1koNaC9ZIJ1aER41LZTtePMJ9/MBWhdcVZvAVWd0n2MnMSJNmPLjN4A3JXJGCpoZFXkrQakeOkAt81AGL/pMsfguJ2qpOFezebA545e+gF0Od60ByK07vIj5HAmgwNC/Ji+kf2RSWc7GM8PFnObxpaZ8JHP1hxOL3LTsJP6vZ5L3GrwSy/+L57BicJQ+nzxaQ+Xu66Nup+1lIMZo+Qt33QQeYAMo02enpTqx4mRZZmQ1Ab2vBpx3wq4Ht+QiCKlT/wa1/4k/MN4ZmgiT9KJy0R/efbI6DZCgomYmzFwL9UkmqS5gfCFIi+T9/EaGSakaaSUat2Ig76yozVhAx53OTQbgNbPvdg1qOh9dNW9a3L8HKn7HV84w0jl5b1LHASzDjaDnv35yLRcbYo+IRMoslvLRxMh+RXdQ028eNwCCIBoHSdtfEFhFJE6XufsP0TRLQePQuHv4Exkgf19zcQWjM2IikF18+x9oTty+VpdZIR7WiB4VBhqX2xqdEpEdb92CIZdmpPvjtgk9WXpdFIyNVtAMTOyVqJfK40kjxgBsfBAC3rtFcoXuq/3eUwkq1ktFTD493p9OiSD6Vs05yn20dsjPZJX74YCjG2cm+/26vCFOnKdJbHcIdtTJFzjurdc1g+A7nowTpanoEtRYnsS9mez0dH/n++JlOJovZIHccjxHyEu5XTxeuuLTbr2g4/w/8UNNFoM2RbV9pQuQzMluDJBN7MMtN/eZ9ezyw7bDo7UmLFr6RWLSTM0Bbc7k+iBMLToNjvgpZxcnUpIV5g+Ek9NqOfBw5xTrYC///uF1hfrwfckIj7/BT1ZZcp5ii1ZQwQqZSOJokjrxSMvAQZQD6r3rnCLQaoKvip2c12p/wKTqlwmFUOlxp8M8sT2erWALkmH6ZFEwq8JSW4ErOwGrjCr8r9uygv26+LlMVFjDzvW3Osh1WzxPS8CXRUEif32pXMiRdFgmDGCiPmLRR2uQ60ZFXiraPAn8yyaCUSlFjacrBKmsNL+0vRE6DBykzhnMIyHKXOBWTpF7nTyRlkiHTPyFUDnUA1wVGC58GStfrJ6xrlyj55sassq0qdwem1/QjboP5dGnXJrk/sXB5QZ/L4bu2it1dJLto+kDVeaWQac4qs+MChloZW2KmKvx3pTUBx2fZZQ/XEGhbyGMg6v0ptNmcnxjHvGEn/uNj3j7FZkQBN2rgdiwMQjwG3NToWl1TrIdQe/192SJg8/1d8HvLWBCsZE+71iWPLTXWeDzfwunAEGU03ACNsDS0L1cRh8gPBD6rMiXyYI62Mw79PxlpodufQ/ak6QPrA8drPzDu3Eo9EjyFXTGMGFJZCyt3C1NdRhMKhQ0WMRClvd3zAqcS3bejdbl+BG1XjBe855W1ccUjPvFNrOgRqLTQk+rAtv1qHVNvlz+n0jrUC7k/APjFPuSk2R+qLxUl5tCkCtX9zHvJxlt8p1my6KR1fZC83og1KUdOx2fP9nCxso0B16P6iA7Hdqscoejkm3sckjzGvJLV8R5wTEWLhIa9jj0A1o2Q4SRDMix02uyiRk+WhtteFBQeNRTwkEv5US
[2015-11-13 20:09:00] Phpr_DatabaseException: MySQL error executing query: Column 'name' in where clause is ambiguous. In /Applications/MAMP/htdocs/fars/phproad/modules/db/classes/db_mysqlidriver.php, line 101 Encoded details: KAaSUE9KgvWgdtHx/7XnEbMwL5zkSa30hy/A1vUmQAlrc9Pozij2hcxUAmnLc6eq8YLhygTNrIuu4G+0fGCKdWEAvQ2+0ra90ImRMS0w+lb888Orma1O8IeA+W5cI9ghLU4wOhG205m8Ps+2mPspeyIFlFpOdG9/3mm59qP08Msd4wXRUG9hhEgZUeVcl1kmZGW6GyVgK+FmOecrh+k0ES/+M0fh/mvM/msVP/Vd/86xZyyR5w+XgfaU1CCN61FHADYgEx78/8iWp/pngE1xE1h89keIPP0wIINVbFqu56CuaTf4PwYkkWvMxQh6m97ZvhghBGBvoUZKCyRxxo1wZh4+A9Xmhauya3qLwvZ3RshUhw3cw6oO5PBf2Nn/qrWmncc60ULTfNG7wnx86jvLk4hHpnpLahcUpdJUpDhylL2fF4nNJ8LRrcK4zgsQxBSeNZMoaf/q5+P7aE0Z4nl1IJzWlt7QrE4nbRBpdSFNYdMy6Fc7/Ir3ePNFmsiZBksXKtrAryRFBie8IGEHKrmiantFHn/TYYNfGTegYSo2q6LiQIxUSo8ruwSeUtfB7KVhZ6vTkvyq3u+RUzViuhzDc8FNCm2tz2RfWbEelTLkYIvIeljGIY2bPvpZUWLmFLfdaV4M/aSwBcV5PhnOm1JHTTkBpOaW4m9MRIwVcbOfvGeHmzHxqmE7uCxu2Rt++DBsltvkhKLxEi1hhkf55Je+wGZCAi9lBPDlIz4sUutABmOtPBGg55DrpHc8s5rgPGWnMz0L6ks/Ie4HpSTyirU7J6A22659v+5mZI/qk+4o0UbepatIP/QB9jo784YurlptPcfYfWADb38QRI5kZXZuqKfhJceyM/V6NT/osWFqC8r9dQk3bGyLdXwG3WyQ7mHM9D10sZ/lx6h5ZOM0K9J4Z1uJXJ0UVYp1bXykVpLNZSy1H2ffRMYFxf0mLQJ9tS9vDY09Ib/bJOjUrbZRMJaI1Q3sgCzhzVmuf6XR+auF99okM8KynfSNcSOvs7OnpAjOqIGLT7I30IXcGhoMSicsETYXlGuJ17msyj6vSSpPmdHudq6uuFQnHPDR8Y81NleRDfdUErbgmcDal4w1xfaucgmVR21oo/v3GzyeBBDQ2bXft2WOARR+H8mxt1yz58vdLGtpVKn6Mho/5KRVhoDxbfVEJVsTx2O24fasEDEjFNEJYdd91sH+QRu+quPrKy4E9y4ejKPNoKFYOIqLTjo94Fp9EMPMRWSf0RA514a8Wg9HBaslFJ53VF5gg5zp+amc7PkcbqOYFnH51am5RZOEXh2f7gNxKJS1rc4LzA13Ude3IwEIBcgfG3/Gi+Te9vZ/OLVkrkocfKqaE2rqGDORb/G/NOl0orN1eqloDF28o/nkpCqstoR6LV/2y4xtlMVyTl4aImYbH9XFf929ME1XVXNW8OlPZ8a2qE0ZXV53iidIvsnzHRvx/ns9vKBywF8d7lS+cOEjXQ+qnVeu9j8/ct7mhx5gdsxfOpDZXeoqU+Fsrk83b7zHkw6Eb37mF2lyYAsMmhOqd8rD/05O0F4vGTkJTTgIW81zv3yesmNtYGRm9BOzl+/KoWHHy4/cSbvUjmzbrsXA56KM7LEU2SuYRhFtDhZOy8Lo5Ycnzz9gRRDLScW5uCFQSpPkA+N1/IHNTStAF3pUP/lJO5oOyXD1gKR3vsyjlf0A+GqN8+VxvYRr9p0W6vZdJbTJgFbCrot5UDIWfUOgftYl0stc/ExumJ+CreWlQ5/U5a7AGsyD5VVKEmXGLHLZ5Iq1xzAyK5tQKYbAtEEbLy/7b+0d5M821pKoQx4zDfeuC0mOO+3354KY9DlRwKpSddYC7DrDGdWpJZFUXw3J6033EcvaOJsASyvMz318Xz3r7HrOOPMW9Dy7muXYSiQNbrWqdpe9mXgLT4uvM9PRDPbJFiJ2lIc3tYwwyy7FHDOUFMMseh7Uiq2ZjFdxp2Q09GMYYs0sIZlJnZseHcSdDnz+V07jKLC/dlTIL3Le/dTrNi13ptDTm5SfaEVj2H732RBmc+XiJopLCZ9zF9nWWh1Oy4Ri2WXEWPxzAenO2kdVOg0Y1P3A7c414Z5ZcHy3EULohsWBFHsJZ86k2fp6dkvKerF5gAnFhreyworVppV+jyyZiptuan6T6VzuUtbIkiiqmnI3TA6T22yLD7jD/taZfdfkbrrd5Z1jke6/Nm5KaX/TH/op9FzZsSEXexcmBGIcQUX1Yrj7bb8BsrawBLbfCmIdYMHD2R4RlFTVFI6UbxD86DPhoOOeIv8xyATpAYlJ5AkZXImBSkTM7biau65NRj6U3r+xAfMRtlQ5p8hbBhmXgtGb+RK9YXszrrtSZQLSfGTcAYUcVf3d8JhXFnqgBnIKQQMH9kbwp5SDruO79Pb2zJ1wj8fa8Zq/lg9RIynS2hv9+cpywt3tqIMAFP4nXtkha2iPkhPsDTUAp7OF9brHczDmYRp9GO2CSK97wO8aEzhzJrDGRaUR9XnGWEE8quaPDJCVVVYw/RrVswscLhl8EzdSxtm0JdPtw40l0iKU9il2GC7EydwsBdxLSJvoGucaJYEKAgTxpxSCZs6J0CVvAWg/YarzLp0OU7GD8yO+AQpzn2cpRJ0lDdreg9dRsYDi51bMMwxRL8RrCcJUS8FaHANSsoSUIsFf9zj90a7abQNCdV5LNIFiKbdhAMmNR33opxv7ack9+QW0UokAh0FJOi+H2G/Zcn8tUgAICzUnRsOn6lYKaNBQIkQJzagS2b3z0TNVglm9Kw6wyVBdWDK5s3dUSo3m45UWyECQTwXbB7ZlLXnnxqheGughlL6lPsXtduHxE56dgdKioH4+ER3yn/qUwwGpXtvoYXdlHrwDV9yrbwxzW0Pg88kY1yY44IpgO6sP8jcF7OG9QZynEyhG11lixn9TaEsAyX65ml0ThWpRd1QSQxe3v86V/e1BzMtaGNhBztbRBKQZEGCbgWuEFCvCdXKpXsgPGWbp7j6QCe6rekdRs4vsflf1tGf1Dkm7BhzwKkqtB6qwwaPngAQbEL3EPJNYy9rEaAsw3nWw0C003XmG11FkjhNxYLt44oZcnHSsmvlk9isZe/cjGsvFa1P+LlHlCGRUJF5iekj7Q2vv9G+9Q6fxN3qib3K3wEH7ceEeJhMuRseFfHnfn31G5AxihA0Fp7xmi+Ok4CDxpb+87RYL/exdIXXxuMPa0WlDotcrIn+bqnLB6OP4t1E1QxNrNeheeX7XQi2V3ky8ba3wUib+jREMpCp7P2jj7jaD4sRmjJ+ufgxdj4eQqFjkUCw6uJF5+3HhlpdzNkkAsmLBQR3lr2V3egYd+bLFZYngWEy+jH0HCrgibU8bCa8+3ZbK+4QEwbr8Ll8PYVFI6OoWVeGuD1+zEBM1yt70gHpIqeF2QmtgTXrqXEmnyDGA9mFPPWWqc2nCx/VVxdpaB7Sng9cws967i036EbN1FTNhXzhaEHYU+7dXqUrF6qogu8YZOcpe73z6YCmEdZbnnGu1q937X8axss7nMISZK3+5fl/5LfcIVzrtMCZKgCQcGl2JnJm+spmENX5JmY2hnmCihTpBsLLmeCX/c665/979QIwdO4uZ7R3ahapJJ1CY4UXZ8B3odbW6JflLSY5Oo9qYB3H8iMjbQRO97Ec/9XPBiLop5t2nuPLT1v8DoAPQ7ghqHn4br4MjDjNU6whR+89ZklGBXYvt7TlJGo1hb2d1ejZZ77AnQ4GtTbLIGwm0BURFej3PzUowdfYA/ivERL4U1d+PXZYYLuwLZxEi7Zo+Pb7f3Xmo2rj9a2Kq+GOHsUufwR0LSj81DbIcpLMPskFj2PZSCoyHxgT7jOpMklHL3/b8Aw81+CrFUco9lajQa+rkmqb2GdPbA1Gj4JTtdZGd5TahuWhWbse/KeZ5uq74sNfn9a0jb314U1QH8NrCzEQmBxhATfaYCIn2z1tqBQwjbxDZxdOLFL+Ato4fKszGMSBxJ1KoekeRb4stpICs/qYASpL0pET/0m7Snqlf/dE9TXENiSjSC0TRRhVlLcY1PbFhC0QInHGLmxS6QZI7cdvq0jvbVSmktlObiU6urPDo4BoMZiQhbQtcLsdB1AelGvoNq9eIAPtZbQu3yCWkiMvjgmtVTFfAEbvkX5dljELgxxJojGXsQH314GMp+AAGvuzNa4ddUklFNu2z6wApVoQyx5RcGFOu4FII4ej4U/YaOitBdt3bt53kCU7cN2chcmaKYwPBdltEdA+RoQGbzIkclVKP3nKhZBZK4sk1mQ5esl/cQCWwzrtQgQhp7l85dGS0lV49kOYDzQJevOmJ/GbRJUZo94rjKfXmUBxf068c6Dr/+BXQFKmMoVXoAlbzTHjNJ94phXrHaf4c45Xq3/dwzNGm5eTN8mzsyYspJ1Qz42qRzCySjU74PD1G+dWyydV731tGcFgo14I2ruTFd5ofKAvKedNzAsoiK8f/YEiMtlWNCdng9KfZiU2Q8QnL3Ysc3bIcZlQCCJTvP1BjZJ9zZA1v+nYvjG/itFuzL0ovlJyzVbeuafOCCpMn+eu+//qfmsQKg/lG7Ajq0vdgIN3jQV4x2oBm0lg0jH39M18Gr0bH9G8Uz/25x5982TnIogNOChXsPleAL9q97tbJWdkMbLscLW9PG53iRefRSYbVqjl5Keu0DvWCLBFXvuDXxEIPhqAyvrptF1f9B0pVBZIWekMAkyqpiIv7hqXaOuIOcbT6LyHLTnXTQnQ6M2//ytuaGfVYI48AmaYekHAjUkHyTMqmAg35nvtgdl7SKDMQUEd+9Lxith2KxAw02qBrTvn75zoj0V/ljICAxIyY7O3LAs9bTvDNk4bGPY9hLo5CyxdB2hGywQW+e4Wa9DJ8L4sgCV0tpACYIz11nyHY2CDN38+SJi2VqRnhY526bKudUD9OLLQ0e6DM0HADOOUwk1/RwhYAeW4AOYgrb0LcrvlgU52lhNVubPvnLLQdTyAyOELDrN2dhG//XKncK31dtEc2qcA3OD+ikGyeaGqeCWPFFbgehnxyr/bLGS2/WnbwrOiVRmHr6gyqEYlBj4TwtrLp4DnE4BkHByljV0MLMNp6K/uYMeyarCBhCzxzBcnbgJiyxLn+UDThC+Q9SOmWWTz9Ho7VBlYrp+hPVXdLjyE2ODhXlDvwzJqk0DhkkuwigkNPbMhdjJ35ek4kaQcLuyYLyc4Vi2hyarxcLGtGFzUbB0Mc774TLLsDhSe9D5QgxypZ7HCsUZFgLZSXP8AG1nuM9Gkr7xxSthXOTPlwjZC/hYFN8g6zAfBIT5x8kbR7WHR89bFXWuwCtBnf769TyLBntRtBjhF+YPYklESxi0rvlKAIyVpd/4d6Zr2J1N3lMQvtoKaBcsWg/SoACdtA8GB07946JS/zMujr8DJ3eAazgTrcSAbeGNYbvXex2UDV2cez1nENttj8I20cbdW9n/hCP//PSp1dD8Qlkwi2bbo8XnZr5t/dBIgRQI1xeyV7RQToP/JapmdTLpuUPbTlkVfA3G+jIBEUoc3N0txfypmaSXSbQaR53o2C4TvQTv6KUaKUn5QESTM50D3dXRzC2CYH6NbgTUHFypeDOmpplqpHAKVy0w7aXzMyAzHE/Gyinn9aIKXmYf2+1GfQ5FB4nnNZg0p5ZgYuTlynX83giwiKvL0t6n/awfEE6rqMluHEAWUqvS/desfIy+0Aek3zJVREPw+lvWZFIl5/mhuSoDceus3owZAAdu2fa8IQWzYciAfQm0LeMH0/6SX/UAHzEDPXizVtCDylgmjCbA/3Qv6VhCc9kg6dCOCI8FYXPVNYljM0M4DmkvcId+6KO+pAut6g5QZ+uI+IJLxslV0JOhtC6YL072eqMLGJ4lkByKv0FJmGeGHdqSNGgYJj8Ial6bDyWPR4c2y6RSCGtxkMrY/6tV+PinVFUPNXopOQXWNJwXZcLl8kM97TljVRZVud1Hu5/RUzrXwtLcrUAftGUP4FML1oXnVCv1CI0PjqUwc8cAk2wxszGn8QjVzqasgyi7Z1dq2rrajfXPykaMkrQRJzYdzN6ZZT9yuNVpCOexkgU7pOshD/mZg1NUjz1iT1bqyT+/geVYdTzHlHNBXxyqv5Y3fVwHFpsjMP/t9fYGb7mxdP9u8j6xhzzy1LGmHsn0NqroJZmdWk7ugohvGD+M7JiPT6VzJ4EJzS9tnFVZanmmkGrIu4UToh6+B7YLy7+X0L7hO3KW/bPzmTqQoWbfhvzIU75rdwqRMgnimxgQLmmzUrGjB1EZcahS4IBHjBsNcSc4GqVWDwX46D/nAxmJ2aPRelHvgYUOQyU9XE6G2CdP2SAmLaYlmf/1Qv9lXm4H/Iy0PhN7aEXLiBsvJxETsYA9dGIS2j0jmwVoWr/BC6cNGkVEItgaM4KSxaX3UT5EENFdlzB4zBXgUswgvASme7DxYQUJnZzIRgQNxjoyg+fgAHl3VHUqO7RP2TivTOgKYdJAQL3qAzLnkFg72uIdCRBKP5RQSCm5PRSnsKFWEXK5tPs91ASO8BvCRyj61/ervOezWkS7tNE22dUfMlse5nMra1BxgcXxlPs5nSxGF7VB11hykGmguZr6ObdveYFb77Tko0Yje8m/jz6emyNwRYYY5P4PxOpHloyMMUtP6cvBST41eECAtfYzAIUnA7LAHtXYkgHKWUL2CWNp+QHkvsbOezJctLnXdDiczMPD1msg0qb+SYXClSrHr9ZujngbneTBJVVKF9sCmF9h3tCrOQuVl9zjAKf2j487eyB/3lV698VHu7/WvpVXZRlys7HeJS27PZEU/kRKZF8gIJXhXrKlZ1CA9/xI8lcdUp6TMi5mhPO0LDsotNEU1fCZCnmE6IcXLku9hRrQfs9EsttjZz2G6P6SiZizhAqiC9MCQkKzicMI5WBhRZP4UnuT3/yXH4ua9In2ylAVQS85uyLXV85cgF8p+nibldduZVaLtKa0FfsosN8fIpmG1SL9G3E9lfGLao4Ma+IPNqGjQlo47yR2Q5f/Vi2D18O8wj5MUC0Z/DHzGZHl/dInkmn3YGhFPcKUsOt59mEyHOLKtQGiHvymEGB+kd62yimb7pyGnmxF/f8eL4b+TCuiL/7hENElTO8BTSYJAr0QwA8ZkBBuM7iCPHXZscDv0MdAudJBQeCObMmR+AsPm7UMNu2FkpTZQezzrQe8gVI6dJhtqgPe3JKeeCMkzRXMeFWhM6C7BFmkjg24zr0AZ3ousgNNqUCjd/htG/IX+4kQMid4lfwWi1lWcddDxyvmQOtzl3JPiDSGhvYhwlK/c+5bZEsp6TZJMzDBMZZVmzGoE2HKnoeInCmXDlg/uuQoDUYkYbHQgOeZX5k257Hh3uUwDknDxE4fNCZi80FvnpVUIu5I0HuFcOqNWPpmJIFuKTcVbMxz3tBtmAd/HJY8G/eBLzCUwVqaSywvBQJBXseRtFO0c9d/WROm4+qSCt//nleM33Woikd/M1zcPhj+IfUS0cix/sKE6RZhu5P4pF7Crv8/OnuMXoUO0ETXfTtXGprQPeRrASAvUQudXjcYNyiKR5gbsEe9rZhTZIh8HmAVBWps59OW8fbSbcnmoqduHw2+eqQAPx6gExvOV7+O6moxKwTiDBdPT5u4F+z6AW2NPE59itvONwgUjlphz6x6VTTMdaqh1vUoIsPNGyX2sNVKYx78oft34W0SOvMS9FApWQpOJFwZ81a7ZHuVm3tOBu24w5lCI7Pd3B5v7pGJEWRQ9YLf9RYq0GY3bEGdqxIKwE0UQhQoMMsmLRZXVeO0x981vGs5Zx5/BxlOwWpR0wFVAv9nB/tTRpkhrSwI1r9gJBltBICIudRZXqyB+khJESrkvjXdTbUDJWZn1Te8hYW7BMshuUsRDJgCsT6gXLkh1v4kBmlFa06Y0yr97CuqKPzVpOdEHYMBmgrrmOluC5yMQlc/QR8KeUTl8RRcktWf8xoPcJNdo00W1Dxh3TLBDZguXmGeEk3TB3fpRTVjG1uBkiV5tefgDIkkcsAWJglAU7nQ7lqPmPq8FDlclT6vzpcWmcHsA84npbMy8Rqc7B6dSApysA0KYKWxN4ppRkkt0m5BuhJq4SSbsQvoo6sVzEhdWsaYNmadJMd1/47u7C4A6wdfYhLFtkUr0COc7X3ACY/dctw4q4QNEXcaGDX1LJtaZ8sIPc830YRytNMP0lkSApQK5tbr+5LiTqyl7ttZphuCZA4nqPAp2l+hqq8nJehMMddDezaJ4ruMTgTwat7wwuo9gQTMmmwNCidjFiNmTqYaZND4SDz7sTKDxgDgxj/TfPkSTe7kXyAIMAhEeyX6Dbc4laQeeWgNVzX0bXFj7JcAlHF9RKHDgXXJlf0nuD8tQN+j5yY/ivTBmG3p3rjPYvHhK+mPNKLsIva+AbREDydPmmKq0zuDOq/8pZy4F4DIoIoYsFdPVqtdr65WERTgyWt4SHEIQGsbultfrGd7hdQ9Sn1K0zK6P9sLTmwJfV5opnhyzFItRixjT39lMb7u/Navy7lmxCHVPgB5yEzCQFGh3MTc7OPigJupuk1Kt16h4ceOXb7YcdtY/r/ER6/sWD5khxALGhZcD+qcMWggcEFwpuGnyTF51t6zgOUHkPwwes0vvOEDUwBcsQMuYzkXfyTkVFFvoaMQCtbkQIEsdPw7UC8BQPivKvNOZd6luDZ9pMypQuIYSSwqobhc2eBWU7Fn8Og0lZfWbo9LSMwHeSbQVvKyEpaITCTTjtJfJGfvwvhEONqm1DyuOgivPr9mrr38cP8cnR0gtHov2QrxghaoZu4Didw4C0mejjOZNCLKsKaB4mO9He4CK761D8EnPnEATitCtauVw4xdrrkbJrwRB6StiTm94HxXUxglav3yi1pE6WWZFeYo8ANm9PIDMOTzkkGgzCxA==
[2015-11-13 20:09:08] Phpr_DatabaseException: MySQL error executing query: Column 'name' in where clause is ambiguous. In /Applications/MAMP/htdocs/fars/phproad/modules/db/classes/db_mysqlidriver.php, line 101 Encoded details: +krqErOzF2h5psFlpEy4xsyTNxyEaKtkdUhDQNFgmRlFaHhs87CZIiuEqbdjoWacis8dHcv2rzVk5XEvpbajJcOArXTeTZbuz7E8Lf8VKv/5AqO34cZCHaeAT7RgMm1B7hHiIzD2KGChxEgdzAIlUkDi0NpYBsQNSDGXE7gPxcR15/et7KAMSKHJOalsIrQawIDx41qXmdhj1g25SbGgA8sNuY4Z4FxO/SZyTMpg+SHooebCcFJaM6T86FnfbGwxRFEPzy+WoifEG2BmNm/moQjIsJcoJf+jzd/xAXvfqFb6nBPuoQ4Km6EgM4iFSxNqdlYyyu/s7YPABjMBZPxSEUWarpBKuginXS6OTtPA8OJvAMZQBBia2vA2uzuXpZxxutFJmKW4NdPJK+nqpGlOZFNUadFtK/TEcX4cZCY3qsrBkwIMyAGbaUrTbvK+6/X2lFn+Uos3ZztRO541GVWcvPOlpd+eVj84rgggxOgHS5ICQJ3ALFT/rF3qUioEIzz2pZ7Lrl/ErOWuIRwy+vwUu5PDllIQuNUGkQKXQi26Z8Du255HA1fXJ3SOC8+C8lXj6z2IKS8wmBhMLVS8Dd7IdevFzXStJaVQA7c6XOF1iiOkNRFPD5SO/c0jOHXs/pYVWoM1Jc54fFtCGbq72itglo6LFWAh62h1gDPVtgt9CRe3NartPWUm/YSzur5MslktqyWK6+ZVoNEcx0bGsr1jIayIAkHQkrmxX9/IyeV45ke21vdFQPdUw6rZBJQdfd2muCUtZaJZ02b/XF2vLhoQt2zu18uuFL/T1b15uiKunTi8n9LoIhm+DF0U+lAKKdLhX27MI2kGFcMKreLE3vd3r+u5gSnn77jfQIvXFilSdTadszmaIdDe2G5Z9C2pXfbP/kYCRcXJQxa5d9J/eM+SxEeN1HRa+AuMy4jjdJHOkUgzS5yV6f4Nkc6HbFvePPN7s39MD1R4GWHWNPqUYuhIH/aFzcmKkqNGnX8srd4v0kxrsLPaAdCB/tFjlvk87F2WoZtceW92wfWyf7rFfgdg0ejNTK9OylRlx/19GhMbjqMpkPZ9JmrJotj+R4ntzPuDni/p6pi+U/owC0hdjklgTOihILRjNnZEjjItWUFRr3IiizZ7ihIiZEy73v3l34K1j8MEd5yWFcEc/4dng33Oe4FGTF8scajdxlHJ0l1ZMSHKXUvG5jU5QU0LNip8LQKiuihUvbcYhIjOhAM/rBfTCsfA2/1yjZcAcJdF7hoSl35iKkOGZD4gIfS6D1ySA+POXZBCUNIFRTCjKj4UKlAXrW7qGLQKPhIZjVTG6OOKAQSNqAKSUmGojMMs0hvK4op1WPzSSEpNaDFH5/4zHczREMZ3nk/u6LmtOqvv7nOM2+d+4VGy987aSpsPUvmh4Y5anWjKTBLqFVpXZR/gx7/p+PQtlZHxmXJJBPOCHvxtwwVl0QMMwNnYCxLn30IaTd7Z9Bu9XwAZb/wYBjBYPDHuGMhSMMirmDMrEzICnWQEG+mP/nQzk7ikBNPg5YE75BglJkvEH66jjf6ZgU9puHbirfpm0Wo0xuWNx1a8RC1K/jc6VT1LfJKUFgYtSyK00sZGmLRduNKadQo3+EVvSjoYSpbtFzsvdgOKdtrG2M1XkWXjr2T4jxtUNSJBgdLf2IYKmqG8UTEoMCRw1JuUZqxKR1+vVRZg/eq2xfMQSUqoJEG5NbFbjnCCkNOHnMW0sAmkYwxUeg7VuLuuCiUfXf0FtqhUnYzpgBH371pZ3O1IyB6ILi4UJgu8+6LWYefTvuwEAqMkVfJPqPl3U++xLI6mt0L4bzXQ3djvedD7nC6CxqVRpyN+z3jfU9siSubqoOHZuYCpg+UAA/ykH9X0J9cIjRO+jWA0H0M1oq/P3b07TrrfbJA/gyGk5ECTI/4dZsa3gxNRqXO8wyqV0Q7sB1gvB4zDemY3d+r97323A1Yp471t59hZS2eC5o628NuTc8k/zjzpmJsLpAaLdOL7dWN2XT/GGDWkOTgBXg3Z7hgJCqyeG0SocfWOX6/kMprJakBVk8GCYcUwAYTfvqvBpgqFmD2GsgTmWCswIZ5otCLQHDG1tf3m9WeisEN6XtNCPwTx1v+xpyUeXwXFY+wBPtckXc0jlX6XwUAaahaUDniUgJYv7bxOR/G+KLk/eAN4WRFlexLN16Pt5AJg4+0+R+A3eZCGni4lyBrjRCr3CC+x0+BDtlScGwmyIrT58wJ1Qwy+ykts0D+u3q6yr/VntQSpsj33auJp18WbeI58Dw2TfgMnRgQaPjnx/Frqfv1lXbxDbSI8L4JOBCwZkh2eAQh+iIZpt7ZaqCkymlOGOEQAfbdkCooWMu42IMz2YLyvMptXh9YAOziNkcGGwrysBs4gFBPCzMmOHFDk8d2PuUmwZ4cT28YdYlpBPP+V4aUZkXWu0wh9LjT5R5ln/uvbl2A/Fi/4v4B7PP9ipoSOW7APKWhFPeY7WwvfY6vhtC0e6pRqALAfWdtZSoMkhbhFA+H7ySbsDuc3NJtrL3+5TJD8qzjf/7RLINmlYDa/FZKJtP6amK7ZYHJ1xVtdSr8APPqkv1BuTG576mEeYwVfH16WlBN89eRoSwcr+qblpKdw9eS+1oiqLZEjB75Xd08V0/RrHtLJFAELDRirTZ6jnEgRS9iGUsPg4eqyrDoQ45Ns+5Kd/rQmDq0pWk19n/LqIxwPYQwln1fvx5gvbS2h+VRUM30Pj6CxpjsmtyqFRhTYkiDxY+fDOxiu92h0gKFEu4vRraNycnxdAiHHRnd5TAOnyK4BqvrCYwXiORcaEkGL4H4rFtT1SD833XPgpBsTTL9UdVFJkOy/DFLQqCXH/W5677rxHC3R2siRaSa+1I1ut4veBaPlIqB+wFaIA0VV8gw4mfY+rXW88kDYVyG5voxnMI7EOsw39B4nDzD7d/DoblrDgcedGovaGn5DvK/ZNPJRehGoWa4tSym5J5Uy90uwk7JjeeNTWfcV73epjYcQMUm5G3EdKzYJPlGn4L30M2iE4bz2wrRf+/GQ/KqIsSvU+EKIQNb+s5SWaoAbtNOo0/6FidxMuz6rq3O4X1DlakY6tJNFT8Nhz0d3/pu3FyOSelKBiDORA227IXqu0yzAf8phbQh8cVrEEMqM9tTDiTOmZZi7x17DUZi/Apl/3/iO0mtBoLWVTHUr3fRrUacoUj/kIfL9KKXSA9cuO3rZP5aiXRckmWqN5ueWYSETfJGp0VpBioX9NEJzFHtvzuN43V6XGp18i81AGHssh1M3RUKQKWTmSvtIadMMDf/y2jrvuft5Lk+JuvTM3smx6MJ7MuQhaS2CCGV4EJ5WkPLxsHu59/9pYVVttkdgeCOJemYxsieswUNsG1SoQ4p6OKnO0XivqZa2wV24jIIOyx8ZROF0biV7/kcXI1e6wjd4MgOhnotenDGiL2r+R+46OEi9AoaabMF/KJoSJGdN4iOEswD4VpRbdwEJYWOOgEi6YGXMTiO0PxHTiScj3aoWfcodP4x7SDuzC2UloZ8zzz+j+qEkP7e4/oQCTS9AI7hvlaMbYYDD3j5hHvidDx7akPyGFBI2aIOBQibSUQu/zVhLsX3MomGz9WzBsLjvdNCDluithwfB2HvzsPPKRPDIT/+JKor3UGCySPnsEC390fyuNbfOmOR8PuA7jNsgzXGNBCDpgCA2WR4H7oXhMlLcgrNMs1kSxvXOPRLSVjDxXeRjdxf92xMq1dFJhuY7uoseAFbKlBaIwXYAGPo/fgxx8+jOcLMwPnJSGfAsMexsZZf1Rf3NB3l07Sx4m0pZs8EeZoS6t83WVMihoGyxCocy3OCcfPghuPz3nbUmHLId8J2BOqygi0UHEKGfTeFtJoNEFboW4eFNUXSbmQoITLTpEECA0TgZDWCM6nzrgNeLOKDaoACplZO8fQXpvoAGBQEENiHIrU5KSRLrBhtcaySSbP2vACBFEbcKw3/IFxWGcLGghThPCCQYbELgxFjZslH/8Gy/EbUjF/VTTMp1yMqzF31/3PLVmeiLYqxhIDwgra3eLucQKkaT20mrE1uaZsgRzYhOC+uTYraVpfngAHUgts3GfSSJhxFzRJ8CTgNdro+zC3s7Gi3vezI4bU9WPuGtZ7p31Hzv0FEi4UO0Cd8PkM0GQQ8yvvA9AG2x/R6lB/ccaqiqRUFSxcFZIJozeI7/rhHZtvn6SYcY7UqHA0djgHGeyz52XRE9IzkDyFe3Nr6vct6UsbRTrwRfr0A+aAxcVcVUjG2WlfVpu/coW/gNa4No0OwzlZb/Z4RceKOsEhYO6+5nUE3uwOXCDy8+7SLyP7t38Exyw3Um7JhUl9fbyUGSm72Jkd9ftd/O25+CpEyFiAMsew8Wf9gRZM+2UXBMEjrdIp5xNX+THURy/zeCdGFr01NMJgP7ibK1IoqQsh0HGxOEVurtp7PfT9/ziOu2tKMfbjkmG86zXlHbSF9a5pQybvKOJQ47bgPyIdHB1w+L5aKaXcD+h8Y5ItNKouyMsLEleVptFFg+qSp3P16Xwv00RdSeCMbHT0NyeBTHWgk8HrtmWG27npFA4vGTSJPHIO2/beXyhU3MKe2V48vk+wM45sSLH9WWddqovtRu1fOJ0C/bGZqcV26a1CTZhlLR4hjkaSKymWxE5BJTn4MCB883fHroyB7NdWTrxHACDgOt2ovpoRszjWxg1QDXupWPCGqS+cgzLlEXp+1gJRUvtoGmIQjqJRYGzXjwL/jtA+l8TNZb+0Oq27xyhN0ZwMWMPpaXoylRLf3flBU3FtOqsXZhq+/yg/mCgHMbF+HptYF658tVD20RAqk67QnDZWOVqtpGO7Kbn0WGK3W+32B1Rp92p/AMwzlPT/8UJGlx6nsTNkzJstt+gifFIIqiFeUj50FtQevX6ECICDgzv5nsxCv+iTRDqE6kHDYHb9MgGGc1XwyaOoSDOhG4lwPU6RzGqw/DGL7bLKwcabMkVjecNNa+leAw3NfK2Jwt058QWUbRebWTkEnTrassLPHj2Mir5Wlynt8aPXmYWq7DKb7RYC/AedhkSmJlhHah0JrUgLEqNrropnKoXHqR4Ny0FXg6v+QOrLantu+UCfeYA/RYBUbt1OSHBFs1m2vtG7yPtLoiwDHdPwsTpEcq22hcHdQwRx7FgYo4kJVZi+4CTocTLeC8ZztXwCTHFZ3PUKH1/sScLNq45BV0Y/JCRU2ckOwfAy+r4SR2NGp+gbkGRUkbS/wT3GoiBijkFJazV0lDimzu7jKqoXD0+ztt5wadT6DrxBJJLVA9gePZADzmlKM/HvV5x6SzBI6UvwWdt8rT6zA8bgmWQNU0O/xMmitvfYA3wdbVMjl9xrIT9BNcAro1cAy7HBBhPbz/zoMogUgcmL4GKNg2qwhDGeayFBXKo9uJQf5WSc/D9mIhzk7pvrp+RAInqRWiJZSBLJKtGpuaADiVgme+ijotKltnTCbphfuXV9IzYJ9I5t2XMX+Dayund8t4UNfaUFWlIUmTLuzFI/cBpCOWn0GWXfSxUW2GPiVC+6Dhoc87tZq4nFG4n+PjLqgkBpNkRItQqfcJLzIBzXz5nvy6kWQbn9B7irx7yOvg4Bj7KIGSlxSMyW3xpz7R0r/MiK3J4YUiQZuvSURi/4El3rfvOi6TQqi1r9+2wlDhdePhPK/eLY1xmGzT31I5ddHACPKHb5M5okfhY1nE53+ACBhlmm8jqFv0wjbkH6X0p0/zMcGaX8q7yGDDF0EFdktbMxANgaQ7ADs3CXwF3RnmPreZa09NXYc1GTO4ZA93PpHJOZ5BAypnTXQQZdJOPkrEixRu6Iwk1sEFzyH2j0WulyMI+Q7YeJao3I88OjdcK8xOmWhyV+Ny5YcLEf2v1mmTGhelHkHYw6pIs2vTgJMcjdyjVj1MDbJv4kfTIwi82pmFX3tokJinZk9SZu21IuDxFE48MqVYxfSgHBrlgl1oceKElkiNbMHvfiRLIiq85YMpC0Z9HFlTxu0gSwF7qttHApzw5ojA8sMfq5jJNICWNYQ3hmW6RqjQTgXPJKLKP9M70IFO1wnU0sJ0YJWnn3wGhNvkf0YCJxuh0Y66sJBc4SObZ9po+txzMTnpkaSJGQMPaIPYjy4cGoVYWNJpPCRkwD5kFVqUwW/BopiTnNAFWKquWZPzuxSO4hY4xK4mqnc0Ob4IQcklFqgXrfbVWkn/+BN+YWq5GuGs8062ZQBy3CwsvUbNETzDd3niN+emtEeiNHK47xtSwSCkX2KefpW/1jtBy1SFTeEGcJJYqhMcZhPKB1jkYxs4lY9vCyZOcMGF+CbIvXP5spXLJLBvxwgwXXa//N93Tk1VXMys0v+/KuC2Rd9qLK9tNUd322oDAT3sL3FtO5TELsGO9CVyA1yRPDngo1ZJctheW0c+KZpdV3DBEj9WsD8VyfRtTLF6T40lbfLLxNsy/ttzOUXDhbu60ZLIdu2mWxU2+eTQSaEaA9Qw6z5lFALOuyMT/tIsVlFszsSnDhPyR9Vyf+FY10lRYSB9waSur4iTWWzyLneyx8H2tZ51r2mmww3CAQw6W1uBOXZh94936CURb9UsXKy2LkHD2y691QuC4gY790P15ZiXl6GMnWmJmWOB+lkM+fverX8xChWqCkSzXtxXwLi/b5Ms/eYvGeMskWGkOwVg3sI898oewwDPIo3Mh1UA5cNi6yr0d0cGLY0dmmX7xT2gdE/ubLr2rs+rbZniP1adjFapmnVmrpNtzjK4lEgDUIWeDAt1q6bHpH7ha21iJ71Wn1/faRugm5YCgtEd3O4GCV0UKq4urQjWc1318BEbo69Ac7KJ03hKVsEJfxcE3IknJ4q3TYrg7k93MEotfN4lRhkj6gRM7TCgPRslufzIJ4a3mNxjDb+2LC4nV6SxV6fmhPWEyASu1X3PhCsS7RJZTh67d2kfo5gyAULZWzzVIWGpB3xr+NWmFLcE4QirS0GIUejMbKAmQrKVnz4PzVwGUV5zOICyvpClxSNR6b0KGCI0su8RV0xZOzKH5qZaOJyugAphahaCs+9juO++6DtQcSWn88H4JTFU17XOAaSery0UTfkrE1I6Fxk/FSidzc/ar2BsVex2qdgssIQEIgHnu1LQuqItyRUOr7XNfKt0L0UYVabP+7fGtRuN/Ra+Z4KFbWZtMkE2p2XBziKpjrRwbgjHPqK7DjLxdSshx1YDOOat/RWqqDOAXhhyqbRPARzdGNLarOApULg+eoF9usa/9lW3pmb+il3rsJ4trwkse9gw1lY3VNU0r1AaCkiis1lFoLhzLVYAbLPwSQ2QXl1ydvHbqsexeDYDDUGqLeQZ58YLnCs6LeBeqSAMTNjpYwww4RrW4S8aFJywhBL4k6soxU7RjCxH9LKzgIwCK8wYF5/CblGm6pvztDK0plLcdmswmd6uTew0zPWDbWo/+5YfO14lmwFrGCUSG5IyUiBcu02JluCTtd0muJJ6yH5ku6Ihkau0u1MVi+yM2fksE9AE53MZcVP2GwL7qWnPgeJjc8TvCFCd3uQZWIrexkhGfdghbvx+0XKfrQWVrOx/uLe+w4ZcC59l+UsyDZZ6Rfzg9STRJ9tJE13CoHXDNjv0Bi96ll1+1Py5kYT2JO/wsAUU5NU7Km+lm2HOqOo5vRB5qa3TWkLlMyR01dvhhxL3dnV2zumFGkWvnc5hyp+f8ExNoQDg7cr2vFTLqgEb42Vl1esAYiVrAQWKpERjl86sdwJPuurWeQXG4KGmpz3Kvmzl/+d65QBbxZQO2hnQAT/VBOt8dp9sdMvJ1KNhXBEwLvpTfat7sbZdiUJf+ygagfd7RcY4R5mnYnWI8TK5roDeUdUKn8lq1GdfiATm+Xvnwzm4YasZhO/RGqDQeqE5tUoy2/0+lwudS5rx6NDnUg1mf689/DM6Ue1M4HG66GtK1qktNn71kRV3rflpvRhk3BKy38NxOoPUQY86coXNBWfwYY+VQWmjnWjusrBIIB37mw6pgsGiXxLJ+DSaKmZz3Nx9y+TxBDnBk10dWqlkabS3xHW5n7ZkzEVuz8pc1IBVABj4qNP/9AFnlKPrOEVIQkku1HzOHF+f2pKqs1h28PhZtNoJd+zCG/Ak8MIEz5edp9Q8A7ZRmwOxbXv330pL1MrvWAGd7X3Qfmk2hbC5DCqURxnmuKbXfbwYQRfwmvuzc8METYb7JjN+d28SL5bMzi2ZjjiR5Va+81SrHxCZ6skD7TjFw6DaQm3HKPv+0k+DjXzrVp2itRJ4vV/Ti1DwpB+XtsN+f+kKEHOtevW8dSfS1+zOBBE7yPBgaVU66Mx5KfWutbMaSm2VRWiuNWqOtAS97Vdt4WOv4KvJHatOGvhPbJe/gqHFURzj/MEywx20Hw9p3mLJaRJ5FlSV16eJrTSfTt4WGZZE7zo6QrmVeytjxk3rLLIngazPM2rYxGM1JS4mHC13QzPpxTszlY0QZ1lPeoX04B6u9Gq/9zG5A4IXwOpQIwidYd+KXTS1kSR7tzo337r+TwHW8MY2zBL46u61WHQOAaW7ka7P7wOufc5s8b5zcPVKnFC2noY7BTsgwA4Z55wJ8lOsJhQzEWrbTteyIaTDL3dpn1fnCKLLgbDpmVpZICd8mk4knsJMinSWDyuqTw/lGAQ8UE7YLk24XmoTV+n2Q21x08IndCYvKdNmwpK+cH8rRi/jXVs/SswVludkLxhQspwK4TKzefwUM2q7gFwI9Jy/TJpfKr1uIsg+g8ffQORWDs+G9ICbHZcE+ims/wbLb0+r7nve/N0uyJcOo+ORhpt9fDHl23oyhyKG3KgtPm1O0OYfI+n+pv1VE80bxHNr
[2015-11-21 19:41:02] Cms_ExecutionException:   syntax error, unexpected ';', expecting ':' . In "layout:header" (CMS partial), line 21 Encoded details: XuSzyQdW+YMvtHb1otrweI1BspM3oi8zvmWH72DTS8gFG3pYvVyRZ+jm50G5f80ZL75SCf6psJ5YAl53SJ37NiXPNwwZgzxFR5GH+DQ0qEunCzuq1rjVTIPXZPKePIiA9cClMdEaeDiQ7s3OE3aa2BDkDTo2q/K47FwKz/gQTEthXRdy7MRzul7b7/HoinVINKeiDla3XNg2ScdQEuVKSKXreOIqDcQPSRUZbljM/pO+R7xqJDWEbnDc1Lq+4KPjyAXDpxcwNtVFdDZYzl9DAiedVwTS5QGN/rNhW+VhRIOi+bomwvq/GqL1JPrKrOJD+kc+BP55nhpRi57FrzAoc3A4MnbXGoDIaz5MLUYQ4TASA0eVKEqc3dtCYO4WwV/99zdgfX1C2aDPEhwPQqN7rFQUPULoqJ1G4n7kbHSCUFO74iQyZaCoHjiCLIergc/I4Q+JMnMxVzPiFwM9amyoTCBgxSMV1zFQNAcBjB+gPRhmc3Jz92yrXBgbI3EezBPfHERTuNzYSG0YriYRiV1pL6k4Iu1qwsHgOIC4NaKeMMKGYVonMx7kNVfDqc8YLcksLGOzNkvNRR+tvitcM1XoBNhj5Jp4j/IdGX7yfLgLE/51WKg6axwfygjobHT9J8DVFFYpF3FL1R/4vK9XlqskUvJaHwdl6RMKO4cGSsM0sDkj2g9CMEzd1NKA3OLJfARZ+Snlt2nTLw04pcJd141X6ugvLsjmze/rPyCQIpwVPjGxsXdaurXKjERFsga4+eHtkB+GizpmJN7O4VJJdxiGytuuQnjW7/RAb0ieYMMcoCptiDIrWA4xPPBCiTVaS6axg0HWdR/Fivu8oVHZff5Uoms2CFUZDYichjCk8iUynEbrcC06WSbwPED9soVhZmFE/I/rpM3lhgEyxBiHyx7GXSbdcXmlrGee9+e5pwosydeGKsXQLsTU49BgGbyd11jzC3GGQYqE6iSyVfCOKNdeGQddqJ0QaCLGN6Oe5UxZbc8XJvL2ebkLsbXSyI6mT7mlbn8PjR8z0qhaZybkUKymFtTIpnGLviI6VSN64ub3Fos1lXAZqgxFzgnU+o4ME7xuXkNHmKd6OSbXQT4CxC4bgwSaJcGnwdnO4deymGLKbBHSQW6lJEaTT5EcnwyQMW66LKvec7OxOWhySdk68qilQv1H7cPpG8ZteYDTa52r8CVZXtYZ8rVpkWnYjKUDU/vOaMgmbYSpKTD3ejDAAnVfStvoyVu1RlOZeIlJQjDuelSqw6WNCDZQyziEsvRFs4ieRcl1mz54vUhywKtbWEdXc85uhyyT1FuMpdDaSDKtFCyrJW8ZPe5jSUUcIFBcY73l2frBJ4HbGiR0UOEBOmrZhSQYGdN9IepnLh6gaNx0yjjhiVJ1eP6H1p2byezTAPp4Tro4L4abosN4yncC5NIP/ZfGZCYjcmYk+g9V1/729xcJ85AxPUNoo33lj2ea3J2xYYZZHOljwVVx0nhYk/nj50h2s450khbbCzRjAPlqZqIcX5McL49KK2h1Z8/Jl3RzaPhvcbhsPZ5/maHNlKUT9WEFYDlQGi8ZHlGfKDWEtt718QOH/nabAVl2P76NDBsBN5hzleW2SJnkW5YPxXDwx0qXiIEgFXe+UZjTPg/j/muvfqqMmV6uoUElHlTcywhwVoChy/acOgupAzp3jdYc6r1p7A68ysQWFbCVILG+LeU=
[2015-12-09 19:28:45] Phpr_PhpException: Undefined property: Cms_Controller::$user. In /Applications/MAMP/htdocs/fars/modules/cms/classes/cms_controller.php(383) : eval()'d code, line 8 Encoded details: 8941uOHOLZJXNG4EOWBXc82SAphf/mMInVsdI1v/326WYLffmXTVuz4bhFQ/N6YJ93J5SQynMFw0LKp09YoDGMX4wo+xhwgpWny+U73D1Z0PZzPIUkNp2Hka3724oH43R4pA7I16v9CgLOZpoeTa+Iv7nEKCj15/2rfBhKoW1Fhxfwn05/c+nJVE+K7jxCUfLVrcKZkkjGT4i67IjodWYjjnNYL1HfZcO4XAoHAmfFOAl36RNtxhUP4A/5WK2Z5zdefPtloraHdz31lNR/ThYxRFBoZqgN9hkktxw7zMBrpqPe3nX/zCL6KG/wuvk1ahX6Sbl2lV+X1iovF+to1GU2fR5q3PCOIELhxF//l0AosSjV1y5P4+LVW+9EkTXBK19qq3xWdPwn2CyNyi8rl2XMvyokP76aKvism4sAlhvL9Jo5dzzHxR5k0U3JLr5SOM5KS2eLqbBN+hPsgvY/DAvH1TPlp0dBDFqJe/JfO/0aKkHcOZZ/k4HgXOe6ec7XYLs/l1yrvEFhPTIdWL41WTC6Ivtu2czPhzkAM91zknGLgBLeeE3AS0CAzjC447lJQqcQhSh/zmSkZLNL67KwjPdoD7zffyibOY0DG+QEXHsY3guZ5O8REGvN9omQGzXai+d/SqsC+/ARIvAfUYwMop/HV+S4laL+OZWUVSDSh13hceLry4mouCViOUWs24s1g7XM9EkYCr/p0/gkBqig5rgJF/C7sCYONxSZ0wrFHfeXt/axQdx4EWBziNu17LLDVdWWTbum5aE/GgxaYuLBLGxeAb5VU9Ebp0F/tyiF/zYz/De19PSELMQ91Vc9aeXMx+dDNtrpM3IGaV+wHY4XbWrxOUP5TGgknrHifKSeav4Plgd/k1maD7OHe56l5+rw07iOUXC2t067e1SOInN1AGyespROql+0puMRpzhCZj5lr192n/9ylxjy5QDvOiRPjlAl0u7y/x9bS8RZXBhD0tS0usQXMd8K5jbUctV5JnjDBftjr0eI8q+Zsj8xaSuzWnA1hDoSK4IMyu06/3w0ayYw9yvzvRK8Uq7DAAQNHpWAJkTgcIDIACB5Q+dbuuT9K8KyHY1AJqATqO/cLBynT4wPVS+TSZ9RSkQ+j4PnNMSO+gkz89FKGMXEthgN7p3wz1HIt5LEYJrQo9oZNeiNB+R2CiwwWsJvH1GSjch4tgYV076DcGEEn+cwtrBv3wPMcD8JE2kPP7s/dXMM3Ac8L1xAOwg0/tWA2wKxLhmegnE5SKtWkc6T4FiokzbC92hqI7xGMsXp6L7/5gClxyI2k0Om4Vm19TYEQCiOLuzLo0tyXRMdMHVMupGPqs1N8Lll/X4ZUuLNEAArioQI6mrcISkPJYEE1QymrHAmuoeBmNWs3WHS4WpCZbP0YcIgSMZs4o4E22V3ErgDEQ9cRp0HQkNC+v36Q+US7s8HizX1yjDNjTxVqXz4PphgDiLObz+F3fvMj7HtuMy6NLLreakGOm75W5GeApW1ioWaoE6nwPVOpX//k8xvuV0GeH9K1fpvvcbgDINLevsrJAWX+JrpGFOQQjuDiKrGHeJ6xZYNa7F4Mo6phDkoizshvG/vce4rmvOa2SZJPBiCTLgmq2/Y+sDp6fxzj723jy1F6FE7TOMDraOcLZjrkLhkTGcBpMcOfJ5lIlLfH6qd/WR8DiUUB4aRp5RDilsLrzcavEPYRqAoCdF1iVX82nFjcWHKwpRYxzAnc0/Atll1Xp4tUbkUMtciUGz1qJIDGYh1k6erPstcdNRIEkWHFiDRMMYFNSStgooIjG4/AS4h9z9ggnLQbbYo++F2K9mD18QuGlZS9o36aeKeIIYN5ikIlBGqtlcUpsFX/K2L2zu+OgAnmBSx/ZLADB3Ix3S3wWl7qdeOeAHLVFZJWol9YMlyRW1H5mg5GJ8RKAW/LwJ5VR1/HiZqajSq+2BeJhqHvNlT6KKTXXFCB3AqxAZIJY4FOtu0bWuLNjDzwUikMAiU3HwKMJoSzlqFsxvEjdtZdFrpil/J/WDqhV1D3UUtIGCbQJGt14fsUIFVl0iY8t1kJojNeKxQ0Q2O84cIvgamknSntlgmgNTykX36OHG3mNX6RC+R/C5pBO4xMNR4pLRHJeF+8e2N2vi47T3sxnYvlsVMVyGxQFs/7aGqfQBvqLgCDqEc2xqg1bD8wCv3NKc/Hp26Ei6qmL/VE/Ie6NZ6ArUbs3JP05bS3mOBO5/z0LANKoGlbaMORN7uApyqu06pgwVEY/z+KdM5zULl49BEbgByEAP+S1XRiLiDlxJ5ShbCGCGhne105+5IMPmZmBOPeq3nj4pwTQNrd272gXuw/E/NifQ6Nrtn2bsg9pWrxz6g/2g6ECraYr3K9eNb2G0GM47wRYSy8yU6Qp6H+ufx+i7bWW9aOxPnT1WaIOR/mxnx2UA60T0WzJin+J7t04huCv0pc3+C+EvPxnBynq+jfA7JWFC/CibElK1sj6XvJjM7tsmAglJCD6XOI+eUmOArxAVo3myT4tzEqoaUViVB8HRf9Xzdl40vtCPiRQQqYRm0S4E6djHPKOHgxl6zN4TcqADmxk8jylIEHd6PD5ro5RKhrFZqRNz4Xiw2/Q/ACqhzh5iuloF0vd8G3IKGWYN+k15nUm6XuZdNJzGFGUUUlspbFYUSV1VH3mBlKFFQ4kJRpSeTazO5F+2VCR0ebI6G39aZzfAyP8nroTwBYUbiuTozkCskqT+4LoJctJHKgwDnnfahww7DCrIZ7ZSw0kB4EeNm0XYfUsLedLEdixrEFpYi2BGWdyYxV9KCA5Prmi1qVC5lJdYoczYpJlhdguiP8SZQCKIChN0U41hHluKi3CTfYDAo81aK++5afr2iP8pIGEuXF/vQbs0kJQtgNSbUhTTRF+ooWcW/xi6XSl4P2jD3ezwysRnuz2cYCnGiwAgfMNjPK3xAk8hdnwBAHNft1urifrkPQqTQ/mSxgnRgEr7NFoH58MqZ52MBFbOsS/nL1/Ws3GFzxGBZmactKAYjfn+vhHRoRWXkqNTd/c//lU98AA5GUCq6Ibs78nCsxItkjGBghWoiRFfyBAJz4xaDwQZAtbFxFBnn9RGvhNiRqFHpAZg4jXK7NpyDjixsEf++r5wIqWFd4yKmuCpzPPl/FW40kNIL+d3b8rolFt27LXJoTu+ch2gv4LYaXu7mb0a9ZNjvgUWBgnE6i1sT0RA2RVWTO4IE6o+BsNEw9KjV/s8at00R4GkMKWRi9e1961Jsy5n7gLSXghtUTOFlcZdYw2DbQNxAiA7r7V2b04HjNVpJdhuZdJiaakJAz6EXjBNvDqE+EyP6jeUH5/SPVx+0I3Mu7fU9BEEHpG+mtGqfrbvQNn8ALVyxejLABjHkIyKpjZhEEyXJLAfpmIKADBkxKIhDMdyy70y4QPobraNs5Z5U1UUOJjTnXRWZRwIsM2+3Nea9HcuCuXPBwpz72ZTyF00TbwkM2NgSrSPFt3bE/dNvmZUMtKAUKMep2IqtD8RSXhoHrZv1qKGYIxGu7K+D/0gH6oBPmRa+jBxjaAK32jG0IuwwjyKsoetcDphRP09uwsJ3/MWA+88noalsyWfXk+iGe5akvShFhwUbTJ9FBeSVmZD/hCUV5PWMfoU8kDDfcuVviLvxZpWodMK5UD7cWtvEdXfN3++rZ0NhV/Kl1CmqAwXoS0ygOoKE7c3kVvD4ZWu7pyG7w5RrpkYmHAlYB6bBTGaPbfT4qAfba7bfTLCGCLpKMECVI=
[2015-12-09 19:28:45] Cms_ExecutionException: Undefined property: Cms_Controller::$user. In "Members" (CMS template), line 8 Encoded details: rciq6EGNGSP3K8dDdiDx3xNEGCNgvHfQLuZHn1d9q/Yl3vX8vbe0BxqoBxSlpIsUWSJ95m6MgC3pWS6brxbJhv5M69Hq/LKQ8jENtO21BYER9qmg+dT76H985iWfiwmSBxmif6rq2ziaw0lGCEyVVRZQcAaYWVIq+DWpgTHonhzWhTGXZ9S0jx6ODDUbRlp5RdbzveCYJwysl8rGQF5jpTzrG1vaueiSaMWlgtELwnd5RCF5CCoXsPByXOeFTnxhWfKpgt1niiKQrfScKcZR+dBk57A4ZksZjW7myHqv4CnEzOeTUUDix+nqEdspaVwXsI+DSUcGAL4VoEfHL9FdeH7NMsWDZI+yP569PDLyqwdfXwxvEeipXXjgupnoGOptyHUjuLFZ2UA9Co3wLsZZU2kaU89q0xqeEgshu/lfZfjuiSdI2S0DkC2RHJHI9YGbbG4Y0N40ozC1XiVPFjaGnZ0Hw6HOxhUmHmDey/8cdvw/DJVprG3ezuIbzsqGWYrFep5xEsJLno8sB4Q0cHdqs2NZQYZzHYbE4fuRgWfHk6c0fQc3niJx/a0by9gtO7ZrejC2C77xB7DcTi71QYJX2zpKhK3506CMzjUDqkNAiybnemG1JfOvHRgcP4JNks6qHQAY4cdr78VWRQ7VXJrbqKVUbhmJl9XgHI4K1Iw/VvxiB1ny96HQr9i5lJywBhffTfhlBU8SU/6bD99mRoiCd1ljLMw1PJAprRffo9d+7Zcdi3enrq+dDyHJUEFfEpNiq/59Jzh7pSa0IetjncIfH1PGxTzOL6p/vCmHKGY0NqvDkvChidygLzSydTyjC9ZNLqSYfywSb1CXCeBmLVFtJnVqKHzvCpi1sKyPKZ5X0J3wO8gfDED511eYt4y9HbIyRydfGXd5vSsDozzqWMi1Nvjo+6S5c4jmwgquHo+GgX6rUqnn3Wcg9QGzqj5w/3ikSbCziBYd9j9EV6sO7/M3dr8RezgqvFgvGX4WEbYPFTPHeLJgPiJIvWRXEXhZSipRGFcO/ixsVEP62Q529iWh+8BCOIQj/du8nD2nTIhGNFRRxMIfZRTQNLGxGcIMlPXEuMvOVrGcscpN8brk+oqhGTYV5rKTsa2W2jOjvOr4GkQtie6pl78oTsiUGUY39vS7uFQnB5LuXXIFdr5Ct1mP69eEikFAxBGZBqcw0ZAsTNgdRC06pyumcnciZK5kjMWZNe7O+jHsKl1OdKDYy1u8w23u6JuTfHBX+N5XT+cwwfcHPqovIW4qgBMQ6TOaoagVv4NRsDure3UCuinhDvcKOMpi2/IfZ76GG13u6GO3OAsPIC40HEU8oQKZcbzeAFe2saV3MxyUsrLQT9+G/X+nUSjzKhYux1u4/+I0VktQRkJMbWNWKZbYW/9edYa3eKqp
[2015-12-09 19:28:57] Phpr_PhpException: Object of class Cms_Controller could not be converted to string. In /Applications/MAMP/htdocs/fars/modules/cms/classes/cms_controller.php(383) : eval()'d code, line 8 Encoded details: ut4XrWt9x/KSUBt5g/NYpL8OVO4Hl8VtNjILPmXLeD8cfdhGrsYKBMckEhte2fCxElfhilThRXPkV49SEZ6ceboKyX/rZtjDN+Va3sNCx2MacfiQarJdAoABA1JBSEOsNGvhN84/Q8CWZSapYHoFGKjo9pQA/DUArhWAzj4Wl5DpJk4U3GD/ToxcrN5CFe3z6uuOW70Ewf0wo6tEh8OMLVIz/HcbR3P+7LdvMG5fMgred8FcGbKRXeBiX+AN97VMynmdE9PTrLNaBFW57yeOUuvZ/QRrL2HUpZTirpG9yWLVJ7B6zlrPGh8E24g8W8+s7ECTC0yoZ+mYdmirbM6azrM1nYvMSraxYIiFWHwYk97j1biacg0/hP0gRR9RmZX3Udv+2Ia6h3lIC+ZmhIbIirx/qR9EmaRuzga6WaPzEMIdS4vttJAyKGYQp5p0Nqh62OtjFIENOA7WZzMhe4UAB46AoNwu9RoINxzpIm5UuRIrUb1XGcHYN94wXFAQmHfdbl/0kefvZZcnuAprl/9NqH/5vff1+vnJHIEiMRCeV9HKq+u43eLw3oCLh0n86gUYSVRGSsukcwZnhMYXWg+kckUghpjC9fyOXrUPM+TCZYv0r8HW7SOq+5sJ0sxNfexfPOjd4N4U3oJacst/7NwdwjH3KIk5YHwCpiL7YSo22E7JG/7puaZ8zM2Fw9CbljwYx2dM3xx8sGdRJ4LDvNmMtIQ9EpvHFIsQwtFmfyTOyJ7V3LXzF4ZVcRbQrcGSOC4fyDuRURHerYsT4evbJ2lwSCzNpj8ez8Rd05W3LbbCpgsiEO4ZpZ1IDOjvvWXro3NJtkUEd+cD2gvOjOFv95iJcvLKzIf4coMvovkO17MdWt5gvfLDEYsTBAyIb2d/bvOZWOfqTWApwV3p6yCtYjgFaCTnxJ8My3/+Q6l10v8l3ttfm2LRODp8dsPOB0tqMrQwX3kf8HkOKUO+AIQb/nywx4vqQKfwAvsAEsFiJHEjo0hLsL2PQ8htzoeT8equiZApTwA1fH6B6oHS+Hxl24peHFnkLYA6zEJ4nKEeqHuOxi9gykg2O9bhuaCJ9NPWziU+nU5EIbBJlujdzO8DusKOv8H03NWHR+piVWHxx6YM/jZD6hU9munlVVNU6bdrrWyfHpqr6OZt3lMOlHJHrR8IItnSgfCbpkdPt93BLa0XMsoXG5Hlm//aa0nXHZ3gzwbI+s8dQwvODO8HxAz+2+2TVp8BedLdlX7H4VKWhDouyu4iMUfePrtbmv+WWO3voJ7mI1hPRj0d/zVc53CoN6b27Ojc+mYwQoiSsrAnVjsl0aj/Zoum0nwCQae+UN8I6RCLBLnOWk3oQMoAecALoT/NS3sb7B6brZJLgnWyeDTePrfrMZJwN4mPbB2SpBTs+wvxuNxL3WilV/iCjCdoF5UuaF6ak8INjo4GzFggVZ9gO7B7yONmM3x4sJwf/oDpIiI0uKcLyN4scp2NLWG+5ngcWAA6gKkEqVld1yymyPJ2g9ZkXxJIELgT33DD52MSyxnOVsavxjy2nrXuMB3AdNrdqXNFDdbvQ19qqY4s8VA4Ak8j0v7qjn3C6EFCNkmQqBYvsCcklnaII4RUZRGyzjk7Q14RBo85LqNNWcYiefY4jTxmALdd3Z164/1zxvM/NOUMfYNIJkcyWnNyiOCqPVt5HEhiWhpykqRbVMmD8af+IObgdVVpTcUWldMFAEXtPCOfqyIwRV51iYWlxn60E59ynts3Hjhdf5JFQ6orLXyCILdDpSeHkqFu/2i//6bk7SaDrY8mzdwyaoTG2da7kq+gJFww9cXniDXRr7DXioD6E+2mDXpB9vOaqAPwBLFuzw4yyItysEmeOzwzz2Wwuwv9sb/1IAf7Nw6K397l3QZhk5OkxHHqZh6DR56qIuKGqkkLCzxdRZfpOWW0GMWqY7e8AjptsP7Y1RUToC/fEKIDCPfqHMTLi80/id6VIT8mxLJikw47H+4i+e7goTjBk70xTTINnrEFoTl5iM5AOLhsE2SX/d4oSjqL5p0JZVI/CA/rrbT2ALAZ1fkKL2ljjraTt+RvNm341GIQWc/sHmgXYOacoDl3FmBp8vnIrx0oz1Uw+6ur7opVaLsd/rW5ZSpkVgiAsv8VAzSzaAOD3ko4g4L9mbWAHXbYzdOJZ/A4cI/2lTCbxdNGF2iKz73ts6LzKrZoB4ndznFKqLIGteJlv2st1vq0n6crYW2TPh+ryRuAWvLSCkOwKldvbF2epBi//64WRHEg7luWrSOIxj8Uce2aXRLAV1Qm6tX3/ET0+L4Xo4NIOyZUogP3Ju/VAMVrnEa8fCKv/T8uhrP+zlsHZX20ZJyDKGGGGXC0iQga4kVVMMn99G7YsJOH2jC837fm9UZpBLi1iYLab23reB4Xk3VgVfU6pluxHg4lpcKDGEiob0/ePxKKcgK3MuGJcYvpS0Jgc9IpKJb/kU3HMv1+VCgzj2gDlFeocrjrSw7X8J0MsmuCs/Z1zNbE59tIJrg3/wYG+6Ngcp6TWa/Jkl17OrmXKSczw+KmNmNGgfn52Z1By3m/JvIMplQbXaogsA4lRj4RtZlGCNshbwJb9dsdpJDHkBXEXAaGq55u7LNwv+VCSZTInFyWRewVou41/NEq0Bhw69QXuOEqEuMdOntqeqoa1eLjezEpT3OjSuLggUZW2j/P+xmiKkNc1kyf2qnctz1G8oOl9eerlg/uXnbPGjOdOElVOdXnTHEnVkhFmiAA1fumHB4t8lIa9MF4v20uucW1jVALo80MqvvPw0JMeRQ6iInCbSOH0Cji4fiDxmz1Fbv0jAzcq7QIFY7EytIED+GavoJaRwLtZsMn9+P6RYL4Fy+MYcTpjFm02i4vf9+HumXm7PanBQQIvdoKdLskNbsnTlig9xrEN1uylHqRgwP5Aa5MBcIr6Wa1ns8Unls9Yt2Wy2aKjVvQkCoffAUJU8R7FN7x8lgKBigcsIwLiXOoCoh5TyX31nsdyU2cqswbQJjFi3NKD/v7Y3rpg9TbSB9Eb3kwdHyWkfsp9Vk3fHJMdcXdm6FfvUIFrWOMLnHeHo38/T19wEYvMVY9px3wnYDbrczLBRE3zby5yiIZjJSMSPiIbnBPwoYlEKtffnaNPZW+f3sB0jz5Mmf9pEFcW2OdyJp2rkhXkur0VL5aBnaqpgAd3QoE5jlhJNdkyWM0JWEeMHYaqgvRPP/dbL8ZnXGyemjYSiB7MkcDf3iAmpWFnKuiwfxASNNvDMGGjUcmPILfVo6+kFNVV+9cudqi9l+DQMm+Ki/YTFtcrmZtko7afDg0MKWVvsrmDr1fxllbHTox0lIgUWrib40i9qTb6dg1LR1jIukuxeYEqtsnGnTVSqRgJ0wBI6RD2tWfBAzXV/OeOURD0CUIotjw3jyiwYiE1uE3P8OBlur13Teb0Cn7UsZonvpqnFpI14YXKUwJHibpjJRP0kymJ8W1rcJ3qSzSAe0x5HnSHNMCQwDW+zUOSzFj03dObF5WXfd7MueQgFyrt9KrwlQsWAtgLMfedc0YDSgm3FoOZnWW3sdDSxHXK32sMOT424BOLHCkg/fi62u+MP6K8bI9P4qsOmzCpQMS6CkB6SZTT2IqevsILV5Dh6+mDo1ffpEYprDGlBk74/KGxYxN3AYzsHB8oK/GSdO2ZmVy7zZF52hpX1ck+72SiVzQgc/OZ1+EPxvOgJz+l8OsLlvMmIwdRHSR2dhgYR7yl9puccY68ie5/SHp52I=
[2015-12-09 19:28:57] Cms_ExecutionException: Object of class Cms_Controller could not be converted to string. In "Members" (CMS template), line 8 Encoded details: V3ipmla9UX4CshqAkJc6Q0dqJMkgB6YoKq9ZRg9HmO/4Smu/QguQPSnqAjoOEkb41Rda7MRu9JVvxzb2dHwQNSWdoctNipaqaDvLnqqoQiLaTaX0qbCFmPFMUNgmRaNBU4nNXlDT7lzCTmP0UwJL4k6/FWaAabBL/3zj2pbmxlpN2+n2L3dnNHxzieV5Ksn4TiScuO2OxfDcR9ii0rZShIktbK4Qf+OJ3SgJBBmyhYEmtohrSen9oU7h1RHbKvBKRW4FLCg2dtwdsMVLWD5j76N9X/HsFybHuHNjGVMXpgcntdy7g4WH4K36jzI1O9c3plHe57NCC9BlEmdmdxdNGKcyamEJ4wcBXlZQ2gBg83kzjxm16auUi1rrPIIeZRanmDoL/r41+5T3caTe6cSTM67mJ1TZgpCNtTL0EBcjNHTe4KBDnqbod9sSPYT2Ef6lKek07e+4+yr8n7f1uLlHheiu4kHaylfQGl/nSr+JuM5FRljsCupzuAyfB+tiX3FRBtZtoZrGVf7Yu3IYDzypzDOlxgXWE7JZdoVRWwj/CSv0s+CNywDglQsYCTLqQ9cxqBNXwSr8CnubqnLXaqPaCyC33zRGRBd0oEV6L1yj9k4BH8HoOFFbfIzk6FnThQtw4GjgT7q+dZ1WT1qicJzGQ8XK2YC+5gWhD2jW5w2KveXRmm2uKpaX9kmoHTN25kl48feGvyczy4HAZr1Mo3O7ifOAaOaCVAEz7VQmzc7HYt4KPjW5LqFLOmKX3YVDpsaqrwRD26twNaHrGApimpJzV1jJrc2nQRv68Q7RRY+jBD+itWkvZ9pcsNJ+TvpZPWMbUOenjglMtueVSsNGBSQYnV1Uu6Gx/bi0LCBo0n1ntCX3CzguBGgtc+YPia4GXoNs+MrtfLqeAt76Wl5oiqa4GZi4Tk2x0ibgCbf0uRiH5YEN4hKenTTzm3fepVBqTfnS0+y0O6f3L5gohou1e/zM0iiizKtSZYEampmQe59oZnxzNrJGe8pN8oHX2+OPFcOLFxqLScWR+Hp1bA00aqUeiHZWUSEn4J2pdA8T8WOvpr1YVn62Wg1fKJXXH/zkhuUNiPE3wsWMNuKwwNGB/OxkI5LKqAxF6ZmXHrG9pws2p4cks+AP0HBIOHYGKOaoDJJFTKSAUpDvBFMyIWzLPGb6NoF1anJHzAhIF1Gu3nTqu8nGKvCveU8xYhLUfgsq3J9Ni0c3daIuWAEiKoWOdZqRSnOMn146mYwlZFsK22h99PJskmjaDQMYqktneJ4LVOpLzQ64qn/2cnJU0lCWytab9U1m9ApnxNzcS6WhRZrBPMjJUFDqz8il8tKeLX/6Kdi6cWYBtpiEDnMPeOwI26Eflg6Cv5SNUIfgrp1Eq0N40z1zs1jlsv7gR3VlQjsfWsxp
[2015-12-09 19:28:59] Phpr_PhpException: Object of class Cms_Controller could not be converted to string. In /Applications/MAMP/htdocs/fars/modules/cms/classes/cms_controller.php(383) : eval()'d code, line 8 Encoded details: 4EhCtX8voH37RQvnXnZsteCV1vZAaRfIGIm/QUK0Il52C25sTM/MXv5hALyu0d7HaostNsm/VAW+5XEhfnBpa188OkNCFupDxH5dhw6uLxeFJRj/ZMvOm/gIrlx8XR96iekfRBBlpw9vfUh1ZEMkJiL0cBRLDLHUnPlJXmDChlB5O/LD2DTK3SJMpZ3oXYATMSkH/MbjBMa27lRmJrR/+V8p2VCa1Xcaal8qaT1rssA3T/FPHjsnjXgxRcWvsI2ny7jZPPB1QBT0JWoZA+TWoipzxK6XzPBPMUXr8hwFrauseQTw1UKRqjHSVcY+uJu85nVl0l7UQBgMd7ANdn2RwOVmo0Jz9BYpCJ/XVOR6nCyNJobxtvdKMs2Q5bN4WEt6Pdx6dRdMeNVYzxJhHMMF/ofPlAvb4/Vmtp6WvXYTrVYKn6oPmJ4NopLyym1w3670DBuIXaXS+N41jmQCERaOH6AohyRkLZ7W9ugXi9TVLGwd87cstOdhhnE5NoB76yHbyxrW1UzZOsvIFDnjUYMc8y5MVFp+kXdNIi50JgO0gYiYRyFWOjcpo2uzWl5sqdt9FEnG2i62i13xK+xQ63sIIsZBlX3AR/chZ8BBEtiJPLYu3ooVZefpoV6yYYm2DXuRllJiP1mw5vSG9xlY6AdSX9IIXqMt8EewbCr5W8MQjcUt8SI+tL6pE0TaThjZdE2wTvnMA8H/OjvPjvcLMV/k/AIHdqQMjpm6cF1pVoMQ1gK7hAhKSEQ+wIzQOb+u6KCVK6UhkhI9AhRJfUqBCGCJiP4gDQ082RmTf9Pz5S+H5fGam2jaheoeW6NO2KtySmbdGn3DWzvWHpja+70xrO9j31HQT0Xn+eRN8+mLymZfDaK0HjrDRXH/+9J6s1CrtqIHZKpys+QUn5SCP/qOtT1xwEEPxlP966JtHg2rCD09iisTzWgXIn7pGxO452qFS5dxw53WhaFc6Jtzxuapxs7u5SdE9T6KdInim1leBOZVmiC+1VVpcDizqoKCU5LSFmAN+Nrg6QeitQ6QJShsYtDMPzO6/A+w6htTAhGMFDOvS5xeZZlnM2YF1Qp2ynUItVMPL7jkLZUvY0RcuY1VnlTiAl5JS6uvwxawt9rmhfmzVwr8WKiIwOipmeG1cx/jYJx9zo77WUxsOmn3oeK5DfAItDcFeZDAtezYWmzoVpaPNL4eMlMn2nFylBHzLmiMDbQQC1hPmwoUK67vsh5sqQJMWxm3pUKehCKRwJ0w/L3dcloDrMWMDIJF0s0TK4DDQTyHXz6a9Oj5OkNbD60wAUzBE59ldw02pE9shxDv0LwFB24YZR2iYFl+yZc/GfbJTxNL3wycgjVp0HcWMrindeWuOMVC3TvJ/1mipf3Zm25rtaHtkzgV+0reqtCsZSu0eW5SrSP1NZ3mkiEoMbYRzgjgxY9ZWJBXO7rIeSDUXX9fD9ZVSG5ewycQfr9t4rlz6abOqfluGOYi+I2hxkLFP6wTCoFICyji4uCLxo+kWks+EvK9/nlXdllmifBfhcYgZ8tWy1GKQJiLL01ODPKDIVEb1LZapWMBKGhCCmSVd0ObtXQQB8VmOvXemRDBEfWtnejL6hoECcIEuBrHGx+ynoPh9uHRlKZSMI2J9vYZy1Dyqgy73MaUNVvRZSI2/HZ0ux1w2X6+Jhhn5Lu/kfjitxj4Xw1z6SnX5y/KBLFyoKU1MIT30Yp4JPbIfxShgQjqBAkn4EEkLtjOJXSQCaFzCyyTWDjo9qvDb1S/epCyU9Qde/fb16kLdI6g1oq3eOgNKfiFknilh3x9kJOuMq9uaSd5aL0Oc3Ft6TLulPvfeHhQWV/ga7x5zkbgGB/BoEa5WO3F4cntiOqqmpBhK/pGEyJcRbprw6rn44/ZdbwaHiznvWtIfJVbtuhGmdKlmNi9Ow23Xkb8uO6zMaemYN77kjPvcS3RzFWisYAp5FplYAPhI84z/k9Os0c+HWeyECzn1dVm95e6bx08YUrQLrOCnbKzwrW2mw2zhlDuHUNZHtc1u6mZ8SYsipgitNZv1B1NrkPMcAOfWNFVFo6/4vhSk3DG5zJ1RSykfbHSOSLk0B8Uo0P1ezZBTiXPL+9GsEy2mbwEu8xm5CBpWdwYournu1zgKhtMJscWMAuFvvwEWdFGVibXXT/OGNtoQAn5t8aaGQfAPkZEOI9OSAL4s5IruperiJxShwFp6EjK8jvPa+GPlsNYmr1pzGp9TDukskMYHyEFwijCkY1xZS2QPYknBWaMg/gi6V5HdcEx27NY/whMS8CwpcMiCutulcRIzWByk9lyu7Og91nW7Crm3mZShxT+iS9y2B/Pg8shI/72EKk/OpCgbN+QvWYqHsvOwF9MIBVJISSr+YddG8P0HAqUUpUDQOgV2l9VfIvvOXee2PDV9GKroHsIO6yfCMbfOIRlDkKYm1WcPXSg2E8oXorL5atjPMIgEWRuH4o82+shxu6XqtNVbO3L9SzdKNFl8WfKkqQ8x5jgGFSKHUP3jvK45Sp5bFpHF/N0IMOJDXYG1p5779Db5WE2gIQJebPRfxHqVUvddk7c3I5CHWCKafbnTXkaHmT+HSkEt5LA3X8s6OhKNpJdi39xVQ+Slc84XAtmg/hwYKugPtQLcdkUXBWPI/twqU7PKsaaw7gJkjZi/OO/PKcIQzyKc99Yo8+bze0IMaYTWEeVYyKjbFeMgJKYqCKCbneghEOKCw1aznlhjCpLgklHwgx6Y9BBOksYE+eFWOgEIhORJrqCxlI5zE4SveHL5OhFdzNhgFb1/dXM1g0vL+kIzRiZflzRZYMSkxIl4Vh7EfN/ouDp4zc5/31vEs+qDggr5SINjgpA7yvxZtx5oiz1y4PLRvpatPuKzWpRBAPCkOdHCJ6Jwzl4I8Gr89Af5Hij/PH0/kY677oyPzA83kthTV0bsSbqfgupyeiqZoBDboByUkGuLxcWZn9PHc8bDYx7h658VQJGebxapW8145jvkIjd3RH9B2JB0oNTsBOyWWHzDab8bhMag2MePw9IN1o9tlyqs/8uhlL502B6IElt6GSKwza8QZLEoxv4uTAKZINoGuGcHRYi69z0MnW3SpT0IrKRp7SdSURhViTiRRZyRkH2N3jFE8q3atSLw64u9HZ/m/NNdoNNFZffFDn9eiSIsmtw3YoZMp2gMptds/RtESX11bJV8bD9E6nlmY+IJFHdyU81eczlFIdgBBq+91fBT7Z06hj/AfkpqV+mUG0Snw3+4bw26bEyE8OI87Smqwum+ki4ib8dBYjrqsUBiQcvYYdIaTRTGAJYKxTuwCqWAU1C6HPVNLAlgoS0mYsuugJLAsa8L5f/beHu7pP/bwi+oUg+gAb4OtxetToNI8bgSo8O0I2DLpqVWiEt7NBy7hV7hbEriIeHH7H8i5/JIbH8zWqIqfTfbksKyFzZEERMQ7IWYISU1pFFF82GyZKwJ/jRibc9YWZdUZOaLP+zWZS+cemZccBS1sfTw19z+SLa7Fnx5WqRdCeRlxrAdr09WBlSYneTkaM1TCgYvstUG2Oh1wSGVUS8iR/LEEWIkq3swW9XW/p8OUiln3sPPYzLbgf4oAsb//Lpw2XpiUH1wgb9FnC3y04PmHyIlOZ4R5YAOwMNhcmZKfNB+RvketpJSiRGC6YrxoKT7sR/v/baVHjL+ScGVlxFx1nKSE+P8vpo6Mu3B3gzbYLUfgi2j2805QPVZvscHSyaKsfwJGMmlTfAam8qtTk4svDQJB8mhhs=
[2015-12-09 19:28:59] Cms_ExecutionException: Object of class Cms_Controller could not be converted to string. In "Members" (CMS template), line 8 Encoded details: yT5M2mYhqr27qBfbiUpT6EHA18yLRHSpGr4JEm4YaSF9ehBVevHQ7ZwNFwOtnS/CHeR5FaL/FBNq0scfFGPhlJ+64z2qfefAjEJP2LO/7cQioXjNlMV9cSr8rXjZzKdeUS3r/WJ8eS4Yy1srgsX3Yr4q1CeKx830/buPADpbUJo1WHr7xkunV208XRhRtFAbAsVgiuMdzFsj7zrxSdIpgnIwEE1v2cCWsTOIrN8HalB45+os+zVrT1p9ns5PlKq5EIiIdS4AvQDJMaRPDPuFhEqkqYBnqMf2f2m3lD/HpLXBmA0k+S9UtgAO2Jm4oKHl2M8mT42Sy2rJjr8y9nd+UOAm6fQk+p+5i0UHGx1PbwgOOOkXKtyNzB0k72KvfrsM4n3gqquqnrWZ6wSku7/2lV0lziCyRG3jgtDH7Z1CYgeyFk0nCOUmbgaFDmCji2Lbs5PNACh62l0+aSPw/uAjSfAvlOfeJLyb2R9pqrI9W/lz+fN9TeFNj2itJlkNeyawtMf7QAj/x/A5Tv9LkNk5oTxOp8ywG0Gsl0hI7Rp4LZF3X1SA7lWRNvYcFqCLyc50JfkR7OLpqRc17TvWjK6OqbswOl0FIrzmUH8bjoHSzok6019+6wcoCuqS3of09lAyZPrXMjLkCzivxQpb2CIQ91EKmBShNBI7iDXgnai8QzzT0gtoXTomHCh0TlS/VV3wIHRJG5MvrxYgkcmyRpvkEK54fy0hJX54pGjIE2OKYAPiGuAaQbLBCRTXt/F2uTYGD7MoaKMDkGi7kJ8hduEfs5AGQT0Pvm9kkLxMKRbO6wjqLZyG38/3IQ+ym0tE1De36fnyc3bfkqrS2+eLxRHNrff2Rcw0eLyuPVaR5tPRXRniAQh96Ko7hLWlhiJXH61M3l4Tg3JEVkg597CjniWSNNR+hazTcc+NP8+DdxfNRw4fE1KURzCFNSyondXdiqvBWf2xWF475+CZWhzOjH31YZYbYXSsGH9DUx4Sh9Lw8GZh0YcACqC0/2icz9L0rYqGFwp4JWNh0LyOp/bRKLwNaTYmjKpJfsmgzAmuw5ILZf+TbhZWa91QK8HeW1BLb8cR/4rBM69QKYGJiIskW2ZzOhLPXwUHw5ns5i5xaUWvPFN04/84I4IpYVpESd7teXLTDQ1kmmwWPV3/hr1Vij3EM+WvJtQX5g5tyvFGmZ5/M86m6Q2J1Ek53MtUBSCFPpmGMZlJiNhSpoDHULWFBgcGIZK3aFo+DfbAo/s54xG45dVu1TquhGMuh96yHoghZ5ayDrpbZ9VFLRErBhBlLV5marc+e1d/FXAig95YIPSYfc04EsnUXqYyB8uG8iT194Szct5YktkB961CqUq7e1S5tP+1SB/5r4Fk97P4HPNHCs58vs3ILH3YCw21bkwAXlVO
[2015-12-09 19:35:50] Cms_ExecutionException:   syntax error, unexpected '&quot;&gt;&lt;img src=&quot;' (T_CONSTANT_ENCAPSED_STRING), expecting ',' or ';' . In "layout:header" (CMS partial), line 33 Encoded details: rxbIk7AXJUnJky0b+M85AD8QkPmxKCGHbt9/ejHVtE4KmGr4+Dx44KRqft817vS3wMpmKhM+RYFyYtaug0pvt+xNQn2IIx95scpmx8lrDXWn4n/le4w82oL5Ax+epR97V2eeR1e7R9tDyerOdCE3l7G3k/vt2ovd+EoeMEuzApT0UvWJCti9yyc9Yc7WqFs+q62fXpoMgiNP20+wpjU+ZUvdt6IvxPZR7/h1btcSlRc4w1uxPYoZgoeQy+96MtOyBQuSw9d4NxGwh5IFDlhp+fQ0cDaAkxHoYWsR/nbho2W5nQNN2SAYMhOqIV71DL1l1NfJEfI3RBgeA7ol+KpYdDHhZ0E7ixs6txys9X/GDr9tLgg5Xsv1D2bto5hsiTGS+YhLnhsihOIBCCQ2xky1rXQh7rVKgf34zpjPRa6KLaEIyY9ZA8XduIF+BdZoM/2+PPCR/hwBVcPg02qtoCJWT3IVLigRFfC4qLNnlbaCV6au6XAPbWtFlYi/nAidGIyi/UMfRz3IDpaOlYY5Dzp2p0XB+WHlPUH/P5y6XrLY6QWgxAfQP0T114U4jLjMnl0LNJa7NgjtUO3QT6NEjJT1AazVKpFclwIcXtfQCiGr514bx7KC/kCjzG6y4tbUmdZ4qo2airbP8DEqYGmB7wU6YUjB4Q+HG7OpXxD941irkQFg/8fe05oxSYM+0bvYantCRn/EaL8VRxQ52xkGaG0ED8ZNjaRKmbnFqjYLMrVjg//m3x8c47Ln9EPYwtutHXw0GjDEJmgaFE3V4gcFQMI5RBNstAbRRv8Vwcs25d9Iq6DYBPadM4k3lxfDlCBQPW5In9RK3PzEvy35Ug35u3JM+7ARhqmeC6ZZHSBxlcgF4w0rVlD0WZKHlGn7VWXNQF+3tJGePuk1VpGLnLYB/z5EpI3aXQ+Z2ZJi8nwRv+fZeo+HiCBbxOHytsHXYqmvYzm9MZsc0TrD7qFhUvszPDKTjLsQQRYndDkq2rusP9Gui9fDlwxWzzONzSRvK/hLhg6lEiqxwAA+oiXJ58vDCop5cyWpeFkWZ5bePrK47fsJ7jgQz/ow1wCjzD5udGEoKg7v0YiWwptWWxqxKFpTpt2sY6KCSBmw/1papChcCNOxDQGKcEq7HmmWJnT4BYWii7RiDHw3I+z0GoDxCGwejVPDPIkyrRGbK3WsGHMgyiBBGCB+6vbd8aWGlozBwWeZ2iM7sK9I9cgldy8kPdNtE5JeW25AAXV9UWzJuP4w9ajcv+VrHcixMHtk6DkaxWad0I5iK4hNqKUotG4tlph6947zX14UsJ0W2jMF1HZI5bUzhiW/fKQf0dPwlSY0ufTB2vHX6jsVOlZFcmjRU0gvyyfKHCRdrJeh3pCOg6QmtIRu5MgLdkOPfSTubWooNFb/YMrVpsYdsfTDP2fv8RxigbBQ6SLxxJ1ClW1cpGqB/qFXUTQwMj1CNEudpDau7OT1asrALWkAcFvt6W8wbCVyKsFtr8itGpCywG3wND55C2m6p2+Fghp0fALJyFZbB8rsh1iOoYS9URCDl6AC/PK7HZzslI2qBkKlb5VpUXZRF+2kRDV5A5SaLF0f7ZCDeMwFHXWy32zb6tRRvMRl2syTJ03zh4IFj4cVYY/h6zMfeHIdIPiuFI2dYdbuK9rOX4dUQKW4kiybkvOOn9vbwhjQ5r+hqA6y9MwuCC1SXQY7YU60cuQ=
[2015-12-09 21:10:43] Cms_ExecutionException:   syntax error, unexpected ';' . In "Members" (CMS template), line 10 Encoded details: UhToblW+XOZBpDGUaWW+xIluB4h75EUSfzOqTMaqcBbJ2hDgPOAvzuL5VNHF2k8Kl6A+YylnaiV8DR5gce7+hp0H7cNcMaMoMdok+I8n3iFRGyfQIvlaCm5QkwVXZCVTbbtWdSDscNecHq6gwTCrgx7cDRvIUQ0IosntiUvBSkDh9CZv9Xfevb3k1OlZDLtyUo7m2rf1T5bS5Y/IroqbrHkSz3k+PLGZQeTlQXP41sdaj+1xjj7xdtFNVamV9kw232ECCPmgLxu+QUDDG2Xy6gsiaVGVyLvlDtgtvO9aHBFobBeLnKF4t/AwL5TiyKJpBWTJrB8A/3PTeQ6qkoevcwXM+dNHLxY8iyITHdYjFH5a6j/gqzt8VDYdsdjkzVPESvBjNx08ErlUsxYbfN/tZw4SZdxXpuE+iH2KeW9rUrDhqiTxwJjKCfrduSrLDjbqpNa48sxuHb2fSFNOwy+FjJWF7xSWnKFX9sTGDy94AkSPCDICMUy7M5hub5zxlXvKnqHXM/yoVvMTJqRQnX964a5rti+i8QMTINkDe1MWBOBhhzjVkpYbgg5V/3BoQvIdGuKkIaUfrPGK/wgso80lopJ+gCxGXdnCIuEpTHuJwqZmVp3jg2FOPKl2KKKOPYyYS55BLk9S++L3xfRGm4xeY+8+CIUefUNynIxzfj04QWslrYZh7RnFsUhGpW3g1EfU1B66c3/0C63h4xFbvs1x3msyFVw2g8zaSlrNwiNhDaCUf5rG5lJ4U8fW99gsBMUPZ9Wt09qOX6M5P2WGGp0noFtGRGJOR1a5Y1ofpO4KOOr26brwJNmDCh/7aOYHCIDSnqRmXEH+7EfqK3NjDJhV90BZxpKqJo7IzDxUyQ6geRT2AQbchIsmGTlPaQwcbw7tPrcuPBvdJKsGDwo1nFLUm2iw2c3V4rB6ndpojYBj3tm0kC8tAowArYp9iVz2FqEA7jBSGAVSCdS0Et+WM1s5De9H1WedYdy0GcCrMSTqcm0xhVDYIFIOJS2eN7sZJlj3Z4m/S4IJ9ayz5HK1EkLf87o/Gi0+xsjCaobMNMIeK/Mo2eIx1S+IaTFb3N1x/oYhzCtQ/zhWHx/C6bntaS0c31gPK0AQm1i8m2yBmIZR/kEg1Pd7BIBPN0dFV69q9T8t4u7JcjMtqvgN4GGn7pejQWprY5cnHwVAiNyUH0Fz31eUq8er321VqfH1RHf610JbPZkq6681vNmxWC8oBVyyeSOHngqXWKX7gfpElJNxKlCLZpDf343uOVOBzy6Jlhsjebm8Lbsd/d+mWOTLqJjBuu4a8iDk91RvOPYfs1MbdSRzSdzuFApx0GNxHRMuO5LN8xJE/Rsw7QfnQ9C+wGelZpdIWTa7Ng/WUNW4q8xILY7KVIqX3PnYA7gup0zkg/+Nb/lj/Dexr8rANU8dD/88JaX6ZK0mhnHYbIdYd0GJzEaO24ZhFkYRf5+SzVbTvPmckqlIT+OBe7XezD3dmCfTfticZ74O+fir3XL7O2HRG2LM1wN5pIbo1WazsR1NXkxHpCAs1jhJ5jcnXiv6m6S6IiEojCBJpnHuvky+WoGZReH0SMKcSrPX2X87NdNCrcUY1pQ9sTU7jRwFdrP5+a6bmR2IIKPLooeTTTlh5Wn/QLZou0Sm6NX/RKZE/lklykb3N02/V3CTaOKcpMvsyCuVbi0Ewj5VtKBtDe5RJNzL+u5514IHpgbjNrOFtH9jjQDbiaELlF5lUUnkHP8YW2cFFvs+2RZHscTpuiTxuGFT/IgiDJdQ8lyMuTzuumPZb0lbS1l4JuzvGT1js/8L4YKTXzdp0UEyY3F0gYaTgwMZ+q8ORYoPChpA7KTGO0MSBbXKHqybsu2/FRU10vQ2Jsd+Hl8TI2AnViZBO5bmzo2CnOftWBRlbqJstiVfqXY59bD6
[2015-12-09 21:10:55] Phpr_PhpException: Object of class Test_Grade could not be converted to string. In /Applications/MAMP/htdocs/fars/modules/cms/classes/cms_controller.php(383) : eval()'d code, line 10 Encoded details: fVxHY/4OVj5h1VAiSgkJvJ6xQ/ienhZzN+DCnrc2C0zVC72CdqcE3vhXp+85soOV9+aDHl3MDVUyOO85KftfX1bSHwat9DkLiu3YBHSSGow4hZfjMv8BiS25YJR6loakMJjsvnNjiO9DqAJzZGzwyYZcRhi+eWjN6iR1whYRul++f/SgTilCQJBjmxZa+/HxDxI8d4Ur65P+gEYJYiLeq3IIyCLgOuswEqDax4pqGmT36DFz0pEVFqzUGl7J9/gDZ5K2iJVTbJ0s3BMO6K+PG6EHQpiyg/sSoQ0BcDIxQREq2RNsxwwEqcscyyDBHRSzRZs3swdoikVApioG3CZoRjzdfm+FyVV233Sj06S7KYtB0F0JiLwimvtJvnBzZ5y2U6oOhy/q7XVwLgKLJeXGopvrm3xm9GBCjpiHwJ/1iaaNcpeNnhuN3WE+MszCyAr0OUfTJaRWjY9CUUsBXqn+Vc46tVJVmt9AQwlkkXAgB9/87JtkR51BAWke/NEEaLXtrHaWUiMd0m4YMhGD8Y9SLxqXevsDr4K0qW1Swwc/mImpn7KFkTvlMR9AaYhNNuIXf0ogv9LIqaB+QaI4Q+DZmo1xaXLC4PIFJoOQHA6dartaUnCUnW+4wE/IWcEIlWE9QSd4l5DT91SHJr70vNenDAuhScgMLSDAzJrAkSzpie9KAdPJitWhwkDrCo6ixe2j9oQcf2ByAQZlovD72GkWgyRW79tMRxyJE1XizW9Zfkfx+Nsi6+gzCZ4yMljSP1UDx1a6D2n3kceiOiie1XSeOqcJapwNa+qtN8YB3Y9tQtvqB+HoWDOgU0bZag1QlkqCYr7f5Hlfl37714wsWc3Ck4zmEdmzUNiFp6A3z1J6RqKF2EdvvXR7J4T+3c0RLd1k9HpgCyJ2v16XBlvHwj/F2dt+eenLSrUHjpazSqGQ5lkvqPN4CAneBva/Yv0Yn9OApusK4TjueMHi9IC44dMFwaILv/HhERKuWOeQy9otQS/aCT3VsgGeRfjto72gl7juhXWh9eTDFvbKgT+B2MIoPXL3MRMZFmm155ds88Mb4XMHRZhAy1FxUkajyj7bhTwhESlK8H+CrnuJzG+Ra3zS0qRbaG4Mk4Ap2SnUIb3EpT8cDLXN9zxEjkTUt7UvFUf7mz8HBkijDkqyNEGX5kWQDalPck0h8YEXW1IHUsZAWjxDAY0WyJ/XETMvOEegtjLOjPPSAJEpygAWyRMIacQRamCpo2w9EAs/OjXQaEk87Ra50JGglDS+3hh6KiHCfkEqWY2Kdx3xYcbdOsv4ujDULdotFvNXF74xlcmwe/BDvvVVD9e/yxEBfDg/wi0QhsBfjPXUSFV2ivu3PjzBY4oRCCBgkMT8TOqK158eEe04CniTDEa1hK0R3zM6B4tl0QnMUKwrSDE/mnlNz/dCJK22wLdHTPnIm5L6G++nP1gRr0dfFPRq64C1t061m8Tom5i4R4Bo4Jmlu3kGKvDVnYhNJZ8qW2fTQQMGsR9X7hgcEsIqX0RCyl4CXkPxaoqep7HZ5gMzfXkgOdq3TDbPuEBkWMiQ41fLMHsp2Vys28Gev9lB+Wr0cX/UuvZxBLLnmXAfJ5GW22bVy9mI3TOchLhQGKUmJ3yI3RPogV7Hpu4qk+87v+0wKqBpQH+4izn+wQ0VqWe4AXp45e41GHvO1DRJiwV9KC3UUiGjhbKl4JpBgsJ6G80pGtcXIOysEN7nPnJwsBUzcpTy5DczWJ6IoHP8J5dcedKEBs9numqJw0sxLV1bZQ1yjl95ohjNEvaLwOTY+JTCr6wEF2M6dxbv8EVmAEyx0n+XqxPzAfFzetqd3IuO4/kxZJMjzEiy1Vu0mWBvGPrZ8fF8RI58vN7esNFGdMyzkry0EtzPszrRaeTdfCOQYmJF24vwMsbeBA14H9gTRpZ7ajKyH0hwQHav7zigWgj0wllR44y9/uzXOU/TfwHXBHEur9tGFJKh3j4/56XssS5iB+De6ztETTJTOUbbtZuCw1twjBCoZ6OjkzHcRE60piOHVKwlSJ/He3gVdosfRUjrjjra0eezAQE3lgbxVm0L605IU11md3teRABoHK5Qdt3daWkPu8PwX+cLJMcJLtE7cKPbm5YuwWXBPdMCH5i4Ve/QUrijREyRP3WrXpsPRfhrjwgx+a7aOzLMBTfk8ifX+XG4f4AhrIuBSebNGcwTDetoa90tQYwTOrKj4GR4UbFuRBGL+KI52fNt34w/HO8JaX4MHcg8Vb13S5ioRes53jBqKGhWOJYu5uk7yd0ujaoH7GgTYUhA6qpOuUjM2/h0+igYA+O4+ci0A4YovC4Vho2lSDbZM2NiH3TS1d+BHA4H2WC9gdoZVU86Re92T4TvcHDH3U4CJIwro7ecMJoJMd2EMTLidEk/hqjUtYeSNNAKwWZJWA93QvXM7fIZZDpqNttcij8BXbArHhthMvTkTY8ln67nQv+T3k1087MnCcK39Lxkyr470ka2vhaz4jl3sb3Daq31MBA6LUsqReE9t0/oFRHXaG1Ky8UW0OBeBbd560+f3zw1VpUzuVIkh9Re0NJEkELulSTKtVuAvHBlkZoXNXChGoPk992BNPenIK+Z9kaXFpHgpeRn4Y2+vIkLgnDCXwOLW4jsjRUPRA6TMryv0FmuDPQg39L2TyCknyyxkGVlGRrVUN7byk2vESYvnZCCs1eUQ7nXHsmZ98eNzwRrUqxq64LKQTzKc7rQLsqohzXFF8Zah+1OtjaeFc239+xm0AQgMwTtuTZIYKodq6xeDa3JP2I1w3Q7zROHKsqbx2ZacexLK7aAtbokYtm0T6hpJ8r443YKyDFzCD+IWY5ptMrhMYb7U9hmvV+OgEzIgjsiYbe493YGxOAJJOm844l7lAmpA+hGaN+G85mUj4zZ9SooeiZfE8BU8n6BZIb1PZLz9Sz0Gv9O+5R8XX82vL/apJiKQSloNv0bXRQg4p1dPs2A7gnB9+4Y+/028F1cEQGITGGy8vMbiQu3y+jm9b+2xZCIx0dcyhaqbPr7vfhH7sheH5nArvxkEEKo7blzTt+1GAvtoZZqQKAmuyWYTGoiqHWTMABsXTTEQ7WqGMPPcW3RmuGQAK1lMWx+7i1Hsm7KI4IS1jPqjNS7HOwa27lRqLhej0JD/dIexlAjKPnAbqY0oLR6g4xaEBa+B6gg72NMDPGrvQsM4D9l6lTaTBO4YwgAViyes+ViSTuSRac4SU6cFKNkD6atHrlHf512rKwTMRpdSJnlCPHTdt7/QaP3YOXsuOFIbZo/6Qb0MAwyGI8eUWf5wjNbZoyC+bwarBhp2dVsO0wnQVe/8pnL/b67kedWjYm5YT5zVt5VMDky54ow5yRE6NxTrKuaNwQBCZH06zulXPP9LDozVsufK7BsbzI9IlQ/d2YS4YZxryYWiW5syVvqUSa+YwvnTcke3lzDborIz+V53s7H7aYuDvb9dmDIiKA47lKwPer5Goq2+cogPMKYSk9uKaeEC/V+vfOFTdfrG2pw9/Ky/Rtn/1FTGUWIAz4AKSrU9ZsE9eBBsmBWzwHGupoppAHLjko1SczQCc5SoT2cJog7lfOJ4b+HxwbCLMjxCeaURAk0yDsF4dh+ExfO6LwsvSr+p68CgOKfqHhiKolj0xlT3/qjGE/WEHXczW+Hx8wnqEXxNjnQmNKauueGBuMBm4WlOWaxcINsi+pR4hFarzHTgl4IUfjHwZQvIb1BJz2oy86g7a85vIV68LwkpUki6w8QIKERmGrwVqSBgs6hFN6Xvl7GFE7ypeHHiGJ6JlaflGBUV7axNd4bXh0MNvF7zomhSAC70tFOvSXjBAoLVtObK9TQt5yovi8KRKqQKAxUipoaClXmssvzbAk6pvQUf5wzIv4h6Zl6SajINQVfgQFR+Yffdu+S45Qjvi4yCMGwAOnDf1yqpPf8BNme415x+MK6lVU+iShMoVQ0VA8AsvMG+9smamm+gtNneChh79XTuGVb85wNSAno4RAxHzL7g94OAOFiv1GpIFVcmWfQehRvGIW3KzeYM0Kj/Z+3qLeXfCjdi45tfPmv2m9u3Yw/5Y3xy8E5mg17BZjBu81uHPasEA17pYyKImfKl3l1cHeWAy4LFWGDXNDKlwFvHwOydaV7aEYI5UF06KMMNissr24bkGCIU00QKXm/32lU8uItHWpLvPjUBrqF6/SKU3IY/eKxevm+KllLmf9N9qiPSS2aKYBjOc3vFAjnP7T2lBjCmDh7XKgbS/iTAAgclEjB4uWi4PVNtJqxAcfc5UEqNQsoGQVTbpJsqqS14Cudy7VNsALXOJRh3FGM1X2H7lScQc0zV/1Fttg4OzZm2wL1mFlWVYxTt/kKMAu1z5qMFmpZnbIjENXo/Gt6dxRJ3+75DMYF2tXCpFntrY4Lncyhjt/9Yjl2Dw0Un2LN7fXO5xqO/Q==
[2015-12-09 21:10:55] Cms_ExecutionException: Object of class Test_Grade could not be converted to string. In "Members" (CMS template), line 10 Encoded details: crT/ZKDeeJd/05pMueFr7cBtN7wGBQnXM77cK+uCwkD8ClpB5TwmA89tM8x8dxGVPc1le0wiYdMeAxXwB43YMe/Z0mkPqbDgNANMI0ZvvohUwZmM+MyhZw2I3n8gG1MuB5L0N/t7XTR1uDVgD8TTj+4im490emvxhqWhyFNS+bDrFuWEgZOGcIDqrOyAWhx6WE6rESNLizmpfwA6g1PROGDoJ5DnUeR/e06T9m74X2w93JxA9TlCi2GpbXZhusLuVo5M/XAMZ7LV2VCDJPR7uRWEs4aZVTVylXWqsCp82zfV/6KB4Hvhfq7dRMXKeoRKqFotAKTBAif7hbWPVDMTvpA/JN0k5mNuMKx/QVqp7RowXSRcr8YKCcGmuKGaNvugXMerUl/elnzMBCxsZDM06pK1tX6jNT9rcpdvk6+CvAR2uWqp71mSrMpBLos5LpWdzrp1YIZJi6B5BU5mJvAx0DeKPzrIap3pPGomKyZ9jRF4Ukv0t2haIp/sm9h3xemINTlQq9Bj2LjMLeu+4qYfecS4ReZNid7KzdgjTX6wiNog7c4Ci0EJHbDIyJ2aMZwkWwt0bQEHXDsFTd9anA6jk9NYnLH5UKFgVD6bCC5LqWuhomVdrNh0bKZWrcSnNr9sd5/+ici3+mFt38rp+Z9GtibvBnufflVo2HknvMhHmbESPzAuLY8URrdy3Qq/OvshBmghtL2I8gveXHTbL+Xy/s4RprYPesuFkoFxOevC2e+Eq7Ci8IgSOXUaESqN4toOxkEMBJobLVkYeuvgji0nKJbqQ8E3NSGwLWTS7mxD8zE0DwiEpLkIU8ZTbsOr5rLRwN0l1drL28cFs62xAk3O9jbPkPLxn72KPk+HWcJ2AviPbtP/pKS3Ng9FHtRr6vC/ejT9O28FxStt6QoKMBBXgen+3rqbGE0IQCSvysgFGEMzIS9vFxo7CkMuBkR9nz7T8u0E/zCluE9HcdvCPNdZjl2TS8LTCjBMmsOzZBAT5wde+3RzBJhQLw0rEth/nOGcEkLHYuJAjoqREKVDI04dh+J/nYtErP4rP9uq9fAl74AEbLa1A22EYtLOcCF7Q6SI1B8/JrYMWi3qzsLlXPdJQW4HzH3dYLJUoBj8P2WzORmJsEwHjq3/IY/iO/4zGiksqvcDfkfxM33SUk7W0WLdPI2OXXdUws1ZuVxJ2a+cm0WSuaoocMQkKeO31mSAu6F/dIxTSpUqEO9gti2bljZn7EobhuLv3D0jw4lWpS9iq9f6afdMRyQS/hC3aR4AbPVtl2v128C3hd61su5TjmoISk/V861H4lncG2KPUtksjhRlrZYjla5mohCG2BugZRQP+LbTxEEwdQejy6BICUt0OrhuExvGjhCdMZLSHFKWGKFdTW+lRsEBWxceqpFnSqlrXgWuSlaUeK50lYFFPeGnzmtsrIHpQ2PqlEWeqVQuiF+qWdGhb1Z42tNjVG0F2u3cHTUAtO9lYMxU6OyJhwcCou+ZP3fqXrF4Crafd9OadmG/mXe31SNfZkwr7kXwDthTVQE/NZQJG8uV4Sm15+ffbzwX8iQljVvWV43W1/SgRylr2f5/OZw0xHDn5rTqStbeL3xnXDAaXpOEkgowEnoaFBGfk822hxtRpN1ly74mfHpfPCaPOGFhYwmeOQLszApaEhPaQmvJ8pNVMgClUXIoj61JsNU0ZuBJNTnV7ouDht5tH5Lka3OLt0h1xXE5IyzyaBdG/M68IsjocMvbxZ+yF9bG2ZhM8yT2R6eHdOgWDcO1MjnDT6iaF9a1ARoSQkhRFrF1ZuaQTqxxOV0Wj2r+v4xuvLL2pquwQweqzvrFUO2urNr11/HQ4kpvVBRkxeY3oFrOlWfTls/wSN17ekAPx/VfIqTny8gTHrgBA80AZ5oGt2fIM98B4ftVLZPzNK1l7B6iwjjImSKOMgUvB6ni7UqOiTIZIY7R9hIR/RiyIJ4=
